12-26 03:26:24.949: D/FotaUpdate(6384): [MyReceiver.java:27] onReceive -> action = android.intent.action.ACTION_POWER_DISCONNECTED
12-26 03:26:24.963: D/FotaUpdate(6384): [BaseService.java:33] onCreate -> MyIntentService
12-26 03:26:24.965: D/FotaUpdate(6384): [MyIntentService.java:36] onHandleIntent -> action = android.intent.action.ACTION_POWER_DISCONNECTED; SDK_INT = 25
12-26 03:26:24.975: D/FotaUpdate(6384): [MyIntentService.java:81] a -> isConnected = false
12-26 03:26:24.996: D/FotaUpdate(6384): [BaseService.java:39] onDestroy -> MyIntentService
12-26 03:26:25.002: V/ActivityManager(1538): Attempted to start a foreground service (ComponentInfo{com.adups.fota/com.library.analytics.AnalyticsService}) with a broken notification (no icon: Notification(pri=0 contentView=null vibrate=null sound=null defaults=0x0 flags=0x40 color=0x00000000 vis=PRIVATE))
12-26 03:26:25.016: D/ContainerService(1538): onNotificationPosted: StatusBarNotification(pkg=com.adups.fota user=UserHandle{0} id=1 tag=null key=0|com.adups.fota|1|null|10052: Notification(pri=-2 contentView=null vibrate=null sound=null defaults=0x0 flags=0x62 color=0xff607d8b vis=PRIVATE))
12-26 03:26:25.027: W/System.err(6384): java.io.FileNotFoundException: /storage/emulated/0/Android/data/com.adups.fota/files/.src.txt (No such file or directory)
12-26 03:26:25.027: W/System.err(6384): 	at java.io.FileInputStream.open(Native Method)
12-26 03:26:25.027: W/System.err(6384): 	at java.io.FileInputStream.<init>(FileInputStream.java:146)
12-26 03:26:25.027: W/System.err(6384): 	at com.library.analytics.utils.FileUtil.readFileSdcardFile(FileUtil.java:543)
12-26 03:26:25.027: W/System.err(6384): 	at com.library.analytics.AnalyticsService$1.run(AnalyticsService.java:136)
12-26 03:26:25.027: W/System.err(6384): 	at java.lang.Thread.run(Thread.java:761)
12-26 03:26:25.041: D/DisplayPowerController(1538): requestPowerState: policy=BRIGHT, useProximitySensor=false, screenBrightness=102, screenAutoBrightnessAdjustment=0.0, brightnessSetByUser=true, useAutoBrightness=false, blockScreenOn=false, lowPowerMode=false, boostScreenBrightness=false, dozeScreenBrightness=-1, dozeScreenState=UNKNOWN, waitForNegativeProximity=false
12-26 03:26:25.366: D/InitAlarmsService(3964): Clearing and rescheduling alarms.
12-26 03:26:25.520: I/MSM-irqbalance(911): Decided to move IRQ3 from CPU2 [P:0] to CPU4 [P:1] (banned)
12-26 03:26:25.521: I/MSM-irqbalance(911): Decided to move IRQ5 from CPU2 [P:0] to CPU5 [P:1] (banned)
12-26 03:26:25.522: I/MSM-irqbalance(911): Decided to move IRQ3 from CPU0 [P:0] to CPU7 [P:1] (banned)
12-26 03:26:25.523: I/MSM-irqbalance(911): Decided to move IRQ5 from CPU0 [P:0] to CPU6 [P:1] (banned)
12-26 03:26:25.523: I/MSM-irqbalance(911): Decided to move IRQ3 from CPU1 [P:0] to CPU4 [P:1] (banned)
12-26 03:26:25.524: I/MSM-irqbalance(911): Decided to move IRQ5 from CPU1 [P:0] to CPU5 [P:1] (banned)
12-26 03:26:25.525: I/MSM-irqbalance(911): Decided to move IRQ3 from CPU3 [P:0] to CPU7 [P:1] (banned)
12-26 03:26:25.526: I/MSM-irqbalance(911): Decided to move IRQ5 from CPU3 [P:0] to CPU6 [P:1] (banned)
12-26 03:26:25.619: I/CalendarProvider2(6355): Sending notification intent: Intent { act=android.intent.action.PROVIDER_CHANGED dat=content://com.android.calendar flg=0x20000000 }
12-26 03:26:25.620: W/ContentResolver(6355): Failed to get type for: content://com.android.calendar (Unknown URL content://com.android.calendar)
12-26 03:26:25.626: D/AlertReceiver(3964): onReceive: a=android.intent.action.PROVIDER_CHANGED Intent { act=android.intent.action.PROVIDER_CHANGED dat=content://com.android.calendar flg=0x20000010 cmp=com.android.calendar/.alerts.AlertReceiver }
12-26 03:26:25.627: D/DisplayPowerController(1538): requestPowerState: policy=BRIGHT, useProximitySensor=false, screenBrightness=102, screenAutoBrightnessAdjustment=0.0, brightnessSetByUser=true, useAutoBrightness=false, blockScreenOn=false, lowPowerMode=false, boostScreenBrightness=false, dozeScreenBrightness=-1, dozeScreenState=UNKNOWN, waitForNegativeProximity=false
12-26 03:26:25.833: D/ThermalEngine(755): algo_monitor: Timer EVT
12-26 03:26:25.835: I/ThermalEngine(755): Sensor:case_therm:48000 mC
12-26 03:26:25.835: D/ThermalEngine(755): handle_timer_sig: SS Id SS-CASE-THERM Read case_therm 48000mC, Err -2000mC, SampleCnt 1
12-26 03:26:25.835: D/ThermalEngine(755): handle_timer_sig: SS Id SS-CASE-THERM, E0 -2000mC, E1 -2000mC
12-26 03:26:25.835: I/ThermalEngine(755): settimer: Start timer 1.000(sec)
12-26 03:26:25.835: D/ThermalEngine(755): algo_monitor: Wait for EV
12-26 03:26:26.097: I/com.xdja.uaac(6310): type=1400 audit(0.0:318): avc: denied { search } for name="/" dev="pstore" ino=605 scontext=u:r:untrusted_app:s0:c512,c768 tcontext=u:object_r:pstorefs:s0 tclass=dir permissive=1
12-26 03:26:26.195: D/ContainerService(1538): Current uid = 1000
12-26 03:26:26.205: D/VEthMgntImpl(1538): handle EVENT_ON_BACKGROUND_BOOTCOMPLETE 
12-26 03:26:26.248: D/SurfaceControlEx(1538): CTOR
12-26 03:26:26.248: D/SurfaceControlEx(1538): addControl 0x7f7d74d8e0
12-26 03:26:26.248: D/SurfaceControlEx(1538): addControl 0x7f7d74d8e0 to 0
12-26 03:26:26.249: D/SurfaceControlEx(1538): setLayer: foreground?1, 0x7f7d6595a0: 81000
12-26 03:26:26.263: I/Adreno(1538): QUALCOMM build                   : 3e79804, I097a09d240
12-26 03:26:26.263: I/Adreno(1538): Build Date                       : 06/28/18
12-26 03:26:26.263: I/Adreno(1538): OpenGL ES Shader Compiler Version: XE031.09.00.04
12-26 03:26:26.263: I/Adreno(1538): Local Branch                     : 
12-26 03:26:26.263: I/Adreno(1538): Remote Branch                    : 
12-26 03:26:26.263: I/Adreno(1538): Remote Branch                    : 
12-26 03:26:26.263: I/Adreno(1538): Reconstruct Branch               : 
12-26 03:26:26.274: D/SurfaceControlEx(1538): setLayer: foreground?1, 0x7f7d6595a0: 81000
12-26 03:26:26.287: I/OpenGLRenderer(1538): Initialized EGL, version 1.4
12-26 03:26:26.288: D/OpenGLRenderer(1538): Swap behavior 1
12-26 03:26:26.576: D/SurfaceControlEx(1538): setLayer: foreground?1, 0x7f7d6595a0: 81000
12-26 03:26:26.585: D/DisplayPowerController(1538): requestPowerState: policy=BRIGHT, useProximitySensor=false, screenBrightness=102, screenAutoBrightnessAdjustment=0.0, brightnessSetByUser=true, useAutoBrightness=false, blockScreenOn=false, lowPowerMode=false, boostScreenBrightness=false, dozeScreenBrightness=-1, dozeScreenState=UNKNOWN, waitForNegativeProximity=false
12-26 03:26:26.593: D/SurfaceControlEx(1538): setLayer: foreground?1, 0x7f7d6595a0: 81000
12-26 03:26:26.609: D/SurfaceControlEx(1538): setLayer: foreground?1, 0x7f7d6595a0: 81000
12-26 03:26:26.625: D/SurfaceControlEx(1538): setLayer: foreground?1, 0x7f7d6595a0: 81000
12-26 03:26:26.645: D/SurfaceControlEx(1538): setLayer: foreground?1, 0x7f7d6595a0: 81000
12-26 03:26:26.659: D/SurfaceControlEx(1538): setLayer: foreground?1, 0x7f7d6595a0: 81000
12-26 03:26:26.675: D/SurfaceControlEx(1538): setLayer: foreground?1, 0x7f7d6595a0: 81000
12-26 03:26:26.693: D/SurfaceControlEx(1538): setLayer: foreground?1, 0x7f7d6595a0: 81000
12-26 03:26:26.709: D/SurfaceControlEx(1538): setLayer: foreground?1, 0x7f7d6595a0: 81000
12-26 03:26:26.726: D/SurfaceControlEx(1538): setLayer: foreground?1, 0x7f7d6595a0: 81000
12-26 03:26:26.743: D/SurfaceControlEx(1538): setLayer: foreground?1, 0x7f7d6595a0: 81000
12-26 03:26:26.760: D/SurfaceControlEx(1538): setLayer: foreground?1, 0x7f7d6595a0: 81000
12-26 03:26:26.776: D/SurfaceControlEx(1538): setLayer: foreground?1, 0x7f7d6595a0: 81000
12-26 03:26:26.793: D/SurfaceControlEx(1538): setLayer: foreground?1, 0x7f7d6595a0: 81000
12-26 03:26:26.809: D/SurfaceControlEx(1538): setLayer: foreground?1, 0x7f7d6595a0: 81000
12-26 03:26:26.826: D/SurfaceControlEx(1538): setLayer: foreground?1, 0x7f7d6595a0: 81000
12-26 03:26:26.835: D/ThermalEngine(755): algo_monitor: Timer EVT
12-26 03:26:26.837: I/ThermalEngine(755): Sensor:case_therm:48000 mC
12-26 03:26:26.837: D/ThermalEngine(755): handle_timer_sig: SS Id SS-CASE-THERM Read case_therm 48000mC, Err -2000mC, SampleCnt 1
12-26 03:26:26.837: D/ThermalEngine(755): handle_timer_sig: SS Id SS-CASE-THERM, E0 -2000mC, E1 -2000mC
12-26 03:26:26.837: D/ThermalEngine(755): Already at device mitigation min perf limit
12-26 03:26:26.837: I/ThermalEngine(755): settimer: Start timer 1.000(sec)
12-26 03:26:26.837: D/ThermalEngine(755): algo_monitor: Wait for EV
12-26 03:26:26.844: D/SurfaceControlEx(1538): setLayer: foreground?1, 0x7f7d6595a0: 81000
12-26 03:26:26.862: D/SurfaceControlEx(1538): setLayer: foreground?1, 0x7f7d6595a0: 81000
12-26 03:26:26.876: D/SurfaceControlEx(1538): setLayer: foreground?1, 0x7f7d6595a0: 81000
12-26 03:26:26.893: D/SurfaceControlEx(1538): setLayer: foreground?1, 0x7f7d6595a0: 81000
12-26 03:26:26.910: D/SurfaceControlEx(1538): setLayer: foreground?1, 0x7f7d6595a0: 81000
12-26 03:26:26.926: D/SurfaceControlEx(1538): setLayer: foreground?1, 0x7f7d6595a0: 81000
12-26 03:26:26.946: D/SurfaceControlEx(1538): setLayer: foreground?1, 0x7f7d6595a0: 81000
12-26 03:26:26.960: D/SurfaceControlEx(1538): setLayer: foreground?1, 0x7f7d6595a0: 81000
12-26 03:26:26.976: D/SurfaceControlEx(1538): setLayer: foreground?1, 0x7f7d6595a0: 81000
12-26 03:26:26.994: D/SurfaceControlEx(1538): setLayer: foreground?1, 0x7f7d6595a0: 81000
12-26 03:26:27.010: D/SurfaceControlEx(1538): setLayer: foreground?1, 0x7f7d6595a0: 81000
12-26 03:26:27.026: D/SurfaceControlEx(1538): setLayer: foreground?1, 0x7f7d6595a0: 81000
12-26 03:26:27.043: D/SurfaceControlEx(1538): setLayer: foreground?1, 0x7f7d6595a0: 81000
12-26 03:26:27.060: D/SurfaceControlEx(1538): setLayer: foreground?1, 0x7f7d6595a0: 81000
12-26 03:26:27.080: D/SurfaceControlEx(1538): setLayer: foreground?1, 0x7f7d6595a0: 81000
12-26 03:26:27.838: D/ThermalEngine(755): algo_monitor: Timer EVT
12-26 03:26:27.840: I/ThermalEngine(755): Sensor:case_therm:48000 mC
12-26 03:26:27.840: D/ThermalEngine(755): handle_timer_sig: SS Id SS-CASE-THERM Read case_therm 48000mC, Err -2000mC, SampleCnt 1
12-26 03:26:27.840: D/ThermalEngine(755): handle_timer_sig: SS Id SS-CASE-THERM, E0 -2000mC, E1 -2000mC
12-26 03:26:27.840: I/ThermalEngine(755): settimer: Start timer 1.000(sec)
12-26 03:26:27.840: D/ThermalEngine(755): algo_monitor: Wait for EV
12-26 03:26:28.059: I/ActivityManager(1538): Killing 4269:com.hipad.bgsettings/1000 (adj 906): empty #17
12-26 03:26:28.060: D/ContainerService(1538): onNotificationRemoved: StatusBarNotification(pkg=com.adups.fota user=UserHandle{0} id=1 tag=null key=0|com.adups.fota|1|null|10052: Notification(pri=-2 contentView=null vibrate=null sound=null defaults=0x0 flags=0x62 color=0xff607d8b vis=PRIVATE))
12-26 03:26:28.126: D/ActivityManager(1538): cleanUpApplicationRecord -- 4269
12-26 03:26:28.840: D/ThermalEngine(755): algo_monitor: Timer EVT
12-26 03:26:28.842: I/ThermalEngine(755): Sensor:case_therm:47000 mC
12-26 03:26:28.842: D/ThermalEngine(755): handle_timer_sig: SS Id SS-CASE-THERM Read case_therm 47000mC, Err -1000mC, SampleCnt 1
12-26 03:26:28.842: D/ThermalEngine(755): handle_timer_sig: SS Id SS-CASE-THERM, E0 -1000mC, E1 -2000mC
12-26 03:26:28.842: D/ThermalEngine(755): Already at device mitigation min perf limit
12-26 03:26:28.842: I/ThermalEngine(755): settimer: Start timer 1.000(sec)
12-26 03:26:28.842: D/ThermalEngine(755): algo_monitor: Wait for EV
12-26 03:26:29.154: I/GlobalDismissManager(3964): no sender configured
12-26 03:26:29.155: D/AlertService(3964): Beginning updateAlertNotification
12-26 03:26:29.181: D/AlertService(3964): No fired or scheduled alerts
12-26 03:26:29.200: D/AlertService(3964): Scheduling next alarm with AlarmScheduler. sEventReminderReceived: null
12-26 03:26:29.219: D/AlarmScheduler(3964): No events found starting within 1 week.
12-26 03:26:29.226: D/AlertService(3964): 0 Action = android.intent.action.PROVIDER_CHANGED
12-26 03:26:29.673: D/ThermalEngine(755): sensor_wait: case_therm Wait done.
12-26 03:26:29.674: D/ThermalEngine(755): sensor_monitor: case_therm Reading 47000 .
12-26 03:26:29.674: I/ThermalEngine(755): Sensor:case_therm:47000 mC
12-26 03:26:29.674: D/ThermalEngine(755): update_active_thresh: case_therm Active(1), Hi(1) 49000, Lo(1) 42000, Interval(1) 10000
12-26 03:26:29.675: D/ThermalEngine(755): sensor_monitor: case_therm Sensor wait.
12-26 03:26:29.675: D/ThermalEngine(755): sensor_wait: case_therm Wait start. 10000ms
12-26 03:26:29.711: W/WindowManager(1538): Attempted to remove non-existing token: android.os.Binder@5a2c8a0
12-26 03:26:29.717: I/ActivityManager(1538): Killing 2984:com.hipad.logkit/1000 (adj 906): empty #17
12-26 03:26:29.733: D/SurfaceControlEx(1538): setLayer: foreground?1, 0x7f7d6595a0: 81000
12-26 03:26:29.750: D/SurfaceControlEx(1538): setLayer: foreground?1, 0x7f7d6595a0: 81000
12-26 03:26:29.769: D/SurfaceControlEx(1538): setLayer: foreground?1, 0x7f7d6595a0: 81000
12-26 03:26:29.773: D/ActivityManager(1538): cleanUpApplicationRecord -- 2984
12-26 03:26:29.787: D/SurfaceControlEx(1538): setLayer: foreground?1, 0x7f7d6595a0: 81000
12-26 03:26:29.803: D/SurfaceControlEx(1538): setLayer: foreground?1, 0x7f7d6595a0: 81000
12-26 03:26:29.816: D/SurfaceControlEx(1538): setLayer: foreground?1, 0x7f7d6595a0: 81000
12-26 03:26:29.833: D/SurfaceControlEx(1538): setLayer: foreground?1, 0x7f7d6595a0: 81000
12-26 03:26:29.842: D/ThermalEngine(755): algo_monitor: Timer EVT
12-26 03:26:29.844: I/ThermalEngine(755): Sensor:case_therm:47000 mC
12-26 03:26:29.844: D/ThermalEngine(755): handle_timer_sig: SS Id SS-CASE-THERM Read case_therm 47000mC, Err -1000mC, SampleCnt 1
12-26 03:26:29.844: D/ThermalEngine(755): handle_timer_sig: SS Id SS-CASE-THERM, E0 -1000mC, E1 -1000mC
12-26 03:26:29.844: I/ThermalEngine(755): settimer: Start timer 1.000(sec)
12-26 03:26:29.844: D/ThermalEngine(755): algo_monitor: Wait for EV
12-26 03:26:29.850: D/SurfaceControlEx(1538): setLayer: foreground?1, 0x7f7d6595a0: 81000
12-26 03:26:29.866: D/SurfaceControlEx(1538): setLayer: foreground?1, 0x7f7d6595a0: 81000
12-26 03:26:29.883: D/SurfaceControlEx(1538): setLayer: foreground?1, 0x7f7d6595a0: 81000
12-26 03:26:29.900: D/SurfaceControlEx(1538): setLayer: foreground?1, 0x7f7d6595a0: 81000
12-26 03:26:29.917: D/SurfaceControlEx(1538): setLayer: foreground?1, 0x7f7d6595a0: 81000
12-26 03:26:29.933: D/SurfaceControlEx(1538): setLayer: foreground?1, 0x7f7d6595a0: 81000
12-26 03:26:29.950: D/SurfaceControlEx(1538): setLayer: foreground?1, 0x7f7d6595a0: 81000
12-26 03:26:29.970: D/SurfaceControlEx(1538): setLayer: foreground?1, 0x7f7d6595a0: 81000
12-26 03:26:29.983: D/SurfaceControlEx(1538): setLayer: foreground?1, 0x7f7d6595a0: 81000
12-26 03:26:30.000: D/SurfaceControlEx(1538): setLayer: foreground?1, 0x7f7d6595a0: 81000
12-26 03:26:30.017: D/SurfaceControlEx(1538): setLayer: foreground?1, 0x7f7d6595a0: 81000
12-26 03:26:30.033: D/SurfaceControlEx(1538): setLayer: foreground?1, 0x7f7d6595a0: 81000
12-26 03:26:30.051: D/SurfaceControlEx(1538): setLayer: foreground?1, 0x7f7d6595a0: 81000
12-26 03:26:30.067: D/SurfaceControlEx(1538): setLayer: foreground?1, 0x7f7d6595a0: 81000
12-26 03:26:30.083: D/SurfaceControlEx(1538): setLayer: foreground?1, 0x7f7d6595a0: 81000
12-26 03:26:30.100: D/SurfaceControlEx(1538): setLayer: foreground?1, 0x7f7d6595a0: 81000
12-26 03:26:30.117: D/SurfaceControlEx(1538): setLayer: foreground?1, 0x7f7d6595a0: 81000
12-26 03:26:30.134: D/SurfaceControlEx(1538): setLayer: foreground?1, 0x7f7d6595a0: 81000
12-26 03:26:30.151: D/SurfaceControlEx(1538): setLayer: foreground?1, 0x7f7d6595a0: 81000
12-26 03:26:30.167: D/SurfaceControlEx(1538): setLayer: foreground?1, 0x7f7d6595a0: 81000
12-26 03:26:30.184: D/SurfaceControlEx(1538): setLayer: foreground?1, 0x7f7d6595a0: 81000
12-26 03:26:30.201: D/SurfaceControlEx(1538): setLayer: foreground?1, 0x7f7d6595a0: 81000
12-26 03:26:30.218: D/SurfaceControlEx(1538): setLayer: foreground?1, 0x7f7d6595a0: 81000
12-26 03:26:30.238: D/SurfaceControlEx(1538): destroy
12-26 03:26:30.239: D/SurfaceControlEx(1538): removeControl 0x7f7d74d8e0
12-26 03:26:30.240: D/SurfaceControlEx(1538): DTOR
12-26 03:26:30.241: D/DisplayPowerController(1538): requestPowerState: policy=BRIGHT, useProximitySensor=false, screenBrightness=102, screenAutoBrightnessAdjustment=0.0, brightnessSetByUser=true, useAutoBrightness=false, blockScreenOn=false, lowPowerMode=false, boostScreenBrightness=false, dozeScreenBrightness=-1, dozeScreenState=UNKNOWN, waitForNegativeProximity=false
12-26 03:26:30.388: D/DisplayPowerController(1538): requestPowerState: policy=BRIGHT, useProximitySensor=false, screenBrightness=102, screenAutoBrightnessAdjustment=0.0, brightnessSetByUser=true, useAutoBrightness=false, blockScreenOn=false, lowPowerMode=false, boostScreenBrightness=false, dozeScreenBrightness=-1, dozeScreenState=UNKNOWN, waitForNegativeProximity=false
12-26 03:26:30.389: D/DisplayPowerController(1538): requestPowerState: policy=BRIGHT, useProximitySensor=false, screenBrightness=102, screenAutoBrightnessAdjustment=0.0, brightnessSetByUser=true, useAutoBrightness=false, blockScreenOn=false, lowPowerMode=false, boostScreenBrightness=false, dozeScreenBrightness=-1, dozeScreenState=UNKNOWN, waitForNegativeProximity=false
12-26 03:26:30.396: D/DisplayPowerController(1538): requestPowerState: policy=BRIGHT, useProximitySensor=false, screenBrightness=102, screenAutoBrightnessAdjustment=0.0, brightnessSetByUser=true, useAutoBrightness=false, blockScreenOn=false, lowPowerMode=false, boostScreenBrightness=false, dozeScreenBrightness=-1, dozeScreenState=UNKNOWN, waitForNegativeProximity=false
12-26 03:26:30.416: D/DisplayPowerController(1538): requestPowerState: policy=BRIGHT, useProximitySensor=false, screenBrightness=102, screenAutoBrightnessAdjustment=0.0, brightnessSetByUser=true, useAutoBrightness=false, blockScreenOn=false, lowPowerMode=false, boostScreenBrightness=false, dozeScreenBrightness=-1, dozeScreenState=UNKNOWN, waitForNegativeProximity=false
12-26 03:26:30.525: I/MSM-irqbalance(911): Decided to move IRQ3 from CPU2 [P:0] to CPU4 [P:1] (banned)
12-26 03:26:30.526: I/MSM-irqbalance(911): Decided to move IRQ5 from CPU2 [P:0] to CPU5 [P:1] (banned)
12-26 03:26:30.527: I/MSM-irqbalance(911): Decided to move IRQ3 from CPU1 [P:0] to CPU7 [P:1] (banned)
12-26 03:26:30.528: I/MSM-irqbalance(911): Decided to move IRQ5 from CPU1 [P:0] to CPU6 [P:1] (banned)
12-26 03:26:30.816: I/ActivityManager(1538): Waited long enough for: ServiceRecord{50df4bd u0 org.simalliance.openmobileapi.service/.SmartcardService}
12-26 03:26:30.845: D/ThermalEngine(755): algo_monitor: Timer EVT
12-26 03:26:30.846: I/ThermalEngine(755): Sensor:case_therm:47000 mC
12-26 03:26:30.846: D/ThermalEngine(755): handle_timer_sig: SS Id SS-CASE-THERM Read case_therm 47000mC, Err -1000mC, SampleCnt 1
12-26 03:26:30.846: D/ThermalEngine(755): handle_timer_sig: SS Id SS-CASE-THERM, E0 -1000mC, E1 -1000mC
12-26 03:26:30.846: I/ThermalEngine(755): settimer: Start timer 1.000(sec)
12-26 03:26:30.847: D/ThermalEngine(755): algo_monitor: Wait for EV
12-26 03:26:30.990: D/DisplayPowerController(1538): requestPowerState: policy=BRIGHT, useProximitySensor=false, screenBrightness=102, screenAutoBrightnessAdjustment=0.0, brightnessSetByUser=true, useAutoBrightness=false, blockScreenOn=false, lowPowerMode=false, boostScreenBrightness=false, dozeScreenBrightness=-1, dozeScreenState=UNKNOWN, waitForNegativeProximity=false
12-26 03:26:31.048: W/ActivityManager(1538): startActivityLocked111 freeMem =6278
12-26 03:26:31.048: I/ActivityManager(1538): START u0 {act=android.intent.action.MAIN cat=[android.intent.category.LAUNCHER] flg=0x10200000 cmp=com.myrecorder.voicerecorderpro.pro/com.myrecorder.voicerecorderpro.ui.activity.voicerecorderproActivity bnds=[27,1554][283,1920] (has extras)} from uid 1000 on display 0
12-26 03:26:31.054: I/chatty(776): uid=1041(audioserver) /system/bin/audioserver expire 17 lines
12-26 03:26:31.054: V/AudioSystem(1538): getFrameCount() ioHandle 13, frameCount 960
12-26 03:26:31.056: V/AudioSystem(1538): getSamplingRate() ioHandle 13, sampling rate 48000
12-26 03:26:31.057: V/AudioTrack(1538): set(): streamType 1, sampleRate 48000, format 0x1, channelMask 0x3, frameCount 0, flags #4, notificationFrames 0, sessionId 0, transferType 0, uid -1, pid -1
12-26 03:26:31.057: V/AudioTrack(1538): sharedBuffer: 0x7f741f1000, size: 18048
12-26 03:26:31.057: V/AudioTrack(1538): set() streamType 1 frameCount 0 flags 0004
12-26 03:26:31.057: V/AudioTrack(1538): Building AudioTrack with attributes: usage=13 content=4 flags=0x0 tags=[]
12-26 03:26:31.063: I/chatty(776): uid=1041(audioserver) Binder:776_2 expire 9 lines
12-26 03:26:31.064: I/chatty(776): uid=1041(audioserver) Binder:776_3 expire 7 lines
12-26 03:26:31.065: V/AudioSystem(1538): getLatency() output 13, latency 48
12-26 03:26:31.065: V/AudioTrack(1538): createTrack_l() output 13 afLatency 48
12-26 03:26:31.065: V/AudioSystem(1538): getFrameCount() ioHandle 13, frameCount 960
12-26 03:26:31.065: V/AudioSystem(1538): getFrameCountHAL() ioHandle 13, frameCount 192
12-26 03:26:31.065: V/AudioSystem(1538): getSamplingRate() ioHandle 13, sampling rate 48000
12-26 03:26:31.069: I/chatty(776): uid=1041(audioserver) AudioOut_D expire 79 lines
12-26 03:26:31.073: D/DisplayPowerController(1538): requestPowerState: policy=BRIGHT, useProximitySensor=false, screenBrightness=102, screenAutoBrightnessAdjustment=0.0, brightnessSetByUser=true, useAutoBrightness=false, blockScreenOn=false, lowPowerMode=false, boostScreenBrightness=false, dozeScreenBrightness=-1, dozeScreenState=UNKNOWN, waitForNegativeProximity=false
12-26 03:26:31.087: V/AudioTrack(1538): AUDIO_OUTPUT_FLAG_FAST successful; frameCount 4512
12-26 03:26:31.090: I/chatty(776): uid=1041(audioserver) Binder:776_1 expire 7 lines
12-26 03:26:31.092: I/chatty(776): uid=1041(audioserver) ApmOutput expire 18 lines
12-26 03:26:31.094: D/ActivityTrigger(1538): ActivityTrigger activityPauseTrigger 
12-26 03:26:31.095: D/DisplayPowerController(1538): requestPowerState: policy=BRIGHT, useProximitySensor=false, screenBrightness=102, screenAutoBrightnessAdjustment=0.0, brightnessSetByUser=true, useAutoBrightness=false, blockScreenOn=false, lowPowerMode=false, boostScreenBrightness=false, dozeScreenBrightness=-1, dozeScreenState=UNKNOWN, waitForNegativeProximity=false
12-26 03:26:31.100: V/BoostFramework(1538): BoostFramework() : mPerf = com.qualcomm.qti.Performance@612a7ef
12-26 03:26:31.101: V/BoostFramework(1538): BoostFramework() : mPerf = com.qualcomm.qti.Performance@6f682fc
12-26 03:26:31.116: V/BoostFramework(1538): BoostFramework() : mPerf = com.qualcomm.qti.Performance@9a4183d
12-26 03:26:31.169: D/SurfaceControlEx(1538): CTOR
12-26 03:26:31.169: D/SurfaceControlEx(1538): addControl 0x7f7e60f740
12-26 03:26:31.169: D/SurfaceControlEx(1538): addControl 0x7f7e60f740 to 1
12-26 03:26:31.169: D/SurfaceControlEx(1538): setLayer: foreground?1, 0x7f7d6ff480: 21010
12-26 03:26:31.177: I/System.out(6113): app is running
12-26 03:26:31.221: I/chatty(776): uid=1041(audioserver) FastMixer expire 24 lines
12-26 03:26:31.226: W/com.umeng.common.b(6113): No IMEI.
12-26 03:26:31.228: W/com.umeng.common.b(6113): No IMEI.
12-26 03:26:31.230: V/BoostFramework(6113): mAcquireFunc method = public int com.qualcomm.qti.Performance.perfLockAcquire(int,int[])
12-26 03:26:31.230: V/BoostFramework(6113): mReleaseFunc method = public int com.qualcomm.qti.Performance.perfLockRelease()
12-26 03:26:31.230: V/BoostFramework(6113): mAcquireTouchFunc method = public int com.qualcomm.qti.Performance.perfLockAcquireTouch(android.view.MotionEvent,android.util.DisplayMetrics,int,int[])
12-26 03:26:31.231: V/BoostFramework(6113): mIOPStart method = public int com.qualcomm.qti.Performance.perfIOPrefetchStart(int,java.lang.String)
12-26 03:26:31.231: V/BoostFramework(6113): mIOPStop method = public int com.qualcomm.qti.Performance.perfIOPrefetchStop()
12-26 03:26:31.260: V/BoostFramework(6113): BoostFramework() : mPerf = com.qualcomm.qti.Performance@43de8b2
12-26 03:26:31.261: V/BoostFramework(6113): BoostFramework() : mPerf = com.qualcomm.qti.Performance@6ee8003
12-26 03:26:31.316: V/BoostFramework(6113): BoostFramework() : mPerf = com.qualcomm.qti.Performance@4d79bdc
12-26 03:26:31.322: I/com.umeng.common.b(6113): Could not get location from GPS or Cell-id, lack ACCESS_COARSE_LOCATION or ACCESS_COARSE_LOCATION permission?
12-26 03:26:31.326: V/BoostFramework(6113): BoostFramework() : mPerf = com.qualcomm.qti.Performance@456ea6b
12-26 03:26:31.327: V/BoostFramework(6113): BoostFramework() : mPerf = com.qualcomm.qti.Performance@e3099c8
12-26 03:26:31.339: D/SurfaceControlEx(1538): setLayer: foreground?1, 0x7f7d6ff480: 22010
12-26 03:26:31.343: W/com.umeng.common.b(6113): No IMEI.
12-26 03:26:31.372: D/SurfaceControlEx(1538): setLayer: foreground?1, 0x7f7d6ff480: 22010
12-26 03:26:31.387: D/SurfaceControlEx(1538): setLayer: foreground?1, 0x7f7d6ff480: 22010
12-26 03:26:31.404: D/SurfaceControlEx(1538): setLayer: foreground?1, 0x7f7d6ff480: 22010
12-26 03:26:31.422: D/SurfaceControlEx(1538): setLayer: foreground?1, 0x7f7d6ff480: 22010
12-26 03:26:31.448: D/ActivityManager(1538): Not showing app guarder
12-26 03:26:31.454: D/SurfaceControlEx(1538): setLayer: foreground?1, 0x7f7d6ff480: 22015
12-26 03:26:31.612: D/SurfaceControlEx(1538): CTOR
12-26 03:26:31.612: D/SurfaceControlEx(1538): addControl 0x7f7e7bd040
12-26 03:26:31.612: D/SurfaceControlEx(1538): addControl 0x7f7e7bd040 to 1
12-26 03:26:31.612: D/SurfaceControlEx(1538): setLayer: foreground?1, 0x7f7d66dfa0: 22010
12-26 03:26:31.627: I/Adreno(6113): QUALCOMM build                   : 3e79804, I097a09d240
12-26 03:26:31.627: I/Adreno(6113): Build Date                       : 06/28/18
12-26 03:26:31.627: I/Adreno(6113): OpenGL ES Shader Compiler Version: XE031.09.00.04
12-26 03:26:31.627: I/Adreno(6113): Local Branch                     : 
12-26 03:26:31.627: I/Adreno(6113): Remote Branch                    : 
12-26 03:26:31.627: I/Adreno(6113): Remote Branch                    : 
12-26 03:26:31.627: I/Adreno(6113): Reconstruct Branch               : 
12-26 03:26:31.630: D/SurfaceControlEx(1538): setLayer: foreground?1, 0x7f7d66dfa0: 22010
12-26 03:26:31.637: D/SurfaceControlEx(1538): setLayer: foreground?1, 0x7f7d66dfa0: 22010
12-26 03:26:31.640: I/OpenGLRenderer(6113): Initialized EGL, version 1.4
12-26 03:26:31.640: D/OpenGLRenderer(6113): Swap behavior 1
12-26 03:26:31.648: D/SurfaceControlEx(1538): CTOR
12-26 03:26:31.648: D/SurfaceControlEx(1538): addControl 0x7f7e7bd200
12-26 03:26:31.649: D/SurfaceControlEx(1538): addControl 0x7f7e7bd200 to 2
12-26 03:26:31.649: D/SurfaceControlEx(1538): setLayer: foreground?1, 0x7f7d6ff240: 22015
12-26 03:26:31.660: D/SurfaceControlEx(1538): setLayer: foreground?1, 0x7f7d66dfa0: 22010
12-26 03:26:31.660: D/SurfaceControlEx(1538): setLayer: foreground?1, 0x7f7d6ff240: 22015
12-26 03:26:31.660: D/SurfaceControlEx(1538): setLayer: foreground?1, 0x7f7d6ff480: 22020
12-26 03:26:31.674: D/SurfaceControlEx(1538): setLayer: foreground?1, 0x7f7d66dfa0: 22010
12-26 03:26:31.674: D/SurfaceControlEx(1538): setLayer: foreground?1, 0x7f7d6ff240: 22015
12-26 03:26:31.688: D/SurfaceControlEx(1538): setLayer: foreground?1, 0x7f7d66dfa0: 22010
12-26 03:26:31.688: D/SurfaceControlEx(1538): setLayer: foreground?1, 0x7f7d6ff240: 22015
12-26 03:26:31.705: D/SurfaceControlEx(1538): setLayer: foreground?1, 0x7f7d66dfa0: 21010
12-26 03:26:31.705: D/SurfaceControlEx(1538): setLayer: foreground?1, 0x7f7d6ff240: 21015
12-26 03:26:31.705: D/SurfaceControlEx(1538): setLayer: foreground?1, 0x7f7d6ff480: 21020
12-26 03:26:31.726: D/SurfaceControlEx(1538): setLayer: foreground?1, 0x7f7d66dfa0: 21010
12-26 03:26:31.726: D/SurfaceControlEx(1538): setLayer: foreground?1, 0x7f7d6ff240: 21015
12-26 03:26:31.771: D/SurfaceControlEx(1538): setLayer: foreground?1, 0x7f7d66dfa0: 21010
12-26 03:26:31.771: D/SurfaceControlEx(1538): setLayer: foreground?1, 0x7f7d6ff240: 21015
12-26 03:26:31.847: D/ThermalEngine(755): algo_monitor: Timer EVT
12-26 03:26:31.848: I/ThermalEngine(755): Sensor:case_therm:47000 mC
12-26 03:26:31.848: D/ThermalEngine(755): handle_timer_sig: SS Id SS-CASE-THERM Read case_therm 47000mC, Err -1000mC, SampleCnt 1
12-26 03:26:31.848: D/ThermalEngine(755): handle_timer_sig: SS Id SS-CASE-THERM, E0 -1000mC, E1 -1000mC
12-26 03:26:31.849: D/ThermalEngine(755): Already at device mitigation min perf limit
12-26 03:26:31.849: I/ThermalEngine(755): settimer: Start timer 1.000(sec)
12-26 03:26:31.849: D/ThermalEngine(755): algo_monitor: Wait for EV
12-26 03:26:31.877: I/ActivityManager(1538): Displayed com.myrecorder.voicerecorderpro.pro/com.myrecorder.voicerecorderpro.ui.activity.voicerecorderproActivity: +758ms
12-26 03:26:31.877: D/SurfaceControlEx(1538): setLayer: foreground?1, 0x7f7d66dfa0: 21010
12-26 03:26:31.877: D/SurfaceControlEx(1538): setLayer: foreground?1, 0x7f7d6ff240: 21015
12-26 03:26:31.896: W/art(6113): Before Android 4.1, method void com.actionbarsherlock.internal.widget.IcsLinearLayout.drawDividersHorizontal(android.graphics.Canvas) would have incorrectly overridden the package-private method in android.widget.LinearLayout
12-26 03:26:31.897: W/art(6113): Before Android 4.1, method void com.actionbarsherlock.internal.widget.IcsLinearLayout.drawDividersVertical(android.graphics.Canvas) would have incorrectly overridden the package-private method in android.widget.LinearLayout
12-26 03:26:31.897: W/art(6113): Before Android 4.1, method void com.actionbarsherlock.internal.widget.IcsLinearLayout.drawHorizontalDivider(android.graphics.Canvas, int) would have incorrectly overridden the package-private method in android.widget.LinearLayout
12-26 03:26:31.897: W/art(6113): Before Android 4.1, method void com.actionbarsherlock.internal.widget.IcsLinearLayout.drawVerticalDivider(android.graphics.Canvas, int) would have incorrectly overridden the package-private method in android.widget.LinearLayout
12-26 03:26:31.924: D/SurfaceControlEx(1538): setLayer: foreground?1, 0x7f7d6ff480: 21020
12-26 03:26:31.943: D/SurfaceControlEx(1538): setLayer: foreground?1, 0x7f7d6ff480: 21020
12-26 03:26:31.954: D/SurfaceControlEx(1538): setLayer: foreground?1, 0x7f7d6ff480: 21020
12-26 03:26:31.972: D/SurfaceControlEx(1538): setLayer: foreground?1, 0x7f7d6ff480: 21020
12-26 03:26:31.988: D/SurfaceControlEx(1538): setLayer: foreground?1, 0x7f7d6ff480: 21020
12-26 03:26:31.997: D/DisplayPowerController(1538): requestPowerState: policy=BRIGHT, useProximitySensor=false, screenBrightness=102, screenAutoBrightnessAdjustment=0.0, brightnessSetByUser=true, useAutoBrightness=false, blockScreenOn=false, lowPowerMode=false, boostScreenBrightness=false, dozeScreenBrightness=-1, dozeScreenState=UNKNOWN, waitForNegativeProximity=false
12-26 03:26:31.998: D/ActivityTrigger(1538): ActivityTrigger activityStopTrigger 
12-26 03:26:32.005: D/SurfaceControlEx(1538): setLayer: foreground?1, 0x7f7d6ff480: 21020
12-26 03:26:32.014: D/SurfaceControlEx(1538): destroy
12-26 03:26:32.014: D/SurfaceControlEx(1538): removeControl 0x7f7d7bd9c0
12-26 03:26:32.016: D/SurfaceControlEx(1538): DTOR
12-26 03:26:32.033: D/SurfaceControlEx(1538): setLayer: foreground?1, 0x7f7d6ff480: 21020
12-26 03:26:32.042: D/SurfaceControlEx(1538): setLayer: foreground?1, 0x7f7d6ff480: 21020
12-26 03:26:32.055: D/SurfaceControlEx(1538): setLayer: foreground?1, 0x7f7d6ff480: 21020
12-26 03:26:32.073: D/SurfaceControlEx(1538): setLayer: foreground?1, 0x7f7d6ff480: 21020
12-26 03:26:32.088: D/SurfaceControlEx(1538): destroy
12-26 03:26:32.088: D/SurfaceControlEx(1538): removeControl 0x7f7e60f740
12-26 03:26:32.091: D/SurfaceControlEx(1538): DTOR
12-26 03:26:32.204: E/libnav(608): CablComputeBacklightLevel(): UpdateType = DifferentSceneUpdate
12-26 03:26:32.849: D/ThermalEngine(755): algo_monitor: Timer EVT
12-26 03:26:32.850: I/ThermalEngine(755): Sensor:case_therm:47000 mC
12-26 03:26:32.850: D/ThermalEngine(755): handle_timer_sig: SS Id SS-CASE-THERM Read case_therm 47000mC, Err -1000mC, SampleCnt 1
12-26 03:26:32.851: D/ThermalEngine(755): handle_timer_sig: SS Id SS-CASE-THERM, E0 -1000mC, E1 -1000mC
12-26 03:26:32.851: I/ThermalEngine(755): settimer: Start timer 1.000(sec)
12-26 03:26:32.851: D/ThermalEngine(755): algo_monitor: Wait for EV
12-26 03:26:33.851: D/ThermalEngine(755): algo_monitor: Timer EVT
12-26 03:26:33.853: I/ThermalEngine(755): Sensor:case_therm:47000 mC
12-26 03:26:33.853: D/ThermalEngine(755): handle_timer_sig: SS Id SS-CASE-THERM Read case_therm 47000mC, Err -1000mC, SampleCnt 1
12-26 03:26:33.853: D/ThermalEngine(755): handle_timer_sig: SS Id SS-CASE-THERM, E0 -1000mC, E1 -1000mC
12-26 03:26:33.853: I/ThermalEngine(755): settimer: Start timer 1.000(sec)
12-26 03:26:33.853: D/ThermalEngine(755): algo_monitor: Wait for EV
12-26 03:26:34.227: I/GlobalDismissManager(3964): no sender configured
12-26 03:26:34.227: D/AlertService(3964): Beginning updateAlertNotification
12-26 03:26:34.250: D/AlertService(3964): No fired or scheduled alerts
12-26 03:26:34.270: D/AlertService(3964): Scheduling next alarm with AlarmScheduler. sEventReminderReceived: null
12-26 03:26:34.288: D/AlarmScheduler(3964): No events found starting within 1 week.
12-26 03:26:34.295: D/DisplayPowerController(1538): requestPowerState: policy=BRIGHT, useProximitySensor=false, screenBrightness=102, screenAutoBrightnessAdjustment=0.0, brightnessSetByUser=true, useAutoBrightness=false, blockScreenOn=false, lowPowerMode=false, boostScreenBrightness=false, dozeScreenBrightness=-1, dozeScreenState=UNKNOWN, waitForNegativeProximity=false
12-26 03:26:34.521: D/DisplayPowerController(1538): requestPowerState: policy=BRIGHT, useProximitySensor=false, screenBrightness=102, screenAutoBrightnessAdjustment=0.0, brightnessSetByUser=true, useAutoBrightness=false, blockScreenOn=false, lowPowerMode=false, boostScreenBrightness=false, dozeScreenBrightness=-1, dozeScreenState=UNKNOWN, waitForNegativeProximity=false
12-26 03:26:34.854: D/ThermalEngine(755): algo_monitor: Timer EVT
12-26 03:26:34.855: I/ThermalEngine(755): Sensor:case_therm:46000 mC
12-26 03:26:34.856: D/ThermalEngine(755): handle_timer_sig: SS Id SS-CASE-THERM Read case_therm 46000mC, Err 0mC, SampleCnt 1
12-26 03:26:34.856: D/ThermalEngine(755): handle_timer_sig: SS Id SS-CASE-THERM, E0 0mC, E1 -1000mC
12-26 03:26:34.856: D/ThermalEngine(755): devices_manager_set_op_value: DEV cpu_voltage, op_value 1230
12-26 03:26:34.856: D/ThermalEngine(755): devices_manager_set_op_value: DEV cluster0, op_value 998400
12-26 03:26:34.856: D/ThermalEngine(755): ACTION: CLUSTER - Setting CLUSTER[0] to 998400
12-26 03:26:34.856: I/ThermalEngine(755): Mitigation:CLUSTER[0]:998400 Khz
12-26 03:26:34.856: D/ThermalEngine(755): ACTION: CLUSTER - Setting CLUSTER[0] to voltage 1230 freq = 998400
12-26 03:26:34.856: I/ThermalEngine(755): Mitigation:CLUSTER[0]: 1230 mV freq = 998400 kHz
12-26 03:26:34.856: D/ThermalEngine(755): devices_manager_set_op_value: DEV cluster1, op_value 1248000
12-26 03:26:34.856: D/ThermalEngine(755): ACTION: CLUSTER - Setting CLUSTER[1] to 1248000
12-26 03:26:34.856: I/ThermalEngine(755): Mitigation:CLUSTER[1]:1248000 Khz
12-26 03:26:34.856: D/ThermalEngine(755): ACTION: CLUSTER - Setting CLUSTER[1] to voltage 1230 freq = 1248000
12-26 03:26:34.856: I/ThermalEngine(755): Mitigation:CLUSTER[1]: 1230 mV freq = 1248000 kHz
12-26 03:26:34.856: I/ThermalEngine(755): decrease_mitigation_lvl: SS Id SS-CASE-THERM, Device cpu_voltage, Req. 1230mV, Applied  1230mV, TC delay 2
12-26 03:26:34.856: I/ThermalEngine(755): settimer: Start timer 1.000(sec)
12-26 03:26:34.857: D/ThermalEngine(755): algo_monitor: Wait for EV
12-26 03:26:35.214: D/DisplayPowerController(1538): requestPowerState: policy=BRIGHT, useProximitySensor=false, screenBrightness=102, screenAutoBrightnessAdjustment=0.0, brightnessSetByUser=true, useAutoBrightness=false, blockScreenOn=false, lowPowerMode=false, boostScreenBrightness=false, dozeScreenBrightness=-1, dozeScreenState=UNKNOWN, waitForNegativeProximity=false
12-26 03:26:35.248: D/DisplayPowerController(1538): requestPowerState: policy=BRIGHT, useProximitySensor=false, screenBrightness=102, screenAutoBrightnessAdjustment=0.0, brightnessSetByUser=true, useAutoBrightness=false, blockScreenOn=false, lowPowerMode=false, boostScreenBrightness=false, dozeScreenBrightness=-1, dozeScreenState=UNKNOWN, waitForNegativeProximity=false
12-26 03:26:35.251: D/DisplayPowerController(1538): requestPowerState: policy=BRIGHT, useProximitySensor=false, screenBrightness=102, screenAutoBrightnessAdjustment=0.0, brightnessSetByUser=true, useAutoBrightness=false, blockScreenOn=false, lowPowerMode=false, boostScreenBrightness=false, dozeScreenBrightness=-1, dozeScreenState=UNKNOWN, waitForNegativeProximity=false
12-26 03:26:35.253: D/DisplayPowerController(1538): requestPowerState: policy=BRIGHT, useProximitySensor=false, screenBrightness=102, screenAutoBrightnessAdjustment=0.0, brightnessSetByUser=true, useAutoBrightness=false, blockScreenOn=false, lowPowerMode=false, boostScreenBrightness=false, dozeScreenBrightness=-1, dozeScreenState=UNKNOWN, waitForNegativeProximity=false
12-26 03:26:35.267: D/DisplayPowerController(1538): requestPowerState: policy=BRIGHT, useProximitySensor=false, screenBrightness=102, screenAutoBrightnessAdjustment=0.0, brightnessSetByUser=true, useAutoBrightness=false, blockScreenOn=false, lowPowerMode=false, boostScreenBrightness=false, dozeScreenBrightness=-1, dozeScreenState=UNKNOWN, waitForNegativeProximity=false
12-26 03:26:35.310: D/DisplayPowerController(1538): requestPowerState: policy=BRIGHT, useProximitySensor=false, screenBrightness=102, screenAutoBrightnessAdjustment=0.0, brightnessSetByUser=true, useAutoBrightness=false, blockScreenOn=false, lowPowerMode=false, boostScreenBrightness=false, dozeScreenBrightness=-1, dozeScreenState=UNKNOWN, waitForNegativeProximity=false
12-26 03:26:35.313: D/DisplayPowerController(1538): requestPowerState: policy=BRIGHT, useProximitySensor=false, screenBrightness=102, screenAutoBrightnessAdjustment=0.0, brightnessSetByUser=true, useAutoBrightness=false, blockScreenOn=false, lowPowerMode=false, boostScreenBrightness=false, dozeScreenBrightness=-1, dozeScreenState=UNKNOWN, waitForNegativeProximity=false
12-26 03:26:35.320: D/DisplayPowerController(1538): requestPowerState: policy=BRIGHT, useProximitySensor=false, screenBrightness=102, screenAutoBrightnessAdjustment=0.0, brightnessSetByUser=true, useAutoBrightness=false, blockScreenOn=false, lowPowerMode=false, boostScreenBrightness=false, dozeScreenBrightness=-1, dozeScreenState=UNKNOWN, waitForNegativeProximity=false
12-26 03:26:35.322: D/DisplayPowerController(1538): requestPowerState: policy=BRIGHT, useProximitySensor=false, screenBrightness=102, screenAutoBrightnessAdjustment=0.0, brightnessSetByUser=true, useAutoBrightness=false, blockScreenOn=false, lowPowerMode=false, boostScreenBrightness=false, dozeScreenBrightness=-1, dozeScreenState=UNKNOWN, waitForNegativeProximity=false
12-26 03:26:35.325: D/DisplayPowerController(1538): requestPowerState: policy=BRIGHT, useProximitySensor=false, screenBrightness=102, screenAutoBrightnessAdjustment=0.0, brightnessSetByUser=true, useAutoBrightness=false, blockScreenOn=false, lowPowerMode=false, boostScreenBrightness=false, dozeScreenBrightness=-1, dozeScreenState=UNKNOWN, waitForNegativeProximity=false
12-26 03:26:35.326: D/DisplayPowerController(1538): requestPowerState: policy=BRIGHT, useProximitySensor=false, screenBrightness=102, screenAutoBrightnessAdjustment=0.0, brightnessSetByUser=true, useAutoBrightness=false, blockScreenOn=false, lowPowerMode=false, boostScreenBrightness=false, dozeScreenBrightness=-1, dozeScreenState=UNKNOWN, waitForNegativeProximity=false
12-26 03:26:35.332: D/DisplayPowerController(1538): requestPowerState: policy=BRIGHT, useProximitySensor=false, screenBrightness=102, screenAutoBrightnessAdjustment=0.0, brightnessSetByUser=true, useAutoBrightness=false, blockScreenOn=false, lowPowerMode=false, boostScreenBrightness=false, dozeScreenBrightness=-1, dozeScreenState=UNKNOWN, waitForNegativeProximity=false
12-26 03:26:35.333: D/DisplayPowerController(1538): requestPowerState: policy=BRIGHT, useProximitySensor=false, screenBrightness=102, screenAutoBrightnessAdjustment=0.0, brightnessSetByUser=true, useAutoBrightness=false, blockScreenOn=false, lowPowerMode=false, boostScreenBrightness=false, dozeScreenBrightness=-1, dozeScreenState=UNKNOWN, waitForNegativeProximity=false
12-26 03:26:35.340: D/DisplayPowerController(1538): requestPowerState: policy=BRIGHT, useProximitySensor=false, screenBrightness=102, screenAutoBrightnessAdjustment=0.0, brightnessSetByUser=true, useAutoBrightness=false, blockScreenOn=false, lowPowerMode=false, boostScreenBrightness=false, dozeScreenBrightness=-1, dozeScreenState=UNKNOWN, waitForNegativeProximity=false
12-26 03:26:35.344: D/DisplayPowerController(1538): requestPowerState: policy=BRIGHT, useProximitySensor=false, screenBrightness=102, screenAutoBrightnessAdjustment=0.0, brightnessSetByUser=true, useAutoBrightness=false, blockScreenOn=false, lowPowerMode=false, boostScreenBrightness=false, dozeScreenBrightness=-1, dozeScreenState=UNKNOWN, waitForNegativeProximity=false
12-26 03:26:35.347: D/DisplayPowerController(1538): requestPowerState: policy=BRIGHT, useProximitySensor=false, screenBrightness=102, screenAutoBrightnessAdjustment=0.0, brightnessSetByUser=true, useAutoBrightness=false, blockScreenOn=false, lowPowerMode=false, boostScreenBrightness=false, dozeScreenBrightness=-1, dozeScreenState=UNKNOWN, waitForNegativeProximity=false
12-26 03:26:35.350: D/DisplayPowerController(1538): requestPowerState: policy=BRIGHT, useProximitySensor=false, screenBrightness=102, screenAutoBrightnessAdjustment=0.0, brightnessSetByUser=true, useAutoBrightness=false, blockScreenOn=false, lowPowerMode=false, boostScreenBrightness=false, dozeScreenBrightness=-1, dozeScreenState=UNKNOWN, waitForNegativeProximity=false
12-26 03:26:35.352: D/DisplayPowerController(1538): requestPowerState: policy=BRIGHT, useProximitySensor=false, screenBrightness=102, screenAutoBrightnessAdjustment=0.0, brightnessSetByUser=true, useAutoBrightness=false, blockScreenOn=false, lowPowerMode=false, boostScreenBrightness=false, dozeScreenBrightness=-1, dozeScreenState=UNKNOWN, waitForNegativeProximity=false
12-26 03:26:35.355: D/DisplayPowerController(1538): requestPowerState: policy=BRIGHT, useProximitySensor=false, screenBrightness=102, screenAutoBrightnessAdjustment=0.0, brightnessSetByUser=true, useAutoBrightness=false, blockScreenOn=false, lowPowerMode=false, boostScreenBrightness=false, dozeScreenBrightness=-1, dozeScreenState=UNKNOWN, waitForNegativeProximity=false
12-26 03:26:35.356: D/DisplayPowerController(1538): requestPowerState: policy=BRIGHT, useProximitySensor=false, screenBrightness=102, screenAutoBrightnessAdjustment=0.0, brightnessSetByUser=true, useAutoBrightness=false, blockScreenOn=false, lowPowerMode=false, boostScreenBrightness=false, dozeScreenBrightness=-1, dozeScreenState=UNKNOWN, waitForNegativeProximity=false
12-26 03:26:35.359: D/DisplayPowerController(1538): requestPowerState: policy=BRIGHT, useProximitySensor=false, screenBrightness=102, screenAutoBrightnessAdjustment=0.0, brightnessSetByUser=true, useAutoBrightness=false, blockScreenOn=false, lowPowerMode=false, boostScreenBrightness=false, dozeScreenBrightness=-1, dozeScreenState=UNKNOWN, waitForNegativeProximity=false
12-26 03:26:35.360: D/DisplayPowerController(1538): requestPowerState: policy=BRIGHT, useProximitySensor=false, screenBrightness=102, screenAutoBrightnessAdjustment=0.0, brightnessSetByUser=true, useAutoBrightness=false, blockScreenOn=false, lowPowerMode=false, boostScreenBrightness=false, dozeScreenBrightness=-1, dozeScreenState=UNKNOWN, waitForNegativeProximity=false
12-26 03:26:35.366: D/DisplayPowerController(1538): requestPowerState: policy=BRIGHT, useProximitySensor=false, screenBrightness=102, screenAutoBrightnessAdjustment=0.0, brightnessSetByUser=true, useAutoBrightness=false, blockScreenOn=false, lowPowerMode=false, boostScreenBrightness=false, dozeScreenBrightness=-1, dozeScreenState=UNKNOWN, waitForNegativeProximity=false
12-26 03:26:35.367: D/DisplayPowerController(1538): requestPowerState: policy=BRIGHT, useProximitySensor=false, screenBrightness=102, screenAutoBrightnessAdjustment=0.0, brightnessSetByUser=true, useAutoBrightness=false, blockScreenOn=false, lowPowerMode=false, boostScreenBrightness=false, dozeScreenBrightness=-1, dozeScreenState=UNKNOWN, waitForNegativeProximity=false
12-26 03:26:35.371: D/DisplayPowerController(1538): requestPowerState: policy=BRIGHT, useProximitySensor=false, screenBrightness=102, screenAutoBrightnessAdjustment=0.0, brightnessSetByUser=true, useAutoBrightness=false, blockScreenOn=false, lowPowerMode=false, boostScreenBrightness=false, dozeScreenBrightness=-1, dozeScreenState=UNKNOWN, waitForNegativeProximity=false
12-26 03:26:35.372: D/DisplayPowerController(1538): requestPowerState: policy=BRIGHT, useProximitySensor=false, screenBrightness=102, screenAutoBrightnessAdjustment=0.0, brightnessSetByUser=true, useAutoBrightness=false, blockScreenOn=false, lowPowerMode=false, boostScreenBrightness=false, dozeScreenBrightness=-1, dozeScreenState=UNKNOWN, waitForNegativeProximity=false
12-26 03:26:35.378: D/DisplayPowerController(1538): requestPowerState: policy=BRIGHT, useProximitySensor=false, screenBrightness=102, screenAutoBrightnessAdjustment=0.0, brightnessSetByUser=true, useAutoBrightness=false, blockScreenOn=false, lowPowerMode=false, boostScreenBrightness=false, dozeScreenBrightness=-1, dozeScreenState=UNKNOWN, waitForNegativeProximity=false
12-26 03:26:35.379: D/DisplayPowerController(1538): requestPowerState: policy=BRIGHT, useProximitySensor=false, screenBrightness=102, screenAutoBrightnessAdjustment=0.0, brightnessSetByUser=true, useAutoBrightness=false, blockScreenOn=false, lowPowerMode=false, boostScreenBrightness=false, dozeScreenBrightness=-1, dozeScreenState=UNKNOWN, waitForNegativeProximity=false
12-26 03:26:35.387: D/DisplayPowerController(1538): requestPowerState: policy=BRIGHT, useProximitySensor=false, screenBrightness=102, screenAutoBrightnessAdjustment=0.0, brightnessSetByUser=true, useAutoBrightness=false, blockScreenOn=false, lowPowerMode=false, boostScreenBrightness=false, dozeScreenBrightness=-1, dozeScreenState=UNKNOWN, waitForNegativeProximity=false
12-26 03:26:35.388: D/DisplayPowerController(1538): requestPowerState: policy=BRIGHT, useProximitySensor=false, screenBrightness=102, screenAutoBrightnessAdjustment=0.0, brightnessSetByUser=true, useAutoBrightness=false, blockScreenOn=false, lowPowerMode=false, boostScreenBrightness=false, dozeScreenBrightness=-1, dozeScreenState=UNKNOWN, waitForNegativeProximity=false
12-26 03:26:35.398: D/DisplayPowerController(1538): requestPowerState: policy=BRIGHT, useProximitySensor=false, screenBrightness=102, screenAutoBrightnessAdjustment=0.0, brightnessSetByUser=true, useAutoBrightness=false, blockScreenOn=false, lowPowerMode=false, boostScreenBrightness=false, dozeScreenBrightness=-1, dozeScreenState=UNKNOWN, waitForNegativeProximity=false
12-26 03:26:35.399: D/DisplayPowerController(1538): requestPowerState: policy=BRIGHT, useProximitySensor=false, screenBrightness=102, screenAutoBrightnessAdjustment=0.0, brightnessSetByUser=true, useAutoBrightness=false, blockScreenOn=false, lowPowerMode=false, boostScreenBrightness=false, dozeScreenBrightness=-1, dozeScreenState=UNKNOWN, waitForNegativeProximity=false
12-26 03:26:35.402: D/DisplayPowerController(1538): requestPowerState: policy=BRIGHT, useProximitySensor=false, screenBrightness=102, screenAutoBrightnessAdjustment=0.0, brightnessSetByUser=true, useAutoBrightness=false, blockScreenOn=false, lowPowerMode=false, boostScreenBrightness=false, dozeScreenBrightness=-1, dozeScreenState=UNKNOWN, waitForNegativeProximity=false
12-26 03:26:35.403: D/DisplayPowerController(1538): requestPowerState: policy=BRIGHT, useProximitySensor=false, screenBrightness=102, screenAutoBrightnessAdjustment=0.0, brightnessSetByUser=true, useAutoBrightness=false, blockScreenOn=false, lowPowerMode=false, boostScreenBrightness=false, dozeScreenBrightness=-1, dozeScreenState=UNKNOWN, waitForNegativeProximity=false
12-26 03:26:35.466: D/DisplayPowerController(1538): requestPowerState: policy=BRIGHT, useProximitySensor=false, screenBrightness=102, screenAutoBrightnessAdjustment=0.0, brightnessSetByUser=true, useAutoBrightness=false, blockScreenOn=false, lowPowerMode=false, boostScreenBrightness=false, dozeScreenBrightness=-1, dozeScreenState=UNKNOWN, waitForNegativeProximity=false
12-26 03:26:35.467: D/DisplayPowerController(1538): requestPowerState: policy=BRIGHT, useProximitySensor=false, screenBrightness=102, screenAutoBrightnessAdjustment=0.0, brightnessSetByUser=true, useAutoBrightness=false, blockScreenOn=false, lowPowerMode=false, boostScreenBrightness=false, dozeScreenBrightness=-1, dozeScreenState=UNKNOWN, waitForNegativeProximity=false
12-26 03:26:35.473: D/DisplayPowerController(1538): requestPowerState: policy=BRIGHT, useProximitySensor=false, screenBrightness=102, screenAutoBrightnessAdjustment=0.0, brightnessSetByUser=true, useAutoBrightness=false, blockScreenOn=false, lowPowerMode=false, boostScreenBrightness=false, dozeScreenBrightness=-1, dozeScreenState=UNKNOWN, waitForNegativeProximity=false
12-26 03:26:35.474: D/DisplayPowerController(1538): requestPowerState: policy=BRIGHT, useProximitySensor=false, screenBrightness=102, screenAutoBrightnessAdjustment=0.0, brightnessSetByUser=true, useAutoBrightness=false, blockScreenOn=false, lowPowerMode=false, boostScreenBrightness=false, dozeScreenBrightness=-1, dozeScreenState=UNKNOWN, waitForNegativeProximity=false
