12-26 03:25:44.029: D/DisplayPowerController(1538): requestPowerState: policy=BRIGHT, useProximitySensor=false, screenBrightness=102, screenAutoBrightnessAdjustment=0.0, brightnessSetByUser=true, useAutoBrightness=false, blockScreenOn=false, lowPowerMode=false, boostScreenBrightness=false, dozeScreenBrightness=-1, dozeScreenState=UNKNOWN, waitForNegativeProximity=false
12-26 03:25:44.032: D/DisplayPowerController(1538): requestPowerState: policy=BRIGHT, useProximitySensor=false, screenBrightness=102, screenAutoBrightnessAdjustment=0.0, brightnessSetByUser=true, useAutoBrightness=false, blockScreenOn=false, lowPowerMode=false, boostScreenBrightness=false, dozeScreenBrightness=-1, dozeScreenState=UNKNOWN, waitForNegativeProximity=false
12-26 03:25:44.039: D/DisplayPowerController(1538): requestPowerState: policy=BRIGHT, useProximitySensor=false, screenBrightness=102, screenAutoBrightnessAdjustment=0.0, brightnessSetByUser=true, useAutoBrightness=false, blockScreenOn=false, lowPowerMode=false, boostScreenBrightness=false, dozeScreenBrightness=-1, dozeScreenState=UNKNOWN, waitForNegativeProximity=false
12-26 03:25:44.163: D/DisplayPowerController(1538): requestPowerState: policy=BRIGHT, useProximitySensor=false, screenBrightness=102, screenAutoBrightnessAdjustment=0.0, brightnessSetByUser=true, useAutoBrightness=false, blockScreenOn=false, lowPowerMode=false, boostScreenBrightness=false, dozeScreenBrightness=-1, dozeScreenState=UNKNOWN, waitForNegativeProximity=false
12-26 03:25:44.197: D/DisplayPowerController(1538): requestPowerState: policy=BRIGHT, useProximitySensor=false, screenBrightness=102, screenAutoBrightnessAdjustment=0.0, brightnessSetByUser=true, useAutoBrightness=false, blockScreenOn=false, lowPowerMode=false, boostScreenBrightness=false, dozeScreenBrightness=-1, dozeScreenState=UNKNOWN, waitForNegativeProximity=false
12-26 03:25:44.238: I/Telecom(1538): ViceNotificationImpl: mImsIntentReceiver: action com.android.ims.IMS_SERVICE_UP
12-26 03:25:44.238: D/DisplayPowerController(1538): requestPowerState: policy=BRIGHT, useProximitySensor=false, screenBrightness=102, screenAutoBrightnessAdjustment=0.0, brightnessSetByUser=true, useAutoBrightness=false, blockScreenOn=false, lowPowerMode=false, boostScreenBrightness=false, dozeScreenBrightness=-1, dozeScreenState=UNKNOWN, waitForNegativeProximity=false
12-26 03:25:44.311: D/DisplayPowerController(1538): requestPowerState: policy=BRIGHT, useProximitySensor=false, screenBrightness=102, screenAutoBrightnessAdjustment=0.0, brightnessSetByUser=true, useAutoBrightness=false, blockScreenOn=false, lowPowerMode=false, boostScreenBrightness=false, dozeScreenBrightness=-1, dozeScreenState=UNKNOWN, waitForNegativeProximity=false
12-26 03:25:44.413: W/ActivityManager(1538): Slow operation: 70ms so far, now at startProcess: returned from zygote!
12-26 03:25:44.413: W/ActivityManager(1538): Slow operation: 71ms so far, now at startProcess: done updating battery stats
12-26 03:25:44.413: W/ActivityManager(1538): Slow operation: 71ms so far, now at startProcess: building log message
12-26 03:25:44.413: I/ActivityManager(1538): Start proc 2946:android.process.media/u0a9 for broadcast com.android.providers.downloads/.DownloadReceiver
12-26 03:25:44.413: W/ActivityManager(1538): Slow operation: 71ms so far, now at startProcess: starting to update pids map
12-26 03:25:44.413: W/ActivityManager(1538): Slow operation: 71ms so far, now at startProcess: done updating pids map
12-26 03:25:44.413: W/ActivityManager(1538): Slow operation: 72ms so far, now at startProcess: done starting proc!
12-26 03:25:44.442: D/DisplayPowerController(1538): requestPowerState: policy=BRIGHT, useProximitySensor=false, screenBrightness=102, screenAutoBrightnessAdjustment=0.0, brightnessSetByUser=true, useAutoBrightness=false, blockScreenOn=false, lowPowerMode=false, boostScreenBrightness=false, dozeScreenBrightness=-1, dozeScreenState=UNKNOWN, waitForNegativeProximity=false
12-26 03:25:44.456: D/DisplayPowerController(1538): requestPowerState: policy=BRIGHT, useProximitySensor=false, screenBrightness=102, screenAutoBrightnessAdjustment=0.0, brightnessSetByUser=true, useAutoBrightness=false, blockScreenOn=false, lowPowerMode=false, boostScreenBrightness=false, dozeScreenBrightness=-1, dozeScreenState=UNKNOWN, waitForNegativeProximity=false
12-26 03:25:44.465: D/DisplayPowerController(1538): requestPowerState: policy=BRIGHT, useProximitySensor=false, screenBrightness=102, screenAutoBrightnessAdjustment=0.0, brightnessSetByUser=true, useAutoBrightness=false, blockScreenOn=false, lowPowerMode=false, boostScreenBrightness=false, dozeScreenBrightness=-1, dozeScreenState=UNKNOWN, waitForNegativeProximity=false
12-26 03:25:44.480: D/DisplayPowerController(1538): requestPowerState: policy=BRIGHT, useProximitySensor=false, screenBrightness=102, screenAutoBrightnessAdjustment=0.0, brightnessSetByUser=true, useAutoBrightness=false, blockScreenOn=false, lowPowerMode=false, boostScreenBrightness=false, dozeScreenBrightness=-1, dozeScreenState=UNKNOWN, waitForNegativeProximity=false
12-26 03:25:44.559: D/DisplayPowerController(1538): requestPowerState: policy=BRIGHT, useProximitySensor=false, screenBrightness=102, screenAutoBrightnessAdjustment=0.0, brightnessSetByUser=true, useAutoBrightness=false, blockScreenOn=false, lowPowerMode=false, boostScreenBrightness=false, dozeScreenBrightness=-1, dozeScreenState=UNKNOWN, waitForNegativeProximity=false
12-26 03:25:44.574: D/DisplayPowerController(1538): requestPowerState: policy=BRIGHT, useProximitySensor=false, screenBrightness=102, screenAutoBrightnessAdjustment=0.0, brightnessSetByUser=true, useAutoBrightness=false, blockScreenOn=false, lowPowerMode=false, boostScreenBrightness=false, dozeScreenBrightness=-1, dozeScreenState=UNKNOWN, waitForNegativeProximity=false
12-26 03:25:44.578: D/DisplayPowerController(1538): requestPowerState: policy=BRIGHT, useProximitySensor=false, screenBrightness=102, screenAutoBrightnessAdjustment=0.0, brightnessSetByUser=true, useAutoBrightness=false, blockScreenOn=false, lowPowerMode=false, boostScreenBrightness=false, dozeScreenBrightness=-1, dozeScreenState=UNKNOWN, waitForNegativeProximity=false
12-26 03:25:44.621: D/DisplayPowerController(1538): requestPowerState: policy=BRIGHT, useProximitySensor=false, screenBrightness=102, screenAutoBrightnessAdjustment=0.0, brightnessSetByUser=true, useAutoBrightness=false, blockScreenOn=false, lowPowerMode=false, boostScreenBrightness=false, dozeScreenBrightness=-1, dozeScreenState=UNKNOWN, waitForNegativeProximity=false
12-26 03:25:44.633: D/DisplayPowerController(1538): requestPowerState: policy=BRIGHT, useProximitySensor=false, screenBrightness=102, screenAutoBrightnessAdjustment=0.0, brightnessSetByUser=true, useAutoBrightness=false, blockScreenOn=false, lowPowerMode=false, boostScreenBrightness=false, dozeScreenBrightness=-1, dozeScreenState=UNKNOWN, waitForNegativeProximity=false
12-26 03:25:44.640: D/DisplayPowerController(1538): requestPowerState: policy=BRIGHT, useProximitySensor=false, screenBrightness=102, screenAutoBrightnessAdjustment=0.0, brightnessSetByUser=true, useAutoBrightness=false, blockScreenOn=false, lowPowerMode=false, boostScreenBrightness=false, dozeScreenBrightness=-1, dozeScreenState=UNKNOWN, waitForNegativeProximity=false
12-26 03:25:44.642: D/DisplayPowerController(1538): requestPowerState: policy=BRIGHT, useProximitySensor=false, screenBrightness=102, screenAutoBrightnessAdjustment=0.0, brightnessSetByUser=true, useAutoBrightness=false, blockScreenOn=false, lowPowerMode=false, boostScreenBrightness=false, dozeScreenBrightness=-1, dozeScreenState=UNKNOWN, waitForNegativeProximity=false
12-26 03:25:44.643: D/DisplayPowerController(1538): requestPowerState: policy=BRIGHT, useProximitySensor=false, screenBrightness=102, screenAutoBrightnessAdjustment=0.0, brightnessSetByUser=true, useAutoBrightness=false, blockScreenOn=false, lowPowerMode=false, boostScreenBrightness=false, dozeScreenBrightness=-1, dozeScreenState=UNKNOWN, waitForNegativeProximity=false
12-26 03:25:44.648: D/DisplayPowerController(1538): requestPowerState: policy=BRIGHT, useProximitySensor=false, screenBrightness=102, screenAutoBrightnessAdjustment=0.0, brightnessSetByUser=true, useAutoBrightness=false, blockScreenOn=false, lowPowerMode=false, boostScreenBrightness=false, dozeScreenBrightness=-1, dozeScreenState=UNKNOWN, waitForNegativeProximity=false
12-26 03:25:44.764: V/KeyguardDisplayManager(2001): hide
12-26 03:25:44.806: I/Telecom(1538): PhoneAccountRegistrar: [ComponentInfo{com.android.phone/com.android.services.telephony.TelephonyConnectionService}, [e0184adedf913b076626646d3f52c3b49c39ad6d], UserHandle{0}(icon: Icon(typ=BITMAP size=57x72) -> Icon(typ=BITMAP size=57x72))]: TSI.rPA@AAw
12-26 03:25:44.814: I/Telecom(1538): : Sending phone-account registered intent as user: TSI.rPA@AAw
12-26 03:25:44.858: D/DisplayPowerController(1538): requestPowerState: policy=BRIGHT, useProximitySensor=false, screenBrightness=102, screenAutoBrightnessAdjustment=0.0, brightnessSetByUser=true, useAutoBrightness=false, blockScreenOn=false, lowPowerMode=false, boostScreenBrightness=false, dozeScreenBrightness=-1, dozeScreenState=UNKNOWN, waitForNegativeProximity=false
12-26 03:25:44.894: D/DisplayPowerController(1538): requestPowerState: policy=BRIGHT, useProximitySensor=false, screenBrightness=102, screenAutoBrightnessAdjustment=0.0, brightnessSetByUser=true, useAutoBrightness=false, blockScreenOn=false, lowPowerMode=false, boostScreenBrightness=false, dozeScreenBrightness=-1, dozeScreenState=UNKNOWN, waitForNegativeProximity=false
12-26 03:25:44.929: D/DisplayPowerController(1538): requestPowerState: policy=BRIGHT, useProximitySensor=false, screenBrightness=102, screenAutoBrightnessAdjustment=0.0, brightnessSetByUser=true, useAutoBrightness=false, blockScreenOn=false, lowPowerMode=false, boostScreenBrightness=false, dozeScreenBrightness=-1, dozeScreenState=UNKNOWN, waitForNegativeProximity=false
12-26 03:25:44.952: D/DisplayPowerController(1538): requestPowerState: policy=BRIGHT, useProximitySensor=false, screenBrightness=102, screenAutoBrightnessAdjustment=0.0, brightnessSetByUser=true, useAutoBrightness=false, blockScreenOn=false, lowPowerMode=false, boostScreenBrightness=false, dozeScreenBrightness=-1, dozeScreenState=UNKNOWN, waitForNegativeProximity=false
12-26 03:25:44.977: D/DisplayPowerController(1538): requestPowerState: policy=BRIGHT, useProximitySensor=false, screenBrightness=102, screenAutoBrightnessAdjustment=0.0, brightnessSetByUser=true, useAutoBrightness=false, blockScreenOn=false, lowPowerMode=false, boostScreenBrightness=false, dozeScreenBrightness=-1, dozeScreenState=UNKNOWN, waitForNegativeProximity=false
12-26 03:25:44.989: D/DisplayPowerController(1538): requestPowerState: policy=BRIGHT, useProximitySensor=false, screenBrightness=102, screenAutoBrightnessAdjustment=0.0, brightnessSetByUser=true, useAutoBrightness=false, blockScreenOn=false, lowPowerMode=false, boostScreenBrightness=false, dozeScreenBrightness=-1, dozeScreenState=UNKNOWN, waitForNegativeProximity=false
12-26 03:25:45.003: D/DisplayPowerController(1538): requestPowerState: policy=BRIGHT, useProximitySensor=false, screenBrightness=102, screenAutoBrightnessAdjustment=0.0, brightnessSetByUser=true, useAutoBrightness=false, blockScreenOn=false, lowPowerMode=false, boostScreenBrightness=false, dozeScreenBrightness=-1, dozeScreenState=UNKNOWN, waitForNegativeProximity=false
12-26 03:25:45.016: D/DisplayPowerController(1538): requestPowerState: policy=BRIGHT, useProximitySensor=false, screenBrightness=102, screenAutoBrightnessAdjustment=0.0, brightnessSetByUser=true, useAutoBrightness=false, blockScreenOn=false, lowPowerMode=false, boostScreenBrightness=false, dozeScreenBrightness=-1, dozeScreenState=UNKNOWN, waitForNegativeProximity=false
12-26 03:25:45.035: D/DisplayPowerController(1538): requestPowerState: policy=BRIGHT, useProximitySensor=false, screenBrightness=102, screenAutoBrightnessAdjustment=0.0, brightnessSetByUser=true, useAutoBrightness=false, blockScreenOn=false, lowPowerMode=false, boostScreenBrightness=false, dozeScreenBrightness=-1, dozeScreenState=UNKNOWN, waitForNegativeProximity=false
12-26 03:25:45.106: D/DisplayPowerController(1538): requestPowerState: policy=BRIGHT, useProximitySensor=false, screenBrightness=102, screenAutoBrightnessAdjustment=0.0, brightnessSetByUser=true, useAutoBrightness=false, blockScreenOn=false, lowPowerMode=false, boostScreenBrightness=false, dozeScreenBrightness=-1, dozeScreenState=UNKNOWN, waitForNegativeProximity=false
12-26 03:25:45.112: D/DisplayPowerController(1538): requestPowerState: policy=BRIGHT, useProximitySensor=false, screenBrightness=102, screenAutoBrightnessAdjustment=0.0, brightnessSetByUser=true, useAutoBrightness=false, blockScreenOn=false, lowPowerMode=false, boostScreenBrightness=false, dozeScreenBrightness=-1, dozeScreenState=UNKNOWN, waitForNegativeProximity=false
12-26 03:25:45.175: D/DisplayPowerController(1538): requestPowerState: policy=BRIGHT, useProximitySensor=false, screenBrightness=102, screenAutoBrightnessAdjustment=0.0, brightnessSetByUser=true, useAutoBrightness=false, blockScreenOn=false, lowPowerMode=false, boostScreenBrightness=false, dozeScreenBrightness=-1, dozeScreenState=UNKNOWN, waitForNegativeProximity=false
12-26 03:25:45.180: E/NetlinkEvent(810): NetlinkEvent::FindParam(): Parameter 'INTERFACE' not found
12-26 03:25:45.180: E/NetlinkEvent(810): NetlinkEvent::FindParam(): Parameter 'STATE' not found
12-26 03:25:45.180: E/NetlinkEvent(810): NetlinkEvent::FindParam(): Parameter 'TIME_NS' not found
12-26 03:25:45.180: E/NetlinkEvent(810): NetlinkEvent::FindParam(): Parameter 'UID' not found
12-26 03:25:45.184: I/ActivityManager(1538): Setting hasTopUi=false for pid=2001
12-26 03:25:45.540: E/NetlinkEvent(810): NetlinkEvent::FindParam(): Parameter 'ALERT_NAME' not found
12-26 03:25:45.540: E/NetlinkEvent(810): NetlinkEvent::FindParam(): Parameter 'INTERFACE' not found
12-26 03:25:45.576: W/ActivityManager(1538): Slow operation: 70ms so far, now at startProcess: returned from zygote!
12-26 03:25:45.576: W/ActivityManager(1538): Slow operation: 70ms so far, now at startProcess: done updating battery stats
12-26 03:25:45.576: W/ActivityManager(1538): Slow operation: 71ms so far, now at startProcess: building log message
12-26 03:25:45.576: I/ActivityManager(1538): Start proc 2984:com.hipad.logkit/1000 for broadcast com.hipad.logkit/.LogKitReceiver
12-26 03:25:45.576: W/ActivityManager(1538): Slow operation: 71ms so far, now at startProcess: starting to update pids map
12-26 03:25:45.576: W/ActivityManager(1538): Slow operation: 71ms so far, now at startProcess: done updating pids map
12-26 03:25:45.576: W/ActivityManager(1538): Slow operation: 71ms so far, now at startProcess: done starting proc!
12-26 03:25:45.583: I/ActivityManager(1538): Activity reported stop, but no longer stopping: ActivityRecord{384c3f0 u0 com.android.launcher3/.Launcher t8}
12-26 03:25:45.746: D/DisplayPowerController(1538): requestPowerState: policy=BRIGHT, useProximitySensor=false, screenBrightness=102, screenAutoBrightnessAdjustment=0.0, brightnessSetByUser=true, useAutoBrightness=false, blockScreenOn=false, lowPowerMode=false, boostScreenBrightness=false, dozeScreenBrightness=-1, dozeScreenState=UNKNOWN, waitForNegativeProximity=false
12-26 03:25:46.439: D/DisplayPowerController(1538): requestPowerState: policy=BRIGHT, useProximitySensor=false, screenBrightness=102, screenAutoBrightnessAdjustment=0.0, brightnessSetByUser=true, useAutoBrightness=false, blockScreenOn=false, lowPowerMode=false, boostScreenBrightness=false, dozeScreenBrightness=-1, dozeScreenState=UNKNOWN, waitForNegativeProximity=false
12-26 03:25:46.446: D/DisplayPowerController(1538): requestPowerState: policy=BRIGHT, useProximitySensor=false, screenBrightness=102, screenAutoBrightnessAdjustment=0.0, brightnessSetByUser=true, useAutoBrightness=false, blockScreenOn=false, lowPowerMode=false, boostScreenBrightness=false, dozeScreenBrightness=-1, dozeScreenState=UNKNOWN, waitForNegativeProximity=false
12-26 03:25:47.466: D/DisplayPowerController(1538): requestPowerState: policy=BRIGHT, useProximitySensor=false, screenBrightness=102, screenAutoBrightnessAdjustment=0.0, brightnessSetByUser=true, useAutoBrightness=false, blockScreenOn=false, lowPowerMode=false, boostScreenBrightness=false, dozeScreenBrightness=-1, dozeScreenState=UNKNOWN, waitForNegativeProximity=false
12-26 03:25:47.593: W/ActivityManager(1538): Permission Denial: opening provider com.android.providers.contacts.ContactsProvider2 from ProcessRecord{2b8eb1d 2538:com.sohu.inputmethod.sogou/u0a76} (pid=2538, uid=10076) requires android.permission.READ_CONTACTS or android.permission.WRITE_CONTACTS
12-26 03:25:47.641: D/DisplayPowerController(1538): requestPowerState: policy=BRIGHT, useProximitySensor=false, screenBrightness=102, screenAutoBrightnessAdjustment=0.0, brightnessSetByUser=true, useAutoBrightness=false, blockScreenOn=false, lowPowerMode=false, boostScreenBrightness=false, dozeScreenBrightness=-1, dozeScreenState=UNKNOWN, waitForNegativeProximity=false
12-26 03:25:47.642: D/DisplayPowerController(1538): requestPowerState: policy=BRIGHT, useProximitySensor=false, screenBrightness=102, screenAutoBrightnessAdjustment=0.0, brightnessSetByUser=true, useAutoBrightness=false, blockScreenOn=false, lowPowerMode=false, boostScreenBrightness=false, dozeScreenBrightness=-1, dozeScreenState=UNKNOWN, waitForNegativeProximity=false
12-26 03:25:47.644: D/DisplayPowerController(1538): requestPowerState: policy=BRIGHT, useProximitySensor=false, screenBrightness=102, screenAutoBrightnessAdjustment=0.0, brightnessSetByUser=true, useAutoBrightness=false, blockScreenOn=false, lowPowerMode=false, boostScreenBrightness=false, dozeScreenBrightness=-1, dozeScreenState=UNKNOWN, waitForNegativeProximity=false
12-26 03:25:48.152: D/DisplayPowerController(1538): requestPowerState: policy=BRIGHT, useProximitySensor=false, screenBrightness=102, screenAutoBrightnessAdjustment=0.0, brightnessSetByUser=true, useAutoBrightness=false, blockScreenOn=false, lowPowerMode=false, boostScreenBrightness=false, dozeScreenBrightness=-1, dozeScreenState=UNKNOWN, waitForNegativeProximity=false
12-26 03:25:48.652: W/ActivityManager(1538): Slow operation: 51ms so far, now at startProcess: building log message
12-26 03:25:48.652: I/ActivityManager(1538): Start proc 3076:com.tencent.mobileqq:MSF/u0a85 for broadcast com.tencent.mobileqq/.msf.core.NetConnInfoCenter
12-26 03:25:48.652: W/ActivityManager(1538): Slow operation: 51ms so far, now at startProcess: starting to update pids map
12-26 03:25:48.652: W/ActivityManager(1538): Slow operation: 51ms so far, now at startProcess: done updating pids map
12-26 03:25:48.652: W/ActivityManager(1538): Slow operation: 52ms so far, now at startProcess: done starting proc!
12-26 03:25:49.172: W/ActivityManager(1538): Slow operation: 57ms so far, now at startProcess: returned from zygote!
12-26 03:25:49.172: W/ActivityManager(1538): Slow operation: 57ms so far, now at startProcess: done updating battery stats
12-26 03:25:49.172: W/ActivityManager(1538): Slow operation: 57ms so far, now at startProcess: building log message
12-26 03:25:49.173: I/ActivityManager(1538): Start proc 3107:com.tencent.mobileqq/u0a85 for content provider com.tencent.mobileqq/com.tencent.mqq.shared_file_accessor.ContentProviderImpl
12-26 03:25:49.173: W/ActivityManager(1538): Slow operation: 57ms so far, now at startProcess: starting to update pids map
12-26 03:25:49.173: W/ActivityManager(1538): Slow operation: 57ms so far, now at startProcess: done updating pids map
12-26 03:25:49.173: W/ActivityManager(1538): Slow operation: 57ms so far, now at startProcess: done starting proc!
12-26 03:25:49.173: W/ActivityManager(1538): Slow operation: 59ms so far, now at getContentProviderImpl: after start process
12-26 03:25:49.173: W/ActivityManager(1538): Slow operation: 59ms so far, now at getContentProviderImpl: updating data structures
12-26 03:25:49.173: W/ActivityManager(1538): Slow operation: 59ms so far, now at getContentProviderImpl: done!
12-26 03:25:52.257: D/DisplayPowerController(1538): requestPowerState: policy=BRIGHT, useProximitySensor=false, screenBrightness=102, screenAutoBrightnessAdjustment=0.0, brightnessSetByUser=true, useAutoBrightness=false, blockScreenOn=false, lowPowerMode=false, boostScreenBrightness=false, dozeScreenBrightness=-1, dozeScreenState=UNKNOWN, waitForNegativeProximity=false
12-26 03:25:52.259: D/DisplayPowerController(1538): requestPowerState: policy=BRIGHT, useProximitySensor=false, screenBrightness=102, screenAutoBrightnessAdjustment=0.0, brightnessSetByUser=true, useAutoBrightness=false, blockScreenOn=false, lowPowerMode=false, boostScreenBrightness=false, dozeScreenBrightness=-1, dozeScreenState=UNKNOWN, waitForNegativeProximity=false
12-26 03:25:52.396: W/ContextImpl(2704): Calling a method in the system process without a qualified user: android.app.ContextImpl.startService:1357 android.content.ContextWrapper.startService:613 android.content.ContextWrapper.startService:613 com.qualcomm.qti.services.secureui.BootReceiver.onReceive:30 android.app.ActivityThread.handleReceiver:3041 
12-26 03:25:52.409: I/BootReceiver(1538): Copying audit failures to DropBox
12-26 03:25:52.410: I/BootReceiver(1538): Checking for fsck errors
12-26 03:25:52.437: W/ContextImpl(2209): Calling a method in the system process without a qualified user: android.app.ContextImpl.startService:1357 android.content.ContextWrapper.startService:613 android.content.ContextWrapper.startService:613 com.qualcomm.qti.tetherservice.TetherReceiver.onReceive:38 android.app.ActivityThread.handleReceiver:3041 
12-26 03:25:52.506: W/ActivityManager(1538): Slow operation: 62ms so far, now at startProcess: returned from zygote!
12-26 03:25:52.506: W/ActivityManager(1538): Slow operation: 62ms so far, now at startProcess: done updating battery stats
12-26 03:25:52.506: W/ActivityManager(1538): Slow operation: 63ms so far, now at startProcess: building log message
12-26 03:25:52.506: I/ActivityManager(1538): Start proc 3522:com.qualcomm.display/1000 for broadcast com.qualcomm.cabl/.CABLReceiver
12-26 03:25:52.506: W/ActivityManager(1538): Slow operation: 63ms so far, now at startProcess: starting to update pids map
12-26 03:25:52.506: W/ActivityManager(1538): Slow operation: 63ms so far, now at startProcess: done updating pids map
12-26 03:25:52.506: W/ActivityManager(1538): Slow operation: 64ms so far, now at startProcess: done starting proc!
12-26 03:25:52.922: W/ContextImpl(3522): Calling a method in the system process without a qualified user: android.app.ContextImpl.startService:1357 android.content.ContextWrapper.startService:613 android.content.ContextWrapper.startService:613 com.qualcomm.cabl.CABLReceiver.onReceive:33 android.app.ActivityThread.handleReceiver:3041 
12-26 03:25:53.189: W/ContextImpl(3522): Calling a method in the system process without a qualified user: android.app.ContextImpl.startService:1357 android.content.ContextWrapper.startService:613 android.content.ContextWrapper.startService:613 com.qualcomm.svi.SVIReceiver.onReceive:33 android.app.ActivityThread.handleReceiver:3041 
12-26 03:25:53.239: I/ActivityManager(1538): Start proc 3652:com.android.dialer/u0a14 for broadcast com.android.dialer/.calllog.CallLogReceiver
12-26 03:25:53.609: W/ActivityManager(1538): Slow operation: 52ms so far, now at startProcess: returned from zygote!
12-26 03:25:53.609: W/ActivityManager(1538): Slow operation: 53ms so far, now at startProcess: done updating battery stats
12-26 03:25:53.609: W/ActivityManager(1538): Slow operation: 53ms so far, now at startProcess: building log message
12-26 03:25:53.609: I/ActivityManager(1538): Start proc 3712:com.qti.diagrestoreservice/1000 for broadcast com.qti.diagrestoreservice/.Diag_Restore_OnBoot
12-26 03:25:53.609: W/ActivityManager(1538): Slow operation: 53ms so far, now at startProcess: starting to update pids map
12-26 03:25:53.609: W/ActivityManager(1538): Slow operation: 53ms so far, now at startProcess: done updating pids map
12-26 03:25:53.609: W/ActivityManager(1538): Slow operation: 54ms so far, now at startProcess: done starting proc!
12-26 03:25:53.672: W/ActivityManager(1538): Slow operation: 61ms so far, now at startProcess: returned from zygote!
12-26 03:25:53.672: W/ActivityManager(1538): Slow operation: 62ms so far, now at startProcess: done updating battery stats
12-26 03:25:53.672: W/ActivityManager(1538): Slow operation: 62ms so far, now at startProcess: building log message
12-26 03:25:53.672: I/ActivityManager(1538): Start proc 3727:android.process.acore/u0a1 for content provider com.android.providers.contacts/.CallLogProvider
12-26 03:25:53.672: W/ActivityManager(1538): Slow operation: 62ms so far, now at startProcess: starting to update pids map
12-26 03:25:53.673: W/ActivityManager(1538): Slow operation: 62ms so far, now at startProcess: done updating pids map
12-26 03:25:53.673: W/ActivityManager(1538): Slow operation: 62ms so far, now at startProcess: done starting proc!
12-26 03:25:53.673: W/ActivityManager(1538): Slow operation: 62ms so far, now at getContentProviderImpl: after start process
12-26 03:25:53.673: W/ActivityManager(1538): Slow operation: 62ms so far, now at getContentProviderImpl: updating data structures
12-26 03:25:53.673: W/ActivityManager(1538): Slow operation: 63ms so far, now at getContentProviderImpl: done!
12-26 03:25:53.839: W/ContextImpl(3712): Calling a method in the system process without a qualified user: android.app.ContextImpl.startService:1357 android.content.ContextWrapper.startService:613 android.content.ContextWrapper.startService:613 com.qti.diagrestoreservice.Diag_Restore_OnBoot.onReceive:44 android.app.ActivityThread.handleReceiver:3041 
12-26 03:25:53.895: I/ActivityManager(1538): Start proc 3774:com.qti.diagservices/1000 for broadcast com.qti.diagservices/.Diag_OnBoot
12-26 03:25:54.014: W/ContextImpl(3774): Calling a method in the system process without a qualified user: android.app.ContextImpl.startService:1357 android.content.ContextWrapper.startService:613 android.content.ContextWrapper.startService:613 com.qti.diagservices.Diag_OnBoot.onReceive:44 android.app.ActivityThread.handleReceiver:3041 
12-26 03:25:54.092: D/DisplayPowerController(1538): requestPowerState: policy=BRIGHT, useProximitySensor=false, screenBrightness=102, screenAutoBrightnessAdjustment=0.0, brightnessSetByUser=true, useAutoBrightness=false, blockScreenOn=false, lowPowerMode=false, boostScreenBrightness=false, dozeScreenBrightness=-1, dozeScreenState=UNKNOWN, waitForNegativeProximity=false
12-26 03:25:54.105: D/DisplayPowerController(1538): requestPowerState: policy=BRIGHT, useProximitySensor=false, screenBrightness=102, screenAutoBrightnessAdjustment=0.0, brightnessSetByUser=true, useAutoBrightness=false, blockScreenOn=false, lowPowerMode=false, boostScreenBrightness=false, dozeScreenBrightness=-1, dozeScreenState=UNKNOWN, waitForNegativeProximity=false
12-26 03:25:54.166: I/ActivityManager(1538): Start proc 3832:com.qualcomm.qti.qs/1000 for broadcast com.qualcomm.qti.qs/.QSBroadcastReceiver
12-26 03:25:54.214: I/ActivityManager(1538): Start proc 3851:com.android.carrierconfig/u0a3 for service com.android.carrierconfig/.DefaultCarrierConfigService
12-26 03:25:54.337: W/ContextImpl(3832): Calling a method in the system process without a qualified user: android.app.ContextImpl.startService:1357 android.content.ContextWrapper.startService:613 android.content.ContextWrapper.startService:613 com.qualcomm.qti.qs.QSBroadcastReceiver.onReceive:22 android.app.ActivityThread.handleReceiver:3041 
12-26 03:25:54.342: W/BroadcastQueue(1538): Permission Denial: receiving Intent { act=android.intent.action.BOOT_COMPLETED flg=0x9000010 (has extras) } to cn.wps.moffice_eng/com.power.PowerReceiver requires android.permission.RECEIVE_BOOT_COMPLETED due to sender null (uid 1000)
12-26 03:25:54.400: W/ActivityManager(1538): Slow operation: 55ms so far, now at startProcess: returned from zygote!
12-26 03:25:54.400: W/ActivityManager(1538): Slow operation: 56ms so far, now at startProcess: done updating battery stats
12-26 03:25:54.400: W/ActivityManager(1538): Slow operation: 56ms so far, now at startProcess: building log message
12-26 03:25:54.400: I/ActivityManager(1538): Start proc 3894:com.adups.fota/u0a52 for broadcast com.adups.fota/.MyReceiver
12-26 03:25:54.400: W/ActivityManager(1538): Slow operation: 56ms so far, now at startProcess: starting to update pids map
12-26 03:25:54.400: W/ActivityManager(1538): Slow operation: 56ms so far, now at startProcess: done updating pids map
12-26 03:25:54.400: W/ActivityManager(1538): Slow operation: 57ms so far, now at startProcess: done starting proc!
12-26 03:25:54.459: D/DisplayPowerController(1538): requestPowerState: policy=BRIGHT, useProximitySensor=false, screenBrightness=102, screenAutoBrightnessAdjustment=0.0, brightnessSetByUser=true, useAutoBrightness=false, blockScreenOn=false, lowPowerMode=false, boostScreenBrightness=false, dozeScreenBrightness=-1, dozeScreenState=UNKNOWN, waitForNegativeProximity=false
12-26 03:25:54.471: D/DisplayPowerController(1538): requestPowerState: policy=BRIGHT, useProximitySensor=false, screenBrightness=102, screenAutoBrightnessAdjustment=0.0, brightnessSetByUser=true, useAutoBrightness=false, blockScreenOn=false, lowPowerMode=false, boostScreenBrightness=false, dozeScreenBrightness=-1, dozeScreenState=UNKNOWN, waitForNegativeProximity=false
12-26 03:25:54.496: D/DisplayPowerController(1538): requestPowerState: policy=BRIGHT, useProximitySensor=false, screenBrightness=102, screenAutoBrightnessAdjustment=0.0, brightnessSetByUser=true, useAutoBrightness=false, blockScreenOn=false, lowPowerMode=false, boostScreenBrightness=false, dozeScreenBrightness=-1, dozeScreenState=UNKNOWN, waitForNegativeProximity=false
12-26 03:25:54.520: D/DisplayPowerController(1538): requestPowerState: policy=BRIGHT, useProximitySensor=false, screenBrightness=102, screenAutoBrightnessAdjustment=0.0, brightnessSetByUser=true, useAutoBrightness=false, blockScreenOn=false, lowPowerMode=false, boostScreenBrightness=false, dozeScreenBrightness=-1, dozeScreenState=UNKNOWN, waitForNegativeProximity=false
12-26 03:25:54.537: I/Telecom(1538): PhoneAccountRegistrar: SimCallManager queried, returning: null: TSI.gSCMFU@ABE
12-26 03:25:54.546: D/DisplayPowerController(1538): requestPowerState: policy=BRIGHT, useProximitySensor=false, screenBrightness=102, screenAutoBrightnessAdjustment=0.0, brightnessSetByUser=true, useAutoBrightness=false, blockScreenOn=false, lowPowerMode=false, boostScreenBrightness=false, dozeScreenBrightness=-1, dozeScreenState=UNKNOWN, waitForNegativeProximity=false
12-26 03:25:54.561: D/DisplayPowerController(1538): requestPowerState: policy=BRIGHT, useProximitySensor=false, screenBrightness=102, screenAutoBrightnessAdjustment=0.0, brightnessSetByUser=true, useAutoBrightness=false, blockScreenOn=false, lowPowerMode=false, boostScreenBrightness=false, dozeScreenBrightness=-1, dozeScreenState=UNKNOWN, waitForNegativeProximity=false
12-26 03:25:54.573: D/DisplayPowerController(1538): requestPowerState: policy=BRIGHT, useProximitySensor=false, screenBrightness=102, screenAutoBrightnessAdjustment=0.0, brightnessSetByUser=true, useAutoBrightness=false, blockScreenOn=false, lowPowerMode=false, boostScreenBrightness=false, dozeScreenBrightness=-1, dozeScreenState=UNKNOWN, waitForNegativeProximity=false
12-26 03:25:54.578: D/DisplayPowerController(1538): requestPowerState: policy=BRIGHT, useProximitySensor=false, screenBrightness=102, screenAutoBrightnessAdjustment=0.0, brightnessSetByUser=true, useAutoBrightness=false, blockScreenOn=false, lowPowerMode=false, boostScreenBrightness=false, dozeScreenBrightness=-1, dozeScreenState=UNKNOWN, waitForNegativeProximity=false
12-26 03:25:54.590: W/ContextImpl(3832): Calling a method in the system process without a qualified user: android.app.ContextImpl.sendBroadcast:877 android.content.ContextWrapper.sendBroadcast:421 com.qualcomm.qti.qs.tiles.AudioProfileTile.handleUpdateState:82 com.qualcomm.qti.qs.tiles.AudioProfileTile.<init>:37 com.qualcomm.qti.qs.QSService.createTile:60 
12-26 03:25:54.607: D/DisplayPowerController(1538): requestPowerState: policy=BRIGHT, useProximitySensor=false, screenBrightness=102, screenAutoBrightnessAdjustment=0.0, brightnessSetByUser=true, useAutoBrightness=false, blockScreenOn=false, lowPowerMode=false, boostScreenBrightness=false, dozeScreenBrightness=-1, dozeScreenState=UNKNOWN, waitForNegativeProximity=false
12-26 03:25:54.680: W/ContextImpl(3832): Calling a method in the system process without a qualified user: android.app.ContextImpl.sendBroadcast:877 android.content.ContextWrapper.sendBroadcast:421 com.qualcomm.qti.qs.tiles.ApnTile.handleUpdateState:94 com.qualcomm.qti.qs.QSService.onStartCommand:108 android.app.ActivityThread.handleServiceArgs:3327 
12-26 03:25:54.717: W/ContextImpl(3832): Calling a method in the system process without a qualified user: android.app.ContextImpl.sendBroadcast:877 android.content.ContextWrapper.sendBroadcast:421 com.qualcomm.qti.qs.tiles.DataTile.handleUpdateState:77 com.qualcomm.qti.qs.QSService.onStartCommand:108 android.app.ActivityThread.handleServiceArgs:3327 
12-26 03:25:54.765: W/ContextImpl(3832): Calling a method in the system process without a qualified user: android.app.ContextImpl.sendBroadcast:877 android.content.ContextWrapper.sendBroadcast:421 com.qualcomm.qti.qs.tiles.RoamingTile.handleUpdateState:75 com.qualcomm.qti.qs.QSService.onStartCommand:108 android.app.ActivityThread.handleServiceArgs:3327 
12-26 03:25:54.789: W/ContextImpl(3832): Calling a method in the system process without a qualified user: android.app.ContextImpl.sendBroadcast:877 android.content.ContextWrapper.sendBroadcast:421 com.qualcomm.qti.qs.tiles.AudioProfileTile.handleUpdateState:82 com.qualcomm.qti.qs.QSService.onStartCommand:108 android.app.ActivityThread.handleServiceArgs:3327 
12-26 03:25:54.892: W/ContextImpl(3832): Calling a method in the system process without a qualified user: android.app.ContextImpl.sendBroadcast:877 android.content.ContextWrapper.sendBroadcast:421 com.qualcomm.qti.qs.tiles.AudioProfileTile.handleUpdateState:82 com.qualcomm.qti.qs.tiles.AudioProfileTile$1.onReceive:30 android.app.LoadedApk$ReceiverDispatcher$Args.run:1122 
12-26 03:25:55.006: W/ActivityManager(1538): Slow operation: 51ms so far, now at startProcess: done updating battery stats
12-26 03:25:55.006: W/ActivityManager(1538): Slow operation: 51ms so far, now at startProcess: building log message
12-26 03:25:55.006: I/ActivityManager(1538): Start proc 3964:com.android.calendar/u0a39 for broadcast com.android.calendar/.alerts.AlertReceiver
12-26 03:25:55.006: W/ActivityManager(1538): Slow operation: 51ms so far, now at startProcess: starting to update pids map
12-26 03:25:55.006: W/ActivityManager(1538): Slow operation: 51ms so far, now at startProcess: done updating pids map
12-26 03:25:55.006: W/ActivityManager(1538): Slow operation: 52ms so far, now at startProcess: done starting proc!
12-26 03:25:55.019: V/ActivityManager(1538): Attempted to start a foreground service (ComponentInfo{com.adups.fota/com.library.analytics.AnalyticsService}) with a broken notification (no icon: Notification(pri=0 contentView=null vibrate=null sound=null defaults=0x0 flags=0x40 color=0x00000000 vis=PRIVATE))
12-26 03:25:55.040: D/ContainerService(1538): onNotificationPosted: StatusBarNotification(pkg=com.adups.fota user=UserHandle{0} id=1 tag=null key=0|com.adups.fota|1|null|10052: Notification(pri=-2 contentView=null vibrate=null sound=null defaults=0x0 flags=0x62 color=0xff607d8b vis=PRIVATE))
12-26 03:25:55.286: D/DisplayPowerController(1538): requestPowerState: policy=BRIGHT, useProximitySensor=false, screenBrightness=102, screenAutoBrightnessAdjustment=0.0, brightnessSetByUser=true, useAutoBrightness=false, blockScreenOn=false, lowPowerMode=false, boostScreenBrightness=false, dozeScreenBrightness=-1, dozeScreenState=UNKNOWN, waitForNegativeProximity=false
12-26 03:25:55.300: D/DisplayPowerController(1538): requestPowerState: policy=BRIGHT, useProximitySensor=false, screenBrightness=102, screenAutoBrightnessAdjustment=0.0, brightnessSetByUser=true, useAutoBrightness=false, blockScreenOn=false, lowPowerMode=false, boostScreenBrightness=false, dozeScreenBrightness=-1, dozeScreenState=UNKNOWN, waitForNegativeProximity=false
12-26 03:25:55.417: I/ActivityManager(1538): Start proc 4033:com.android.providers.calendar/u0a2 for content provider com.android.providers.calendar/.CalendarProvider2
12-26 03:25:55.422: D/DisplayPowerController(1538): requestPowerState: policy=BRIGHT, useProximitySensor=false, screenBrightness=102, screenAutoBrightnessAdjustment=0.0, brightnessSetByUser=true, useAutoBrightness=false, blockScreenOn=false, lowPowerMode=false, boostScreenBrightness=false, dozeScreenBrightness=-1, dozeScreenState=UNKNOWN, waitForNegativeProximity=false
12-26 03:25:55.461: I/ActivityManager(1538): Start proc 4047:com.android.email/u0a49 for broadcast com.android.email/.service.EmailBroadcastReceiver
12-26 03:25:55.807: I/ActivityManager(1538): Start proc 4077:com.android.exchange/u0a47 for service com.android.exchange/.service.EasService
12-26 03:25:55.816: D/DisplayPowerController(1538): requestPowerState: policy=BRIGHT, useProximitySensor=false, screenBrightness=102, screenAutoBrightnessAdjustment=0.0, brightnessSetByUser=true, useAutoBrightness=false, blockScreenOn=false, lowPowerMode=false, boostScreenBrightness=false, dozeScreenBrightness=-1, dozeScreenState=UNKNOWN, waitForNegativeProximity=false
12-26 03:25:55.861: D/ActivityThread(4047): Loading provider com.android.email.provider;com.android.email.notifier: com.android.email.provider.EmailProvider
12-26 03:25:55.861: D/ActivityThread(4047): Loading provider com.android.email.provider;com.android.email.notifier: com.android.email.provider.EmailProvider
12-26 03:25:55.914: D/DisplayPowerController(1538): requestPowerState: policy=BRIGHT, useProximitySensor=false, screenBrightness=102, screenAutoBrightnessAdjustment=0.0, brightnessSetByUser=true, useAutoBrightness=false, blockScreenOn=false, lowPowerMode=false, boostScreenBrightness=false, dozeScreenBrightness=-1, dozeScreenState=UNKNOWN, waitForNegativeProximity=false
12-26 03:25:56.035: W/ActivityManager(1538): Unable to start service Intent { cmp=com.android.email/.service.AttachmentService } U=0: not found
12-26 03:25:56.044: W/ActivityManager(1538): Unable to start service Intent { cmp=com.android.email/.service.AttachmentService } U=0: not found
12-26 03:25:56.076: W/ActivityManager(1538): Unable to start service Intent { cmp=com.android.email/.service.AttachmentService } U=0: not found
12-26 03:25:56.155: I/ActivityManager(1538): Process com.android.inputmethod.latin (pid 1987) has died
12-26 03:25:56.155: D/ActivityManager(1538): cleanUpApplicationRecord -- 1987
12-26 03:25:56.225: W/ActivityManager(1538): Slow operation: 63ms so far, now at startProcess: returned from zygote!
12-26 03:25:56.225: W/ActivityManager(1538): Slow operation: 63ms so far, now at startProcess: done updating battery stats
12-26 03:25:56.226: W/ActivityManager(1538): Slow operation: 63ms so far, now at startProcess: building log message
12-26 03:25:56.226: I/ActivityManager(1538): Start proc 4114:com.android.managedprovisioning/u0a15 for broadcast com.android.managedprovisioning/.BootReminder
12-26 03:25:56.226: W/ActivityManager(1538): Slow operation: 63ms so far, now at startProcess: starting to update pids map
12-26 03:25:56.226: W/ActivityManager(1538): Slow operation: 64ms so far, now at startProcess: done updating pids map
12-26 03:25:56.226: W/ActivityManager(1538): Slow operation: 64ms so far, now at startProcess: done starting proc!
12-26 03:25:56.424: E/ActivityThread(4047): Service com.android.email.service.EmailBroadcastProcessorService has leaked ServiceConnection com.android.emailcommon.service.ServiceProxy$ProxyConnection@221dabd that was originally bound here
12-26 03:25:56.424: E/ActivityThread(4047): android.app.ServiceConnectionLeaked: Service com.android.email.service.EmailBroadcastProcessorService has leaked ServiceConnection com.android.emailcommon.service.ServiceProxy$ProxyConnection@221dabd that was originally bound here
12-26 03:25:56.424: E/ActivityThread(4047): 	at android.app.LoadedApk$ServiceDispatcher.<init>(LoadedApk.java:1336)
12-26 03:25:56.424: E/ActivityThread(4047): 	at android.app.LoadedApk.getServiceDispatcher(LoadedApk.java:1231)
12-26 03:25:56.424: E/ActivityThread(4047): 	at android.app.ContextImpl.bindServiceCommon(ContextImpl.java:1450)
12-26 03:25:56.424: E/ActivityThread(4047): 	at android.app.ContextImpl.bindService(ContextImpl.java:1422)
12-26 03:25:56.424: E/ActivityThread(4047): 	at android.content.ContextWrapper.bindService(ContextWrapper.java:636)
12-26 03:25:56.424: E/ActivityThread(4047): 	at com.android.emailcommon.service.ServiceProxy.setTask(ServiceProxy.java:233)
12-26 03:25:56.424: E/ActivityThread(4047): 	at com.android.emailcommon.service.ServiceProxy.test(ServiceProxy.java:276)
12-26 03:25:56.424: E/ActivityThread(4047): 	at com.android.email.service.EmailServiceUtils.isServiceAvailable(EmailServiceUtils.java:160)
12-26 03:25:56.424: E/ActivityThread(4047): 	at com.android.email.provider.AccountReconciler.reconcileAccountsInternal(AccountReconciler.java:171)
12-26 03:25:56.424: E/ActivityThread(4047): 	at com.android.email.provider.AccountReconciler.reconcileAccounts(AccountReconciler.java:115)
12-26 03:25:56.424: E/ActivityThread(4047): 	at com.android.email.service.EmailBroadcastProcessorService.reconcileAndStartServices(EmailBroadcastProcessorService.java:305)
12-26 03:25:56.424: E/ActivityThread(4047): 	at com.android.email.service.EmailBroadcastProcessorService.onBootCompleted(EmailBroadcastProcessorService.java:295)
12-26 03:25:56.424: E/ActivityThread(4047): 	at com.android.email.service.EmailBroadcastProcessorService.onHandleIntent(EmailBroadcastProcessorService.java:130)
12-26 03:25:56.424: E/ActivityThread(4047): 	at android.app.IntentService$ServiceHandler.handleMessage(IntentService.java:68)
12-26 03:25:56.424: E/ActivityThread(4047): 	at android.os.Handler.dispatchMessage(Handler.java:102)
12-26 03:25:56.424: E/ActivityThread(4047): 	at android.os.Looper.loop(Looper.java:154)
12-26 03:25:56.424: E/ActivityThread(4047): 	at android.os.HandlerThread.run(HandlerThread.java:61)
12-26 03:25:56.515: I/ActivityManager(1538): Start proc 4146:com.android.mms/u0a18 for broadcast com.android.mms/.transaction.MmsSystemEventReceiver
12-26 03:25:56.655: D/DisplayPowerController(1538): requestPowerState: policy=BRIGHT, useProximitySensor=false, screenBrightness=102, screenAutoBrightnessAdjustment=0.0, brightnessSetByUser=true, useAutoBrightness=false, blockScreenOn=false, lowPowerMode=false, boostScreenBrightness=false, dozeScreenBrightness=-1, dozeScreenState=UNKNOWN, waitForNegativeProximity=false
12-26 03:25:56.835: D/CountryDetector(1538): The first listener is added
12-26 03:25:56.964: W/ActivityManager(1538): Unable to start service Intent { cmp=com.suntek.mway.rcs.app.service/.impl.ServiceApiBinder } U=0: not found
12-26 03:25:56.968: W/ActivityManager(1538): Unable to start service Intent { cmp=com.suntek.mway.rcs.app.service/.impl.plugin.PluginApiBinder } U=0: not found
12-26 03:25:57.114: D/DisplayPowerController(1538): requestPowerState: policy=BRIGHT, useProximitySensor=false, screenBrightness=102, screenAutoBrightnessAdjustment=0.0, brightnessSetByUser=true, useAutoBrightness=false, blockScreenOn=false, lowPowerMode=false, boostScreenBrightness=false, dozeScreenBrightness=-1, dozeScreenState=UNKNOWN, waitForNegativeProximity=false
12-26 03:25:57.178: W/ActivityManager(1538): Slow operation: 51ms so far, now at startProcess: returned from zygote!
12-26 03:25:57.178: W/ActivityManager(1538): Slow operation: 51ms so far, now at startProcess: done updating battery stats
12-26 03:25:57.178: W/ActivityManager(1538): Slow operation: 51ms so far, now at startProcess: building log message
12-26 03:25:57.178: I/ActivityManager(1538): Start proc 4211:com.android.onetimeinitializer/u0a17 for broadcast com.android.onetimeinitializer/.OneTimeInitializerReceiver
12-26 03:25:57.178: W/ActivityManager(1538): Slow operation: 51ms so far, now at startProcess: starting to update pids map
12-26 03:25:57.178: W/ActivityManager(1538): Slow operation: 51ms so far, now at startProcess: done updating pids map
12-26 03:25:57.179: W/ActivityManager(1538): Slow operation: 51ms so far, now at startProcess: done starting proc!
12-26 03:25:57.453: I/BroadcastQueue(1538): Delay finish: com.android.onetimeinitializer/.OneTimeInitializerReceiver
12-26 03:25:57.486: I/BroadcastQueue(1538): Resuming delayed broadcast
12-26 03:25:57.686: D/DisplayPowerController(1538): requestPowerState: policy=BRIGHT, useProximitySensor=false, screenBrightness=102, screenAutoBrightnessAdjustment=0.0, brightnessSetByUser=true, useAutoBrightness=false, blockScreenOn=false, lowPowerMode=false, boostScreenBrightness=false, dozeScreenBrightness=-1, dozeScreenState=UNKNOWN, waitForNegativeProximity=false
12-26 03:25:57.717: D/DisplayPowerController(1538): requestPowerState: policy=BRIGHT, useProximitySensor=false, screenBrightness=102, screenAutoBrightnessAdjustment=0.0, brightnessSetByUser=true, useAutoBrightness=false, blockScreenOn=false, lowPowerMode=false, boostScreenBrightness=false, dozeScreenBrightness=-1, dozeScreenState=UNKNOWN, waitForNegativeProximity=false
12-26 03:25:57.746: D/DisplayPowerController(1538): requestPowerState: policy=BRIGHT, useProximitySensor=false, screenBrightness=102, screenAutoBrightnessAdjustment=0.0, brightnessSetByUser=true, useAutoBrightness=false, blockScreenOn=false, lowPowerMode=false, boostScreenBrightness=false, dozeScreenBrightness=-1, dozeScreenState=UNKNOWN, waitForNegativeProximity=false
12-26 03:25:57.930: D/DisplayPowerController(1538): requestPowerState: policy=BRIGHT, useProximitySensor=false, screenBrightness=102, screenAutoBrightnessAdjustment=0.0, brightnessSetByUser=true, useAutoBrightness=false, blockScreenOn=false, lowPowerMode=false, boostScreenBrightness=false, dozeScreenBrightness=-1, dozeScreenState=UNKNOWN, waitForNegativeProximity=false
12-26 03:25:57.977: W/ContextImpl(1538): Calling a method in the system process without a qualified user: android.app.ContextImpl.startService:1357 android.content.ContextWrapper.startService:613 android.content.ContextWrapper.startService:613 com.dsi.ant.server.AntService.startService:129 com.dsi.ant.server.startup.BootCompletedReceiver.onReceive:41 
12-26 03:25:58.027: I/ActivityManager(1538): Start proc 4269:com.hipad.bgsettings/1000 for broadcast com.hipad.bgsettings/.BgSettingsBroadcastReceiver
12-26 03:25:58.099: D/ContainerService(1538): onNotificationRemoved: StatusBarNotification(pkg=com.adups.fota user=UserHandle{0} id=1 tag=null key=0|com.adups.fota|1|null|10052: Notification(pri=-2 contentView=null vibrate=null sound=null defaults=0x0 flags=0x62 color=0xff607d8b vis=PRIVATE))
12-26 03:25:58.189: I/ActivityManager(1538): Killing 2345:com.android.cellbroadcastreceiver/u0a6 (adj 906): empty #17
12-26 03:25:58.256: D/ActivityManager(1538): cleanUpApplicationRecord -- 2345
12-26 03:25:58.263: W/ContextImpl(2209): Calling a method in the system process without a qualified user: android.app.ContextImpl.startService:1357 android.content.ContextWrapper.startService:613 android.content.ContextWrapper.startService:613 com.qti.dpmserviceapp.DpmServiceAppReceiver.onReceive:33 android.app.ActivityThread.handleReceiver:3041 
12-26 03:25:58.277: W/ContextImpl(2626): Calling a method in the system process without a qualified user: android.app.ContextImpl.startService:1357 android.content.ContextWrapper.startService:613 android.content.ContextWrapper.startService:613 com.qti.launcherunreadservice.BootCompletReceiver.onReceive:41 android.app.ActivityThread.handleReceiver:3041 
12-26 03:25:58.435: W/ContextImpl(2626): Calling a method in the system process without a qualified user: android.app.ContextImpl.sendBroadcast:877 android.content.ContextWrapper.sendBroadcast:421 com.qti.launcherunreadservice.LauncherUnreadService.sendUnreadChangedBroadcast:310 com.qti.launcherunreadservice.LauncherUnreadService.onStartCommand:167 android.app.ActivityThread.handleServiceArgs:3327 
12-26 03:25:58.517: I/ActivityManager(1538): Start proc 4309:com.qualcomm.telephony/1000 for broadcast com.qualcomm.atfwd/.AtFwdAutoboot
12-26 03:25:58.535: D/DisplayPowerController(1538): requestPowerState: policy=BRIGHT, useProximitySensor=false, screenBrightness=102, screenAutoBrightnessAdjustment=0.0, brightnessSetByUser=true, useAutoBrightness=false, blockScreenOn=false, lowPowerMode=false, boostScreenBrightness=false, dozeScreenBrightness=-1, dozeScreenState=UNKNOWN, waitForNegativeProximity=false
12-26 03:25:58.540: D/DisplayPowerController(1538): requestPowerState: policy=BRIGHT, useProximitySensor=false, screenBrightness=102, screenAutoBrightnessAdjustment=0.0, brightnessSetByUser=true, useAutoBrightness=false, blockScreenOn=false, lowPowerMode=false, boostScreenBrightness=false, dozeScreenBrightness=-1, dozeScreenState=UNKNOWN, waitForNegativeProximity=false
12-26 03:25:58.556: W/ContextImpl(2626): Calling a method in the system process without a qualified user: android.app.ContextImpl.sendBroadcast:877 android.content.ContextWrapper.sendBroadcast:421 com.qti.launcherunreadservice.LauncherUnreadService.sendUnreadChangedBroadcast:310 com.qti.launcherunreadservice.LauncherUnreadService.onStartCommand:168 android.app.ActivityThread.handleServiceArgs:3327 
