?:??: W/?(?): --------- beginning of system
12-25 23:00:27.458: I/vold(444): Vold 3.0 (the awakening) firing up
12-25 23:00:27.459: V/vold(444): Detected support for: ext4 vfat
12-25 23:00:27.531: D/vold(444): e4crypt_init_user0
12-25 23:00:27.531: D/vold(444): e4crypt_prepare_user_storage for volume null, user 0, serial 0, flags 1
12-25 23:00:27.531: D/vold(444): Preparing: /data/system/users/0
12-25 23:00:27.531: D/vold(444): Preparing: /data/misc/profiles/cur/0
12-25 23:00:27.532: D/vold(444): Preparing: /data/misc/profiles/cur/0/foreign-dex
12-25 23:00:27.532: D/vold(444): Preparing: /data/system_de/0
12-25 23:00:27.532: D/vold(444): Preparing: /data/misc_de/0
12-25 23:00:27.532: D/vold(444): Preparing: /data/user_de/0
12-25 23:00:27.533: D/vold(444): e4crypt_unlock_user_key 0 serial=0 token_present=0
12-25 23:00:27.533: E/vold(444): Failed to chmod /data/system_ce/0: No such file or directory
12-25 23:00:27.533: E/vold(444): Failed to chmod /data/misc_ce/0: No such file or directory
12-25 23:00:27.533: E/vold(444): Failed to chmod /data/media/0: No such file or directory
12-25 23:00:29.643: I/irsc_util(546): Starting irsc tool
12-25 23:00:29.659: I/irsc_util(546): Num of entries:290
12-25 23:00:29.667: I/irsc_util(546): Ending irsc tool
12-25 23:00:29.895: I/QISL(591): QSEE Interrupt Service Listener Thread is started
12-25 23:00:29.898: I/QISL(591): QSEE Interrupt Service Listener was activated successfully
12-25 23:00:29.925: D/VoldCryptCmdListener(444): cryptfs mountdefaultencrypted
12-25 23:00:29.943: I/Cryptfs(444): cryptfs_check_passwd
12-25 23:00:29.960: D/(444): HW based disk encryption is enabled 
12-25 23:00:29.962: D/Cryptfs(444): crypt_ftr->fs_size = 46128047
12-25 23:00:29.963: D/(444): HW based disk encryption is enabled 
12-25 23:00:29.991: I/Cryptfs(444): Using scrypt with keymaster for cryptfs KDF
12-25 23:00:31.087: I/Cryptfs(444): keymaster module name is Keymaster QTI HAL
12-25 23:00:31.087: I/Cryptfs(444): keymaster version is 256
12-25 23:00:31.087: I/Cryptfs(444): Found keymaster1 module, using keymaster1 API.
12-25 23:00:31.096: I/Cryptfs(444): Signing safely-padded object
12-25 23:00:32.259: D/(444): HW based disk encryption is enabled 
12-25 23:00:32.260: D/(444): Success loading QSEECom_create_key 
12-25 23:00:32.260: D/(444): Success loading QSEECom_update_key_user_info
12-25 23:00:32.260: D/(444): Success loading QSEECom_wipe_key 
12-25 23:00:32.260: E/(444): get_tmp_passwd: Passed argument is NULL 
12-25 23:00:32.630: I/Cryptfs(444): Ascii password was updated
12-25 23:00:32.641: D/(444): HW based disk encryption is enabled 
12-25 23:00:32.641: D/(444): HW based disk encryption is enabled 
12-25 23:00:32.641: I/Cryptfs(444): target_type = req-crypt
12-25 23:00:32.641: I/Cryptfs(444): real_blk_name = /dev/block/bootdevice/by-name/userdata, extra_params = fde_enabled ice
12-25 23:00:32.653: D/vold(444): Disk at 253:1 changed
12-25 23:00:32.656: D/Cryptfs(444): Password is default - restarting filesystem
12-25 23:00:32.662: D/Cryptfs(444): unmounting /data succeeded
12-25 23:00:32.926: D/Cryptfs(444): Just triggered post_fs_data
12-25 23:00:33.058: D/vold(444): e4crypt_init_user0
12-25 23:00:33.058: D/vold(444): e4crypt_prepare_user_storage for volume null, user 0, serial 0, flags 1
12-25 23:00:33.058: D/vold(444): Preparing: /data/system/users/0
12-25 23:00:33.059: D/vold(444): Preparing: /data/misc/profiles/cur/0
12-25 23:00:33.060: D/vold(444): Preparing: /data/misc/profiles/cur/0/foreign-dex
12-25 23:00:33.061: D/vold(444): Preparing: /data/system_de/0
12-25 23:00:33.061: D/vold(444): Preparing: /data/misc_de/0
12-25 23:00:33.062: D/vold(444): Preparing: /data/user_de/0
12-25 23:00:33.063: D/vold(444): e4crypt_unlock_user_key 0 serial=0 token_present=0
12-25 23:00:33.981: D/Cryptfs(444): post_fs_data done
12-25 23:00:33.982: D/Cryptfs(444): Just triggered restart_framework
12-25 23:01:24.801: I/chatty(1826): uid=1000 system_server expire 22 lines
12-25 23:01:39.425: I/chatty(1826): uid=1000(system) ActivityManager expire 1 line
12-25 23:01:39.426: I/chatty(1826): uid=1000(system) android.ui expire 1 line
12-25 23:01:39.810: I/chatty(1826): uid=1000(system) android.display expire 7 lines
12-25 23:01:39.820: I/chatty(1826): uid=1000(system) PowerManagerSer expire 1 line
12-25 23:01:55.533: I/chatty(1826): uid=1000(system) packagescan-1 expire 34 lines
12-25 23:01:55.732: I/chatty(1826): uid=1000(system) packagescan-2 expire 33 lines
12-25 23:01:55.735: I/chatty(1826): uid=1000(system) packagescan-6 expire 27 lines
12-25 23:01:55.735: I/chatty(1826): uid=1000(system) packagescan-4 expire 26 lines
12-25 23:01:55.742: I/chatty(1826): uid=1000(system) packagescan-5 expire 26 lines
12-25 23:01:55.745: I/chatty(1826): uid=1000(system) packagescan-3 expire 38 lines
12-25 23:01:57.308: I/chatty(1826): uid=1000(system) packagescan-5 expire 14 lines
12-25 23:01:57.308: I/chatty(1826): uid=1000(system) packagescan-4 expire 12 lines
12-25 23:01:57.315: I/chatty(1826): uid=1000(system) packagescan-2 expire 10 lines
12-25 23:01:57.339: I/chatty(1826): uid=1000(system) packagescan-1 expire 24 lines
12-25 23:01:57.363: I/chatty(1826): uid=1000(system) packagescan-6 expire 7 lines
12-25 23:02:02.594: I/chatty(1826): uid=1000 system_server expire 341 lines
12-25 23:02:29.424: I/chatty(1826): uid=1000(system) Binder:1826_1 expire 2 lines
12-25 23:02:29.540: I/chatty(1826): uid=1000(system) CameraService_p expire 1 line
12-25 23:02:29.817: I/chatty(1826): uid=1000(system) android.display expire 1 line
12-25 23:02:29.930: I/chatty(1826): uid=1000(system) android.bg expire 2 lines
12-25 23:02:29.944: I/chatty(1826): uid=1000(system) MountService expire 116 lines
12-25 23:02:29.948: I/chatty(1826): uid=1000(system) CryptdConnector expire 1 line
12-25 23:02:29.956: I/chatty(1826): uid=1000(system) VoldConnector expire 2 lines
12-25 23:02:29.995: I/chatty(1826): uid=1000(system) MountService expire 86 lines
12-25 23:02:30.145: I/chatty(1826): uid=1000(system) InputDispatcher expire 1 line
12-25 23:03:20.841: I/chatty(1826): uid=1000 system_server expire 72 lines
12-25 23:04:06.185: I/chatty(1826): uid=1000(system) NetdConnector expire 1 line
12-25 23:04:06.905: I/chatty(1826): uid=1000(system) Binder:1826_2 expire 2 lines
12-25 23:04:06.914: I/chatty(1826): uid=1000(system) batterystats-sy expire 6 lines
12-25 23:04:06.923: I/chatty(1826): uid=1000 system_server expire 115 lines
12-25 23:04:07.532: I/chatty(1826): uid=1000(system) ConnectivitySer expire 1 line
12-25 23:04:07.536: I/chatty(1826): uid=1000(system) Binder:1826_1 expire 2 lines
12-25 23:04:07.649: I/chatty(1826): uid=1000(system) PowerManagerSer expire 12 lines
12-25 23:04:07.650: I/chatty(1826): uid=1000(system) PhotonicModulat expire 1 line
12-25 23:04:08.054: I/chatty(1826): uid=1000(system) MountService expire 7 lines
12-25 23:04:08.056: D/vold(444): e4crypt_unlock_user_key 0 serial=0 token_present=0
12-25 23:04:08.062: I/chatty(1826): uid=1000(system) CryptdConnector expire 1 line
12-25 23:04:08.064: I/chatty(1826): uid=1000(system) VoldConnector expire 9 lines
12-25 23:04:08.067: I/chatty(1826): uid=1000(system) android.fg expire 1 line
12-25 23:04:08.104: I/chatty(1826): uid=1000(system) ActivityManager expire 5 lines
12-25 23:04:08.106: V/vold(444): Waiting for FUSE to spin up...
12-25 23:04:08.113: I/chatty(1826): uid=1000 system_server expire 89 lines
12-25 23:04:08.149: I/chatty(1826): uid=1000(system) batterystats-sy expire 3 lines
12-25 23:04:08.157: V/vold(444): Waiting for FUSE to spin up...
12-25 23:04:08.208: I/chatty(1826): uid=1000(system) VoldConnector expire 2 lines
12-25 23:04:08.539: E/ActivityThread(3238): Failed to find provider info for user_dictionary
12-25 23:04:08.650: I/chatty(1826): uid=1000(system) android.ui expire 1 line
12-25 23:04:09.050: I/chatty(1826): uid=1000(system) Binder:1826_4 expire 2 lines
12-25 23:04:09.232: I/chatty(1826): uid=1000(system) NetworkStats expire 2 lines
12-25 23:04:09.337: I/chatty(1826): uid=1000(system) NetworkTimeUpda expire 2 lines
12-25 23:04:09.342: I/chatty(1826): uid=1000(system) android.bg expire 4 lines
12-25 23:04:09.439: I/chatty(1826): uid=1000(system) FLP Service Cal expire 1 line
12-25 23:04:09.518: I/chatty(1826): uid=1000(system) Binder:1826_2 expire 4 lines
12-25 23:04:09.567: I/chatty(1826): uid=1000(system) PowerManagerSer expire 1 line
12-25 23:04:09.653: W/ContextImpl(3458): Calling a method in the system process without a qualified user: android.app.ContextImpl.sendBroadcast:877 android.content.ContextWrapper.sendBroadcast:421 com.quicinc.cne.CNEService.CNEServiceApp.broadcastCNEStarted:103 com.quicinc.cne.CNEService.CNEServiceApp.startCne:123 com.quicinc.cne.CNEService.CNEServiceApp.onCreate:94 
12-25 23:04:09.982: I/chatty(1826): uid=1000(system) Binder:1826_3 expire 3 lines
12-25 23:04:10.081: I/chatty(1826): uid=1000(system) android.display expire 2 lines
12-25 23:04:10.102: I/chatty(1826): uid=1000(system) Binder:1826_5 expire 2 lines
12-25 23:04:10.135: I/chatty(1826): uid=1000(system) Binder:1826_1 expire 8 lines
12-25 23:04:10.301: I/StatusBar(3252): isKeyguardShowing() called before startKeyguard(), returning true
12-25 23:04:10.303: W/StatusBar(3252): isKeyguardSecure() called before startKeyguard(), returning false
12-25 23:04:10.303: W/StatusBar(3252): java.lang.Throwable
12-25 23:04:10.303: W/StatusBar(3252): 	at com.android.systemui.statusbar.BaseStatusBar.isKeyguardSecure(BaseStatusBar.java:2807)
12-25 23:04:10.303: W/StatusBar(3252): 	at com.android.systemui.statusbar.BaseStatusBar.isCameraAllowedByAdmin(BaseStatusBar.java:2830)
12-25 23:04:10.303: W/StatusBar(3252): 	at com.android.systemui.statusbar.phone.KeyguardBottomAreaView.updateCameraVisibility(KeyguardBottomAreaView.java:315)
12-25 23:04:10.303: W/StatusBar(3252): 	at com.android.systemui.statusbar.phone.KeyguardBottomAreaView.setPhoneStatusBar(KeyguardBottomAreaView.java:278)
12-25 23:04:10.303: W/StatusBar(3252): 	at com.android.systemui.statusbar.phone.PhoneStatusBar.makeStatusBarView(PhoneStatusBar.java:1058)
12-25 23:04:10.303: W/StatusBar(3252): 	at com.android.systemui.statusbar.phone.PhoneStatusBar.addStatusBarWindow(PhoneStatusBar.java:3667)
12-25 23:04:10.303: W/StatusBar(3252): 	at com.android.systemui.statusbar.phone.PhoneStatusBar.createAndAddWindows(PhoneStatusBar.java:3663)
12-25 23:04:10.303: W/StatusBar(3252): 	at com.android.systemui.statusbar.BaseStatusBar.start(BaseStatusBar.java:849)
12-25 23:04:10.303: W/StatusBar(3252): 	at com.android.systemui.statusbar.phone.PhoneStatusBar.start(PhoneStatusBar.java:713)
12-25 23:04:10.303: W/StatusBar(3252): 	at com.android.systemui.statusbar.SystemBars.createStatusBarFromConfig(SystemBars.java:106)
12-25 23:04:10.303: W/StatusBar(3252): 	at com.android.systemui.statusbar.SystemBars.onNoService(SystemBars.java:58)
12-25 23:04:10.303: W/StatusBar(3252): 	at com.android.systemui.statusbar.ServiceMonitor.startService(ServiceMonitor.java:230)
12-25 23:04:10.303: W/StatusBar(3252): 	at com.android.systemui.statusbar.ServiceMonitor.-wrap5(ServiceMonitor.java)
12-25 23:04:10.303: W/StatusBar(3252): 	at com.android.systemui.statusbar.ServiceMonitor$1.handleMessage(ServiceMonitor.java:73)
12-25 23:04:10.303: W/StatusBar(3252): 	at android.os.Handler.dispatchMessage(Handler.java:102)
12-25 23:04:10.303: W/StatusBar(3252): 	at android.os.Looper.loop(Looper.java:154)
12-25 23:04:10.303: W/StatusBar(3252): 	at android.app.ActivityThread.main(ActivityThread.java:6121)
12-25 23:04:10.303: W/StatusBar(3252): 	at java.lang.reflect.Method.invoke(Native Method)
12-25 23:04:10.303: W/StatusBar(3252): 	at com.android.internal.os.ZygoteInit$MethodAndArgsCaller.run(ZygoteInit.java:889)
12-25 23:04:10.303: W/StatusBar(3252): 	at com.android.internal.os.ZygoteInit.main(ZygoteInit.java:779)
12-25 23:04:10.317: I/StatusBar(3252): isKeyguardShowing() called before startKeyguard(), returning true
12-25 23:04:10.318: W/StatusBar(3252): isKeyguardSecure() called before startKeyguard(), returning false
12-25 23:04:10.318: W/StatusBar(3252): java.lang.Throwable
12-25 23:04:10.318: W/StatusBar(3252): 	at com.android.systemui.statusbar.BaseStatusBar.isKeyguardSecure(BaseStatusBar.java:2807)
12-25 23:04:10.318: W/StatusBar(3252): 	at com.android.systemui.statusbar.BaseStatusBar.isCameraAllowedByAdmin(BaseStatusBar.java:2830)
12-25 23:04:10.318: W/StatusBar(3252): 	at com.android.systemui.statusbar.phone.KeyguardBottomAreaView.updateCameraVisibility(KeyguardBottomAreaView.java:315)
12-25 23:04:10.318: W/StatusBar(3252): 	at com.android.systemui.statusbar.phone.KeyguardBottomAreaView.setUserSetupComplete(KeyguardBottomAreaView.java:287)
12-25 23:04:10.318: W/StatusBar(3252): 	at com.android.systemui.statusbar.phone.PhoneStatusBar.makeStatusBarView(PhoneStatusBar.java:1059)
12-25 23:04:10.318: W/StatusBar(3252): 	at com.android.systemui.statusbar.phone.PhoneStatusBar.addStatusBarWindow(PhoneStatusBar.java:3667)
12-25 23:04:10.318: W/StatusBar(3252): 	at com.android.systemui.statusbar.phone.PhoneStatusBar.createAndAddWindows(PhoneStatusBar.java:3663)
12-25 23:04:10.318: W/StatusBar(3252): 	at com.android.systemui.statusbar.BaseStatusBar.start(BaseStatusBar.java:849)
12-25 23:04:10.318: W/StatusBar(3252): 	at com.android.systemui.statusbar.phone.PhoneStatusBar.start(PhoneStatusBar.java:713)
12-25 23:04:10.318: W/StatusBar(3252): 	at com.android.systemui.statusbar.SystemBars.createStatusBarFromConfig(SystemBars.java:106)
12-25 23:04:10.318: W/StatusBar(3252): 	at com.android.systemui.statusbar.SystemBars.onNoService(SystemBars.java:58)
12-25 23:04:10.318: W/StatusBar(3252): 	at com.android.systemui.statusbar.ServiceMonitor.startService(ServiceMonitor.java:230)
12-25 23:04:10.318: W/StatusBar(3252): 	at com.android.systemui.statusbar.ServiceMonitor.-wrap5(ServiceMonitor.java)
12-25 23:04:10.318: W/StatusBar(3252): 	at com.android.systemui.statusbar.ServiceMonitor$1.handleMessage(ServiceMonitor.java:73)
12-25 23:04:10.318: W/StatusBar(3252): 	at android.os.Handler.dispatchMessage(Handler.java:102)
12-25 23:04:10.318: W/StatusBar(3252): 	at android.os.Looper.loop(Looper.java:154)
12-25 23:04:10.318: W/StatusBar(3252): 	at android.app.ActivityThread.main(ActivityThread.java:6121)
12-25 23:04:10.318: W/StatusBar(3252): 	at java.lang.reflect.Method.invoke(Native Method)
12-25 23:04:10.318: W/StatusBar(3252): 	at com.android.internal.os.ZygoteInit$MethodAndArgsCaller.run(ZygoteInit.java:889)
12-25 23:04:10.318: W/StatusBar(3252): 	at com.android.internal.os.ZygoteInit.main(ZygoteInit.java:779)
12-25 23:04:10.347: I/chatty(1826): uid=1000(system) Binder:1826_6 expire 4 lines
12-25 23:04:10.349: I/chatty(1826): uid=1000(system) uteStateMachine expire 1 line
12-25 23:04:10.377: I/chatty(1826): uid=1000(system) CallAudioModeSt expire 1 line
12-25 23:04:10.398: I/chatty(1826): uid=1000(system) AsyncQueryWorke expire 1 line
12-25 23:04:10.630: W/SystemConfig(3495): No directory /system/etc/sysconfig, skipping
12-25 23:04:10.774: I/chatty(1826): uid=1000(system) ConnectivitySer expire 2 lines
12-25 23:04:10.797: E/ActivityThread(3252): Failed to find provider info for com.android.contacts
12-25 23:04:10.840: I/StatusBar(3252): isKeyguardShowing() called before startKeyguard(), returning true
12-25 23:04:10.841: W/StatusBar(3252): isKeyguardSecure() called before startKeyguard(), returning false
12-25 23:04:10.841: W/StatusBar(3252): java.lang.Throwable
12-25 23:04:10.841: W/StatusBar(3252): 	at com.android.systemui.statusbar.BaseStatusBar.isKeyguardSecure(BaseStatusBar.java:2807)
12-25 23:04:10.841: W/StatusBar(3252): 	at com.android.systemui.statusbar.BaseStatusBar.isCameraAllowedByAdmin(BaseStatusBar.java:2830)
12-25 23:04:10.841: W/StatusBar(3252): 	at com.android.systemui.statusbar.phone.KeyguardBottomAreaView.updateCameraVisibility(KeyguardBottomAreaView.java:315)
12-25 23:04:10.841: W/StatusBar(3252): 	at com.android.systemui.statusbar.phone.KeyguardBottomAreaView.setUserSetupComplete(KeyguardBottomAreaView.java:287)
12-25 23:04:10.841: W/StatusBar(3252): 	at com.android.systemui.statusbar.phone.PhoneStatusBar$1.onChange(PhoneStatusBar.java:464)
12-25 23:04:10.841: W/StatusBar(3252): 	at com.android.systemui.statusbar.phone.PhoneStatusBar.resetUserSetupObserver(PhoneStatusBar.java:3921)
12-25 23:04:10.841: W/StatusBar(3252): 	at com.android.systemui.statusbar.phone.PhoneStatusBar.makeStatusBarView(PhoneStatusBar.java:1166)
12-25 23:04:10.841: W/StatusBar(3252): 	at com.android.systemui.statusbar.phone.PhoneStatusBar.addStatusBarWindow(PhoneStatusBar.java:3667)
12-25 23:04:10.841: W/StatusBar(3252): 	at com.android.systemui.statusbar.phone.PhoneStatusBar.createAndAddWindows(PhoneStatusBar.java:3663)
12-25 23:04:10.841: W/StatusBar(3252): 	at com.android.systemui.statusbar.BaseStatusBar.start(BaseStatusBar.java:849)
12-25 23:04:10.841: W/StatusBar(3252): 	at com.android.systemui.statusbar.phone.PhoneStatusBar.start(PhoneStatusBar.java:713)
12-25 23:04:10.841: W/StatusBar(3252): 	at com.android.systemui.statusbar.SystemBars.createStatusBarFromConfig(SystemBars.java:106)
12-25 23:04:10.841: W/StatusBar(3252): 	at com.android.systemui.statusbar.SystemBars.onNoService(SystemBars.java:58)
12-25 23:04:10.841: W/StatusBar(3252): 	at com.android.systemui.statusbar.ServiceMonitor.startService(ServiceMonitor.java:230)
12-25 23:04:10.841: W/StatusBar(3252): 	at com.android.systemui.statusbar.ServiceMonitor.-wrap5(ServiceMonitor.java)
12-25 23:04:10.841: W/StatusBar(3252): 	at com.android.systemui.statusbar.ServiceMonitor$1.handleMessage(ServiceMonitor.java:73)
12-25 23:04:10.841: W/StatusBar(3252): 	at android.os.Handler.dispatchMessage(Handler.java:102)
12-25 23:04:10.841: W/StatusBar(3252): 	at android.os.Looper.loop(Looper.java:154)
12-25 23:04:10.841: W/StatusBar(3252): 	at android.app.ActivityThread.main(ActivityThread.java:6121)
12-25 23:04:10.841: W/StatusBar(3252): 	at java.lang.reflect.Method.invoke(Native Method)
12-25 23:04:10.841: W/StatusBar(3252): 	at com.android.internal.os.ZygoteInit$MethodAndArgsCaller.run(ZygoteInit.java:889)
12-25 23:04:10.841: W/StatusBar(3252): 	at com.android.internal.os.ZygoteInit.main(ZygoteInit.java:779)
12-25 23:04:10.960: I/chatty(1826): uid=1000(system) onProviders.ECP expire 2 lines
12-25 23:04:11.003: I/chatty(1826): uid=1000(system) Binder:1826_5 expire 8 lines
12-25 23:04:11.003: I/chatty(1826): uid=1000 system_server expire 14 lines
12-25 23:04:11.014: E/ActivityThread(3495): Failed to find provider info for com.android.contacts
12-25 23:04:11.036: I/chatty(1826): uid=1000(system) android.bg expire 4 lines
12-25 23:04:11.075: I/chatty(1826): uid=1000(system) android.ui expire 1 line
12-25 23:04:11.288: I/chatty(1826): uid=1000(system) Binder:1826_4 expire 10 lines
12-25 23:04:12.006: I/chatty(1826): uid=1000(system) WifiService expire 1 line
12-25 23:04:12.044: D/VoldCryptCmdListener(444): cryptfs getpw
12-25 23:04:12.045: I/chatty(1826): uid=1000(system) CryptdConnector expire 3 lines
12-25 23:04:12.047: D/VoldCryptCmdListener(444): cryptfs clearpw
12-25 23:04:12.053: I/chatty(1826): uid=1000(system) Binder:1826_2 expire 6 lines
12-25 23:04:12.283: I/chatty(1826): uid=1000(system) Binder:1826_3 expire 10 lines
12-25 23:04:12.289: I/chatty(1826): uid=1000(system) Binder:1826_6 expire 10 lines
12-25 23:04:12.294: I/chatty(1826): uid=1000(system) Binder:1826_1 expire 6 lines
12-25 23:04:12.731: V/KeyguardStatusView(3252): refresh statusview showing:true
12-25 23:04:12.781: I/chatty(1826): uid=1000(system) ActivityManager expire 25 lines
12-25 23:04:12.863: V/KeyguardDisplayManager(3252): show
12-25 23:04:12.892: I/chatty(1826): uid=1000(system) android.display expire 25 lines
12-25 23:04:12.895: I/chatty(1826): uid=1000(system) PowerManagerSer expire 3 lines
12-25 23:04:12.952: D/vold(444): Disk at 7:1 changed
12-25 23:04:13.020: D/vold(444): e4crypt_prepare_user_storage for volume null, user 0, serial 0, flags 2
12-25 23:04:13.020: D/vold(444): Preparing: /data/system_ce/0
12-25 23:04:13.021: D/vold(444): Preparing: /data/misc_ce/0
12-25 23:04:13.021: D/vold(444): Preparing: /data/media/0
12-25 23:04:13.021: D/vold(444): Preparing: /data/data
12-25 23:04:14.775: I/chatty(1826): uid=1000(system) ConnectivitySer expire 2 lines
12-25 23:04:14.789: I/chatty(1826): uid=1000(system) android.io expire 1 line
12-25 23:04:14.797: D/vold(444): Linking /storage/emulated/0 to /mnt/user/0/primary
12-25 23:04:14.798: I/chatty(1826): uid=1000(system) VoldConnector expire 1 line
12-25 23:04:14.804: I/chatty(1826): uid=1000(system) MountService expire 1 line
12-25 23:04:15.024: I/chatty(1826): uid=1000(system) backup expire 3 lines
12-25 23:04:15.458: I/chatty(1826): uid=1000(system) ActivityManager expire 17 lines
12-25 23:04:15.667: I/chatty(1826): uid=1000(system) Binder:1826_B expire 5 lines
12-25 23:04:15.811: I/chatty(1826): uid=1000(system) Binder:1826_3 expire 1 line
12-25 23:04:15.834: I/chatty(1826): uid=1000(system) Binder:1826_8 expire 4 lines
12-25 23:04:15.845: I/chatty(1826): uid=1000(system) android.bg expire 5 lines
12-25 23:04:15.953: I/chatty(1826): uid=1000 system_server expire 1 line
12-25 23:04:16.055: I/chatty(1826): uid=1000 system_server expire 6 lines
12-25 23:04:16.085: I/chatty(1826): uid=1000(system) Binder:1826_A expire 3 lines
12-25 23:04:16.212: I/chatty(1826): uid=1000(system) Binder:1826_2 expire 12 lines
12-25 23:04:16.420: I/chatty(1826): uid=1000(system) Binder:1826_D expire 9 lines
12-25 23:04:16.445: I/chatty(1826): uid=1000(system) Binder:1826_9 expire 2 lines
12-25 23:04:16.542: I/chatty(1826): uid=1000(system) Binder:1826_7 expire 7 lines
12-25 23:04:16.687: I/chatty(1826): uid=1000(system) Binder:1826_C expire 5 lines
12-25 23:04:16.694: I/chatty(1826): uid=1000(system) Binder:1826_1 expire 3 lines
12-25 23:04:16.698: I/chatty(1826): uid=1000(system) Binder:1826_10 expire 2 lines
12-25 23:04:16.816: I/chatty(1826): uid=1000(system) Binder:1826_6 expire 1 line
12-25 23:04:16.836: I/chatty(1826): uid=1000(system) Binder:1826_E expire 2 lines
12-25 23:04:16.844: I/chatty(1826): uid=1000(system) Binder:1826_5 expire 2 lines
12-25 23:04:16.896: I/chatty(1826): uid=1000(system) Binder:1826_4 expire 2 lines
12-25 23:04:17.391: E/ActivityThread(4205): Failed to find provider info for com.tencent.mm.coolassist.debugprovider
12-25 23:04:17.890: I/chatty(1826): uid=1000(system) AlarmManager expire 1 line
12-25 23:04:18.212: E/NetlinkEvent(807): NetlinkEvent::FindParam(): Parameter 'INTERFACE' not found
12-25 23:04:18.212: E/NetlinkEvent(807): NetlinkEvent::FindParam(): Parameter 'STATE' not found
12-25 23:04:18.212: E/NetlinkEvent(807): NetlinkEvent::FindParam(): Parameter 'TIME_NS' not found
12-25 23:04:18.212: E/NetlinkEvent(807): NetlinkEvent::FindParam(): Parameter 'UID' not found
12-25 23:04:18.494: E/NetlinkEvent(807): NetlinkEvent::FindParam(): Parameter 'ALERT_NAME' not found
12-25 23:04:18.494: E/NetlinkEvent(807): NetlinkEvent::FindParam(): Parameter 'INTERFACE' not found
12-25 23:04:20.605: I/chatty(1826): uid=1000(system) Binder:1826_F expire 2 lines
12-25 23:04:22.150: W/ContextImpl(3981): Calling a method in the system process without a qualified user: android.app.ContextImpl.startService:1357 android.content.ContextWrapper.startService:613 android.content.ContextWrapper.startService:613 com.qualcomm.qti.services.secureui.BootReceiver.onReceive:30 android.app.ActivityThread.handleReceiver:3041 
12-25 23:04:22.166: I/chatty(1826): uid=1000 system_server expire 2 lines
12-25 23:04:22.184: W/ContextImpl(3458): Calling a method in the system process without a qualified user: android.app.ContextImpl.startService:1357 android.content.ContextWrapper.startService:613 android.content.ContextWrapper.startService:613 com.qualcomm.qti.tetherservice.TetherReceiver.onReceive:38 android.app.ActivityThread.handleReceiver:3041 
12-25 23:04:22.368: W/ContextImpl(4487): Calling a method in the system process without a qualified user: android.app.ContextImpl.startService:1357 android.content.ContextWrapper.startService:613 android.content.ContextWrapper.startService:613 com.qualcomm.cabl.CABLReceiver.onReceive:33 android.app.ActivityThread.handleReceiver:3041 
12-25 23:04:22.498: W/ContextImpl(4487): Calling a method in the system process without a qualified user: android.app.ContextImpl.startService:1357 android.content.ContextWrapper.startService:613 android.content.ContextWrapper.startService:613 com.qualcomm.svi.SVIReceiver.onReceive:33 android.app.ActivityThread.handleReceiver:3041 
12-25 23:04:22.828: W/ContextImpl(4564): Calling a method in the system process without a qualified user: android.app.ContextImpl.startService:1357 android.content.ContextWrapper.startService:613 android.content.ContextWrapper.startService:613 com.qti.diagrestoreservice.Diag_Restore_OnBoot.onReceive:44 android.app.ActivityThread.handleReceiver:3041 
12-25 23:04:22.967: W/ContextImpl(4585): Calling a method in the system process without a qualified user: android.app.ContextImpl.startService:1357 android.content.ContextWrapper.startService:613 android.content.ContextWrapper.startService:613 com.qti.diagservices.Diag_OnBoot.onReceive:44 android.app.ActivityThread.handleReceiver:3041 
12-25 23:04:23.373: W/ContextImpl(4632): Calling a method in the system process without a qualified user: android.app.ContextImpl.startService:1357 android.content.ContextWrapper.startService:613 android.content.ContextWrapper.startService:613 com.qualcomm.qti.qs.QSBroadcastReceiver.onReceive:22 android.app.ActivityThread.handleReceiver:3041 
12-25 23:04:23.662: W/ContextImpl(4632): Calling a method in the system process without a qualified user: android.app.ContextImpl.sendBroadcast:877 android.content.ContextWrapper.sendBroadcast:421 com.qualcomm.qti.qs.tiles.AudioProfileTile.handleUpdateState:82 com.qualcomm.qti.qs.tiles.AudioProfileTile.<init>:37 com.qualcomm.qti.qs.QSService.createTile:60 
12-25 23:04:23.749: W/ContextImpl(4632): Calling a method in the system process without a qualified user: android.app.ContextImpl.sendBroadcast:877 android.content.ContextWrapper.sendBroadcast:421 com.qualcomm.qti.qs.tiles.ApnTile.handleUpdateState:94 com.qualcomm.qti.qs.QSService.onStartCommand:108 android.app.ActivityThread.handleServiceArgs:3327 
12-25 23:04:23.794: W/ContextImpl(4632): Calling a method in the system process without a qualified user: android.app.ContextImpl.sendBroadcast:877 android.content.ContextWrapper.sendBroadcast:421 com.qualcomm.qti.qs.tiles.DataTile.handleUpdateState:77 com.qualcomm.qti.qs.QSService.onStartCommand:108 android.app.ActivityThread.handleServiceArgs:3327 
12-25 23:04:23.834: I/chatty(1826): uid=1000(system) PowerManagerSer expire 21 lines
12-25 23:04:23.851: I/chatty(1826): uid=1000(system) PhotonicModulat expire 72 lines
12-25 23:04:23.864: W/ContextImpl(4632): Calling a method in the system process without a qualified user: android.app.ContextImpl.sendBroadcast:877 android.content.ContextWrapper.sendBroadcast:421 com.qualcomm.qti.qs.tiles.RoamingTile.handleUpdateState:75 com.qualcomm.qti.qs.QSService.onStartCommand:108 android.app.ActivityThread.handleServiceArgs:3327 
12-25 23:04:23.910: I/chatty(1826): uid=1000(system) PowerManagerSer expire 74 lines
12-25 23:04:23.916: W/ContextImpl(4632): Calling a method in the system process without a qualified user: android.app.ContextImpl.sendBroadcast:877 android.content.ContextWrapper.sendBroadcast:421 com.qualcomm.qti.qs.tiles.AudioProfileTile.handleUpdateState:82 com.qualcomm.qti.qs.QSService.onStartCommand:108 android.app.ActivityThread.handleServiceArgs:3327 
12-25 23:04:23.919: I/chatty(1826): uid=1000(system) Binder:1826_7 expire 2 lines
12-25 23:04:24.006: W/ContextImpl(4632): Calling a method in the system process without a qualified user: android.app.ContextImpl.sendBroadcast:877 android.content.ContextWrapper.sendBroadcast:421 com.qualcomm.qti.qs.tiles.AudioProfileTile.handleUpdateState:82 com.qualcomm.qti.qs.tiles.AudioProfileTile$1.onReceive:30 android.app.LoadedApk$ReceiverDispatcher$Args.run:1122 
12-25 23:04:24.154: I/chatty(1826): uid=1000(system) PhotonicModulat expire 39 lines
12-25 23:04:24.156: I/chatty(1826): uid=1000(system) PowerManagerSer expire 57 lines
12-25 23:04:24.208: I/chatty(1826): uid=1000(system) Binder:1826_A expire 1 line
12-25 23:04:24.642: I/chatty(1826): uid=1000(system) Binder:1826_8 expire 3 lines
12-25 23:04:24.783: I/chatty(1826): uid=1000(system) Binder:1826_10 expire 1 line
12-25 23:04:24.943: I/chatty(1826): uid=1000(system) Binder:1826_E expire 2 lines
12-25 23:04:25.495: I/chatty(1826): uid=1000(system) Binder:1826_5 expire 1 line
12-25 23:04:25.527: D/ActivityThread(4957): Loading provider com.android.email.provider;com.android.email.notifier: com.android.email.provider.EmailProvider
12-25 23:04:25.536: I/chatty(1826): uid=1000(system) Binder:1826_6 expire 1 line
12-25 23:04:25.721: I/chatty(1826): uid=1000(system) Binder:1826_1 expire 1 line
12-25 23:04:25.734: I/chatty(1826): uid=1000(system) Binder:1826_D expire 1 line
12-25 23:04:25.826: I/chatty(1826): uid=1000 system_server expire 1 line
12-25 23:04:25.832: I/chatty(1826): uid=1000(system) Binder:1826_4 expire 3 lines
12-25 23:04:25.896: I/chatty(1826): uid=1000(system) ActivityManager expire 7 lines
12-25 23:04:25.900: I/chatty(1826): uid=1000(system) android.fg expire 3 lines
12-25 23:04:25.966: E/ActivityThread(4957): Service com.android.email.service.EmailBroadcastProcessorService has leaked ServiceConnection com.android.emailcommon.service.ServiceProxy$ProxyConnection@573c8f0 that was originally bound here
12-25 23:04:25.966: E/ActivityThread(4957): android.app.ServiceConnectionLeaked: Service com.android.email.service.EmailBroadcastProcessorService has leaked ServiceConnection com.android.emailcommon.service.ServiceProxy$ProxyConnection@573c8f0 that was originally bound here
12-25 23:04:25.966: E/ActivityThread(4957): 	at android.app.LoadedApk$ServiceDispatcher.<init>(LoadedApk.java:1336)
12-25 23:04:25.966: E/ActivityThread(4957): 	at android.app.LoadedApk.getServiceDispatcher(LoadedApk.java:1231)
12-25 23:04:25.966: E/ActivityThread(4957): 	at android.app.ContextImpl.bindServiceCommon(ContextImpl.java:1450)
12-25 23:04:25.966: E/ActivityThread(4957): 	at android.app.ContextImpl.bindService(ContextImpl.java:1422)
12-25 23:04:25.966: E/ActivityThread(4957): 	at android.content.ContextWrapper.bindService(ContextWrapper.java:636)
12-25 23:04:25.966: E/ActivityThread(4957): 	at com.android.emailcommon.service.ServiceProxy.setTask(ServiceProxy.java:233)
12-25 23:04:25.966: E/ActivityThread(4957): 	at com.android.emailcommon.service.ServiceProxy.test(ServiceProxy.java:276)
12-25 23:04:25.966: E/ActivityThread(4957): 	at com.android.email.service.EmailServiceUtils.isServiceAvailable(EmailServiceUtils.java:160)
12-25 23:04:25.966: E/ActivityThread(4957): 	at com.android.email.provider.AccountReconciler.reconcileAccountsInternal(AccountReconciler.java:171)
12-25 23:04:25.966: E/ActivityThread(4957): 	at com.android.email.provider.AccountReconciler.reconcileAccounts(AccountReconciler.java:115)
12-25 23:04:25.966: E/ActivityThread(4957): 	at com.android.email.service.EmailBroadcastProcessorService.reconcileAndStartServices(EmailBroadcastProcessorService.java:305)
12-25 23:04:25.966: E/ActivityThread(4957): 	at com.android.email.service.EmailBroadcastProcessorService.onBootCompleted(EmailBroadcastProcessorService.java:295)
12-25 23:04:25.966: E/ActivityThread(4957): 	at com.android.email.service.EmailBroadcastProcessorService.onHandleIntent(EmailBroadcastProcessorService.java:130)
12-25 23:04:25.966: E/ActivityThread(4957): 	at android.app.IntentService$ServiceHandler.handleMessage(IntentService.java:68)
12-25 23:04:25.966: E/ActivityThread(4957): 	at android.os.Handler.dispatchMessage(Handler.java:102)
12-25 23:04:25.966: E/ActivityThread(4957): 	at android.os.Looper.loop(Looper.java:154)
12-25 23:04:25.966: E/ActivityThread(4957): 	at android.os.HandlerThread.run(HandlerThread.java:61)
12-25 23:04:26.432: I/chatty(1826): uid=1000(system) android.display expire 1 line
12-25 23:04:26.447: I/chatty(1826): uid=1000(system) PhotonicModulat expire 53 lines
12-25 23:04:26.450: I/chatty(1826): uid=1000(system) PowerManagerSer expire 66 lines
12-25 23:04:26.519: I/chatty(1826): uid=1000(system) Binder:1826_9 expire 1 line
12-25 23:04:26.546: I/chatty(1826): uid=1000(system) Binder:1826_7 expire 2 lines
12-25 23:04:26.561: I/chatty(1826): uid=1000(system) Binder:1826_3 expire 1 line
12-25 23:04:26.619: I/chatty(1826): uid=1000(system) Binder:1826_C expire 1 line
12-25 23:04:26.682: I/chatty(1826): uid=1000(system) PowerManagerSer expire 66 lines
12-25 23:04:26.683: I/chatty(1826): uid=1000(system) PhotonicModulat expire 56 lines
12-25 23:04:26.890: I/chatty(1826): uid=1000(system) Binder:1826_3 expire 2 lines
12-25 23:04:26.928: I/chatty(1826): uid=1000(system) Binder:1826_2 expire 3 lines
12-25 23:04:27.014: I/chatty(1826): uid=1000(system) Binder:1826_7 expire 17 lines
12-25 23:04:27.452: I/chatty(1826): uid=1000(system) Binder:1826_A expire 10 lines
12-25 23:04:27.828: I/chatty(1826): uid=1000(system) Binder:1826_8 expire 3 lines
12-25 23:04:27.947: I/chatty(1826): uid=1000(system) Binder:1826_1 expire 16 lines
12-25 23:04:28.172: I/chatty(1826): uid=1000 system_server expire 2 lines
12-25 23:04:28.444: I/chatty(1826): uid=1000(system) Binder:1826_6 expire 2 lines
12-25 23:04:28.507: W/ContextImpl(3458): Calling a method in the system process without a qualified user: android.app.ContextImpl.startService:1357 android.content.ContextWrapper.startService:613 android.content.ContextWrapper.startService:613 com.qti.dpmserviceapp.DpmServiceAppReceiver.onReceive:33 android.app.ActivityThread.handleReceiver:3041 
12-25 23:04:28.525: W/ContextImpl(3906): Calling a method in the system process without a qualified user: android.app.ContextImpl.startService:1357 android.content.ContextWrapper.startService:613 android.content.ContextWrapper.startService:613 com.qti.launcherunreadservice.BootCompletReceiver.onReceive:41 android.app.ActivityThread.handleReceiver:3041 
12-25 23:04:28.629: I/chatty(1826): uid=1000(system) Binder:1826_4 expire 12 lines
12-25 23:04:28.801: W/ContextImpl(3906): Calling a method in the system process without a qualified user: android.app.ContextImpl.sendBroadcast:877 android.content.ContextWrapper.sendBroadcast:421 com.qti.launcherunreadservice.LauncherUnreadService.sendUnreadChangedBroadcast:310 com.qti.launcherunreadservice.LauncherUnreadService.onStartCommand:167 android.app.ActivityThread.handleServiceArgs:3327 
12-25 23:04:28.809: I/chatty(1826): uid=1000(system) Binder:1826_9 expire 11 lines
12-25 23:04:28.812: I/chatty(1826): uid=1000(system) Binder:1826_5 expire 2 lines
12-25 23:04:28.828: I/chatty(1826): uid=1000(system) Binder:1826_D expire 2 lines
12-25 23:04:28.916: W/ContextImpl(3906): Calling a method in the system process without a qualified user: android.app.ContextImpl.sendBroadcast:877 android.content.ContextWrapper.sendBroadcast:421 com.qti.launcherunreadservice.LauncherUnreadService.sendUnreadChangedBroadcast:310 com.qti.launcherunreadservice.LauncherUnreadService.onStartCommand:168 android.app.ActivityThread.handleServiceArgs:3327 
12-25 23:04:28.983: W/ContextImpl(3906): Calling a method in the system process without a qualified user: android.app.ContextImpl.sendBroadcast:877 android.content.ContextWrapper.sendBroadcast:421 com.qti.launcherunreadservice.LauncherUnreadService.sendUnreadChangedBroadcast:310 com.qti.launcherunreadservice.LauncherUnreadService.onStartCommand:169 android.app.ActivityThread.handleServiceArgs:3327 
12-25 23:04:29.022: W/ContextImpl(5475): Calling a method in the system process without a qualified user: android.app.ContextImpl.startService:1357 android.content.ContextWrapper.startService:613 android.content.ContextWrapper.startService:613 com.qualcomm.atfwd.AtFwdAutoboot.onReceive:24 android.app.ActivityThread.handleReceiver:3041 
12-25 23:04:29.093: I/chatty(1826): uid=1000(system) Binder:1826_C expire 10 lines
12-25 23:04:29.635: I/chatty(1826): uid=1000(system) Binder:1826_E expire 2 lines
12-25 23:04:29.669: I/chatty(1826): uid=1000(system) Binder:1826_B expire 1 line
12-25 23:04:29.749: I/chatty(1826): uid=1000(system) Binder:1826_F expire 1 line
12-25 23:04:32.864: I/chatty(1826): uid=1000(system) AlarmManager expire 1 line
12-25 23:04:36.024: I/chatty(1826): uid=1000(system) ActivityManager expire 29 lines
12-25 23:04:36.294: W/ContextImpl(5741): Calling a method in the system process without a qualified user: android.app.ContextImpl.startService:1357 android.content.ContextWrapper.startService:613 android.content.ContextWrapper.startService:613 com.qualcomm.qti.appnetaccess.AppNetAccessReceiver.onReceive:24 android.app.ActivityThread.handleReceiver:3041 
12-25 23:04:38.126: W/ContextImpl(5763): Calling a method in the system process without a qualified user: android.app.ContextImpl.startService:1357 android.content.ContextWrapper.startService:613 com.qualcomm.qcrilhook.QcRilHook.<init>:102 com.qualcomm.qti.modemtestmode.MbnAppGlobals.onCreate:32 android.app.Instrumentation.callApplicationOnCreate:1025 
12-25 23:04:38.136: W/ContextImpl(5763): Calling a method in the system process without a qualified user: android.app.ContextImpl.bindService:1421 android.content.ContextWrapper.bindService:636 com.qualcomm.qcrilhook.QcRilHook.<init>:104 com.qualcomm.qti.modemtestmode.MbnAppGlobals.onCreate:32 android.app.Instrumentation.callApplicationOnCreate:1025 
12-25 23:04:38.191: W/ContextImpl(5763): Calling a method in the system process without a qualified user: android.app.ContextImpl.startService:1357 android.content.ContextWrapper.startService:613 android.content.ContextWrapper.startService:613 com.qualcomm.qti.modemtestmode.DefaultReceiver.onReceive:36 android.app.ActivityThread.handleReceiver:3041 
12-25 23:04:38.303: W/ContextImpl(5763): Calling a method in the system process without a qualified user: android.app.ContextImpl.bindService:1421 android.content.ContextWrapper.bindService:636 com.qualcomm.qti.modemtestmode.MbnSystemService.onCreate:101 android.app.ActivityThread.handleCreateService:3192 android.app.ActivityThread.-wrap5:-1 
12-25 23:04:38.586: W/ContextImpl(5475): Calling a method in the system process without a qualified user: android.app.ContextImpl.startService:1357 android.content.ContextWrapper.startService:613 android.content.ContextWrapper.startService:613 com.qualcomm.simcontacts.SimStateReceiver.sendPhoneBoot:74 com.qualcomm.simcontacts.SimStateReceiver.onReceive:55 
12-25 23:04:41.008: I/chatty(1826): uid=1000(system) Binder:1826_4 expire 3 lines
12-25 23:04:41.156: I/chatty(1826): uid=1000(system) Binder:1826_3 expire 3 lines
12-25 23:04:41.407: E/ActivityThread(5867): Failed to find provider info for com.tencent.mm.coolassist.debugprovider
12-25 23:04:43.835: I/chatty(1826): uid=1000(system) Binder:1826_1 expire 11 lines
12-25 23:04:43.951: I/chatty(1826): uid=1000(system) Binder:1826_C expire 1 line
12-25 23:04:44.161: E/ActivityThread(5926): Failed to find provider info for com.tencent.mm.coolassist.debugprovider
12-25 23:04:45.656: I/chatty(1826): uid=1000(system) Binder:1826_8 expire 19 lines
12-25 23:04:45.784: I/chatty(1826): uid=1000(system) Binder:1826_7 expire 11 lines
12-25 23:04:46.072: I/chatty(1826): uid=1000(system) Binder:1826_F expire 1 line
12-25 23:04:46.195: I/chatty(1826): uid=1000(system) Binder:1826_A expire 11 lines
12-25 23:04:46.515: I/chatty(1826): uid=1000(system) Binder:1826_2 expire 2 lines
12-25 23:04:46.790: W/ContextImpl(5475): Calling a method in the system process without a qualified user: android.app.ContextImpl.startService:1357 android.content.ContextWrapper.startService:613 android.content.ContextWrapper.startService:613 com.qualcomm.simcontacts.SimStateReceiver.sendSimState:83 com.qualcomm.simcontacts.SimStateReceiver.onReceive:53 
12-25 23:04:47.341: E/ActivityThread(6047): Failed to find provider info for com.tencent.mm.coolassist.debugprovider
12-25 23:04:50.923: I/chatty(1826): uid=1000(system) Binder:1826_D expire 2 lines
12-25 23:04:51.027: I/chatty(1826): uid=1000(system) Binder:1826_9 expire 10 lines
12-25 23:04:51.299: I/chatty(1826): uid=1000(system) ActivityManager expire 5 lines
12-25 23:04:51.368: I/chatty(1826): uid=1000(system) Binder:1826_5 expire 1 line
12-25 23:04:51.386: I/chatty(1826): uid=1000 system_server expire 5 lines
12-25 23:04:51.450: I/chatty(1826): uid=1000(system) Binder:1826_B expire 2 lines
12-25 23:04:59.761: I/chatty(1826): uid=1000(system) AlarmManager expire 3 lines
12-25 23:05:01.276: I/chatty(1826): uid=1000(system) Binder:1826_10 expire 1 line
12-25 23:05:08.839: I/chatty(1826): uid=1000(system) PowerManagerSer expire 1 line
12-25 23:05:09.350: I/chatty(1826): uid=1000(system) NetworkTimeUpda expire 2 lines
12-25 23:05:09.375: I/chatty(1826): uid=1000 system_server expire 142 lines
12-25 23:05:10.504: I/chatty(1826): uid=1000(system) Binder:1826_A expire 1 line
12-25 23:05:11.013: D/DisplayPowerController(1826): requestPowerState: policy=BRIGHT, useProximitySensor=false, screenBrightness=102, screenAutoBrightnessAdjustment=0.0, brightnessSetByUser=true, useAutoBrightness=false, blockScreenOn=false, lowPowerMode=false, boostScreenBrightness=false, dozeScreenBrightness=-1, dozeScreenState=UNKNOWN, waitForNegativeProximity=false
12-25 23:05:11.017: D/DisplayPowerController(1826): requestPowerState: policy=BRIGHT, useProximitySensor=false, screenBrightness=102, screenAutoBrightnessAdjustment=0.0, brightnessSetByUser=true, useAutoBrightness=false, blockScreenOn=false, lowPowerMode=false, boostScreenBrightness=false, dozeScreenBrightness=-1, dozeScreenState=UNKNOWN, waitForNegativeProximity=false
12-25 23:05:11.018: D/DisplayPowerController(1826): requestPowerState: policy=BRIGHT, useProximitySensor=false, screenBrightness=102, screenAutoBrightnessAdjustment=0.0, brightnessSetByUser=true, useAutoBrightness=false, blockScreenOn=false, lowPowerMode=false, boostScreenBrightness=false, dozeScreenBrightness=-1, dozeScreenState=UNKNOWN, waitForNegativeProximity=false
12-25 23:05:11.022: D/DisplayPowerController(1826): requestPowerState: policy=BRIGHT, useProximitySensor=false, screenBrightness=102, screenAutoBrightnessAdjustment=0.0, brightnessSetByUser=true, useAutoBrightness=false, blockScreenOn=false, lowPowerMode=false, boostScreenBrightness=false, dozeScreenBrightness=-1, dozeScreenState=UNKNOWN, waitForNegativeProximity=false
12-25 23:05:11.024: D/DisplayPowerController(1826): requestPowerState: policy=BRIGHT, useProximitySensor=false, screenBrightness=102, screenAutoBrightnessAdjustment=0.0, brightnessSetByUser=true, useAutoBrightness=false, blockScreenOn=false, lowPowerMode=false, boostScreenBrightness=false, dozeScreenBrightness=-1, dozeScreenState=UNKNOWN, waitForNegativeProximity=false
12-25 23:05:11.026: D/DisplayPowerController(1826): requestPowerState: policy=BRIGHT, useProximitySensor=false, screenBrightness=102, screenAutoBrightnessAdjustment=0.0, brightnessSetByUser=true, useAutoBrightness=false, blockScreenOn=false, lowPowerMode=false, boostScreenBrightness=false, dozeScreenBrightness=-1, dozeScreenState=UNKNOWN, waitForNegativeProximity=false
12-25 23:05:11.027: D/DisplayPowerController(1826): requestPowerState: policy=BRIGHT, useProximitySensor=false, screenBrightness=102, screenAutoBrightnessAdjustment=0.0, brightnessSetByUser=true, useAutoBrightness=false, blockScreenOn=false, lowPowerMode=false, boostScreenBrightness=false, dozeScreenBrightness=-1, dozeScreenState=UNKNOWN, waitForNegativeProximity=false
12-25 23:05:11.044: D/DisplayPowerController(1826): requestPowerState: policy=BRIGHT, useProximitySensor=false, screenBrightness=102, screenAutoBrightnessAdjustment=0.0, brightnessSetByUser=true, useAutoBrightness=false, blockScreenOn=false, lowPowerMode=false, boostScreenBrightness=false, dozeScreenBrightness=-1, dozeScreenState=UNKNOWN, waitForNegativeProximity=false
12-25 23:05:11.045: D/DisplayPowerController(1826): requestPowerState: policy=BRIGHT, useProximitySensor=false, screenBrightness=102, screenAutoBrightnessAdjustment=0.0, brightnessSetByUser=true, useAutoBrightness=false, blockScreenOn=false, lowPowerMode=false, boostScreenBrightness=false, dozeScreenBrightness=-1, dozeScreenState=UNKNOWN, waitForNegativeProximity=false
12-25 23:05:11.053: D/DisplayPowerController(1826): requestPowerState: policy=BRIGHT, useProximitySensor=false, screenBrightness=102, screenAutoBrightnessAdjustment=0.0, brightnessSetByUser=true, useAutoBrightness=false, blockScreenOn=false, lowPowerMode=false, boostScreenBrightness=false, dozeScreenBrightness=-1, dozeScreenState=UNKNOWN, waitForNegativeProximity=false
12-25 23:05:11.054: D/DisplayPowerController(1826): requestPowerState: policy=BRIGHT, useProximitySensor=false, screenBrightness=102, screenAutoBrightnessAdjustment=0.0, brightnessSetByUser=true, useAutoBrightness=false, blockScreenOn=false, lowPowerMode=false, boostScreenBrightness=false, dozeScreenBrightness=-1, dozeScreenState=UNKNOWN, waitForNegativeProximity=false
12-25 23:05:11.059: D/DisplayPowerController(1826): requestPowerState: policy=BRIGHT, useProximitySensor=false, screenBrightness=102, screenAutoBrightnessAdjustment=0.0, brightnessSetByUser=true, useAutoBrightness=false, blockScreenOn=false, lowPowerMode=false, boostScreenBrightness=false, dozeScreenBrightness=-1, dozeScreenState=UNKNOWN, waitForNegativeProximity=false
12-25 23:05:11.059: D/DisplayPowerController(1826): requestPowerState: policy=BRIGHT, useProximitySensor=false, screenBrightness=102, screenAutoBrightnessAdjustment=0.0, brightnessSetByUser=true, useAutoBrightness=false, blockScreenOn=false, lowPowerMode=false, boostScreenBrightness=false, dozeScreenBrightness=-1, dozeScreenState=UNKNOWN, waitForNegativeProximity=false
12-25 23:05:11.062: D/DisplayPowerController(1826): requestPowerState: policy=BRIGHT, useProximitySensor=false, screenBrightness=102, screenAutoBrightnessAdjustment=0.0, brightnessSetByUser=true, useAutoBrightness=false, blockScreenOn=false, lowPowerMode=false, boostScreenBrightness=false, dozeScreenBrightness=-1, dozeScreenState=UNKNOWN, waitForNegativeProximity=false
12-25 23:05:11.063: D/DisplayPowerController(1826): requestPowerState: policy=BRIGHT, useProximitySensor=false, screenBrightness=102, screenAutoBrightnessAdjustment=0.0, brightnessSetByUser=true, useAutoBrightness=false, blockScreenOn=false, lowPowerMode=false, boostScreenBrightness=false, dozeScreenBrightness=-1, dozeScreenState=UNKNOWN, waitForNegativeProximity=false
12-25 23:05:11.073: D/DisplayPowerController(1826): requestPowerState: policy=BRIGHT, useProximitySensor=false, screenBrightness=102, screenAutoBrightnessAdjustment=0.0, brightnessSetByUser=true, useAutoBrightness=false, blockScreenOn=false, lowPowerMode=false, boostScreenBrightness=false, dozeScreenBrightness=-1, dozeScreenState=UNKNOWN, waitForNegativeProximity=false
12-25 23:05:11.075: D/DisplayPowerController(1826): requestPowerState: policy=BRIGHT, useProximitySensor=false, screenBrightness=102, screenAutoBrightnessAdjustment=0.0, brightnessSetByUser=true, useAutoBrightness=false, blockScreenOn=false, lowPowerMode=false, boostScreenBrightness=false, dozeScreenBrightness=-1, dozeScreenState=UNKNOWN, waitForNegativeProximity=false
12-25 23:05:11.079: D/DisplayPowerController(1826): requestPowerState: policy=BRIGHT, useProximitySensor=false, screenBrightness=102, screenAutoBrightnessAdjustment=0.0, brightnessSetByUser=true, useAutoBrightness=false, blockScreenOn=false, lowPowerMode=false, boostScreenBrightness=false, dozeScreenBrightness=-1, dozeScreenState=UNKNOWN, waitForNegativeProximity=false
12-25 23:05:11.080: D/DisplayPowerController(1826): requestPowerState: policy=BRIGHT, useProximitySensor=false, screenBrightness=102, screenAutoBrightnessAdjustment=0.0, brightnessSetByUser=true, useAutoBrightness=false, blockScreenOn=false, lowPowerMode=false, boostScreenBrightness=false, dozeScreenBrightness=-1, dozeScreenState=UNKNOWN, waitForNegativeProximity=false
12-25 23:05:11.083: D/DisplayPowerController(1826): requestPowerState: policy=BRIGHT, useProximitySensor=false, screenBrightness=102, screenAutoBrightnessAdjustment=0.0, brightnessSetByUser=true, useAutoBrightness=false, blockScreenOn=false, lowPowerMode=false, boostScreenBrightness=false, dozeScreenBrightness=-1, dozeScreenState=UNKNOWN, waitForNegativeProximity=false
12-25 23:05:11.084: D/DisplayPowerController(1826): requestPowerState: policy=BRIGHT, useProximitySensor=false, screenBrightness=102, screenAutoBrightnessAdjustment=0.0, brightnessSetByUser=true, useAutoBrightness=false, blockScreenOn=false, lowPowerMode=false, boostScreenBrightness=false, dozeScreenBrightness=-1, dozeScreenState=UNKNOWN, waitForNegativeProximity=false
12-25 23:05:11.087: D/DisplayPowerController(1826): requestPowerState: policy=BRIGHT, useProximitySensor=false, screenBrightness=102, screenAutoBrightnessAdjustment=0.0, brightnessSetByUser=true, useAutoBrightness=false, blockScreenOn=false, lowPowerMode=false, boostScreenBrightness=false, dozeScreenBrightness=-1, dozeScreenState=UNKNOWN, waitForNegativeProximity=false
12-25 23:05:11.090: D/DisplayPowerController(1826): requestPowerState: policy=BRIGHT, useProximitySensor=false, screenBrightness=102, screenAutoBrightnessAdjustment=0.0, brightnessSetByUser=true, useAutoBrightness=false, blockScreenOn=false, lowPowerMode=false, boostScreenBrightness=false, dozeScreenBrightness=-1, dozeScreenState=UNKNOWN, waitForNegativeProximity=false
12-25 23:05:11.939: D/DisplayPowerController(1826): requestPowerState: policy=BRIGHT, useProximitySensor=false, screenBrightness=102, screenAutoBrightnessAdjustment=0.0, brightnessSetByUser=true, useAutoBrightness=false, blockScreenOn=false, lowPowerMode=false, boostScreenBrightness=false, dozeScreenBrightness=-1, dozeScreenState=UNKNOWN, waitForNegativeProximity=false
