12-25 23:09:43.361: V/LightsService(1826): 	at com.android.server.lights.LightsService$LightImpl.setLightLocked(LightsService.java:138)
12-25 23:09:43.361: V/LightsService(1826): 	at com.android.server.lights.LightsService$LightImpl.setBrightness(LightsService.java:57)
12-25 23:09:43.361: V/LightsService(1826): 	at com.android.server.lights.LightsService$LightImpl.setBrightness(LightsService.java:42)
12-25 23:09:43.361: V/LightsService(1826): 	at com.android.server.display.LocalDisplayAdapter$LocalDisplayDevice$1.setDisplayBrightness(LocalDisplayAdapter.java:532)
12-25 23:09:43.361: V/LightsService(1826): 	at com.android.server.display.LocalDisplayAdapter$LocalDisplayDevice$1.run(LocalDisplayAdapter.java:487)
12-25 23:09:43.361: V/LightsService(1826): 	at com.android.server.display.DisplayManagerService.requestGlobalDisplayStateInternal(DisplayManagerService.java:384)
12-25 23:09:43.361: V/LightsService(1826): 	at com.android.server.display.DisplayManagerService.-wrap23(DisplayManagerService.java)
12-25 23:09:43.361: V/LightsService(1826): 	at com.android.server.display.DisplayManagerService$LocalService$1.requestDisplayState(DisplayManagerService.java:1594)
12-25 23:09:43.361: V/LightsService(1826): 	at com.android.server.display.DisplayPowerState$PhotonicModulator.run(DisplayPowerState.java:432)
12-25 23:09:43.363: D/DisplayPowerState(1826): Screen ready
12-25 23:09:43.375: D/DisplayPowerState(1826): setScreenBrightness: brightness=26
12-25 23:09:43.376: D/DisplayPowerState(1826): Requesting new screen state: state=ON, backlight=26
12-25 23:09:43.376: D/DisplayPowerState(1826): Screen ready
12-25 23:09:43.377: D/DisplayPowerState(1826): Updating screen state: state=ON, backlight=26
12-25 23:09:43.377: D/LocalDisplayAdapter(1826): setDisplayBrightness(id=0, brightness=26)
12-25 23:09:43.377: V/LightsService(1826): setLight #0: color=#ff1a1a1a: brightnessMode=0
12-25 23:09:43.377: D/DisplayPowerState(1826): Screen ready
12-25 23:09:43.378: V/LightsService(1826): setLightLocked
12-25 23:09:43.378: V/LightsService(1826): java.lang.Throwable
12-25 23:09:43.378: V/LightsService(1826): 	at com.android.server.lights.LightsService$LightImpl.setLightLocked(LightsService.java:138)
12-25 23:09:43.378: V/LightsService(1826): 	at com.android.server.lights.LightsService$LightImpl.setBrightness(LightsService.java:57)
12-25 23:09:43.378: V/LightsService(1826): 	at com.android.server.lights.LightsService$LightImpl.setBrightness(LightsService.java:42)
12-25 23:09:43.378: V/LightsService(1826): 	at com.android.server.display.LocalDisplayAdapter$LocalDisplayDevice$1.setDisplayBrightness(LocalDisplayAdapter.java:532)
12-25 23:09:43.378: V/LightsService(1826): 	at com.android.server.display.LocalDisplayAdapter$LocalDisplayDevice$1.run(LocalDisplayAdapter.java:487)
12-25 23:09:43.378: V/LightsService(1826): 	at com.android.server.display.DisplayManagerService.requestGlobalDisplayStateInternal(DisplayManagerService.java:384)
12-25 23:09:43.378: V/LightsService(1826): 	at com.android.server.display.DisplayManagerService.-wrap23(DisplayManagerService.java)
12-25 23:09:43.378: V/LightsService(1826): 	at com.android.server.display.DisplayManagerService$LocalService$1.requestDisplayState(DisplayManagerService.java:1594)
12-25 23:09:43.378: V/LightsService(1826): 	at com.android.server.display.DisplayPowerState$PhotonicModulator.run(DisplayPowerState.java:432)
12-25 23:09:43.380: D/DisplayPowerState(1826): Screen ready
12-25 23:09:43.392: D/DisplayPowerState(1826): setScreenBrightness: brightness=23
12-25 23:09:43.394: D/DisplayPowerState(1826): Requesting new screen state: state=ON, backlight=23
12-25 23:09:43.394: D/DisplayPowerState(1826): Screen ready
12-25 23:09:43.394: D/DisplayPowerState(1826): Updating screen state: state=ON, backlight=23
12-25 23:09:43.395: D/DisplayPowerState(1826): Screen ready
12-25 23:09:43.395: D/LocalDisplayAdapter(1826): setDisplayBrightness(id=0, brightness=23)
12-25 23:09:43.395: V/LightsService(1826): setLight #0: color=#ff171717: brightnessMode=0
12-25 23:09:43.395: V/LightsService(1826): setLightLocked
12-25 23:09:43.395: V/LightsService(1826): java.lang.Throwable
12-25 23:09:43.395: V/LightsService(1826): 	at com.android.server.lights.LightsService$LightImpl.setLightLocked(LightsService.java:138)
12-25 23:09:43.395: V/LightsService(1826): 	at com.android.server.lights.LightsService$LightImpl.setBrightness(LightsService.java:57)
12-25 23:09:43.395: V/LightsService(1826): 	at com.android.server.lights.LightsService$LightImpl.setBrightness(LightsService.java:42)
12-25 23:09:43.395: V/LightsService(1826): 	at com.android.server.display.LocalDisplayAdapter$LocalDisplayDevice$1.setDisplayBrightness(LocalDisplayAdapter.java:532)
12-25 23:09:43.395: V/LightsService(1826): 	at com.android.server.display.LocalDisplayAdapter$LocalDisplayDevice$1.run(LocalDisplayAdapter.java:487)
12-25 23:09:43.395: V/LightsService(1826): 	at com.android.server.display.DisplayManagerService.requestGlobalDisplayStateInternal(DisplayManagerService.java:384)
12-25 23:09:43.395: V/LightsService(1826): 	at com.android.server.display.DisplayManagerService.-wrap23(DisplayManagerService.java)
12-25 23:09:43.395: V/LightsService(1826): 	at com.android.server.display.DisplayManagerService$LocalService$1.requestDisplayState(DisplayManagerService.java:1594)
12-25 23:09:43.395: V/LightsService(1826): 	at com.android.server.display.DisplayPowerState$PhotonicModulator.run(DisplayPowerState.java:432)
12-25 23:09:43.397: D/DisplayPowerState(1826): Screen ready
12-25 23:09:43.412: D/DisplayPowerState(1826): setScreenBrightness: brightness=20
12-25 23:09:43.413: D/DisplayPowerState(1826): Requesting new screen state: state=ON, backlight=20
12-25 23:09:43.413: D/DisplayPowerState(1826): Screen ready
12-25 23:09:43.414: D/DisplayPowerState(1826): Updating screen state: state=ON, backlight=20
12-25 23:09:43.414: D/LocalDisplayAdapter(1826): setDisplayBrightness(id=0, brightness=20)
12-25 23:09:43.414: V/LightsService(1826): setLight #0: color=#ff141414: brightnessMode=0
12-25 23:09:43.414: D/DisplayPowerState(1826): Screen ready
12-25 23:09:43.415: V/LightsService(1826): setLightLocked
12-25 23:09:43.415: V/LightsService(1826): java.lang.Throwable
12-25 23:09:43.415: V/LightsService(1826): 	at com.android.server.lights.LightsService$LightImpl.setLightLocked(LightsService.java:138)
12-25 23:09:43.415: V/LightsService(1826): 	at com.android.server.lights.LightsService$LightImpl.setBrightness(LightsService.java:57)
12-25 23:09:43.415: V/LightsService(1826): 	at com.android.server.lights.LightsService$LightImpl.setBrightness(LightsService.java:42)
12-25 23:09:43.415: V/LightsService(1826): 	at com.android.server.display.LocalDisplayAdapter$LocalDisplayDevice$1.setDisplayBrightness(LocalDisplayAdapter.java:532)
12-25 23:09:43.415: V/LightsService(1826): 	at com.android.server.display.LocalDisplayAdapter$LocalDisplayDevice$1.run(LocalDisplayAdapter.java:487)
12-25 23:09:43.415: V/LightsService(1826): 	at com.android.server.display.DisplayManagerService.requestGlobalDisplayStateInternal(DisplayManagerService.java:384)
12-25 23:09:43.415: V/LightsService(1826): 	at com.android.server.display.DisplayManagerService.-wrap23(DisplayManagerService.java)
12-25 23:09:43.415: V/LightsService(1826): 	at com.android.server.display.DisplayManagerService$LocalService$1.requestDisplayState(DisplayManagerService.java:1594)
12-25 23:09:43.415: V/LightsService(1826): 	at com.android.server.display.DisplayPowerState$PhotonicModulator.run(DisplayPowerState.java:432)
12-25 23:09:43.416: D/DisplayPowerState(1826): Screen ready
12-25 23:09:43.425: D/DisplayPowerState(1826): setScreenBrightness: brightness=16
12-25 23:09:43.426: D/DisplayPowerState(1826): Requesting new screen state: state=ON, backlight=16
12-25 23:09:43.426: D/DisplayPowerState(1826): Screen ready
12-25 23:09:43.426: D/DisplayPowerState(1826): Screen ready
12-25 23:09:43.426: D/DisplayPowerState(1826): Updating screen state: state=ON, backlight=16
12-25 23:09:43.427: D/LocalDisplayAdapter(1826): setDisplayBrightness(id=0, brightness=16)
12-25 23:09:43.433: V/LightsService(1826): setLight #0: color=#ff101010: brightnessMode=0
12-25 23:09:43.434: V/LightsService(1826): setLightLocked
12-25 23:09:43.434: V/LightsService(1826): java.lang.Throwable
12-25 23:09:43.434: V/LightsService(1826): 	at com.android.server.lights.LightsService$LightImpl.setLightLocked(LightsService.java:138)
12-25 23:09:43.434: V/LightsService(1826): 	at com.android.server.lights.LightsService$LightImpl.setBrightness(LightsService.java:57)
12-25 23:09:43.434: V/LightsService(1826): 	at com.android.server.lights.LightsService$LightImpl.setBrightness(LightsService.java:42)
12-25 23:09:43.434: V/LightsService(1826): 	at com.android.server.display.LocalDisplayAdapter$LocalDisplayDevice$1.setDisplayBrightness(LocalDisplayAdapter.java:532)
12-25 23:09:43.434: V/LightsService(1826): 	at com.android.server.display.LocalDisplayAdapter$LocalDisplayDevice$1.run(LocalDisplayAdapter.java:487)
12-25 23:09:43.434: V/LightsService(1826): 	at com.android.server.display.DisplayManagerService.requestGlobalDisplayStateInternal(DisplayManagerService.java:384)
12-25 23:09:43.434: V/LightsService(1826): 	at com.android.server.display.DisplayManagerService.-wrap23(DisplayManagerService.java)
12-25 23:09:43.434: V/LightsService(1826): 	at com.android.server.display.DisplayManagerService$LocalService$1.requestDisplayState(DisplayManagerService.java:1594)
12-25 23:09:43.434: V/LightsService(1826): 	at com.android.server.display.DisplayPowerState$PhotonicModulator.run(DisplayPowerState.java:432)
12-25 23:09:43.435: D/DisplayPowerState(1826): Screen ready
12-25 23:09:43.442: D/DisplayPowerState(1826): setScreenBrightness: brightness=13
12-25 23:09:43.443: D/DisplayPowerState(1826): Requesting new screen state: state=ON, backlight=13
12-25 23:09:43.443: D/DisplayPowerState(1826): Screen ready
12-25 23:09:43.446: D/DisplayPowerState(1826): Updating screen state: state=ON, backlight=13
12-25 23:09:43.446: D/DisplayPowerState(1826): Screen ready
12-25 23:09:43.446: D/LocalDisplayAdapter(1826): setDisplayBrightness(id=0, brightness=13)
12-25 23:09:43.446: V/LightsService(1826): setLight #0: color=#ff0d0d0d: brightnessMode=0
12-25 23:09:43.447: V/LightsService(1826): setLightLocked
12-25 23:09:43.447: V/LightsService(1826): java.lang.Throwable
12-25 23:09:43.447: V/LightsService(1826): 	at com.android.server.lights.LightsService$LightImpl.setLightLocked(LightsService.java:138)
12-25 23:09:43.447: V/LightsService(1826): 	at com.android.server.lights.LightsService$LightImpl.setBrightness(LightsService.java:57)
12-25 23:09:43.447: V/LightsService(1826): 	at com.android.server.lights.LightsService$LightImpl.setBrightness(LightsService.java:42)
12-25 23:09:43.447: V/LightsService(1826): 	at com.android.server.display.LocalDisplayAdapter$LocalDisplayDevice$1.setDisplayBrightness(LocalDisplayAdapter.java:532)
12-25 23:09:43.447: V/LightsService(1826): 	at com.android.server.display.LocalDisplayAdapter$LocalDisplayDevice$1.run(LocalDisplayAdapter.java:487)
12-25 23:09:43.447: V/LightsService(1826): 	at com.android.server.display.DisplayManagerService.requestGlobalDisplayStateInternal(DisplayManagerService.java:384)
12-25 23:09:43.447: V/LightsService(1826): 	at com.android.server.display.DisplayManagerService.-wrap23(DisplayManagerService.java)
12-25 23:09:43.447: V/LightsService(1826): 	at com.android.server.display.DisplayManagerService$LocalService$1.requestDisplayState(DisplayManagerService.java:1594)
12-25 23:09:43.447: V/LightsService(1826): 	at com.android.server.display.DisplayPowerState$PhotonicModulator.run(DisplayPowerState.java:432)
12-25 23:09:43.448: D/DisplayPowerState(1826): Screen ready
12-25 23:09:43.460: D/DisplayPowerState(1826): setScreenBrightness: brightness=10
12-25 23:09:43.461: D/DisplayPowerState(1826): Requesting new screen state: state=ON, backlight=10
12-25 23:09:43.461: D/DisplayPowerState(1826): Screen ready
12-25 23:09:43.461: D/DisplayPowerController(1826): Animating brightness: target=10, rate=200
12-25 23:09:43.461: D/DisplayPowerController(1826): Finished business...
12-25 23:09:43.462: D/DisplayPowerState(1826): Screen ready
12-25 23:09:43.463: D/DisplayPowerState(1826): Updating screen state: state=ON, backlight=10
12-25 23:09:43.463: D/LocalDisplayAdapter(1826): setDisplayBrightness(id=0, brightness=10)
12-25 23:09:43.463: V/LightsService(1826): setLight #0: color=#ff0a0a0a: brightnessMode=0
12-25 23:09:43.464: V/LightsService(1826): setLightLocked
12-25 23:09:43.464: V/LightsService(1826): java.lang.Throwable
12-25 23:09:43.464: V/LightsService(1826): 	at com.android.server.lights.LightsService$LightImpl.setLightLocked(LightsService.java:138)
12-25 23:09:43.464: V/LightsService(1826): 	at com.android.server.lights.LightsService$LightImpl.setBrightness(LightsService.java:57)
12-25 23:09:43.464: V/LightsService(1826): 	at com.android.server.lights.LightsService$LightImpl.setBrightness(LightsService.java:42)
12-25 23:09:43.464: V/LightsService(1826): 	at com.android.server.display.LocalDisplayAdapter$LocalDisplayDevice$1.setDisplayBrightness(LocalDisplayAdapter.java:532)
12-25 23:09:43.464: V/LightsService(1826): 	at com.android.server.display.LocalDisplayAdapter$LocalDisplayDevice$1.run(LocalDisplayAdapter.java:487)
12-25 23:09:43.464: V/LightsService(1826): 	at com.android.server.display.DisplayManagerService.requestGlobalDisplayStateInternal(DisplayManagerService.java:384)
12-25 23:09:43.464: V/LightsService(1826): 	at com.android.server.display.DisplayManagerService.-wrap23(DisplayManagerService.java)
12-25 23:09:43.464: V/LightsService(1826): 	at com.android.server.display.DisplayManagerService$LocalService$1.requestDisplayState(DisplayManagerService.java:1594)
12-25 23:09:43.464: V/LightsService(1826): 	at com.android.server.display.DisplayPowerState$PhotonicModulator.run(DisplayPowerState.java:432)
12-25 23:09:43.468: D/DisplayPowerState(1826): Screen ready
12-25 23:09:43.575: D/AudioPolicyManagerCustom(775): setForceUse() usage 3, config 8, mPhoneState 0
12-25 23:09:43.576: V/AudioPolicyManagerCustom(775): getNewOutputDevice() selected device 0
12-25 23:09:43.576: V/APM_AudioPolicyManager(775): setOutputDevice() device 0000 delayMs 0
12-25 23:09:43.576: V/APM_AudioPolicyManager(775): setOutputDevice() prevDevice 0x10000
12-25 23:09:43.576: V/APM_AudioPolicyManager(775): setOutputDevice() setting same device 0x0000 or null device
12-25 23:09:43.576: V/AudioPolicyManagerCustom(775): getNewOutputDevice() selected device 0
12-25 23:09:43.576: V/APM_AudioPolicyManager(775): setOutputDevice() device 0000 delayMs 0
12-25 23:09:43.576: V/APM_AudioPolicyManager(775): setOutputDevice() prevDevice 0x0002
12-25 23:09:43.576: V/APM_AudioPolicyManager(775): setOutputDevice() setting same device 0x0000 or null device
12-25 23:09:43.576: V/AudioPolicyManagerCustom(775): getNewOutputDevice() selected device 0
12-25 23:09:43.576: V/APM_AudioPolicyManager(775): setOutputDevice() device 0000 delayMs 0
12-25 23:09:43.577: V/APM_AudioPolicyManager(775): setOutputDevice() prevDevice 0x0002
12-25 23:09:43.577: V/APM_AudioPolicyManager(775): setOutputDevice() setting same device 0x0000 or null device
12-25 23:09:43.577: V/AudioPolicyManagerCustom(775): getNewOutputDevice() selected device 0
12-25 23:09:43.577: V/APM_AudioPolicyManager(775): setOutputDevice() device 0000 delayMs 0
12-25 23:09:43.577: V/APM_AudioPolicyManager(775): setOutputDevice() prevDevice 0x0002
12-25 23:09:43.577: V/APM_AudioPolicyManager(775): setOutputDevice() setting same device 0x0000 or null device
12-25 23:09:43.583: V/AudioPolicyIntefaceImpl(775): setForceUse()
12-25 23:09:43.583: D/AudioPolicyManagerCustom(775): setForceUse() usage 6, config 0, mPhoneState 0
12-25 23:09:43.583: V/AudioPolicyManagerCustom(775): getNewOutputDevice() selected device 0
12-25 23:09:43.584: V/APM_AudioPolicyManager(775): setOutputDevice() device 0000 delayMs 0
12-25 23:09:43.584: V/APM_AudioPolicyManager(775): setOutputDevice() prevDevice 0x10000
12-25 23:09:43.584: V/APM_AudioPolicyManager(775): setOutputDevice() setting same device 0x0000 or null device
12-25 23:09:43.584: V/AudioPolicyManagerCustom(775): getNewOutputDevice() selected device 0
12-25 23:09:43.584: V/APM_AudioPolicyManager(775): setOutputDevice() device 0000 delayMs 0
12-25 23:09:43.585: V/APM_AudioPolicyManager(775): setOutputDevice() prevDevice 0x0002
12-25 23:09:43.585: V/APM_AudioPolicyManager(775): setOutputDevice() setting same device 0x0000 or null device
12-25 23:09:43.585: V/AudioPolicyManagerCustom(775): getNewOutputDevice() selected device 0
12-25 23:09:43.585: V/APM_AudioPolicyManager(775): setOutputDevice() device 0000 delayMs 0
12-25 23:09:43.585: V/APM_AudioPolicyManager(775): setOutputDevice() prevDevice 0x0002
12-25 23:09:43.585: V/APM_AudioPolicyManager(775): setOutputDevice() setting same device 0x0000 or null device
12-25 23:09:43.585: V/AudioPolicyManagerCustom(775): getNewOutputDevice() selected device 0
12-25 23:09:43.585: V/APM_AudioPolicyManager(775): setOutputDevice() device 0000 delayMs 0
12-25 23:09:43.585: V/APM_AudioPolicyManager(775): setOutputDevice() prevDevice 0x0002
12-25 23:09:43.585: V/APM_AudioPolicyManager(775): setOutputDevice() setting same device 0x0000 or null device
12-25 23:09:43.622: V/AudioFlinger(775): setParameters(): io 0, keyvalue A2dpSuspended=false, calling pid 2000704
12-25 23:09:43.622: D/audio_hw_primary(775): adev_set_parameters: enter: A2dpSuspended=false
12-25 23:09:43.622: D/audio_hw_extn(775): audio_extn_set_anc_parameters: anc_enabled:0
12-25 23:09:43.622: D/audio_hw_spkr_prot(775): audio_extn_fbsp_set_parameters: Speaker protection disabled
12-25 23:09:43.624: V/AudioFlinger(775): setParameters(): io 0, keyvalue BT_SCO=off, calling pid 2000704
12-25 23:09:43.625: D/audio_hw_primary(775): adev_set_parameters: enter: BT_SCO=off
12-25 23:09:43.625: D/audio_hw_extn(775): audio_extn_set_anc_parameters: anc_enabled:0
12-25 23:09:43.625: D/audio_hw_spkr_prot(775): audio_extn_fbsp_set_parameters: Speaker protection disabled
12-25 23:09:43.645: V/AudioPolicyIntefaceImpl(775): setForceUse()
12-25 23:09:43.645: D/AudioPolicyManagerCustom(775): setForceUse() usage 0, config 0, mPhoneState 0
12-25 23:09:43.646: V/AudioPolicyManagerCustom(775): getNewOutputDevice() selected device 0
12-25 23:09:43.646: V/APM_AudioPolicyManager(775): setOutputDevice() device 0000 delayMs 0
12-25 23:09:43.646: V/APM_AudioPolicyManager(775): setOutputDevice() prevDevice 0x10000
12-25 23:09:43.646: V/APM_AudioPolicyManager(775): setOutputDevice() setting same device 0x0000 or null device
12-25 23:09:43.646: V/AudioPolicyManagerCustom(775): getNewOutputDevice() selected device 0
12-25 23:09:43.646: V/APM_AudioPolicyManager(775): setOutputDevice() device 0000 delayMs 0
12-25 23:09:43.646: V/APM_AudioPolicyManager(775): setOutputDevice() prevDevice 0x0002
12-25 23:09:43.647: V/APM_AudioPolicyManager(775): setOutputDevice() setting same device 0x0000 or null device
12-25 23:09:43.647: V/AudioPolicyManagerCustom(775): getNewOutputDevice() selected device 0
12-25 23:09:43.647: V/APM_AudioPolicyManager(775): setOutputDevice() device 0000 delayMs 0
12-25 23:09:43.647: V/APM_AudioPolicyManager(775): setOutputDevice() prevDevice 0x0002
12-25 23:09:43.647: V/APM_AudioPolicyManager(775): setOutputDevice() setting same device 0x0000 or null device
12-25 23:09:43.647: V/AudioPolicyManagerCustom(775): getNewOutputDevice() selected device 0
12-25 23:09:43.647: V/APM_AudioPolicyManager(775): setOutputDevice() device 0000 delayMs 0
12-25 23:09:43.647: V/APM_AudioPolicyManager(775): setOutputDevice() prevDevice 0x0002
12-25 23:09:43.647: V/APM_AudioPolicyManager(775): setOutputDevice() setting same device 0x0000 or null device
12-25 23:09:43.664: V/AudioPolicyIntefaceImpl(775): setForceUse()
12-25 23:09:43.664: D/AudioPolicyManagerCustom(775): setForceUse() usage 2, config 0, mPhoneState 0
12-25 23:09:43.665: V/AudioPolicyManagerCustom(775): getNewOutputDevice() selected device 0
12-25 23:09:43.665: V/APM_AudioPolicyManager(775): setOutputDevice() device 0000 delayMs 0
12-25 23:09:43.665: V/APM_AudioPolicyManager(775): setOutputDevice() prevDevice 0x10000
12-25 23:09:43.665: V/APM_AudioPolicyManager(775): setOutputDevice() setting same device 0x0000 or null device
12-25 23:09:43.665: V/AudioPolicyManagerCustom(775): getNewOutputDevice() selected device 0
12-25 23:09:43.666: V/APM_AudioPolicyManager(775): setOutputDevice() device 0000 delayMs 0
12-25 23:09:43.666: V/APM_AudioPolicyManager(775): setOutputDevice() prevDevice 0x0002
12-25 23:09:43.666: V/APM_AudioPolicyManager(775): setOutputDevice() setting same device 0x0000 or null device
12-25 23:09:43.666: V/AudioPolicyManagerCustom(775): getNewOutputDevice() selected device 0
12-25 23:09:43.666: V/APM_AudioPolicyManager(775): setOutputDevice() device 0000 delayMs 0
12-25 23:09:43.666: V/APM_AudioPolicyManager(775): setOutputDevice() prevDevice 0x0002
12-25 23:09:43.666: V/APM_AudioPolicyManager(775): setOutputDevice() setting same device 0x0000 or null device
12-25 23:09:43.666: V/AudioPolicyManagerCustom(775): getNewOutputDevice() selected device 0
12-25 23:09:43.666: V/APM_AudioPolicyManager(775): setOutputDevice() device 0000 delayMs 0
12-25 23:09:43.666: V/APM_AudioPolicyManager(775): setOutputDevice() prevDevice 0x0002
12-25 23:09:43.666: V/APM_AudioPolicyManager(775): setOutputDevice() setting same device 0x0000 or null device
12-25 23:09:44.339: D/ThermalEngine(751): algo_monitor: Timer EVT
12-25 23:09:44.340: I/ThermalEngine(751): Sensor:case_therm:48000 mC
12-25 23:09:44.341: D/ThermalEngine(751): handle_timer_sig: SS Id SS-CASE-THERM Read case_therm 48000mC, Err -2000mC, SampleCnt 1
12-25 23:09:44.341: D/ThermalEngine(751): handle_timer_sig: SS Id SS-CASE-THERM, E0 -2000mC, E1 -2000mC
12-25 23:09:44.341: I/ThermalEngine(751): settimer: Start timer 1.000(sec)
12-25 23:09:44.341: D/ThermalEngine(751): algo_monitor: Wait for EV
12-25 23:09:44.525: D/ThermalEngine(751): sensor_wait: case_therm Wait done.
12-25 23:09:44.528: D/ThermalEngine(751): sensor_monitor: case_therm Reading 48000 .
12-25 23:09:44.528: I/ThermalEngine(751): Sensor:case_therm:48000 mC
12-25 23:09:44.528: D/ThermalEngine(751): update_active_thresh: case_therm Active(1), Hi(1) 52000, Lo(1) 42000, Interval(1) 10000
12-25 23:09:44.528: D/ThermalEngine(751): sensor_monitor: case_therm Sensor wait.
12-25 23:09:44.529: D/ThermalEngine(751): sensor_wait: case_therm Wait start. 10000ms
12-25 23:09:44.991: I/PowerManagerService(1826): Nap time (uid 1000)...
12-25 23:09:44.992: D/DisplayPowerController(1826): requestPowerState: policy=DIM, useProximitySensor=false, screenBrightness=102, screenAutoBrightnessAdjustment=0.0, brightnessSetByUser=true, useAutoBrightness=false, blockScreenOn=false, lowPowerMode=false, boostScreenBrightness=false, dozeScreenBrightness=-1, dozeScreenState=UNKNOWN, waitForNegativeProximity=false
12-25 23:09:44.993: I/DreamManagerService(1826): Entering dreamland.
12-25 23:09:44.993: D/DisplayPowerController(1826): requestPowerState: policy=DIM, useProximitySensor=false, screenBrightness=102, screenAutoBrightnessAdjustment=0.0, brightnessSetByUser=true, useAutoBrightness=false, blockScreenOn=false, lowPowerMode=false, boostScreenBrightness=false, dozeScreenBrightness=-1, dozeScreenState=UNKNOWN, waitForNegativeProximity=false
12-25 23:09:44.994: I/PowerManagerService(1826): Dreaming...
12-25 23:09:44.996: I/DreamController(1826): Starting dream: name=ComponentInfo{com.android.dreams.basic/com.android.dreams.basic.Colors}, isTest=false, canDoze=false, userId=0
12-25 23:09:45.114: I/chatty(1826): uid=1000(system) Binder:1826_6 expire 5 lines
12-25 23:09:45.141: I/OpenGLRenderer(5197): Initialized EGL, version 1.4
12-25 23:09:45.141: D/OpenGLRenderer(5197): Swap behavior 1
12-25 23:09:45.256: I/MSM-irqbalance(910): Decided to move IRQ3 from CPU0 [P:0] to CPU6 [P:1] (banned)
12-25 23:09:45.258: I/MSM-irqbalance(910): Decided to move IRQ5 from CPU0 [P:0] to CPU7 [P:1] (banned)
12-25 23:09:45.261: I/MSM-irqbalance(910): Decided to move IRQ3 from CPU1 [P:0] to CPU4 [P:1] (banned)
12-25 23:09:45.262: I/MSM-irqbalance(910): Decided to move IRQ5 from CPU1 [P:0] to CPU5 [P:1] (banned)
12-25 23:09:45.263: I/MSM-irqbalance(910): Decided to move IRQ3 from CPU2 [P:0] to CPU6 [P:1] (banned)
12-25 23:09:45.265: I/MSM-irqbalance(910): Decided to move IRQ5 from CPU2 [P:0] to CPU7 [P:1] (banned)
12-25 23:09:45.267: I/MSM-irqbalance(910): Decided to move IRQ3 from CPU3 [P:0] to CPU4 [P:1] (banned)
12-25 23:09:45.268: I/MSM-irqbalance(910): Decided to move IRQ5 from CPU3 [P:0] to CPU5 [P:1] (banned)
12-25 23:09:45.290: D/DisplayPowerController(1826): requestPowerState: policy=DIM, useProximitySensor=false, screenBrightness=102, screenAutoBrightnessAdjustment=0.0, brightnessSetByUser=true, useAutoBrightness=false, blockScreenOn=false, lowPowerMode=false, boostScreenBrightness=false, dozeScreenBrightness=-1, dozeScreenState=UNKNOWN, waitForNegativeProximity=false
12-25 23:09:45.341: D/ThermalEngine(751): algo_monitor: Timer EVT
12-25 23:09:45.344: I/ThermalEngine(751): Sensor:case_therm:48000 mC
12-25 23:09:45.344: D/ThermalEngine(751): handle_timer_sig: SS Id SS-CASE-THERM Read case_therm 48000mC, Err -2000mC, SampleCnt 1
12-25 23:09:45.344: D/ThermalEngine(751): handle_timer_sig: SS Id SS-CASE-THERM, E0 -2000mC, E1 -2000mC
12-25 23:09:45.344: D/ThermalEngine(751): Already at device mitigation min perf limit
12-25 23:09:45.344: I/ThermalEngine(751): settimer: Start timer 1.000(sec)
12-25 23:09:45.344: D/ThermalEngine(751): algo_monitor: Wait for EV
12-25 23:09:45.409: I/chatty(1826): uid=1000(system) android.display expire 12 lines
12-25 23:09:45.409: D/KeyguardViewMediator(3252): setOccluded true
12-25 23:09:45.419: D/DisplayPowerController(1826): requestPowerState: policy=BRIGHT, useProximitySensor=false, screenBrightness=102, screenAutoBrightnessAdjustment=0.0, brightnessSetByUser=true, useAutoBrightness=false, blockScreenOn=false, lowPowerMode=false, boostScreenBrightness=false, dozeScreenBrightness=-1, dozeScreenState=UNKNOWN, waitForNegativeProximity=false
12-25 23:09:45.420: D/DisplayPowerController(1826): Animating brightness: target=102, rate=200
12-25 23:09:45.420: D/DisplayPowerController(1826): Unfinished business...
12-25 23:09:45.421: D/DisplayPowerController(1826): Display ready!
12-25 23:09:45.421: D/DisplayPowerController(1826): requestPowerState: policy=BRIGHT, useProximitySensor=false, screenBrightness=102, screenAutoBrightnessAdjustment=0.0, brightnessSetByUser=true, useAutoBrightness=false, blockScreenOn=false, lowPowerMode=false, boostScreenBrightness=false, dozeScreenBrightness=-1, dozeScreenState=UNKNOWN, waitForNegativeProximity=false
12-25 23:09:45.430: D/DisplayPowerState(1826): setScreenBrightness: brightness=12
12-25 23:09:45.431: D/DisplayPowerState(1826): Requesting new screen state: state=ON, backlight=12
12-25 23:09:45.431: D/DisplayPowerState(1826): Screen ready
12-25 23:09:45.431: D/DisplayPowerState(1826): Updating screen state: state=ON, backlight=12
12-25 23:09:45.431: D/DisplayPowerState(1826): Screen ready
12-25 23:09:45.431: D/LocalDisplayAdapter(1826): setDisplayBrightness(id=0, brightness=12)
12-25 23:09:45.431: V/LightsService(1826): setLight #0: color=#ff0c0c0c: brightnessMode=0
12-25 23:09:45.432: V/LightsService(1826): setLightLocked
12-25 23:09:45.432: V/LightsService(1826): java.lang.Throwable
12-25 23:09:45.432: V/LightsService(1826): 	at com.android.server.lights.LightsService$LightImpl.setLightLocked(LightsService.java:138)
12-25 23:09:45.432: V/LightsService(1826): 	at com.android.server.lights.LightsService$LightImpl.setBrightness(LightsService.java:57)
12-25 23:09:45.432: V/LightsService(1826): 	at com.android.server.lights.LightsService$LightImpl.setBrightness(LightsService.java:42)
12-25 23:09:45.432: V/LightsService(1826): 	at com.android.server.display.LocalDisplayAdapter$LocalDisplayDevice$1.setDisplayBrightness(LocalDisplayAdapter.java:532)
12-25 23:09:45.432: V/LightsService(1826): 	at com.android.server.display.LocalDisplayAdapter$LocalDisplayDevice$1.run(LocalDisplayAdapter.java:487)
12-25 23:09:45.432: V/LightsService(1826): 	at com.android.server.display.DisplayManagerService.requestGlobalDisplayStateInternal(DisplayManagerService.java:384)
12-25 23:09:45.432: V/LightsService(1826): 	at com.android.server.display.DisplayManagerService.-wrap23(DisplayManagerService.java)
12-25 23:09:45.432: V/LightsService(1826): 	at com.android.server.display.DisplayManagerService$LocalService$1.requestDisplayState(DisplayManagerService.java:1594)
12-25 23:09:45.432: V/LightsService(1826): 	at com.android.server.display.DisplayPowerState$PhotonicModulator.run(DisplayPowerState.java:432)
12-25 23:09:45.433: D/DisplayPowerState(1826): Screen ready
12-25 23:09:45.447: D/DisplayPowerState(1826): setScreenBrightness: brightness=15
12-25 23:09:45.447: D/DisplayPowerState(1826): Requesting new screen state: state=ON, backlight=15
12-25 23:09:45.447: D/DisplayPowerState(1826): Screen ready
12-25 23:09:45.448: D/DisplayPowerState(1826): Updating screen state: state=ON, backlight=15
12-25 23:09:45.448: D/DisplayPowerState(1826): Screen ready
12-25 23:09:45.448: D/LocalDisplayAdapter(1826): setDisplayBrightness(id=0, brightness=15)
12-25 23:09:45.448: V/LightsService(1826): setLight #0: color=#ff0f0f0f: brightnessMode=0
12-25 23:09:45.449: V/LightsService(1826): setLightLocked
12-25 23:09:45.449: V/LightsService(1826): java.lang.Throwable
12-25 23:09:45.449: V/LightsService(1826): 	at com.android.server.lights.LightsService$LightImpl.setLightLocked(LightsService.java:138)
12-25 23:09:45.449: V/LightsService(1826): 	at com.android.server.lights.LightsService$LightImpl.setBrightness(LightsService.java:57)
12-25 23:09:45.449: V/LightsService(1826): 	at com.android.server.lights.LightsService$LightImpl.setBrightness(LightsService.java:42)
12-25 23:09:45.449: V/LightsService(1826): 	at com.android.server.display.LocalDisplayAdapter$LocalDisplayDevice$1.setDisplayBrightness(LocalDisplayAdapter.java:532)
12-25 23:09:45.449: V/LightsService(1826): 	at com.android.server.display.LocalDisplayAdapter$LocalDisplayDevice$1.run(LocalDisplayAdapter.java:487)
12-25 23:09:45.449: V/LightsService(1826): 	at com.android.server.display.DisplayManagerService.requestGlobalDisplayStateInternal(DisplayManagerService.java:384)
12-25 23:09:45.449: V/LightsService(1826): 	at com.android.server.display.DisplayManagerService.-wrap23(DisplayManagerService.java)
12-25 23:09:45.449: V/LightsService(1826): 	at com.android.server.display.DisplayManagerService$LocalService$1.requestDisplayState(DisplayManagerService.java:1594)
12-25 23:09:45.449: V/LightsService(1826): 	at com.android.server.display.DisplayPowerState$PhotonicModulator.run(DisplayPowerState.java:432)
12-25 23:09:45.451: D/DisplayPowerState(1826): Screen ready
12-25 23:09:45.466: D/DisplayPowerState(1826): setScreenBrightness: brightness=19
12-25 23:09:45.466: D/DisplayPowerState(1826): Requesting new screen state: state=ON, backlight=19
12-25 23:09:45.466: D/DisplayPowerState(1826): Screen ready
12-25 23:09:45.469: D/DisplayPowerState(1826): Updating screen state: state=ON, backlight=19
12-25 23:09:45.469: D/DisplayPowerState(1826): Screen ready
12-25 23:09:45.469: D/LocalDisplayAdapter(1826): setDisplayBrightness(id=0, brightness=19)
12-25 23:09:45.469: V/LightsService(1826): setLight #0: color=#ff131313: brightnessMode=0
12-25 23:09:45.470: V/LightsService(1826): setLightLocked
12-25 23:09:45.470: V/LightsService(1826): java.lang.Throwable
12-25 23:09:45.470: V/LightsService(1826): 	at com.android.server.lights.LightsService$LightImpl.setLightLocked(LightsService.java:138)
12-25 23:09:45.470: V/LightsService(1826): 	at com.android.server.lights.LightsService$LightImpl.setBrightness(LightsService.java:57)
12-25 23:09:45.470: V/LightsService(1826): 	at com.android.server.lights.LightsService$LightImpl.setBrightness(LightsService.java:42)
12-25 23:09:45.470: V/LightsService(1826): 	at com.android.server.display.LocalDisplayAdapter$LocalDisplayDevice$1.setDisplayBrightness(LocalDisplayAdapter.java:532)
12-25 23:09:45.470: V/LightsService(1826): 	at com.android.server.display.LocalDisplayAdapter$LocalDisplayDevice$1.run(LocalDisplayAdapter.java:487)
12-25 23:09:45.470: V/LightsService(1826): 	at com.android.server.display.DisplayManagerService.requestGlobalDisplayStateInternal(DisplayManagerService.java:384)
12-25 23:09:45.470: V/LightsService(1826): 	at com.android.server.display.DisplayManagerService.-wrap23(DisplayManagerService.java)
12-25 23:09:45.470: V/LightsService(1826): 	at com.android.server.display.DisplayManagerService$LocalService$1.requestDisplayState(DisplayManagerService.java:1594)
12-25 23:09:45.470: V/LightsService(1826): 	at com.android.server.display.DisplayPowerState$PhotonicModulator.run(DisplayPowerState.java:432)
12-25 23:09:45.471: D/DisplayPowerState(1826): Screen ready
12-25 23:09:45.486: D/DisplayPowerState(1826): setScreenBrightness: brightness=22
12-25 23:09:45.486: D/DisplayPowerState(1826): Requesting new screen state: state=ON, backlight=22
12-25 23:09:45.486: D/DisplayPowerState(1826): Screen ready
12-25 23:09:45.486: D/DisplayPowerState(1826): Updating screen state: state=ON, backlight=22
12-25 23:09:45.487: D/LocalDisplayAdapter(1826): setDisplayBrightness(id=0, brightness=22)
12-25 23:09:45.487: V/LightsService(1826): setLight #0: color=#ff161616: brightnessMode=0
12-25 23:09:45.487: V/LightsService(1826): setLightLocked
12-25 23:09:45.487: V/LightsService(1826): java.lang.Throwable
12-25 23:09:45.487: V/LightsService(1826): 	at com.android.server.lights.LightsService$LightImpl.setLightLocked(LightsService.java:138)
12-25 23:09:45.487: V/LightsService(1826): 	at com.android.server.lights.LightsService$LightImpl.setBrightness(LightsService.java:57)
12-25 23:09:45.487: V/LightsService(1826): 	at com.android.server.lights.LightsService$LightImpl.setBrightness(LightsService.java:42)
12-25 23:09:45.487: V/LightsService(1826): 	at com.android.server.display.LocalDisplayAdapter$LocalDisplayDevice$1.setDisplayBrightness(LocalDisplayAdapter.java:532)
12-25 23:09:45.487: V/LightsService(1826): 	at com.android.server.display.LocalDisplayAdapter$LocalDisplayDevice$1.run(LocalDisplayAdapter.java:487)
12-25 23:09:45.487: V/LightsService(1826): 	at com.android.server.display.DisplayManagerService.requestGlobalDisplayStateInternal(DisplayManagerService.java:384)
12-25 23:09:45.487: V/LightsService(1826): 	at com.android.server.display.DisplayManagerService.-wrap23(DisplayManagerService.java)
12-25 23:09:45.487: V/LightsService(1826): 	at com.android.server.display.DisplayManagerService$LocalService$1.requestDisplayState(DisplayManagerService.java:1594)
12-25 23:09:45.487: V/LightsService(1826): 	at com.android.server.display.DisplayPowerState$PhotonicModulator.run(DisplayPowerState.java:432)
12-25 23:09:45.488: D/DisplayPowerState(1826): Screen ready
12-25 23:09:45.497: D/DisplayPowerState(1826): setScreenBrightness: brightness=25
12-25 23:09:45.498: D/KeyguardUpdateMonitor(3252): onKeyguardVisibilityChanged(false)
12-25 23:09:45.498: D/DisplayPowerState(1826): Requesting new screen state: state=ON, backlight=25
12-25 23:09:45.498: D/DisplayPowerState(1826): Screen ready
12-25 23:09:45.500: D/DisplayPowerState(1826): Updating screen state: state=ON, backlight=25
12-25 23:09:45.501: D/LocalDisplayAdapter(1826): setDisplayBrightness(id=0, brightness=25)
12-25 23:09:45.501: V/LightsService(1826): setLight #0: color=#ff191919: brightnessMode=0
12-25 23:09:45.501: D/DisplayPowerState(1826): Screen ready
12-25 23:09:45.501: V/LightsService(1826): setLightLocked
12-25 23:09:45.501: V/LightsService(1826): java.lang.Throwable
12-25 23:09:45.501: V/LightsService(1826): 	at com.android.server.lights.LightsService$LightImpl.setLightLocked(LightsService.java:138)
12-25 23:09:45.501: V/LightsService(1826): 	at com.android.server.lights.LightsService$LightImpl.setBrightness(LightsService.java:57)
12-25 23:09:45.501: V/LightsService(1826): 	at com.android.server.lights.LightsService$LightImpl.setBrightness(LightsService.java:42)
12-25 23:09:45.501: V/LightsService(1826): 	at com.android.server.display.LocalDisplayAdapter$LocalDisplayDevice$1.setDisplayBrightness(LocalDisplayAdapter.java:532)
12-25 23:09:45.501: V/LightsService(1826): 	at com.android.server.display.LocalDisplayAdapter$LocalDisplayDevice$1.run(LocalDisplayAdapter.java:487)
12-25 23:09:45.501: V/LightsService(1826): 	at com.android.server.display.DisplayManagerService.requestGlobalDisplayStateInternal(DisplayManagerService.java:384)
12-25 23:09:45.501: V/LightsService(1826): 	at com.android.server.display.DisplayManagerService.-wrap23(DisplayManagerService.java)
12-25 23:09:45.501: V/LightsService(1826): 	at com.android.server.display.DisplayManagerService$LocalService$1.requestDisplayState(DisplayManagerService.java:1594)
12-25 23:09:45.501: V/LightsService(1826): 	at com.android.server.display.DisplayPowerState$PhotonicModulator.run(DisplayPowerState.java:432)
12-25 23:09:45.502: D/DisplayPowerState(1826): Screen ready
12-25 23:09:45.504: D/KeyguardViewMediator(3252): adjustStatusBarLocked: mShowing=true mOccluded=true isSecure=false --> flags=0x3000000
12-25 23:09:45.514: D/DisplayPowerState(1826): setScreenBrightness: brightness=29
12-25 23:09:45.515: D/DisplayPowerState(1826): Requesting new screen state: state=ON, backlight=29
12-25 23:09:45.516: D/DisplayPowerState(1826): Screen ready
12-25 23:09:45.516: D/DisplayPowerState(1826): Updating screen state: state=ON, backlight=29
12-25 23:09:45.516: D/DisplayPowerState(1826): Screen ready
12-25 23:09:45.516: D/LocalDisplayAdapter(1826): setDisplayBrightness(id=0, brightness=29)
12-25 23:09:45.517: V/LightsService(1826): setLight #0: color=#ff1d1d1d: brightnessMode=0
12-25 23:09:45.517: V/LightsService(1826): setLightLocked
12-25 23:09:45.517: V/LightsService(1826): java.lang.Throwable
12-25 23:09:45.517: V/LightsService(1826): 	at com.android.server.lights.LightsService$LightImpl.setLightLocked(LightsService.java:138)
12-25 23:09:45.517: V/LightsService(1826): 	at com.android.server.lights.LightsService$LightImpl.setBrightness(LightsService.java:57)
12-25 23:09:45.517: V/LightsService(1826): 	at com.android.server.lights.LightsService$LightImpl.setBrightness(LightsService.java:42)
12-25 23:09:45.517: V/LightsService(1826): 	at com.android.server.display.LocalDisplayAdapter$LocalDisplayDevice$1.setDisplayBrightness(LocalDisplayAdapter.java:532)
12-25 23:09:45.517: V/LightsService(1826): 	at com.android.server.display.LocalDisplayAdapter$LocalDisplayDevice$1.run(LocalDisplayAdapter.java:487)
12-25 23:09:45.517: V/LightsService(1826): 	at com.android.server.display.DisplayManagerService.requestGlobalDisplayStateInternal(DisplayManagerService.java:384)
12-25 23:09:45.517: V/LightsService(1826): 	at com.android.server.display.DisplayManagerService.-wrap23(DisplayManagerService.java)
12-25 23:09:45.517: V/LightsService(1826): 	at com.android.server.display.DisplayManagerService$LocalService$1.requestDisplayState(DisplayManagerService.java:1594)
12-25 23:09:45.517: V/LightsService(1826): 	at com.android.server.display.DisplayPowerState$PhotonicModulator.run(DisplayPowerState.java:432)
12-25 23:09:45.521: D/DisplayPowerState(1826): Screen ready
12-25 23:09:45.533: D/DisplayPowerState(1826): setScreenBrightness: brightness=32
12-25 23:09:45.535: D/DisplayPowerState(1826): Requesting new screen state: state=ON, backlight=32
12-25 23:09:45.535: D/DisplayPowerState(1826): Screen ready
12-25 23:09:45.536: D/DisplayPowerState(1826): Updating screen state: state=ON, backlight=32
12-25 23:09:45.536: D/DisplayPowerState(1826): Screen ready
12-25 23:09:45.536: D/LocalDisplayAdapter(1826): setDisplayBrightness(id=0, brightness=32)
12-25 23:09:45.536: V/LightsService(1826): setLight #0: color=#ff202020: brightnessMode=0
12-25 23:09:45.537: V/LightsService(1826): setLightLocked
12-25 23:09:45.537: V/LightsService(1826): java.lang.Throwable
12-25 23:09:45.537: V/LightsService(1826): 	at com.android.server.lights.LightsService$LightImpl.setLightLocked(LightsService.java:138)
12-25 23:09:45.537: V/LightsService(1826): 	at com.android.server.lights.LightsService$LightImpl.setBrightness(LightsService.java:57)
12-25 23:09:45.537: V/LightsService(1826): 	at com.android.server.lights.LightsService$LightImpl.setBrightness(LightsService.java:42)
12-25 23:09:45.537: V/LightsService(1826): 	at com.android.server.display.LocalDisplayAdapter$LocalDisplayDevice$1.setDisplayBrightness(LocalDisplayAdapter.java:532)
12-25 23:09:45.537: V/LightsService(1826): 	at com.android.server.display.LocalDisplayAdapter$LocalDisplayDevice$1.run(LocalDisplayAdapter.java:487)
12-25 23:09:45.537: V/LightsService(1826): 	at com.android.server.display.DisplayManagerService.requestGlobalDisplayStateInternal(DisplayManagerService.java:384)
12-25 23:09:45.537: V/LightsService(1826): 	at com.android.server.display.DisplayManagerService.-wrap23(DisplayManagerService.java)
12-25 23:09:45.537: V/LightsService(1826): 	at com.android.server.display.DisplayManagerService$LocalService$1.requestDisplayState(DisplayManagerService.java:1594)
12-25 23:09:45.537: V/LightsService(1826): 	at com.android.server.display.DisplayPowerState$PhotonicModulator.run(DisplayPowerState.java:432)
12-25 23:09:45.538: D/DisplayPowerState(1826): Screen ready
12-25 23:09:45.542: D/DisplayPowerController(1826): requestPowerState: policy=BRIGHT, useProximitySensor=false, screenBrightness=102, screenAutoBrightnessAdjustment=0.0, brightnessSetByUser=true, useAutoBrightness=false, blockScreenOn=false, lowPowerMode=false, boostScreenBrightness=false, dozeScreenBrightness=-1, dozeScreenState=UNKNOWN, waitForNegativeProximity=false
12-25 23:09:45.549: D/DisplayPowerState(1826): setScreenBrightness: brightness=35
12-25 23:09:45.555: D/DisplayPowerState(1826): Requesting new screen state: state=ON, backlight=35
12-25 23:09:45.555: D/DisplayPowerState(1826): Screen ready
12-25 23:09:45.555: D/DisplayPowerState(1826): Screen ready
12-25 23:09:45.555: D/DisplayPowerState(1826): Updating screen state: state=ON, backlight=35
12-25 23:09:45.555: D/LocalDisplayAdapter(1826): setDisplayBrightness(id=0, brightness=35)
12-25 23:09:45.555: V/LightsService(1826): setLight #0: color=#ff232323: brightnessMode=0
12-25 23:09:45.556: V/LightsService(1826): setLightLocked
12-25 23:09:45.556: V/LightsService(1826): java.lang.Throwable
12-25 23:09:45.556: V/LightsService(1826): 	at com.android.server.lights.LightsService$LightImpl.setLightLocked(LightsService.java:138)
12-25 23:09:45.556: V/LightsService(1826): 	at com.android.server.lights.LightsService$LightImpl.setBrightness(LightsService.java:57)
12-25 23:09:45.556: V/LightsService(1826): 	at com.android.server.lights.LightsService$LightImpl.setBrightness(LightsService.java:42)
12-25 23:09:45.556: V/LightsService(1826): 	at com.android.server.display.LocalDisplayAdapter$LocalDisplayDevice$1.setDisplayBrightness(LocalDisplayAdapter.java:532)
12-25 23:09:45.556: V/LightsService(1826): 	at com.android.server.display.LocalDisplayAdapter$LocalDisplayDevice$1.run(LocalDisplayAdapter.java:487)
12-25 23:09:45.556: V/LightsService(1826): 	at com.android.server.display.DisplayManagerService.requestGlobalDisplayStateInternal(DisplayManagerService.java:384)
12-25 23:09:45.556: V/LightsService(1826): 	at com.android.server.display.DisplayManagerService.-wrap23(DisplayManagerService.java)
12-25 23:09:45.556: V/LightsService(1826): 	at com.android.server.display.DisplayManagerService$LocalService$1.requestDisplayState(DisplayManagerService.java:1594)
12-25 23:09:45.556: V/LightsService(1826): 	at com.android.server.display.DisplayPowerState$PhotonicModulator.run(DisplayPowerState.java:432)
12-25 23:09:45.557: D/DisplayPowerState(1826): Screen ready
12-25 23:09:45.575: D/KeyguardUpdateMonitor(3252): handleKeyguardReset
12-25 23:09:45.583: D/DisplayPowerState(1826): setScreenBrightness: brightness=42
12-25 23:09:45.584: D/DisplayPowerState(1826): Requesting new screen state: state=ON, backlight=42
12-25 23:09:45.584: D/DisplayPowerState(1826): Screen ready
12-25 23:09:45.584: D/DisplayPowerState(1826): Updating screen state: state=ON, backlight=42
12-25 23:09:45.584: D/LocalDisplayAdapter(1826): setDisplayBrightness(id=0, brightness=42)
12-25 23:09:45.584: V/LightsService(1826): setLight #0: color=#ff2a2a2a: brightnessMode=0
12-25 23:09:45.585: D/DisplayPowerState(1826): Screen ready
12-25 23:09:45.585: V/LightsService(1826): setLightLocked
12-25 23:09:45.585: V/LightsService(1826): java.lang.Throwable
12-25 23:09:45.585: V/LightsService(1826): 	at com.android.server.lights.LightsService$LightImpl.setLightLocked(LightsService.java:138)
12-25 23:09:45.585: V/LightsService(1826): 	at com.android.server.lights.LightsService$LightImpl.setBrightness(LightsService.java:57)
12-25 23:09:45.585: V/LightsService(1826): 	at com.android.server.lights.LightsService$LightImpl.setBrightness(LightsService.java:42)
12-25 23:09:45.585: V/LightsService(1826): 	at com.android.server.display.LocalDisplayAdapter$LocalDisplayDevice$1.setDisplayBrightness(LocalDisplayAdapter.java:532)
12-25 23:09:45.585: V/LightsService(1826): 	at com.android.server.display.LocalDisplayAdapter$LocalDisplayDevice$1.run(LocalDisplayAdapter.java:487)
12-25 23:09:45.585: V/LightsService(1826): 	at com.android.server.display.DisplayManagerService.requestGlobalDisplayStateInternal(DisplayManagerService.java:384)
12-25 23:09:45.585: V/LightsService(1826): 	at com.android.server.display.DisplayManagerService.-wrap23(DisplayManagerService.java)
12-25 23:09:45.585: V/LightsService(1826): 	at com.android.server.display.DisplayManagerService$LocalService$1.requestDisplayState(DisplayManagerService.java:1594)
12-25 23:09:45.585: V/LightsService(1826): 	at com.android.server.display.DisplayPowerState$PhotonicModulator.run(DisplayPowerState.java:432)
12-25 23:09:45.587: D/DisplayPowerState(1826): Screen ready
12-25 23:09:45.597: D/DisplayPowerState(1826): setScreenBrightness: brightness=45
12-25 23:09:45.598: D/DisplayPowerState(1826): Requesting new screen state: state=ON, backlight=45
12-25 23:09:45.598: D/DisplayPowerState(1826): Screen ready
12-25 23:09:45.598: D/DisplayPowerState(1826): Updating screen state: state=ON, backlight=45
12-25 23:09:45.598: D/DisplayPowerState(1826): Screen ready
12-25 23:09:45.598: D/LocalDisplayAdapter(1826): setDisplayBrightness(id=0, brightness=45)
12-25 23:09:45.599: V/LightsService(1826): setLight #0: color=#ff2d2d2d: brightnessMode=0
12-25 23:09:45.599: V/LightsService(1826): setLightLocked
12-25 23:09:45.599: V/LightsService(1826): java.lang.Throwable
12-25 23:09:45.599: V/LightsService(1826): 	at com.android.server.lights.LightsService$LightImpl.setLightLocked(LightsService.java:138)
12-25 23:09:45.599: V/LightsService(1826): 	at com.android.server.lights.LightsService$LightImpl.setBrightness(LightsService.java:57)
12-25 23:09:45.599: V/LightsService(1826): 	at com.android.server.lights.LightsService$LightImpl.setBrightness(LightsService.java:42)
12-25 23:09:45.599: V/LightsService(1826): 	at com.android.server.display.LocalDisplayAdapter$LocalDisplayDevice$1.setDisplayBrightness(LocalDisplayAdapter.java:532)
12-25 23:09:45.599: V/LightsService(1826): 	at com.android.server.display.LocalDisplayAdapter$LocalDisplayDevice$1.run(LocalDisplayAdapter.java:487)
12-25 23:09:45.599: V/LightsService(1826): 	at com.android.server.display.DisplayManagerService.requestGlobalDisplayStateInternal(DisplayManagerService.java:384)
12-25 23:09:45.599: V/LightsService(1826): 	at com.android.server.display.DisplayManagerService.-wrap23(DisplayManagerService.java)
12-25 23:09:45.599: V/LightsService(1826): 	at com.android.server.display.DisplayManagerService$LocalService$1.requestDisplayState(DisplayManagerService.java:1594)
12-25 23:09:45.599: V/LightsService(1826): 	at com.android.server.display.DisplayPowerState$PhotonicModulator.run(DisplayPowerState.java:432)
12-25 23:09:45.600: D/DisplayPowerState(1826): Screen ready
12-25 23:09:45.615: D/DisplayPowerState(1826): setScreenBrightness: brightness=49
12-25 23:09:45.620: D/DisplayPowerState(1826): Requesting new screen state: state=ON, backlight=49
12-25 23:09:45.620: D/DisplayPowerState(1826): Screen ready
12-25 23:09:45.621: D/DisplayPowerState(1826): Updating screen state: state=ON, backlight=49
12-25 23:09:45.621: D/LocalDisplayAdapter(1826): setDisplayBrightness(id=0, brightness=49)
12-25 23:09:45.621: V/LightsService(1826): setLight #0: color=#ff313131: brightnessMode=0
12-25 23:09:45.622: V/LightsService(1826): setLightLocked
12-25 23:09:45.622: V/LightsService(1826): java.lang.Throwable
12-25 23:09:45.622: V/LightsService(1826): 	at com.android.server.lights.LightsService$LightImpl.setLightLocked(LightsService.java:138)
12-25 23:09:45.622: V/LightsService(1826): 	at com.android.server.lights.LightsService$LightImpl.setBrightness(LightsService.java:57)
12-25 23:09:45.622: V/LightsService(1826): 	at com.android.server.lights.LightsService$LightImpl.setBrightness(LightsService.java:42)
12-25 23:09:45.622: V/LightsService(1826): 	at com.android.server.display.LocalDisplayAdapter$LocalDisplayDevice$1.setDisplayBrightness(LocalDisplayAdapter.java:532)
12-25 23:09:45.622: V/LightsService(1826): 	at com.android.server.display.LocalDisplayAdapter$LocalDisplayDevice$1.run(LocalDisplayAdapter.java:487)
12-25 23:09:45.622: V/LightsService(1826): 	at com.android.server.display.DisplayManagerService.requestGlobalDisplayStateInternal(DisplayManagerService.java:384)
12-25 23:09:45.622: V/LightsService(1826): 	at com.android.server.display.DisplayManagerService.-wrap23(DisplayManagerService.java)
12-25 23:09:45.622: V/LightsService(1826): 	at com.android.server.display.DisplayManagerService$LocalService$1.requestDisplayState(DisplayManagerService.java:1594)
