12-25 23:08:00.086: D/DisplayPowerController(1826): requestPowerState: policy=BRIGHT, useProximitySensor=false, screenBrightness=102, screenAutoBrightnessAdjustment=0.0, brightnessSetByUser=true, useAutoBrightness=false, blockScreenOn=false, lowPowerMode=false, boostScreenBrightness=false, dozeScreenBrightness=-1, dozeScreenState=UNKNOWN, waitForNegativeProximity=false
12-25 23:08:00.245: I/MSM-irqbalance(910): Decided to move IRQ3 from CPU1 [P:0] to CPU5 [P:1] (banned)
12-25 23:08:00.245: I/MSM-irqbalance(910): Decided to move IRQ5 from CPU1 [P:0] to CPU6 [P:1] (banned)
12-25 23:08:00.246: I/MSM-irqbalance(910): Decided to move IRQ3 from CPU2 [P:0] to CPU4 [P:1] (banned)
12-25 23:08:00.247: I/MSM-irqbalance(910): Decided to move IRQ5 from CPU2 [P:0] to CPU7 [P:1] (banned)
12-25 23:08:05.247: I/MSM-irqbalance(910): Decided to move IRQ3 from CPU1 [P:0] to CPU5 [P:1] (banned)
12-25 23:08:05.249: I/MSM-irqbalance(910): Decided to move IRQ5 from CPU1 [P:0] to CPU6 [P:1] (banned)
12-25 23:08:05.250: I/MSM-irqbalance(910): Decided to move IRQ3 from CPU3 [P:0] to CPU4 [P:1] (banned)
12-25 23:08:05.251: I/MSM-irqbalance(910): Decided to move IRQ5 from CPU3 [P:0] to CPU7 [P:1] (banned)
12-25 23:08:05.264: W/ActivityManager(1826): Slow operation: 51ms so far, now at startProcess: returned from zygote!
12-25 23:08:05.265: W/ActivityManager(1826): Slow operation: 51ms so far, now at startProcess: done updating battery stats
12-25 23:08:05.265: W/ActivityManager(1826): Slow operation: 51ms so far, now at startProcess: building log message
12-25 23:08:05.265: I/ActivityManager(1826): Start proc 7843:com.qualcomm.qti.StatsPollManager/u0a72 for service com.qualcomm.qti.StatsPollManager/.StatsPollManagerService
12-25 23:08:05.265: W/ActivityManager(1826): Slow operation: 51ms so far, now at startProcess: starting to update pids map
12-25 23:08:05.265: W/ActivityManager(1826): Slow operation: 51ms so far, now at startProcess: done updating pids map
12-25 23:08:05.265: W/ActivityManager(1826): Slow operation: 53ms so far, now at startProcess: done starting proc!
12-25 23:08:05.368: I/art(7843): Starting a blocking GC AddRemoveAppImageSpace
12-25 23:08:05.369: W/System(7843): ClassLoader referenced unknown path: /system/app/StatsPollManager/lib/arm64
12-25 23:08:10.246: I/MSM-irqbalance(910): Decided to move IRQ3 from CPU1 [P:0] to CPU5 [P:1] (banned)
12-25 23:08:10.248: I/MSM-irqbalance(910): Decided to move IRQ5 from CPU1 [P:0] to CPU6 [P:1] (banned)
12-25 23:08:10.249: I/MSM-irqbalance(910): Decided to move IRQ3 from CPU2 [P:0] to CPU4 [P:1] (banned)
12-25 23:08:10.250: I/MSM-irqbalance(910): Decided to move IRQ5 from CPU2 [P:0] to CPU7 [P:1] (banned)
12-25 23:08:14.498: I/chatty(751): uid=0(root) /system/vendor/bin/thermal-engine expire 18 lines
12-25 23:08:15.094: I/chatty(751): uid=0(root) /system/vendor/bin/thermal-engine expire 70 lines
12-25 23:08:15.095: D/TriggerApplication(3935): onLowMemory
12-25 23:08:15.244: I/MSM-irqbalance(910): Decided to move IRQ3 from CPU1 [P:0] to CPU5 [P:1] (banned)
12-25 23:08:15.246: I/MSM-irqbalance(910): Decided to move IRQ5 from CPU1 [P:0] to CPU6 [P:1] (banned)
12-25 23:08:15.247: I/MSM-irqbalance(910): Decided to move IRQ3 from CPU2 [P:0] to CPU4 [P:1] (banned)
12-25 23:08:15.249: I/MSM-irqbalance(910): Decided to move IRQ5 from CPU2 [P:0] to CPU7 [P:1] (banned)
12-25 23:08:15.263: I/ActivityManager(1826): Start proc 7952:com.qti.diagservices/1000 for service com.qti.diagservices/.QTIDiagServices
12-25 23:08:15.352: I/art(7952): Starting a blocking GC AddRemoveAppImageSpace
12-25 23:08:15.355: W/System(7952): ClassLoader referenced unknown path: /system/app/QTIDiagServices/lib/arm64
12-25 23:08:15.395: E/DiagJNIInterface(7952): Trying to load libDiagService
12-25 23:08:15.411: I/Diag_Lib(7952): Diag_LSM_Init call succeeded
12-25 23:08:16.768: I/chatty(1826): uid=1000(system) ulp_msg expire 14 lines
12-25 23:08:20.243: I/MSM-irqbalance(910): Decided to move IRQ3 from CPU1 [P:0] to CPU5 [P:1] (banned)
12-25 23:08:20.245: I/MSM-irqbalance(910): Decided to move IRQ5 from CPU1 [P:0] to CPU6 [P:1] (banned)
12-25 23:08:20.246: I/MSM-irqbalance(910): Decided to move IRQ3 from CPU2 [P:0] to CPU7 [P:1] (banned)
12-25 23:08:20.247: I/MSM-irqbalance(910): Decided to move IRQ5 from CPU2 [P:0] to CPU4 [P:1] (banned)
12-25 23:08:25.247: I/MSM-irqbalance(910): Decided to move IRQ3 from CPU3 [P:0] to CPU5 [P:1] (banned)
12-25 23:08:25.250: I/MSM-irqbalance(910): Decided to move IRQ5 from CPU3 [P:0] to CPU6 [P:1] (banned)
12-25 23:08:25.251: I/MSM-irqbalance(910): Decided to move IRQ3 from CPU1 [P:0] to CPU4 [P:1] (banned)
12-25 23:08:25.251: I/MSM-irqbalance(910): Decided to move IRQ5 from CPU1 [P:0] to CPU7 [P:1] (banned)
12-25 23:08:25.261: I/ActivityManager(1826): Start proc 8022:com.qti.diagrestoreservice/1000 for service com.qti.diagrestoreservice/.QTIDiagRestoreServices
12-25 23:08:25.354: I/art(8022): Starting a blocking GC AddRemoveAppImageSpace
12-25 23:08:25.401: E/DiagJNIInterface(8022): Trying to load libDiagService
12-25 23:08:25.408: I/Diag_Lib(8022): Diag_LSM_Init call succeeded
12-25 23:08:26.122: I/chatty(751): uid=0(root) /system/vendor/bin/thermal-engine expire 95 lines
12-25 23:08:30.242: I/MSM-irqbalance(910): Decided to move IRQ3 from CPU0 [P:0] to CPU4 [P:1] (banned)
12-25 23:08:30.243: I/MSM-irqbalance(910): Decided to move IRQ5 from CPU0 [P:0] to CPU7 [P:1] (banned)
12-25 23:08:30.244: I/MSM-irqbalance(910): Decided to move IRQ3 from CPU1 [P:0] to CPU6 [P:1] (banned)
12-25 23:08:30.245: I/MSM-irqbalance(910): Decided to move IRQ5 from CPU1 [P:0] to CPU5 [P:1] (banned)
12-25 23:08:30.246: I/MSM-irqbalance(910): Decided to move IRQ3 from CPU2 [P:0] to CPU4 [P:1] (banned)
12-25 23:08:30.246: I/MSM-irqbalance(910): Decided to move IRQ5 from CPU2 [P:0] to CPU7 [P:1] (banned)
12-25 23:08:35.245: I/MSM-irqbalance(910): Decided to move IRQ3 from CPU2 [P:0] to CPU5 [P:1] (banned)
12-25 23:08:35.246: I/MSM-irqbalance(910): Decided to move IRQ5 from CPU2 [P:0] to CPU6 [P:1] (banned)
12-25 23:08:35.247: I/MSM-irqbalance(910): Decided to move IRQ3 from CPU1 [P:0] to CPU4 [P:1] (banned)
12-25 23:08:35.247: I/MSM-irqbalance(910): Decided to move IRQ5 from CPU1 [P:0] to CPU7 [P:1] (banned)
12-25 23:08:40.242: I/MSM-irqbalance(910): Decided to move IRQ3 from CPU2 [P:0] to CPU5 [P:1] (banned)
12-25 23:08:40.243: I/MSM-irqbalance(910): Decided to move IRQ5 from CPU2 [P:0] to CPU6 [P:1] (banned)
12-25 23:08:40.243: I/MSM-irqbalance(910): Decided to move IRQ3 from CPU1 [P:0] to CPU7 [P:1] (banned)
12-25 23:08:40.244: I/MSM-irqbalance(910): Decided to move IRQ5 from CPU1 [P:0] to CPU4 [P:1] (banned)
12-25 23:08:41.160: I/chatty(751): uid=0(root) /system/vendor/bin/thermal-engine expire 158 lines
12-25 23:08:44.505: I/chatty(751): uid=0(root) /system/vendor/bin/thermal-engine expire 12 lines
12-25 23:08:45.245: I/MSM-irqbalance(910): Decided to move IRQ3 from CPU0 [P:0] to CPU7 [P:1] (banned)
12-25 23:08:45.247: I/MSM-irqbalance(910): Decided to move IRQ5 from CPU0 [P:0] to CPU6 [P:1] (banned)
12-25 23:08:45.248: I/MSM-irqbalance(910): Decided to move IRQ3 from CPU1 [P:0] to CPU5 [P:1] (banned)
12-25 23:08:45.249: I/MSM-irqbalance(910): Decided to move IRQ5 from CPU1 [P:0] to CPU4 [P:1] (banned)
12-25 23:08:45.250: I/MSM-irqbalance(910): Decided to move IRQ3 from CPU3 [P:0] to CPU7 [P:1] (banned)
12-25 23:08:45.251: I/MSM-irqbalance(910): Decided to move IRQ5 from CPU3 [P:0] to CPU6 [P:1] (banned)
12-25 23:08:50.247: I/MSM-irqbalance(910): Decided to move IRQ3 from CPU3 [P:0] to CPU5 [P:1] (banned)
12-25 23:08:50.248: I/MSM-irqbalance(910): Decided to move IRQ5 from CPU3 [P:0] to CPU6 [P:1] (banned)
12-25 23:08:50.249: I/MSM-irqbalance(910): Decided to move IRQ3 from CPU0 [P:0] to CPU4 [P:1] (banned)
12-25 23:08:50.249: I/MSM-irqbalance(910): Decided to move IRQ5 from CPU0 [P:0] to CPU7 [P:1] (banned)
12-25 23:08:55.244: I/MSM-irqbalance(910): Decided to move IRQ3 from CPU3 [P:0] to CPU5 [P:1] (banned)
12-25 23:08:55.245: I/MSM-irqbalance(910): Decided to move IRQ5 from CPU3 [P:0] to CPU6 [P:1] (banned)
12-25 23:08:55.246: I/MSM-irqbalance(910): Decided to move IRQ3 from CPU2 [P:0] to CPU4 [P:1] (banned)
12-25 23:08:55.247: I/MSM-irqbalance(910): Decided to move IRQ5 from CPU2 [P:0] to CPU7 [P:1] (banned)
12-25 23:09:00.002: D/DisplayPowerController(1826): requestPowerState: policy=BRIGHT, useProximitySensor=false, screenBrightness=102, screenAutoBrightnessAdjustment=0.0, brightnessSetByUser=true, useAutoBrightness=false, blockScreenOn=false, lowPowerMode=false, boostScreenBrightness=false, dozeScreenBrightness=-1, dozeScreenState=UNKNOWN, waitForNegativeProximity=false
12-25 23:09:00.004: D/KeyguardUpdateMonitor(3252): received broadcast android.intent.action.TIME_TICK
12-25 23:09:00.005: D/KeyguardUpdateMonitor(3252): handleTimeUpdate
12-25 23:09:00.042: D/DisplayPowerController(1826): requestPowerState: policy=BRIGHT, useProximitySensor=false, screenBrightness=102, screenAutoBrightnessAdjustment=0.0, brightnessSetByUser=true, useAutoBrightness=false, blockScreenOn=false, lowPowerMode=false, boostScreenBrightness=false, dozeScreenBrightness=-1, dozeScreenState=UNKNOWN, waitForNegativeProximity=false
12-25 23:09:00.241: I/MSM-irqbalance(910): Decided to move IRQ3 from CPU3 [P:0] to CPU5 [P:1] (banned)
12-25 23:09:00.242: I/MSM-irqbalance(910): Decided to move IRQ5 from CPU3 [P:0] to CPU6 [P:1] (banned)
12-25 23:09:00.243: I/MSM-irqbalance(910): Decided to move IRQ3 from CPU2 [P:0] to CPU7 [P:1] (banned)
12-25 23:09:00.244: I/MSM-irqbalance(910): Decided to move IRQ5 from CPU2 [P:0] to CPU4 [P:1] (banned)
12-25 23:09:04.510: I/chatty(751): uid=0(root) /system/vendor/bin/thermal-engine expire 12 lines
12-25 23:09:05.243: I/MSM-irqbalance(910): Decided to move IRQ3 from CPU1 [P:0] to CPU5 [P:1] (banned)
12-25 23:09:05.246: I/MSM-irqbalance(910): Decided to move IRQ5 from CPU1 [P:0] to CPU6 [P:1] (banned)
12-25 23:09:05.247: I/MSM-irqbalance(910): Decided to move IRQ3 from CPU2 [P:0] to CPU7 [P:1] (banned)
12-25 23:09:05.248: I/MSM-irqbalance(910): Decided to move IRQ5 from CPU2 [P:0] to CPU4 [P:1] (banned)
12-25 23:09:06.222: I/chatty(751): uid=0(root) /system/vendor/bin/thermal-engine expire 120 lines
12-25 23:09:10.246: I/MSM-irqbalance(910): Decided to move IRQ3 from CPU0 [P:0] to CPU5 [P:1] (banned)
12-25 23:09:10.247: I/MSM-irqbalance(910): Decided to move IRQ5 from CPU0 [P:0] to CPU6 [P:1] (banned)
12-25 23:09:10.248: I/MSM-irqbalance(910): Decided to move IRQ3 from CPU1 [P:0] to CPU4 [P:1] (banned)
12-25 23:09:10.249: I/MSM-irqbalance(910): Decided to move IRQ5 from CPU1 [P:0] to CPU7 [P:1] (banned)
12-25 23:09:15.245: I/MSM-irqbalance(910): Decided to move IRQ3 from CPU0 [P:0] to CPU5 [P:1] (banned)
12-25 23:09:15.246: I/MSM-irqbalance(910): Decided to move IRQ5 from CPU0 [P:0] to CPU6 [P:1] (banned)
12-25 23:09:15.247: I/MSM-irqbalance(910): Decided to move IRQ3 from CPU1 [P:0] to CPU4 [P:1] (banned)
12-25 23:09:15.248: I/MSM-irqbalance(910): Decided to move IRQ5 from CPU1 [P:0] to CPU7 [P:1] (banned)
12-25 23:09:20.241: I/MSM-irqbalance(910): Decided to move IRQ3 from CPU0 [P:0] to CPU5 [P:1] (banned)
12-25 23:09:20.242: I/MSM-irqbalance(910): Decided to move IRQ5 from CPU0 [P:0] to CPU6 [P:1] (banned)
12-25 23:09:20.242: I/MSM-irqbalance(910): Decided to move IRQ3 from CPU1 [P:0] to CPU7 [P:1] (banned)
12-25 23:09:20.243: I/MSM-irqbalance(910): Decided to move IRQ5 from CPU1 [P:0] to CPU4 [P:1] (banned)
12-25 23:09:24.516: I/chatty(751): uid=0(root) /system/vendor/bin/thermal-engine expire 12 lines
12-25 23:09:25.245: I/MSM-irqbalance(910): Decided to move IRQ3 from CPU0 [P:0] to CPU5 [P:1] (banned)
12-25 23:09:25.246: I/MSM-irqbalance(910): Decided to move IRQ5 from CPU0 [P:0] to CPU6 [P:1] (banned)
12-25 23:09:25.247: I/MSM-irqbalance(910): Decided to move IRQ3 from CPU1 [P:0] to CPU7 [P:1] (banned)
12-25 23:09:25.249: I/MSM-irqbalance(910): Decided to move IRQ5 from CPU1 [P:0] to CPU4 [P:1] (banned)
12-25 23:09:25.270: I/chatty(751): uid=0(root) /system/vendor/bin/thermal-engine expire 64 lines
12-25 23:09:28.791: W/ActivityManager(1826): Permission Denial: opening provider com.android.providers.contacts.ContactsProvider2 from ProcessRecord{11c1418 4388:com.sohu.inputmethod.sogou/u0a76} (pid=4388, uid=10076) requires android.permission.READ_CONTACTS or android.permission.WRITE_CONTACTS
12-25 23:09:28.794: W/System.err(4388): java.lang.SecurityException: Permission Denial: opening provider com.android.providers.contacts.ContactsProvider2 from ProcessRecord{11c1418 4388:com.sohu.inputmethod.sogou/u0a76} (pid=4388, uid=10076) requires android.permission.READ_CONTACTS or android.permission.WRITE_CONTACTS
12-25 23:09:28.797: W/System.err(4388): 	at android.os.Parcel.readException(Parcel.java:1684)
12-25 23:09:28.797: W/System.err(4388): 	at android.os.Parcel.readException(Parcel.java:1637)
12-25 23:09:28.797: W/System.err(4388): 	at android.app.ActivityManagerProxy.getContentProvider(ActivityManagerNative.java:4209)
12-25 23:09:28.797: W/System.err(4388): 	at android.app.ActivityThread.acquireProvider(ActivityThread.java:5478)
12-25 23:09:28.797: W/System.err(4388): 	at android.app.ContextImpl$ApplicationContentResolver.acquireUnstableProvider(ContextImpl.java:2239)
12-25 23:09:28.797: W/System.err(4388): 	at android.content.ContentResolver.acquireUnstableProvider(ContentResolver.java:1520)
12-25 23:09:28.797: W/System.err(4388): 	at android.content.ContentResolver.query(ContentResolver.java:518)
12-25 23:09:28.797: W/System.err(4388): 	at android.content.ContentResolver.query(ContentResolver.java:475)
12-25 23:09:28.797: W/System.err(4388): 	at cnl.a(SogouSource:573)
12-25 23:09:28.797: W/System.err(4388): 	at cnl.a(SogouSource:596)
12-25 23:09:28.797: W/System.err(4388): 	at cnl.a(SogouSource:613)
12-25 23:09:28.797: W/System.err(4388): 	at cnl.a(SogouSource:43)
12-25 23:09:28.797: W/System.err(4388): 	at cno.run(SogouSource:274)
12-25 23:09:28.797: W/System.err(4388): 	at java.lang.Thread.run(Thread.java:761)
12-25 23:09:28.800: W/ActivityManager(1826): Permission Denial: opening provider com.android.providers.contacts.ContactsProvider2 from ProcessRecord{11c1418 4388:com.sohu.inputmethod.sogou/u0a76} (pid=4388, uid=10076) requires android.permission.READ_CONTACTS or android.permission.WRITE_CONTACTS
12-25 23:09:30.245: I/MSM-irqbalance(910): Decided to move IRQ3 from CPU2 [P:0] to CPU5 [P:1] (banned)
12-25 23:09:30.247: I/MSM-irqbalance(910): Decided to move IRQ5 from CPU2 [P:0] to CPU6 [P:1] (banned)
12-25 23:09:30.247: I/MSM-irqbalance(910): Decided to move IRQ3 from CPU1 [P:0] to CPU4 [P:1] (banned)
12-25 23:09:30.248: I/MSM-irqbalance(910): Decided to move IRQ5 from CPU1 [P:0] to CPU7 [P:1] (banned)
12-25 23:09:33.275: D/NMHost(1826): getNetdService() is called android.net.INetd$Stub$Proxy@4307ecf
12-25 23:09:33.477: E/NMHost(1826): disable IPv6 for wlan0
12-25 23:09:33.481: E/NMHost(1826): Failed to disable IPv6: java.lang.IllegalStateException: command '26 interface ipv6 wlan0 disable' failed with '400 26 Failed to change IPv6 state (No such file or directory)'
12-25 23:09:33.489: I/chatty(807): uid=0(root) Binder:807_2 expire 1 line
12-25 23:09:33.883: I/chatty(775): uid=1041(audioserver) Binder:775_5 expire 17 lines
12-25 23:09:33.886: I/chatty(775): uid=1041(audioserver) /system/bin/audioserver expire 35 lines
12-25 23:09:33.890: I/chatty(775): uid=1041(audioserver) Binder:775_2 expire 32 lines
12-25 23:09:33.891: I/chatty(775): uid=1041(audioserver) AudioOut_D expire 188 lines
12-25 23:09:33.891: I/chatty(775): uid=1041(audioserver) AudioOut_15 expire 8 lines
12-25 23:09:33.892: D/DisplayPowerController(1826): requestPowerState: policy=BRIGHT, useProximitySensor=false, screenBrightness=102, screenAutoBrightnessAdjustment=0.0, brightnessSetByUser=true, useAutoBrightness=false, blockScreenOn=false, lowPowerMode=false, boostScreenBrightness=false, dozeScreenBrightness=-1, dozeScreenState=UNKNOWN, waitForNegativeProximity=false
12-25 23:09:33.893: I/chatty(775): uid=1041(audioserver) Binder:775_1 expire 31 lines
12-25 23:09:33.897: I/chatty(775): uid=1041(audioserver) Binder:775_4 expire 66 lines
12-25 23:09:33.900: I/chatty(775): uid=1041(audioserver) AudioOut_1D expire 8 lines
12-25 23:09:33.900: I/chatty(775): uid=1041(audioserver) AudioOut_25 expire 8 lines
12-25 23:09:33.904: D/DisplayPowerController(1826): requestPowerState: policy=BRIGHT, useProximitySensor=false, screenBrightness=102, screenAutoBrightnessAdjustment=0.0, brightnessSetByUser=true, useAutoBrightness=false, blockScreenOn=false, lowPowerMode=false, boostScreenBrightness=false, dozeScreenBrightness=-1, dozeScreenState=UNKNOWN, waitForNegativeProximity=false
12-25 23:09:33.906: D/DisplayPowerController(1826): requestPowerState: policy=BRIGHT, useProximitySensor=false, screenBrightness=102, screenAutoBrightnessAdjustment=0.0, brightnessSetByUser=true, useAutoBrightness=false, blockScreenOn=false, lowPowerMode=false, boostScreenBrightness=false, dozeScreenBrightness=-1, dozeScreenState=UNKNOWN, waitForNegativeProximity=false
12-25 23:09:33.911: D/DisplayPowerController(1826): requestPowerState: policy=BRIGHT, useProximitySensor=false, screenBrightness=102, screenAutoBrightnessAdjustment=0.0, brightnessSetByUser=true, useAutoBrightness=false, blockScreenOn=false, lowPowerMode=false, boostScreenBrightness=false, dozeScreenBrightness=-1, dozeScreenState=UNKNOWN, waitForNegativeProximity=false
12-25 23:09:33.915: I/chatty(775): uid=1041(audioserver) Binder:775_6 expire 37 lines
12-25 23:09:33.974: I/chatty(775): uid=1041(audioserver) Binder:775_3 expire 20 lines
12-25 23:09:34.096: I/chatty(1826): uid=1000(system) Binder:1826_2 expire 1 line
12-25 23:09:34.124: I/chatty(1826): uid=1000(system) SP Callback expire 8 lines
12-25 23:09:34.150: I/chatty(1826): uid=1000(system) Binder:1826_4 expire 2 lines
12-25 23:09:34.180: I/chatty(8820): uid=0(root) /sbin/adbd expire 1 line
12-25 23:09:34.214: I/chatty(1826): uid=1000(system) Binder:1826_F expire 1 line
12-25 23:09:34.307: V/LightsService(1826): setLight #3: color=#0: brightnessMode=0
12-25 23:09:34.308: V/LightsService(1826): setLightLocked
12-25 23:09:34.308: V/LightsService(1826): java.lang.Throwable
12-25 23:09:34.308: V/LightsService(1826): 	at com.android.server.lights.LightsService$LightImpl.setLightLocked(LightsService.java:138)
12-25 23:09:34.308: V/LightsService(1826): 	at com.android.server.lights.LightsService$LightImpl.turnOff(LightsService.java:97)
12-25 23:09:34.308: V/LightsService(1826): 	at com.android.server.BatteryService$Led.updateLightsLocked(BatteryService.java:1002)
12-25 23:09:34.308: V/LightsService(1826): 	at com.android.server.BatteryService.processValuesLocked(BatteryService.java:612)
12-25 23:09:34.308: V/LightsService(1826): 	at com.android.server.BatteryService.update(BatteryService.java:423)
12-25 23:09:34.308: V/LightsService(1826): 	at com.android.server.BatteryService.-wrap5(BatteryService.java)
12-25 23:09:34.308: V/LightsService(1826): 	at com.android.server.BatteryService$BatteryListener.batteryPropertiesChanged(BatteryService.java:1011)
12-25 23:09:34.308: V/LightsService(1826): 	at android.os.IBatteryPropertiesListener$Stub.onTransact(IBatteryPropertiesListener.java:58)
12-25 23:09:34.308: V/LightsService(1826): 	at android.os.Binder.execTransact(Binder.java:565)
12-25 23:09:34.309: I/chatty(1826): uid=1000(system) WifiStateMachin expire 2 lines
12-25 23:09:34.313: I/chatty(1826): uid=1000(system) Binder:1826_E expire 1 line
12-25 23:09:34.313: I/PowerManagerService(1826): Waking up from dream (uid 1000)...
12-25 23:09:34.314: D/DisplayPowerController(1826): requestPowerState: policy=BRIGHT, useProximitySensor=false, screenBrightness=102, screenAutoBrightnessAdjustment=0.0, brightnessSetByUser=true, useAutoBrightness=false, blockScreenOn=false, lowPowerMode=false, boostScreenBrightness=false, dozeScreenBrightness=-1, dozeScreenState=UNKNOWN, waitForNegativeProximity=false
12-25 23:09:34.314: I/DreamManagerService(1826): Gently waking up from dream.
12-25 23:09:34.318: W/QCNEJ(3458): |CORE| CNE received unexpected action: android.intent.action.BATTERY_CHANGED
12-25 23:09:34.321: D/KeyguardUpdateMonitor(3252): received broadcast android.intent.action.BATTERY_CHANGED
12-25 23:09:34.345: D/DisplayPowerController(1826): requestPowerState: policy=BRIGHT, useProximitySensor=false, screenBrightness=102, screenAutoBrightnessAdjustment=0.0, brightnessSetByUser=true, useAutoBrightness=false, blockScreenOn=false, lowPowerMode=false, boostScreenBrightness=false, dozeScreenBrightness=-1, dozeScreenState=UNKNOWN, waitForNegativeProximity=false
12-25 23:09:34.348: I/chatty(1826): uid=1000(system) IzatServiceBase expire 4 lines
12-25 23:09:34.352: I/chatty(1826): uid=1000(system) ulp_msg expire 11 lines
12-25 23:09:34.353: D/KeyguardUpdateMonitor(3252): handleBatteryUpdate
12-25 23:09:34.359: E/QtiImsExtUtils(3495): getConfigForPhoneId subId is invalid
12-25 23:09:34.359: E/QtiImsExtUtils(3495): isCarrierConfigEnabled bundle is null
12-25 23:09:34.364: E/BatteryStatsService(1826): no controller energy info supplied
12-25 23:09:34.365: E/BatteryStatsService(1826): no controller energy info supplied
12-25 23:09:34.422: W/ActivityManager(1826): Slow operation: 74ms so far, now at startProcess: returned from zygote!
12-25 23:09:34.423: W/ActivityManager(1826): Slow operation: 74ms so far, now at startProcess: done updating battery stats
12-25 23:09:34.423: W/ActivityManager(1826): Slow operation: 74ms so far, now at startProcess: building log message
12-25 23:09:34.423: I/ActivityManager(1826): Start proc 8835:com.adups.fota/u0a52 for broadcast com.adups.fota/.MyReceiver
12-25 23:09:34.423: W/ActivityManager(1826): Slow operation: 74ms so far, now at startProcess: starting to update pids map
12-25 23:09:34.423: W/ActivityManager(1826): Slow operation: 75ms so far, now at startProcess: done updating pids map
12-25 23:09:34.423: W/ActivityManager(1826): Slow operation: 76ms so far, now at startProcess: done starting proc!
12-25 23:09:34.427: I/chatty(1826): uid=1000 system_server expire 24 lines
12-25 23:09:34.439: I/chatty(795): uid=1013(media) /system/bin/mediaserver expire 27 lines
12-25 23:09:34.443: I/chatty(795): uid=1013(media) Binder:795_1 expire 28 lines
12-25 23:09:34.452: I/chatty(795): uid=1013(media) /system/bin/mediaserver expire 10 lines
12-25 23:09:34.452: D/DisplayPowerController(1826): requestPowerState: policy=BRIGHT, useProximitySensor=false, screenBrightness=102, screenAutoBrightnessAdjustment=0.0, brightnessSetByUser=true, useAutoBrightness=false, blockScreenOn=false, lowPowerMode=false, boostScreenBrightness=false, dozeScreenBrightness=-1, dozeScreenState=UNKNOWN, waitForNegativeProximity=false
12-25 23:09:34.460: I/chatty(795): uid=1013(media) Binder:795_3 expire 33 lines
12-25 23:09:34.473: I/chatty(795): uid=1013(media) /system/bin/mediaserver expire 22 lines
12-25 23:09:34.477: V/MediaExtractorService(789): @@@ MediaExtractorService::makeExtractor for (null) extFlags 2
12-25 23:09:34.481: V/MediaExtractor(789): MediaExtractor::CreateFromService (null) flags 2
12-25 23:09:34.484: V/MPEG4Extractor(789): saw chunk type , size 1332176723 @ 0
12-25 23:09:34.486: V/MP3Extractor(789): found possible 1st frame at 96 (header = 0xffff1103)
12-25 23:09:34.486: V/MP3Extractor(789): subsequent header is 20492032
12-25 23:09:34.486: V/MP3Extractor(789): no dice, no valid sequence of frames found.
12-25 23:09:34.490: V/MP3Extractor(789): found possible 1st frame at 8348 (header = 0xffe78bba)
12-25 23:09:34.490: V/MP3Extractor(789): subsequent header is a08df9b0
12-25 23:09:34.490: V/MP3Extractor(789): no dice, no valid sequence of frames found.
12-25 23:09:34.490: V/MP3Extractor(789): found possible 1st frame at 9481 (header = 0xfffd9351)
12-25 23:09:34.490: V/MP3Extractor(789): subsequent header is 173b2941
12-25 23:09:34.490: V/MP3Extractor(789): no dice, no valid sequence of frames found.
12-25 23:09:34.492: V/MidiExtractor(789): SniffMidi: no
12-25 23:09:34.493: V/MediaExtractor(789): Autodetected media content as 'application/ogg' with confidence 0.80
12-25 23:09:34.494: I/ExtendedExtractor(789): QTIParser is prefered .. flags 2
12-25 23:09:34.495: I/MediaExtractor(789): extractor created in uid: 1040 (mediaex)
12-25 23:09:34.496: D/MMParserExtractor(789): setExtraFlags called with flags 2 for paser instance f5da3d20
12-25 23:09:34.497: D/MMParserExtractor(789): using bigger parser buffers
12-25 23:09:34.497: I/ExtendedExtractor(789): ExtendedExtractor::create 0xf5da3d20
12-25 23:09:34.497: V/MediaExtractorService(789): extractor service created 0xf5da3d20 (<unspecified>)
12-25 23:09:34.498: V/BnMediaExtractor(789): getDrmFlag
12-25 23:09:34.499: V/BnMediaExtractor(789): getMetaData
12-25 23:09:34.505: V/BnMediaExtractor(789): countTracks
12-25 23:09:34.507: V/BnMediaExtractor(789): getTrack()
12-25 23:09:34.509: V/BnMediaExtractor(789): getTrackMetaData
12-25 23:09:34.510: V/BnMediaSource(789): getFormat
12-25 23:09:34.512: V/BnMediaSource(789): start
12-25 23:09:34.551: I/DreamManagerService(1826): Leaving dreamland.
12-25 23:09:34.552: I/DreamController(1826): Stopping dream: name=ComponentInfo{com.android.dreams.basic/com.android.dreams.basic.Colors}, isTest=false, canDoze=false, userId=0
12-25 23:09:34.554: V/BnMediaSource(789): getFormat
12-25 23:09:34.593: I/chatty(1826): uid=1000(system) android.fg expire 2 lines
12-25 23:09:34.594: D/KeyguardViewMediator(3252): setOccluded false
12-25 23:09:34.611: D/DisplayPowerController(1826): requestPowerState: policy=BRIGHT, useProximitySensor=false, screenBrightness=102, screenAutoBrightnessAdjustment=0.0, brightnessSetByUser=true, useAutoBrightness=false, blockScreenOn=false, lowPowerMode=false, boostScreenBrightness=false, dozeScreenBrightness=-1, dozeScreenState=UNKNOWN, waitForNegativeProximity=false
12-25 23:09:34.646: I/chatty(795): uid=1013(media) /system/bin/mediaserver expire 16 lines
12-25 23:09:34.654: I/chatty(795): uid=1013(media) Binder:795_2 expire 10 lines
12-25 23:09:34.663: D/DisplayPowerController(1826): requestPowerState: policy=BRIGHT, useProximitySensor=false, screenBrightness=102, screenAutoBrightnessAdjustment=0.0, brightnessSetByUser=true, useAutoBrightness=false, blockScreenOn=false, lowPowerMode=false, boostScreenBrightness=false, dozeScreenBrightness=-1, dozeScreenState=UNKNOWN, waitForNegativeProximity=false
12-25 23:09:34.677: I/art(8835): Starting a blocking GC AddRemoveAppImageSpace
12-25 23:09:34.681: W/System(8835): ClassLoader referenced unknown path: /system/app/FotaUpdate/lib/arm64
12-25 23:09:34.682: I/chatty(795): uid=1013(media) Binder:795_4 expire 25 lines
12-25 23:09:34.687: I/chatty(795): uid=1013(media) /system/bin/mediaserver expire 192 lines
12-25 23:09:34.695: V/MediaExtractorService(789): @@@ MediaExtractorService::makeExtractor for (null) extFlags 2
12-25 23:09:34.699: V/MediaExtractor(789): MediaExtractor::CreateFromService (null) flags 2
12-25 23:09:34.700: V/MPEG4Extractor(789): saw chunk type , size 1332176723 @ 0
12-25 23:09:34.703: V/MP3Extractor(789): found possible 1st frame at 96 (header = 0xffff1103)
12-25 23:09:34.703: V/MP3Extractor(789): subsequent header is 20492032
12-25 23:09:34.703: V/MP3Extractor(789): no dice, no valid sequence of frames found.
12-25 23:09:34.710: I/BatteryStatsImpl(1826): Resetting battery stats: level=97 status=2 dischargeLevel=97 lowAmount=0 highAmount=0
12-25 23:09:34.712: V/MP3Extractor(789): found possible 1st frame at 8348 (header = 0xffe78bba)
12-25 23:09:34.712: V/MP3Extractor(789): subsequent header is a08df9b0
12-25 23:09:34.712: V/MP3Extractor(789): no dice, no valid sequence of frames found.
12-25 23:09:34.712: V/MP3Extractor(789): found possible 1st frame at 9481 (header = 0xfffd9351)
12-25 23:09:34.712: V/MP3Extractor(789): subsequent header is 173b2941
12-25 23:09:34.712: V/MP3Extractor(789): no dice, no valid sequence of frames found.
12-25 23:09:34.733: V/MidiExtractor(789): SniffMidi: no
12-25 23:09:34.735: V/MediaExtractor(789): Autodetected media content as 'application/ogg' with confidence 0.80
12-25 23:09:34.735: I/ExtendedExtractor(789): QTIParser is prefered .. flags 2
12-25 23:09:34.737: I/MediaExtractor(789): extractor created in uid: 1040 (mediaex)
12-25 23:09:34.737: D/MMParserExtractor(789): setExtraFlags called with flags 2 for paser instance f5da3d20
12-25 23:09:34.737: D/MMParserExtractor(789): using bigger parser buffers
12-25 23:09:34.737: I/ExtendedExtractor(789): ExtendedExtractor::create 0xf5da3d20
12-25 23:09:34.737: V/MediaExtractorService(789): extractor service created 0xf5da3d20 (<unspecified>)
12-25 23:09:34.744: V/BnMediaExtractor(789): getDrmFlag
12-25 23:09:34.746: V/BnMediaExtractor(789): getMetaData
12-25 23:09:34.752: I/chatty(1826): uid=1000(system) batterystats-sy expire 1 line
12-25 23:09:34.752: V/BnMediaExtractor(789): countTracks
12-25 23:09:34.753: V/BnMediaExtractor(789): getTrack()
12-25 23:09:34.758: E/BatteryStatsService(1826): no controller energy info supplied
12-25 23:09:34.758: E/BatteryStatsService(1826): no controller energy info supplied
12-25 23:09:34.762: V/BnMediaExtractor(789): getTrackMetaData
12-25 23:09:34.763: V/BnMediaSource(789): getFormat
12-25 23:09:34.768: I/chatty(1826): uid=1000(system) Binder:1826_7 expire 2 lines
12-25 23:09:34.770: V/BnMediaSource(789): start
12-25 23:09:34.774: I/ActivityManager(1826): Setting hasTopUi=true for pid=3252
12-25 23:09:34.776: D/DisplayPowerController(1826): requestPowerState: policy=BRIGHT, useProximitySensor=false, screenBrightness=102, screenAutoBrightnessAdjustment=0.0, brightnessSetByUser=true, useAutoBrightness=false, blockScreenOn=false, lowPowerMode=false, boostScreenBrightness=false, dozeScreenBrightness=-1, dozeScreenState=UNKNOWN, waitForNegativeProximity=false
12-25 23:09:34.776: I/chatty(1826): uid=1000(system) android.display expire 10 lines
12-25 23:09:34.788: D/AllAppsTrans(4092): isWallpaperAttachToView  = true
12-25 23:09:34.792: V/LightsService(1826): setLight #3: color=#ff00ff00: brightnessMode=0
12-25 23:09:34.793: V/LightsService(1826): setLightLocked
12-25 23:09:34.793: V/LightsService(1826): java.lang.Throwable
12-25 23:09:34.793: V/LightsService(1826): 	at com.android.server.lights.LightsService$LightImpl.setLightLocked(LightsService.java:138)
12-25 23:09:34.793: V/LightsService(1826): 	at com.android.server.lights.LightsService$LightImpl.setColor(LightsService.java:64)
12-25 23:09:34.793: V/LightsService(1826): 	at com.android.server.BatteryService$Led.updateLightsLocked(BatteryService.java:989)
12-25 23:09:34.793: V/LightsService(1826): 	at com.android.server.BatteryService.processValuesLocked(BatteryService.java:612)
12-25 23:09:34.793: V/LightsService(1826): 	at com.android.server.BatteryService.update(BatteryService.java:423)
12-25 23:09:34.793: V/LightsService(1826): 	at com.android.server.BatteryService.-wrap5(BatteryService.java)
12-25 23:09:34.793: V/LightsService(1826): 	at com.android.server.BatteryService$BatteryListener.batteryPropertiesChanged(BatteryService.java:1011)
12-25 23:09:34.793: V/LightsService(1826): 	at android.os.IBatteryPropertiesListener$Stub.onTransact(IBatteryPropertiesListener.java:58)
12-25 23:09:34.793: V/LightsService(1826): 	at android.os.Binder.execTransact(Binder.java:565)
12-25 23:09:34.798: I/chatty(1826): uid=1000(system) Binder:1826_C expire 1 line
12-25 23:09:34.814: V/BnMediaSource(789): getFormat
12-25 23:09:34.850: D/DisplayPowerController(1826): requestPowerState: policy=BRIGHT, useProximitySensor=false, screenBrightness=102, screenAutoBrightnessAdjustment=0.0, brightnessSetByUser=true, useAutoBrightness=false, blockScreenOn=false, lowPowerMode=false, boostScreenBrightness=false, dozeScreenBrightness=-1, dozeScreenState=UNKNOWN, waitForNegativeProximity=false
12-25 23:09:34.873: D/DisplayPowerController(1826): requestPowerState: policy=BRIGHT, useProximitySensor=false, screenBrightness=102, screenAutoBrightnessAdjustment=0.0, brightnessSetByUser=true, useAutoBrightness=false, blockScreenOn=false, lowPowerMode=false, boostScreenBrightness=false, dozeScreenBrightness=-1, dozeScreenState=UNKNOWN, waitForNegativeProximity=false
12-25 23:09:34.881: V/BnMediaSource(789): readMultiple
12-25 23:09:34.885: W/QCNEJ(3458): |CORE| CNE received unexpected action: android.intent.action.BATTERY_CHANGED
12-25 23:09:34.892: D/FotaUpdate(8835): [StorageUtil.java:233] m -> download_path_server : 0
12-25 23:09:34.900: V/BnMediaSource(789): readMultiple status 0, bufferCount 64, sinceStop 64
12-25 23:09:34.907: E/QtiImsExtUtils(3495): getConfigForPhoneId subId is invalid
12-25 23:09:34.907: E/QtiImsExtUtils(3495): isCarrierConfigEnabled bundle is null
12-25 23:09:34.911: D/FotaUpdate(8835): [StorageUtil.java:526] b -> emulated = true; path = /storage/emulated/0
12-25 23:09:34.913: D/FotaUpdate(8835): [StorageUtil.java:216] a -> sdcard = /data/user/0/com.adups.fota/files
12-25 23:09:34.913: D/FotaUpdate(8835): [StorageUtil.java:156] a -> path = /data/user/0/com.adups.fota/files
12-25 23:09:34.914: W/ContextImpl(3858): Calling a method in the system process without a qualified user: android.app.ContextImpl.sendBroadcast:877 android.content.ContextWrapper.sendBroadcast:421 com.adups.fota.sysoper.o.e:169 com.adups.fota.sysoper.o.a:27 com.adups.fota.sysoper.OtaReceiver.onReceive:25 
12-25 23:09:34.927: V/BnMediaSource(789): getFormat
12-25 23:09:34.937: D/Launcher(4092): doBlurWallpaper
12-25 23:09:34.939: D/FotaUpdate(8835): [StorageUtil.java:566] g -> availableBlock = 6699384832; needSize = 0
12-25 23:09:34.941: D/FotaUpdate(8835): [StorageUtil.java:485] d -> mkdirs  success
12-25 23:09:34.943: D/FotaUpdate(8835): [StorageUtil.java:497] d -> sdcard = /data/user/0/com.adups.fota/files
12-25 23:09:34.943: D/FotaUpdate(8835): [StorageUtil.java:82] b -> externalStorageState = mounted
12-25 23:09:34.953: D/Launcher(4092): device resolution is 1080x1920
12-25 23:09:34.959: V/BnMediaSource(789): getFormat
12-25 23:09:34.968: V/BnMediaSource(789): getFormat
12-25 23:09:34.970: V/BnMediaSource(789): getFormat
12-25 23:09:34.974: W/QCNEJ(3458): |CORE| CNE received unexpected action: android.intent.action.BATTERY_CHANGED
12-25 23:09:34.987: D/Launcher(4092): storeWallpaper
12-25 23:09:34.987: D/FotaUpdate(8835): [MyApplication.java:46] onCreate -> initurl=null
12-25 23:09:34.989: I/chatty(1826): uid=1000(system) Binder:1826_8 expire 3 lines
12-25 23:09:34.989: D/DisplayPowerController(1826): requestPowerState: policy=BRIGHT, useProximitySensor=false, screenBrightness=102, screenAutoBrightnessAdjustment=0.0, brightnessSetByUser=true, useAutoBrightness=false, blockScreenOn=false, lowPowerMode=false, boostScreenBrightness=false, dozeScreenBrightness=-1, dozeScreenState=UNKNOWN, waitForNegativeProximity=false
12-25 23:09:34.989: I/chatty(795): uid=1013(media) /system/bin/mediaserver expire 402 lines
12-25 23:09:34.989: D/DisplayPowerController(1826): requestPowerState: policy=BRIGHT, useProximitySensor=false, screenBrightness=102, screenAutoBrightnessAdjustment=0.0, brightnessSetByUser=true, useAutoBrightness=false, blockScreenOn=false, lowPowerMode=false, boostScreenBrightness=false, dozeScreenBrightness=-1, dozeScreenState=UNKNOWN, waitForNegativeProximity=false
12-25 23:09:34.994: E/QtiImsExtUtils(3495): getConfigForPhoneId subId is invalid
12-25 23:09:34.994: E/QtiImsExtUtils(3495): isCarrierConfigEnabled bundle is null
12-25 23:09:34.999: V/BnMediaSource(789): getFormat
12-25 23:09:35.022: I/chatty(795): uid=1013(media) /system/bin/mediaserver expire 10 lines
12-25 23:09:35.028: I/chatty(795): uid=1013(media) /system/bin/mediaserver expire 358 lines
12-25 23:09:35.041: V/OMXNodeInstance(785): debug level for OMX.google.vorbis.decoder is 0
12-25 23:09:35.042: I/OMXMaster(785): makeComponentInstance(OMX.google.vorbis.decoder) in mediacodec process
12-25 23:09:35.042: V/SoftOMXPlugin(785): makeComponentInstance 'OMX.google.vorbis.decoder'
12-25 23:09:35.063: I/chatty(795): uid=1013(media) /system/bin/mediaserver expire 22 lines
12-25 23:09:35.067: V/MediaExtractorService(789): @@@ MediaExtractorService::makeExtractor for (null) extFlags 2
12-25 23:09:35.075: D/FotaUpdate(8835): [DeviceUtil.java:478] z -> LNGA T1_Android_Hipad-msm8937$64_Hipad-msm8937$64_QC$Reference$Phone_QUALCOMM CMDC_msm8937_Hipad-msm8937$64
12-25 23:09:35.076: D/PhoneStatusBar(3252): disable: < expand ICONS* alerts SYSTEM_INFO* back home RECENT clock SEARCH quick_settings >
12-25 23:09:35.077: E/OMXNodeInstance(785): setConfig(3110031:google.vorbis.decoder, ConfigPriority(0x6f800002)) ERROR: Undefined(0x80001001)
12-25 23:09:35.079: D/FotaUpdate(8835): [DeviceUtil.java:439] y -> project = hipad$bj8940$7.1_LNGA T1_zh-CN_other; version = LNGA_V001_180724_20180724-1825
12-25 23:09:35.084: V/OMX(785): setParameter(51445809 0x1000017 0xe82a8000 136)
12-25 23:09:35.092: V/MediaExtractor(789): MediaExtractor::CreateFromService (null) flags 2
12-25 23:09:35.095: V/OMX(785): getParameter(51445809 0x2000001 0xe82a8000 96)
12-25 23:09:35.105: V/OMX(785): setParameter(51445809 0x2000001 0xe82a8000 96)
12-25 23:09:35.107: V/OMX(785): getParameter(51445809 0x2000001 0xe82a8000 96)
12-25 23:09:35.120: V/MPEG4Extractor(789): saw chunk type , size 1332176723 @ 0
12-25 23:09:35.122: E/OMXNodeInstance(785): setConfig(3110031:google.vorbis.decoder, ConfigPriority(0x6f800002)) ERROR: Undefined(0x80001001)
12-25 23:09:35.124: V/MP3Extractor(789): found possible 1st frame at 96 (header = 0xffff1103)
12-25 23:09:35.124: V/MP3Extractor(789): subsequent header is 20492032
12-25 23:09:35.124: V/MP3Extractor(789): no dice, no valid sequence of frames found.
12-25 23:09:35.134: V/OMX(785): getParameter(51445809 0x2000001 0xe82a8000 96)
12-25 23:09:35.140: V/OMX(785): getParameter(51445809 0x2000001 0xe82a8000 96)
12-25 23:09:35.142: V/OMX(785): getParameter(51445809 0x400001b 0xe82a8000 48)
12-25 23:09:35.143: V/OMX(785): getParameter(51445809 0x2000001 0xe82a8000 96)
12-25 23:09:35.147: V/OMX(785): getParameter(51445809 0x2000001 0xe82a8000 96)
12-25 23:09:35.148: V/OMX(785): getParameter(51445809 0x4000002 0xe82a8000 104)
12-25 23:09:35.153: D/KeyguardViewBase(3252): show()
12-25 23:09:35.154: V/SimpleSoftOMXComponent(785): msgType = 0
12-25 23:09:35.155: V/SimpleSoftOMXComponent(785): 0xe778d080 requesting change from 1 to 2
12-25 23:09:35.155: V/SimpleSoftOMXComponent(785): state transition from 1 to 2 not yet complete
12-25 23:09:35.156: V/OMX(785): getParameter(51445809 0x2000001 0xe82a8000 96)
12-25 23:09:35.159: V/KeyguardSecurityView(3252): showPrimarySecurityScreen(turningOff=false)
12-25 23:09:35.160: D/KeyguardSecurityView(3252): showSecurityScreen(None)
12-25 23:09:35.161: V/MP3Extractor(789): found possible 1st frame at 8348 (header = 0xffe78bba)
12-25 23:09:35.161: V/MP3Extractor(789): subsequent header is a08df9b0
12-25 23:09:35.161: V/MP3Extractor(789): no dice, no valid sequence of frames found.
12-25 23:09:35.161: V/MP3Extractor(789): found possible 1st frame at 9481 (header = 0xfffd9351)
12-25 23:09:35.161: V/MP3Extractor(789): subsequent header is 173b2941
12-25 23:09:35.161: V/MP3Extractor(789): no dice, no valid sequence of frames found.
12-25 23:09:35.182: V/MidiExtractor(789): SniffMidi: no
12-25 23:09:35.182: V/SimpleSoftOMXComponent(785): state transition from 1 to 2 not yet complete
12-25 23:09:35.185: D/KeyguardUpdateMonitor(3252): onKeyguardVisibilityChanged(true)
12-25 23:09:35.185: V/OMX(785): getParameter(51445809 0x2000001 0xe82a8000 96)
12-25 23:09:35.186: V/KeyguardStatusView(3252): refresh statusview showing:true
12-25 23:09:35.186: V/MediaExtractor(789): Autodetected media content as 'application/ogg' with confidence 0.80
12-25 23:09:35.186: I/ExtendedExtractor(789): QTIParser is prefered .. flags 2
12-25 23:09:35.197: I/MediaExtractor(789): extractor created in uid: 1040 (mediaex)
12-25 23:09:35.202: D/MMParserExtractor(789): setExtraFlags called with flags 2 for paser instance f5da4270
12-25 23:09:35.202: D/MMParserExtractor(789): using bigger parser buffers
12-25 23:09:35.202: I/ExtendedExtractor(789): ExtendedExtractor::create 0xf5da4270
12-25 23:09:35.202: V/MediaExtractorService(789): extractor service created 0xf5da4270 (<unspecified>)
12-25 23:09:35.205: V/BnMediaExtractor(789): getDrmFlag
12-25 23:09:35.210: V/BnMediaExtractor(789): getMetaData
12-25 23:09:35.221: D/FotaUpdate(8835): [MyReceiver.java:27] onReceive -> action = android.intent.action.ACTION_POWER_DISCONNECTED
12-25 23:09:35.237: V/SimpleSoftOMXComponent(785): state transition from 1 to 2 complete
12-25 23:09:35.237: V/OMX(785): OnEvent(0, 0, 2)
12-25 23:09:35.246: V/SimpleSoftOMXComponent(785): msgType = 0
12-25 23:09:35.246: V/SimpleSoftOMXComponent(785): 0xe778d080 requesting change from 2 to 3
12-25 23:09:35.246: V/SimpleSoftOMXComponent(785): state transition from 2 to 3 complete
12-25 23:09:35.246: V/OMX(785): OnEvent(0, 0, 3)
12-25 23:09:35.253: D/FotaUpdate(8835): [BaseService.java:33] onCreate -> MyIntentService
12-25 23:09:35.254: V/SimpleSoftOMXComponent(785): msgType = 2
12-25 23:09:35.259: V/SimpleSoftOMXComponent(785): msgType = 2
12-25 23:09:35.262: D/FotaUpdate(8835): [MyIntentService.java:36] onHandleIntent -> action = android.intent.action.ACTION_POWER_DISCONNECTED; SDK_INT = 25
12-25 23:09:35.265: V/SimpleSoftOMXComponent(785): msgType = 2
12-25 23:09:35.266: V/KeyguardUpdateMonitor(3252): startListeningForFingerprint()
12-25 23:09:35.267: V/BnMediaExtractor(789): countTracks
12-25 23:09:35.274: V/SimpleSoftOMXComponent(785): msgType = 2
12-25 23:09:35.274: V/BnMediaExtractor(789): getTrack()
12-25 23:09:35.279: V/SimpleSoftOMXComponent(785): msgType = 1
12-25 23:09:35.280: V/OMX(785): OnEmptyBufferDone buffer=0xe77a3c80
12-25 23:09:35.287: V/BnMediaExtractor(789): getTrackMetaData
12-25 23:09:35.295: V/SimpleSoftOMXComponent(785): msgType = 1
12-25 23:09:35.296: I/chatty(751): uid=0(root) /system/vendor/bin/thermal-engine expire 6 lines
12-25 23:09:35.297: W/(560): reached BBinder::getInterfaceDescriptor (this=0x7f758504e0)
12-25 23:09:35.298: V/OMX(785): OnEvent(3, 1, 0)
12-25 23:09:35.298: V/OMX(785): OnEmptyBufferDone buffer=0xe77a3d70
12-25 23:09:35.307: V/BnMediaSource(789): getFormat
12-25 23:09:35.312: I/MSM-irqbalance(910): Decided to move IRQ3 from CPU1 [P:0] to CPU5 [P:1] (banned)
12-25 23:09:35.312: I/art(4092): Do partial code cache collection, code=29KB, data=30KB
12-25 23:09:35.313: I/art(4092): After code cache collection, code=21KB, data=26KB
12-25 23:09:35.313: I/art(4092): Increasing code cache capacity to 128KB
12-25 23:09:35.314: I/MSM-irqbalance(910): Decided to move IRQ5 from CPU1 [P:0] to CPU6 [P:1] (banned)
12-25 23:09:35.315: I/MSM-irqbalance(910): Decided to move IRQ3 from CPU2 [P:0] to CPU4 [P:1] (banned)
12-25 23:09:35.316: I/MSM-irqbalance(910): Decided to move IRQ5 from CPU2 [P:0] to CPU7 [P:1] (banned)
12-25 23:09:35.318: I/MSM-irqbalance(910): Decided to move IRQ3 from CPU3 [P:0] to CPU5 [P:1] (banned)
12-25 23:09:35.318: V/OMX(785): getParameter(51445809 0x2000001 0xe82a8000 96)
12-25 23:09:35.319: I/MSM-irqbalance(910): Decided to move IRQ5 from CPU3 [P:0] to CPU6 [P:1] (banned)
12-25 23:09:35.319: D/FotaUpdate(8835): [MyIntentService.java:81] a -> isConnected = false
12-25 23:09:35.320: I/MSM-irqbalance(910): Decided to move IRQ3 from CPU0 [P:0] to CPU4 [P:1] (banned)
12-25 23:09:35.321: I/MSM-irqbalance(910): Decided to move IRQ5 from CPU0 [P:0] to CPU7 [P:1] (banned)
12-25 23:09:35.325: V/BnMediaSource(789): start
12-25 23:09:35.334: V/BnMediaSource(789): getFormat
12-25 23:09:35.335: V/OMX(785): getParameter(51445809 0x2000001 0xe82a8000 96)
12-25 23:09:35.340: D/FotaUpdate(8835): [BaseService.java:39] onDestroy -> MyIntentService
12-25 23:09:35.342: V/OMX(785): getParameter(51445809 0x4000002 0xe82a8000 104)
12-25 23:09:35.344: V/SimpleSoftOMXComponent(785): msgType = 0
12-25 23:09:35.344: V/OMX(785): OnFillBufferDone buffer=0xe77a3f50
12-25 23:09:35.345: V/OMX(785): OnFillBufferDone buffer=0xe77a4130
12-25 23:09:35.346: V/OMX(785): OnFillBufferDone buffer=0xe77a41d0
12-25 23:09:35.346: V/OMX(785): OnFillBufferDone buffer=0xe77a4270
12-25 23:09:35.346: V/SimpleSoftOMXComponent(785): msgType = 1
12-25 23:09:35.350: D/DisplayPowerController(1826): requestPowerState: policy=BRIGHT, useProximitySensor=false, screenBrightness=102, screenAutoBrightnessAdjustment=0.0, brightnessSetByUser=true, useAutoBrightness=false, blockScreenOn=false, lowPowerMode=false, boostScreenBrightness=false, dozeScreenBrightness=-1, dozeScreenState=UNKNOWN, waitForNegativeProximity=false
12-25 23:09:35.351: I/chatty(1826): uid=1000(system) Binder:1826_9 expire 3 lines
12-25 23:09:35.353: D/AllAppsTrans(4092): isWallpaperAttachToView  = true
12-25 23:09:35.358: I/VrManagerService(1826): VR mode is disallowed
12-25 23:09:35.373: V/SimpleSoftOMXComponent(785): Port 1 now disabled.
12-25 23:09:35.373: V/OMX(785): OnEvent(0, 2, 1)
12-25 23:09:35.386: D/KeyguardViewMediator(3252): adjustStatusBarLocked: mShowing=true mOccluded=false isSecure=false --> flags=0x3200000
12-25 23:09:35.387: E/libnav(604): CablComputeBacklightLevel(): UpdateType = DifferentSceneUpdate
12-25 23:09:35.394: V/SimpleSoftOMXComponent(785): msgType = 1
12-25 23:09:35.395: V/SimpleSoftOMXComponent(785): msgType = 0
12-25 23:09:35.396: V/OMX(785): getParameter(51445809 0x2000001 0xe82a8000 96)
12-25 23:09:35.399: W/art(3252): Long monitor contention with owner main (3252) at void com.android.systemui.keyguard.KeyguardViewMediator.handleSetOccluded(boolean, boolean)(KeyguardViewMediator.java:1225) waiters=0 in void com.android.systemui.keyguard.KeyguardViewMediator.onDreamingStopped() for 525ms
12-25 23:09:35.399: I/Choreographer(3252): Skipped 47 frames!  The application may be doing too much work on its main thread.
12-25 23:09:35.447: D/DisplayPowerController(1826): requestPowerState: policy=BRIGHT, useProximitySensor=false, screenBrightness=102, screenAutoBrightnessAdjustment=0.0, brightnessSetByUser=true, useAutoBrightness=false, blockScreenOn=false, lowPowerMode=false, boostScreenBrightness=false, dozeScreenBrightness=-1, dozeScreenState=UNKNOWN, waitForNegativeProximity=false
12-25 23:09:35.452: I/chatty(795): uid=1013(media) /system/bin/mediaserver expire 16 lines
12-25 23:09:35.456: I/chatty(1826): uid=1000(system) ActivityManager expire 2 lines
12-25 23:09:35.456: V/SimpleSoftOMXComponent(785): Port 1 now enabled.
12-25 23:09:35.456: V/OMX(785): OnEvent(0, 3, 1)
12-25 23:09:35.464: V/SimpleSoftOMXComponent(785): msgType = 1
12-25 23:09:35.469: V/SimpleSoftOMXComponent(785): msgType = 2
12-25 23:09:35.469: V/OMX(785): OnEmptyBufferDone buffer=0xe77a3e10
12-25 23:09:35.470: V/OMX(785): OnFillBufferDone buffer=0xe77a3f50
12-25 23:09:35.477: V/SimpleSoftOMXComponent(785): msgType = 2
12-25 23:09:35.478: V/OMX(785): OnEmptyBufferDone buffer=0xe77a3eb0
12-25 23:09:35.478: V/OMX(785): OnFillBufferDone buffer=0xe77a4130
12-25 23:09:35.492: V/SimpleSoftOMXComponent(785): msgType = 2
12-25 23:09:35.493: V/OMX(785): OnEmptyBufferDone buffer=0xe77a3c80
12-25 23:09:35.494: V/OMX(785): OnFillBufferDone buffer=0xe77a41d0
12-25 23:09:35.494: V/SimpleSoftOMXComponent(785): msgType = 2
12-25 23:09:35.499: W/View(3252): requestLayout() improperly called by com.android.systemui.statusbar.ExpandableNotificationRow{a1552de VFE...C.. ......ID 0,0-1080,276} during layout: running second layout pass
12-25 23:09:35.505: V/SimpleSoftOMXComponent(785): msgType = 1
12-25 23:09:35.505: V/OMX(785): OnEmptyBufferDone buffer=0xe77a3d70
12-25 23:09:35.505: V/OMX(785): OnFillBufferDone buffer=0xe77a4270
12-25 23:09:35.513: D/KeyguardUpdateMonitor(3252): received broadcast android.intent.action.BATTERY_CHANGED
12-25 23:09:35.516: V/SimpleSoftOMXComponent(785): msgType = 2
12-25 23:09:35.525: V/SimpleSoftOMXComponent(785): msgType = 1
12-25 23:09:35.525: V/OMX(785): OnEmptyBufferDone buffer=0xe77a3e10
12-25 23:09:35.526: V/OMX(785): OnFillBufferDone buffer=0xe77a3f50
12-25 23:09:35.527: I/chatty(795): uid=1013(media) /system/bin/mediaserver expire 158 lines
12-25 23:09:35.527: V/BnMediaSource(789): getFormat
12-25 23:09:35.529: I/chatty(795): uid=1013(media) /system/bin/mediaserver expire 135 lines
12-25 23:09:35.540: V/SimpleSoftOMXComponent(785): msgType = 1
12-25 23:09:35.552: V/MediaExtractorService(789): @@@ MediaExtractorService::makeExtractor for (null) extFlags 2
12-25 23:09:35.561: V/MediaExtractor(789): MediaExtractor::CreateFromService (null) flags 2
12-25 23:09:35.575: I/chatty(775): uid=1041(audioserver) ApmOutput expire 28 lines
12-25 23:09:35.576: D/KeyguardUpdateMonitor(3252): received broadcast android.intent.action.BATTERY_CHANGED
12-25 23:09:35.578: V/MPEG4Extractor(789): saw chunk type , size 1332176723 @ 0
12-25 23:09:35.585: V/SimpleSoftOMXComponent(785): msgType = 1
12-25 23:09:35.586: V/SimpleSoftOMXComponent(785): msgType = 1
12-25 23:09:35.587: D/KeyguardUpdateMonitor(3252): handleKeyguardReset
12-25 23:09:35.590: V/SimpleSoftOMXComponent(785): msgType = 1
12-25 23:09:35.594: V/SimpleSoftOMXComponent(785): msgType = 2
12-25 23:09:35.596: V/OMX(785): OnEmptyBufferDone buffer=0xe77a3eb0
12-25 23:09:35.596: V/OMX(785): OnFillBufferDone buffer=0xe77a4130
12-25 23:09:35.596: V/SimpleSoftOMXComponent(785): msgType = 2
12-25 23:09:35.596: V/OMX(785): OnEmptyBufferDone buffer=0xe77a3c80
12-25 23:09:35.597: V/OMX(785): OnFillBufferDone buffer=0xe77a41d0
12-25 23:09:35.597: V/MP3Extractor(789): found possible 1st frame at 96 (header = 0xffff1103)
12-25 23:09:35.597: V/MP3Extractor(789): subsequent header is 20492032
12-25 23:09:35.597: V/MP3Extractor(789): no dice, no valid sequence of frames found.
12-25 23:09:35.600: V/SimpleSoftOMXComponent(785): msgType = 2
12-25 23:09:35.600: V/OMX(785): OnEmptyBufferDone buffer=0xe77a3d70
12-25 23:09:35.601: V/OMX(785): OnFillBufferDone buffer=0xe77a4270
12-25 23:09:35.601: V/SimpleSoftOMXComponent(785): msgType = 2
12-25 23:09:35.601: V/OMX(785): OnEmptyBufferDone buffer=0xe77a3e10
12-25 23:09:35.601: V/OMX(785): OnFillBufferDone buffer=0xe77a3f50
