12-26 03:25:58.583: D/DisplayPowerController(1538): requestPowerState: policy=BRIGHT, useProximitySensor=false, screenBrightness=102, screenAutoBrightnessAdjustment=0.0, brightnessSetByUser=true, useAutoBrightness=false, blockScreenOn=false, lowPowerMode=false, boostScreenBrightness=false, dozeScreenBrightness=-1, dozeScreenState=UNKNOWN, waitForNegativeProximity=false
12-26 03:25:58.620: W/ContextImpl(2626): Calling a method in the system process without a qualified user: android.app.ContextImpl.sendBroadcast:877 android.content.ContextWrapper.sendBroadcast:421 com.qti.launcherunreadservice.LauncherUnreadService.sendUnreadChangedBroadcast:310 com.qti.launcherunreadservice.LauncherUnreadService.onStartCommand:169 android.app.ActivityThread.handleServiceArgs:3327 
12-26 03:25:58.706: W/ContextImpl(4309): Calling a method in the system process without a qualified user: android.app.ContextImpl.startService:1357 android.content.ContextWrapper.startService:613 android.content.ContextWrapper.startService:613 com.qualcomm.atfwd.AtFwdAutoboot.onReceive:24 android.app.ActivityThread.handleReceiver:3041 
12-26 03:25:58.776: I/ActivityManager(1538): Start proc 4333:com.qualcomm.embms/u0a81 for broadcast com.qualcomm.embms/.EmbmsBootReceiver
12-26 03:25:58.782: D/DisplayPowerController(1538): requestPowerState: policy=BRIGHT, useProximitySensor=false, screenBrightness=102, screenAutoBrightnessAdjustment=0.0, brightnessSetByUser=true, useAutoBrightness=false, blockScreenOn=false, lowPowerMode=false, boostScreenBrightness=false, dozeScreenBrightness=-1, dozeScreenState=UNKNOWN, waitForNegativeProximity=false
12-26 03:25:58.788: D/DisplayPowerController(1538): requestPowerState: policy=BRIGHT, useProximitySensor=false, screenBrightness=102, screenAutoBrightnessAdjustment=0.0, brightnessSetByUser=true, useAutoBrightness=false, blockScreenOn=false, lowPowerMode=false, boostScreenBrightness=false, dozeScreenBrightness=-1, dozeScreenState=UNKNOWN, waitForNegativeProximity=false
12-26 03:25:59.006: I/ActivityManager(1538): Start proc 4359:com.qualcomm.embms:remote/u0a81 for service com.qualcomm.embms/.EmbmsService
12-26 03:25:59.008: I/BroadcastQueue(1538): Delay finish: com.qualcomm.embms/.EmbmsBootReceiver
12-26 03:25:59.019: I/ActivityManager(1538): Killing 2780:com.android.keychain/1000 (adj 906): empty #17
12-26 03:25:59.096: D/ActivityManager(1538): cleanUpApplicationRecord -- 2780
12-26 03:25:59.211: D/DisplayPowerController(1538): requestPowerState: policy=BRIGHT, useProximitySensor=false, screenBrightness=102, screenAutoBrightnessAdjustment=0.0, brightnessSetByUser=true, useAutoBrightness=false, blockScreenOn=false, lowPowerMode=false, boostScreenBrightness=false, dozeScreenBrightness=-1, dozeScreenState=UNKNOWN, waitForNegativeProximity=false
12-26 03:25:59.217: D/DisplayPowerController(1538): requestPowerState: policy=BRIGHT, useProximitySensor=false, screenBrightness=102, screenAutoBrightnessAdjustment=0.0, brightnessSetByUser=true, useAutoBrightness=false, blockScreenOn=false, lowPowerMode=false, boostScreenBrightness=false, dozeScreenBrightness=-1, dozeScreenState=UNKNOWN, waitForNegativeProximity=false
12-26 03:25:59.221: D/DisplayPowerController(1538): requestPowerState: policy=BRIGHT, useProximitySensor=false, screenBrightness=102, screenAutoBrightnessAdjustment=0.0, brightnessSetByUser=true, useAutoBrightness=false, blockScreenOn=false, lowPowerMode=false, boostScreenBrightness=false, dozeScreenBrightness=-1, dozeScreenState=UNKNOWN, waitForNegativeProximity=false
12-26 03:25:59.230: D/DisplayPowerController(1538): requestPowerState: policy=BRIGHT, useProximitySensor=false, screenBrightness=102, screenAutoBrightnessAdjustment=0.0, brightnessSetByUser=true, useAutoBrightness=false, blockScreenOn=false, lowPowerMode=false, boostScreenBrightness=false, dozeScreenBrightness=-1, dozeScreenState=UNKNOWN, waitForNegativeProximity=false
12-26 03:25:59.301: D/DisplayPowerController(1538): requestPowerState: policy=BRIGHT, useProximitySensor=false, screenBrightness=102, screenAutoBrightnessAdjustment=0.0, brightnessSetByUser=true, useAutoBrightness=false, blockScreenOn=false, lowPowerMode=false, boostScreenBrightness=false, dozeScreenBrightness=-1, dozeScreenState=UNKNOWN, waitForNegativeProximity=false
12-26 03:25:59.316: I/BroadcastQueue(1538): Resuming delayed broadcast
12-26 03:25:59.332: D/DisplayPowerController(1538): requestPowerState: policy=BRIGHT, useProximitySensor=false, screenBrightness=102, screenAutoBrightnessAdjustment=0.0, brightnessSetByUser=true, useAutoBrightness=false, blockScreenOn=false, lowPowerMode=false, boostScreenBrightness=false, dozeScreenBrightness=-1, dozeScreenState=UNKNOWN, waitForNegativeProximity=false
12-26 03:25:59.396: I/ActivityManager(1538): Killing 2867:com.qualcomm.location.XT/1000 (adj 906): empty #17
12-26 03:25:59.484: D/ActivityManager(1538): cleanUpApplicationRecord -- 2867
12-26 03:25:59.561: W/ActivityManager(1538): Slow operation: 65ms so far, now at startProcess: returned from zygote!
12-26 03:25:59.562: W/ActivityManager(1538): Slow operation: 67ms so far, now at startProcess: done updating battery stats
12-26 03:25:59.562: W/ActivityManager(1538): Slow operation: 67ms so far, now at startProcess: building log message
12-26 03:25:59.562: I/ActivityManager(1538): Start proc 4393:com.qualcomm.qti.RIDL/1000 for broadcast com.qualcomm.qti.RIDL/.cBroadcastReceiver
12-26 03:25:59.562: W/ActivityManager(1538): Slow operation: 67ms so far, now at startProcess: starting to update pids map
12-26 03:25:59.562: W/ActivityManager(1538): Slow operation: 67ms so far, now at startProcess: done updating pids map
12-26 03:25:59.562: W/ActivityManager(1538): Slow operation: 67ms so far, now at startProcess: done starting proc!
12-26 03:25:59.636: D/DisplayPowerController(1538): requestPowerState: policy=BRIGHT, useProximitySensor=false, screenBrightness=102, screenAutoBrightnessAdjustment=0.0, brightnessSetByUser=true, useAutoBrightness=false, blockScreenOn=false, lowPowerMode=false, boostScreenBrightness=false, dozeScreenBrightness=-1, dozeScreenState=UNKNOWN, waitForNegativeProximity=false
12-26 03:25:59.804: I/ActivityManager(1538): Start proc 4415:com.qualcomm.qti.StatsPollManager/u0a72 for broadcast com.qualcomm.qti.StatsPollManager/.StatsPollManagerReceiver
12-26 03:25:59.808: I/ActivityManager(1538): Killing 2554:org.codeaurora.ims/1001 (adj 906): empty #17
12-26 03:25:59.899: D/ActivityManager(1538): cleanUpApplicationRecord -- 2554
12-26 03:26:00.010: I/ActivityManager(1538): Start proc 4435:com.qualcomm.qti.appnetaccess/1000 for broadcast com.qualcomm.qti.appnetaccess/.AppNetAccessReceiver
12-26 03:26:00.013: D/DisplayPowerController(1538): requestPowerState: policy=BRIGHT, useProximitySensor=false, screenBrightness=102, screenAutoBrightnessAdjustment=0.0, brightnessSetByUser=true, useAutoBrightness=false, blockScreenOn=false, lowPowerMode=false, boostScreenBrightness=false, dozeScreenBrightness=-1, dozeScreenState=UNKNOWN, waitForNegativeProximity=false
12-26 03:26:00.074: D/DisplayPowerController(1538): requestPowerState: policy=BRIGHT, useProximitySensor=false, screenBrightness=102, screenAutoBrightnessAdjustment=0.0, brightnessSetByUser=true, useAutoBrightness=false, blockScreenOn=false, lowPowerMode=false, boostScreenBrightness=false, dozeScreenBrightness=-1, dozeScreenState=UNKNOWN, waitForNegativeProximity=false
12-26 03:26:00.158: W/ContextImpl(4435): Calling a method in the system process without a qualified user: android.app.ContextImpl.startService:1357 android.content.ContextWrapper.startService:613 android.content.ContextWrapper.startService:613 com.qualcomm.qti.appnetaccess.AppNetAccessReceiver.onReceive:24 android.app.ActivityThread.handleReceiver:3041 
12-26 03:26:00.166: I/BroadcastQueue(1538): Delay finish: com.qualcomm.qti.appnetaccess/.AppNetAccessReceiver
12-26 03:26:02.712: D/DisplayPowerController(1538): requestPowerState: policy=BRIGHT, useProximitySensor=false, screenBrightness=102, screenAutoBrightnessAdjustment=0.0, brightnessSetByUser=true, useAutoBrightness=false, blockScreenOn=false, lowPowerMode=false, boostScreenBrightness=false, dozeScreenBrightness=-1, dozeScreenState=UNKNOWN, waitForNegativeProximity=false
12-26 03:26:04.976: I/ActivityManager(1538): Waited long enough for: ServiceRecord{cc4bdaf u0 com.tencent.mobileqq/.msf.service.MsfService}
12-26 03:26:04.976: I/BroadcastQueue(1538): Resuming delayed broadcast
12-26 03:26:05.038: W/ActivityManager(1538): Slow operation: 62ms so far, now at startProcess: returned from zygote!
12-26 03:26:05.039: W/ActivityManager(1538): Slow operation: 62ms so far, now at startProcess: done updating battery stats
12-26 03:26:05.039: W/ActivityManager(1538): Slow operation: 62ms so far, now at startProcess: building log message
12-26 03:26:05.039: I/ActivityManager(1538): Start proc 4652:com.qualcomm.qti.modemtestmode/1000 for broadcast com.qualcomm.qti.modemtestmode/.DefaultReceiver
12-26 03:26:05.039: W/ActivityManager(1538): Slow operation: 63ms so far, now at startProcess: starting to update pids map
12-26 03:26:05.039: W/ActivityManager(1538): Slow operation: 63ms so far, now at startProcess: done updating pids map
12-26 03:26:05.039: W/ActivityManager(1538): Slow operation: 63ms so far, now at startProcess: done starting proc!
12-26 03:26:05.203: W/ContextImpl(4652): Calling a method in the system process without a qualified user: android.app.ContextImpl.startService:1357 android.content.ContextWrapper.startService:613 com.qualcomm.qcrilhook.QcRilHook.<init>:102 com.qualcomm.qti.modemtestmode.MbnAppGlobals.onCreate:32 android.app.Instrumentation.callApplicationOnCreate:1025 
12-26 03:26:05.207: W/ContextImpl(4652): Calling a method in the system process without a qualified user: android.app.ContextImpl.bindService:1421 android.content.ContextWrapper.bindService:636 com.qualcomm.qcrilhook.QcRilHook.<init>:104 com.qualcomm.qti.modemtestmode.MbnAppGlobals.onCreate:32 android.app.Instrumentation.callApplicationOnCreate:1025 
12-26 03:26:05.250: W/ContextImpl(4652): Calling a method in the system process without a qualified user: android.app.ContextImpl.startService:1357 android.content.ContextWrapper.startService:613 android.content.ContextWrapper.startService:613 com.qualcomm.qti.modemtestmode.DefaultReceiver.onReceive:36 android.app.ActivityThread.handleReceiver:3041 
12-26 03:26:05.257: I/BroadcastQueue(1538): Delay finish: com.qualcomm.qti.modemtestmode/.DefaultReceiver
12-26 03:26:05.268: W/ContextImpl(4652): Calling a method in the system process without a qualified user: android.app.ContextImpl.bindService:1421 android.content.ContextWrapper.bindService:636 com.qualcomm.qti.modemtestmode.MbnSystemService.onCreate:101 android.app.ActivityThread.handleCreateService:3192 android.app.ActivityThread.-wrap5:-1 
12-26 03:26:05.278: D/DisplayPowerController(1538): requestPowerState: policy=BRIGHT, useProximitySensor=false, screenBrightness=102, screenAutoBrightnessAdjustment=0.0, brightnessSetByUser=true, useAutoBrightness=false, blockScreenOn=false, lowPowerMode=false, boostScreenBrightness=false, dozeScreenBrightness=-1, dozeScreenState=UNKNOWN, waitForNegativeProximity=false
12-26 03:26:05.294: D/DisplayPowerController(1538): requestPowerState: policy=BRIGHT, useProximitySensor=false, screenBrightness=102, screenAutoBrightnessAdjustment=0.0, brightnessSetByUser=true, useAutoBrightness=false, blockScreenOn=false, lowPowerMode=false, boostScreenBrightness=false, dozeScreenBrightness=-1, dozeScreenState=UNKNOWN, waitForNegativeProximity=false
12-26 03:26:05.324: D/NMHost(1538): getNetdService() is called android.net.INetd$Stub$Proxy@f105c8d
12-26 03:26:05.460: E/NMHost(1538): disable IPv6 for wlan0
12-26 03:26:05.463: E/NMHost(1538): Failed to disable IPv6: java.lang.IllegalStateException: command '25 interface ipv6 wlan0 disable' failed with '400 25 Failed to change IPv6 state (No such file or directory)'
12-26 03:26:05.856: D/DisplayPowerController(1538): requestPowerState: policy=BRIGHT, useProximitySensor=false, screenBrightness=102, screenAutoBrightnessAdjustment=0.0, brightnessSetByUser=true, useAutoBrightness=false, blockScreenOn=false, lowPowerMode=false, boostScreenBrightness=false, dozeScreenBrightness=-1, dozeScreenState=UNKNOWN, waitForNegativeProximity=false
12-26 03:26:05.857: D/DisplayPowerController(1538): requestPowerState: policy=BRIGHT, useProximitySensor=false, screenBrightness=102, screenAutoBrightnessAdjustment=0.0, brightnessSetByUser=true, useAutoBrightness=false, blockScreenOn=false, lowPowerMode=false, boostScreenBrightness=false, dozeScreenBrightness=-1, dozeScreenState=UNKNOWN, waitForNegativeProximity=false
12-26 03:26:05.858: D/DisplayPowerController(1538): requestPowerState: policy=BRIGHT, useProximitySensor=false, screenBrightness=102, screenAutoBrightnessAdjustment=0.0, brightnessSetByUser=true, useAutoBrightness=false, blockScreenOn=false, lowPowerMode=false, boostScreenBrightness=false, dozeScreenBrightness=-1, dozeScreenState=UNKNOWN, waitForNegativeProximity=false
12-26 03:26:05.858: D/DisplayPowerController(1538): requestPowerState: policy=BRIGHT, useProximitySensor=false, screenBrightness=102, screenAutoBrightnessAdjustment=0.0, brightnessSetByUser=true, useAutoBrightness=false, blockScreenOn=false, lowPowerMode=false, boostScreenBrightness=false, dozeScreenBrightness=-1, dozeScreenState=UNKNOWN, waitForNegativeProximity=false
12-26 03:26:07.259: V/LightsService(1538): setLight #3: color=#0: brightnessMode=0
12-26 03:26:07.260: V/LightsService(1538): setLightLocked
12-26 03:26:07.260: V/LightsService(1538): java.lang.Throwable
12-26 03:26:07.260: V/LightsService(1538): 	at com.android.server.lights.LightsService$LightImpl.setLightLocked(LightsService.java:138)
12-26 03:26:07.260: V/LightsService(1538): 	at com.android.server.lights.LightsService$LightImpl.turnOff(LightsService.java:97)
12-26 03:26:07.260: V/LightsService(1538): 	at com.android.server.BatteryService$Led.updateLightsLocked(BatteryService.java:1002)
12-26 03:26:07.260: V/LightsService(1538): 	at com.android.server.BatteryService.processValuesLocked(BatteryService.java:612)
12-26 03:26:07.260: V/LightsService(1538): 	at com.android.server.BatteryService.update(BatteryService.java:423)
12-26 03:26:07.260: V/LightsService(1538): 	at com.android.server.BatteryService.-wrap5(BatteryService.java)
12-26 03:26:07.260: V/LightsService(1538): 	at com.android.server.BatteryService$BatteryListener.batteryPropertiesChanged(BatteryService.java:1011)
12-26 03:26:07.260: V/LightsService(1538): 	at android.os.IBatteryPropertiesListener$Stub.onTransact(IBatteryPropertiesListener.java:58)
12-26 03:26:07.260: V/LightsService(1538): 	at android.os.Binder.execTransact(Binder.java:565)
12-26 03:26:07.268: E/BatteryStatsService(1538): no controller energy info supplied
12-26 03:26:07.268: E/BatteryStatsService(1538): no controller energy info supplied
12-26 03:26:07.273: D/DisplayPowerController(1538): requestPowerState: policy=BRIGHT, useProximitySensor=false, screenBrightness=102, screenAutoBrightnessAdjustment=0.0, brightnessSetByUser=true, useAutoBrightness=false, blockScreenOn=false, lowPowerMode=false, boostScreenBrightness=false, dozeScreenBrightness=-1, dozeScreenState=UNKNOWN, waitForNegativeProximity=false
12-26 03:26:07.276: D/DisplayPowerController(1538): requestPowerState: policy=BRIGHT, useProximitySensor=false, screenBrightness=102, screenAutoBrightnessAdjustment=0.0, brightnessSetByUser=true, useAutoBrightness=false, blockScreenOn=false, lowPowerMode=false, boostScreenBrightness=false, dozeScreenBrightness=-1, dozeScreenState=UNKNOWN, waitForNegativeProximity=false
12-26 03:26:07.295: D/DisplayPowerController(1538): requestPowerState: policy=BRIGHT, useProximitySensor=false, screenBrightness=102, screenAutoBrightnessAdjustment=0.0, brightnessSetByUser=true, useAutoBrightness=false, blockScreenOn=false, lowPowerMode=false, boostScreenBrightness=false, dozeScreenBrightness=-1, dozeScreenState=UNKNOWN, waitForNegativeProximity=false
12-26 03:26:07.297: E/KernelCpuSpeedReader(1538): Failed to read cpu-freq: /sys/devices/system/cpu/cpu0/cpufreq/stats/time_in_state (No such file or directory)
12-26 03:26:07.560: I/ActivityManager(1538): Delaying start of: ServiceRecord{107e2a7 u0 com.tencent.mm/.booter.CoreService}
12-26 03:26:07.584: V/LightsService(1538): setLight #3: color=#ffff0000: brightnessMode=0
12-26 03:26:07.585: V/LightsService(1538): setLightLocked
12-26 03:26:07.585: V/LightsService(1538): java.lang.Throwable
12-26 03:26:07.585: V/LightsService(1538): 	at com.android.server.lights.LightsService$LightImpl.setLightLocked(LightsService.java:138)
12-26 03:26:07.585: V/LightsService(1538): 	at com.android.server.lights.LightsService$LightImpl.setColor(LightsService.java:64)
12-26 03:26:07.585: V/LightsService(1538): 	at com.android.server.BatteryService$Led.updateLightsLocked(BatteryService.java:997)
12-26 03:26:07.585: V/LightsService(1538): 	at com.android.server.BatteryService.processValuesLocked(BatteryService.java:612)
12-26 03:26:07.585: V/LightsService(1538): 	at com.android.server.BatteryService.update(BatteryService.java:423)
12-26 03:26:07.585: V/LightsService(1538): 	at com.android.server.BatteryService.-wrap5(BatteryService.java)
12-26 03:26:07.585: V/LightsService(1538): 	at com.android.server.BatteryService$BatteryListener.batteryPropertiesChanged(BatteryService.java:1011)
12-26 03:26:07.585: V/LightsService(1538): 	at android.os.IBatteryPropertiesListener$Stub.onTransact(IBatteryPropertiesListener.java:58)
12-26 03:26:07.585: V/LightsService(1538): 	at android.os.Binder.execTransact(Binder.java:565)
12-26 03:26:07.587: E/BatteryStatsService(1538): no controller energy info supplied
12-26 03:26:07.587: E/BatteryStatsService(1538): no controller energy info supplied
12-26 03:26:07.592: D/DisplayPowerController(1538): requestPowerState: policy=BRIGHT, useProximitySensor=false, screenBrightness=102, screenAutoBrightnessAdjustment=0.0, brightnessSetByUser=true, useAutoBrightness=false, blockScreenOn=false, lowPowerMode=false, boostScreenBrightness=false, dozeScreenBrightness=-1, dozeScreenState=UNKNOWN, waitForNegativeProximity=false
12-26 03:26:07.608: D/DisplayPowerController(1538): requestPowerState: policy=BRIGHT, useProximitySensor=false, screenBrightness=102, screenAutoBrightnessAdjustment=0.0, brightnessSetByUser=true, useAutoBrightness=false, blockScreenOn=false, lowPowerMode=false, boostScreenBrightness=false, dozeScreenBrightness=-1, dozeScreenState=UNKNOWN, waitForNegativeProximity=false
12-26 03:26:07.621: W/ActivityManager(1538): Slow operation: 56ms so far, now at startProcess: returned from zygote!
12-26 03:26:07.639: W/ActivityManager(1538): Slow operation: 74ms so far, now at startProcess: done updating battery stats
12-26 03:26:07.639: W/ActivityManager(1538): Slow operation: 74ms so far, now at startProcess: building log message
12-26 03:26:07.639: I/ActivityManager(1538): Start proc 4746:com.tencent.mm:push/u0a88 for service com.tencent.mm/.booter.CoreService
12-26 03:26:07.639: W/ActivityManager(1538): Slow operation: 74ms so far, now at startProcess: starting to update pids map
12-26 03:26:07.643: W/ActivityManager(1538): Slow operation: 78ms so far, now at startProcess: done updating pids map
12-26 03:26:07.643: W/ActivityManager(1538): Slow operation: 78ms so far, now at startProcess: done starting proc!
12-26 03:26:07.650: D/DisplayPowerController(1538): requestPowerState: policy=BRIGHT, useProximitySensor=false, screenBrightness=102, screenAutoBrightnessAdjustment=0.0, brightnessSetByUser=true, useAutoBrightness=false, blockScreenOn=false, lowPowerMode=false, boostScreenBrightness=false, dozeScreenBrightness=-1, dozeScreenState=UNKNOWN, waitForNegativeProximity=false
12-26 03:26:07.725: W/ContextImpl(2580): Calling a method in the system process without a qualified user: android.app.ContextImpl.sendBroadcast:877 android.content.ContextWrapper.sendBroadcast:421 com.adups.fota.sysoper.o.e:169 com.adups.fota.sysoper.o.a:27 com.adups.fota.sysoper.OtaReceiver.onReceive:25 
12-26 03:26:08.070: E/ActivityThread(4746): Failed to find provider info for com.tencent.mm.coolassist.debugprovider
12-26 03:26:08.084: I/EntropyMixer(1538): Writing entropy...
12-26 03:26:08.851: I/ActivityManager(1538): Waited long enough for: ServiceRecord{968aa7f u0 com.qti.diagrestoreservice/.QTIDiagRestoreServices}
12-26 03:26:08.852: I/BroadcastQueue(1538): Resuming delayed broadcast
12-26 03:26:08.865: D/DisplayPowerController(1538): requestPowerState: policy=BRIGHT, useProximitySensor=false, screenBrightness=102, screenAutoBrightnessAdjustment=0.0, brightnessSetByUser=true, useAutoBrightness=false, blockScreenOn=false, lowPowerMode=false, boostScreenBrightness=false, dozeScreenBrightness=-1, dozeScreenState=UNKNOWN, waitForNegativeProximity=false
12-26 03:26:08.882: D/DisplayPowerController(1538): requestPowerState: policy=BRIGHT, useProximitySensor=false, screenBrightness=102, screenAutoBrightnessAdjustment=0.0, brightnessSetByUser=true, useAutoBrightness=false, blockScreenOn=false, lowPowerMode=false, boostScreenBrightness=false, dozeScreenBrightness=-1, dozeScreenState=UNKNOWN, waitForNegativeProximity=false
12-26 03:26:08.883: D/DisplayPowerController(1538): requestPowerState: policy=BRIGHT, useProximitySensor=false, screenBrightness=102, screenAutoBrightnessAdjustment=0.0, brightnessSetByUser=true, useAutoBrightness=false, blockScreenOn=false, lowPowerMode=false, boostScreenBrightness=false, dozeScreenBrightness=-1, dozeScreenState=UNKNOWN, waitForNegativeProximity=false
12-26 03:26:08.928: W/ActivityManager(1538): Slow operation: 75ms so far, now at startProcess: returned from zygote!
12-26 03:26:08.928: W/ActivityManager(1538): Slow operation: 75ms so far, now at startProcess: done updating battery stats
12-26 03:26:08.928: W/ActivityManager(1538): Slow operation: 75ms so far, now at startProcess: building log message
12-26 03:26:08.929: I/ActivityManager(1538): Start proc 4840:com.qualcomm.qti.radioconfiginterface/1001 for broadcast com.qualcomm.qti.radioconfiginterface/.RadioConfigBootReceiver
12-26 03:26:08.929: W/ActivityManager(1538): Slow operation: 75ms so far, now at startProcess: starting to update pids map
12-26 03:26:08.929: W/ActivityManager(1538): Slow operation: 75ms so far, now at startProcess: done updating pids map
12-26 03:26:08.929: W/ActivityManager(1538): Slow operation: 76ms so far, now at startProcess: done starting proc!
12-26 03:26:09.018: I/ActivityManager(1538): Waited long enough for: ServiceRecord{2bd7a4c u0 com.qti.diagservices/.QTIDiagServices}
12-26 03:26:09.097: I/ActivityManager(1538): Killing 2762:com.tencent.mm/u0a88 (adj 906): empty #17
12-26 03:26:09.159: W/ContextImpl(4309): Calling a method in the system process without a qualified user: android.app.ContextImpl.startService:1357 android.content.ContextWrapper.startService:613 android.content.ContextWrapper.startService:613 com.qualcomm.simcontacts.SimStateReceiver.sendPhoneBoot:74 com.qualcomm.simcontacts.SimStateReceiver.onReceive:55 
12-26 03:26:09.241: W/ActivityManager(1538): Slow operation: 59ms so far, now at startProcess: returned from zygote!
12-26 03:26:09.241: W/ActivityManager(1538): Slow operation: 59ms so far, now at startProcess: done updating battery stats
12-26 03:26:09.242: W/ActivityManager(1538): Slow operation: 59ms so far, now at startProcess: building log message
12-26 03:26:09.242: I/ActivityManager(1538): Start proc 4908:com.sankuai.meituan:dppushservice/u0a89 for broadcast com.sankuai.meituan/com.dianping.base.push.pushservice.PhoneStatusReceiver
12-26 03:26:09.242: W/ActivityManager(1538): Slow operation: 60ms so far, now at startProcess: starting to update pids map
12-26 03:26:09.242: W/ActivityManager(1538): Slow operation: 60ms so far, now at startProcess: done updating pids map
12-26 03:26:09.242: W/ActivityManager(1538): Slow operation: 60ms so far, now at startProcess: done starting proc!
12-26 03:26:09.271: D/ActivityManager(1538): cleanUpApplicationRecord -- 2762
12-26 03:26:09.342: I/ActivityManager(1538): Waited long enough for: ServiceRecord{f78d202 u0 com.qualcomm.qti.qs/.QSService}
12-26 03:26:09.826: W/ActivityManager(1538): Permission Denial: opening provider com.android.providers.contacts.ContactsProvider2 from ProcessRecord{2ca8e8f 4746:com.tencent.mm:push/u0a88} (pid=4746, uid=10088) requires android.permission.READ_CONTACTS or android.permission.WRITE_CONTACTS
12-26 03:26:10.350: I/ActivityManager(1538): Waited long enough for: ServiceRecord{ac193f8 u0 com.android.calendar/.alerts.InitAlarmsService}
12-26 03:26:11.901: W/BroadcastQueue(1538): Permission Denial: receiving Intent { act=android.intent.action.BOOT_COMPLETED flg=0x9000010 (has extras) } to com.sohu.inputmethod.sogou/com.sohu.inputmethod.settings.status.BootCompletedReceiver requires android.permission.RECEIVE_BOOT_COMPLETED due to sender null (uid 1000)
12-26 03:26:11.961: W/ActivityManager(1538): Slow operation: 59ms so far, now at startProcess: returned from zygote!
12-26 03:26:11.962: W/ActivityManager(1538): Slow operation: 59ms so far, now at startProcess: done updating battery stats
12-26 03:26:11.962: W/ActivityManager(1538): Slow operation: 59ms so far, now at startProcess: building log message
12-26 03:26:11.962: I/ActivityManager(1538): Start proc 5339:com.tencent.mm:exdevice/u0a88 for broadcast com.tencent.mm/.booter.MMReceivers$ExdeviceProcessReceiver
12-26 03:26:11.962: W/ActivityManager(1538): Slow operation: 60ms so far, now at startProcess: starting to update pids map
12-26 03:26:11.962: W/ActivityManager(1538): Slow operation: 60ms so far, now at startProcess: done updating pids map
12-26 03:26:11.962: W/ActivityManager(1538): Slow operation: 60ms so far, now at startProcess: done starting proc!
12-26 03:26:11.973: I/ActivityManager(1538): Killing 2747:com.android.printspooler/u0a66 (adj 906): empty #17
12-26 03:26:12.287: D/ActivityManager(1538): cleanUpApplicationRecord -- 2747
12-26 03:26:12.305: I/ActivityManager(1538): Killing 3107:com.tencent.mobileqq/u0a85 (adj 906): empty #17
12-26 03:26:12.512: E/ActivityThread(5339): Failed to find provider info for com.tencent.mm.coolassist.debugprovider
12-26 03:26:12.520: D/ActivityManager(1538): cleanUpApplicationRecord -- 3107
12-26 03:26:12.994: D/DisplayPowerController(1538): requestPowerState: policy=BRIGHT, useProximitySensor=false, screenBrightness=102, screenAutoBrightnessAdjustment=0.0, brightnessSetByUser=true, useAutoBrightness=false, blockScreenOn=false, lowPowerMode=false, boostScreenBrightness=false, dozeScreenBrightness=-1, dozeScreenState=UNKNOWN, waitForNegativeProximity=false
12-26 03:26:13.723: I/ActivityManager(1538): Waited long enough for: ServiceRecord{a57e08a u0 com.qualcomm.atfwd/.AtFwdService}
12-26 03:26:14.963: I/ActivityManager(1538): Waited long enough for: ServiceRecord{f5e7b65 u0 com.qualcomm.qti.StatsPollManager/.StatsPollManagerService}
12-26 03:26:15.058: I/ActivityManager(1538): Killing 3522:com.qualcomm.display/1000 (adj 906): empty #17
12-26 03:26:15.157: W/ActivityManager(1538): Slow operation: 62ms so far, now at startProcess: returned from zygote!
12-26 03:26:15.158: W/ActivityManager(1538): Slow operation: 64ms so far, now at startProcess: done updating battery stats
12-26 03:26:15.158: W/ActivityManager(1538): Slow operation: 64ms so far, now at startProcess: building log message
12-26 03:26:15.158: I/ActivityManager(1538): Start proc 5518:org.codeaurora.ims/1001 for broadcast org.codeaurora.ims/.ImsServiceAutoboot
12-26 03:26:15.158: W/ActivityManager(1538): Slow operation: 64ms so far, now at startProcess: starting to update pids map
12-26 03:26:15.158: W/ActivityManager(1538): Slow operation: 64ms so far, now at startProcess: done updating pids map
12-26 03:26:15.158: W/ActivityManager(1538): Slow operation: 64ms so far, now at startProcess: done starting proc!
12-26 03:26:15.159: D/ActivityManager(1538): cleanUpApplicationRecord -- 3522
12-26 03:26:15.170: I/ActivityManager(1538): Waited long enough for: ServiceRecord{7c174eb u0 com.qualcomm.qti.appnetaccess/.AppNetAccessService}
12-26 03:26:15.532: W/ActivityManager(1538): Slow operation: 74ms so far, now at startProcess: returned from zygote!
12-26 03:26:15.532: W/ActivityManager(1538): Slow operation: 74ms so far, now at startProcess: done updating battery stats
12-26 03:26:15.533: W/ActivityManager(1538): Slow operation: 75ms so far, now at startProcess: building log message
12-26 03:26:15.533: I/ActivityManager(1538): Start proc 5567:org.simalliance.openmobileapi.service/1000 for broadcast org.simalliance.openmobileapi.service/.SmartcardServiceBootCompletedBroadcastReceiver
12-26 03:26:15.533: W/ActivityManager(1538): Slow operation: 75ms so far, now at startProcess: starting to update pids map
12-26 03:26:15.534: W/ActivityManager(1538): Slow operation: 75ms so far, now at startProcess: done updating pids map
12-26 03:26:15.534: W/ActivityManager(1538): Slow operation: 76ms so far, now at startProcess: done starting proc!
12-26 03:26:15.539: I/ActivityManager(1538): Killing 3652:com.android.dialer/u0a14 (adj 906): empty #17
12-26 03:26:15.663: D/ActivityManager(1538): cleanUpApplicationRecord -- 3652
12-26 03:26:15.814: W/ActivityManager(1538): Slow operation: 62ms so far, now at startProcess: returned from zygote!
12-26 03:26:15.814: W/ActivityManager(1538): Slow operation: 63ms so far, now at startProcess: done updating battery stats
12-26 03:26:15.814: W/ActivityManager(1538): Slow operation: 63ms so far, now at startProcess: building log message
12-26 03:26:15.815: I/ActivityManager(1538): Start proc 5644:org.simalliance.openmobileapi.service:remote/1000 for service org.simalliance.openmobileapi.service/.SmartcardService
12-26 03:26:15.815: W/ActivityManager(1538): Slow operation: 64ms so far, now at startProcess: starting to update pids map
12-26 03:26:15.815: W/ActivityManager(1538): Slow operation: 64ms so far, now at startProcess: done updating pids map
12-26 03:26:15.815: W/ActivityManager(1538): Slow operation: 64ms so far, now at startProcess: done starting proc!
12-26 03:26:15.825: I/ActivityManager(1538): Killing 3851:com.android.carrierconfig/u0a3 (adj 906): empty #17
12-26 03:26:15.860: I/ActivityManager(1538): Killing 3894:com.adups.fota/u0a52 (adj 906): empty #17
12-26 03:26:15.940: W/ActivityManager(1538): Slow operation: 66ms so far, now at startProcess: returned from zygote!
12-26 03:26:15.941: W/ActivityManager(1538): Slow operation: 66ms so far, now at startProcess: done updating battery stats
12-26 03:26:15.941: W/ActivityManager(1538): Slow operation: 66ms so far, now at startProcess: building log message
12-26 03:26:15.941: I/ActivityManager(1538): Start proc 5683:com.android.cellbroadcastreceiver/u0a6 for broadcast com.android.cellbroadcastreceiver/.CellBroadcastReceiver
12-26 03:26:15.941: W/ActivityManager(1538): Slow operation: 67ms so far, now at startProcess: starting to update pids map
12-26 03:26:15.941: W/ActivityManager(1538): Slow operation: 67ms so far, now at startProcess: done updating pids map
12-26 03:26:15.941: W/ActivityManager(1538): Slow operation: 67ms so far, now at startProcess: done starting proc!
12-26 03:26:15.943: D/ActivityManager(1538): cleanUpApplicationRecord -- 3851
12-26 03:26:15.991: D/ActivityManager(1538): cleanUpApplicationRecord -- 3894
12-26 03:26:16.163: I/ActivityManager(1538): Killing 2842:com.android.deskclock/u0a46 (adj 906): empty #17
12-26 03:26:16.351: D/ActivityManager(1538): cleanUpApplicationRecord -- 2842
12-26 03:26:16.437: W/ContextImpl(4309): Calling a method in the system process without a qualified user: android.app.ContextImpl.startService:1357 android.content.ContextWrapper.startService:613 android.content.ContextWrapper.startService:613 com.qualcomm.simcontacts.SimStateReceiver.sendSimState:83 com.qualcomm.simcontacts.SimStateReceiver.onReceive:53 
12-26 03:26:16.567: D/DisplayPowerController(1538): requestPowerState: policy=BRIGHT, useProximitySensor=false, screenBrightness=102, screenAutoBrightnessAdjustment=0.0, brightnessSetByUser=true, useAutoBrightness=false, blockScreenOn=false, lowPowerMode=false, boostScreenBrightness=false, dozeScreenBrightness=-1, dozeScreenState=UNKNOWN, waitForNegativeProximity=false
12-26 03:26:16.629: W/ActivityManager(1538): Slow operation: 75ms so far, now at startProcess: returned from zygote!
12-26 03:26:16.629: W/ActivityManager(1538): Slow operation: 76ms so far, now at startProcess: done updating battery stats
12-26 03:26:16.629: W/ActivityManager(1538): Slow operation: 76ms so far, now at startProcess: building log message
12-26 03:26:16.629: I/ActivityManager(1538): Start proc 5839:cn.wps.moffice_eng:gcmpush/u0a86 for broadcast cn.wps.moffice_eng/com.power.PowerReceiver
12-26 03:26:16.629: W/ActivityManager(1538): Slow operation: 76ms so far, now at startProcess: starting to update pids map
12-26 03:26:16.629: W/ActivityManager(1538): Slow operation: 76ms so far, now at startProcess: done updating pids map
12-26 03:26:16.629: W/ActivityManager(1538): Slow operation: 76ms so far, now at startProcess: done starting proc!
12-26 03:26:18.355: W/ActivityManager(1538): Slow operation: 70ms so far, now at startProcess: returned from zygote!
12-26 03:26:18.355: W/ActivityManager(1538): Slow operation: 71ms so far, now at startProcess: done updating battery stats
12-26 03:26:18.355: W/ActivityManager(1538): Slow operation: 71ms so far, now at startProcess: building log message
12-26 03:26:18.355: I/ActivityManager(1538): Start proc 5967:cn.wps.moffice_eng/u0a86 for content provider cn.wps.moffice_eng/cn.wps.moffice.persistence.AppDataProvider
12-26 03:26:18.355: W/ActivityManager(1538): Slow operation: 71ms so far, now at startProcess: starting to update pids map
12-26 03:26:18.356: W/ActivityManager(1538): Slow operation: 71ms so far, now at startProcess: done updating pids map
12-26 03:26:18.356: W/ActivityManager(1538): Slow operation: 71ms so far, now at startProcess: done starting proc!
12-26 03:26:18.356: W/ActivityManager(1538): Slow operation: 73ms so far, now at getContentProviderImpl: after start process
12-26 03:26:18.356: W/ActivityManager(1538): Slow operation: 73ms so far, now at getContentProviderImpl: updating data structures
12-26 03:26:18.357: W/ActivityManager(1538): Slow operation: 74ms so far, now at getContentProviderImpl: done!
12-26 03:26:19.549: I/ActivityManager(1538): Killing 4114:com.android.managedprovisioning/u0a15 (adj 906): empty #17
12-26 03:26:19.580: D/DisplayPowerController(1538): requestPowerState: policy=BRIGHT, useProximitySensor=false, screenBrightness=102, screenAutoBrightnessAdjustment=0.0, brightnessSetByUser=true, useAutoBrightness=false, blockScreenOn=false, lowPowerMode=false, boostScreenBrightness=false, dozeScreenBrightness=-1, dozeScreenState=UNKNOWN, waitForNegativeProximity=false
12-26 03:26:19.692: D/ActivityManager(1538): cleanUpApplicationRecord -- 4114
12-26 03:26:19.800: W/ActivityManager(1538): Slow operation: 65ms so far, now at startProcess: returned from zygote!
12-26 03:26:19.800: W/ActivityManager(1538): Slow operation: 65ms so far, now at startProcess: done updating battery stats
12-26 03:26:19.801: W/ActivityManager(1538): Slow operation: 65ms so far, now at startProcess: building log message
12-26 03:26:19.801: I/ActivityManager(1538): Start proc 6113:com.myrecorder.voicerecorderpro.pro/u0a93 for broadcast com.myrecorder.voicerecorderpro.pro/com.umeng.adutils.UpdateReceiver
12-26 03:26:19.801: W/ActivityManager(1538): Slow operation: 65ms so far, now at startProcess: starting to update pids map
12-26 03:26:19.801: W/ActivityManager(1538): Slow operation: 65ms so far, now at startProcess: done updating pids map
12-26 03:26:19.801: W/ActivityManager(1538): Slow operation: 65ms so far, now at startProcess: done starting proc!
12-26 03:26:19.833: I/ActivityManager(1538): Killing 4077:com.android.exchange/u0a47 (adj 906): empty #17
12-26 03:26:19.959: D/ActivityManager(1538): cleanUpApplicationRecord -- 4077
12-26 03:26:20.103: I/ActivityManager(1538): Killing 4211:com.android.onetimeinitializer/u0a17 (adj 906): empty #17
12-26 03:26:20.192: W/ActivityManager(1538): Slow operation: 71ms so far, now at startProcess: returned from zygote!
12-26 03:26:20.192: W/ActivityManager(1538): Slow operation: 71ms so far, now at startProcess: done updating battery stats
12-26 03:26:20.192: W/ActivityManager(1538): Slow operation: 71ms so far, now at startProcess: building log message
12-26 03:26:20.192: I/ActivityManager(1538): Start proc 6155:com.tencent.mm/u0a88 for broadcast com.tencent.mm/.booter.MountReceiver
12-26 03:26:20.193: W/ActivityManager(1538): Slow operation: 71ms so far, now at startProcess: starting to update pids map
12-26 03:26:20.193: W/ActivityManager(1538): Slow operation: 71ms so far, now at startProcess: done updating pids map
12-26 03:26:20.193: W/ActivityManager(1538): Slow operation: 71ms so far, now at startProcess: done starting proc!
12-26 03:26:20.197: D/ActivityManager(1538): cleanUpApplicationRecord -- 4211
12-26 03:26:20.256: I/ActivityManager(1538): Waited long enough for: ServiceRecord{54e448c u0 com.qualcomm.qti.modemtestmode/.MbnSystemService}
12-26 03:26:20.374: D/DisplayPowerController(1538): requestPowerState: policy=BRIGHT, useProximitySensor=false, screenBrightness=102, screenAutoBrightnessAdjustment=0.0, brightnessSetByUser=true, useAutoBrightness=false, blockScreenOn=false, lowPowerMode=false, boostScreenBrightness=false, dozeScreenBrightness=-1, dozeScreenState=UNKNOWN, waitForNegativeProximity=false
12-26 03:26:20.406: D/DisplayPowerController(1538): requestPowerState: policy=BRIGHT, useProximitySensor=false, screenBrightness=102, screenAutoBrightnessAdjustment=0.0, brightnessSetByUser=true, useAutoBrightness=false, blockScreenOn=false, lowPowerMode=false, boostScreenBrightness=false, dozeScreenBrightness=-1, dozeScreenState=UNKNOWN, waitForNegativeProximity=false
12-26 03:26:20.422: D/DisplayPowerController(1538): requestPowerState: policy=BRIGHT, useProximitySensor=false, screenBrightness=102, screenAutoBrightnessAdjustment=0.0, brightnessSetByUser=true, useAutoBrightness=false, blockScreenOn=false, lowPowerMode=false, boostScreenBrightness=false, dozeScreenBrightness=-1, dozeScreenState=UNKNOWN, waitForNegativeProximity=false
12-26 03:26:20.480: D/DisplayPowerController(1538): requestPowerState: policy=BRIGHT, useProximitySensor=false, screenBrightness=102, screenAutoBrightnessAdjustment=0.0, brightnessSetByUser=true, useAutoBrightness=false, blockScreenOn=false, lowPowerMode=false, boostScreenBrightness=false, dozeScreenBrightness=-1, dozeScreenState=UNKNOWN, waitForNegativeProximity=false
12-26 03:26:20.491: D/DisplayPowerController(1538): requestPowerState: policy=BRIGHT, useProximitySensor=false, screenBrightness=102, screenAutoBrightnessAdjustment=0.0, brightnessSetByUser=true, useAutoBrightness=false, blockScreenOn=false, lowPowerMode=false, boostScreenBrightness=false, dozeScreenBrightness=-1, dozeScreenState=UNKNOWN, waitForNegativeProximity=false
12-26 03:26:20.508: D/DisplayPowerController(1538): requestPowerState: policy=BRIGHT, useProximitySensor=false, screenBrightness=102, screenAutoBrightnessAdjustment=0.0, brightnessSetByUser=true, useAutoBrightness=false, blockScreenOn=false, lowPowerMode=false, boostScreenBrightness=false, dozeScreenBrightness=-1, dozeScreenState=UNKNOWN, waitForNegativeProximity=false
12-26 03:26:20.526: D/DisplayPowerController(1538): requestPowerState: policy=BRIGHT, useProximitySensor=false, screenBrightness=102, screenAutoBrightnessAdjustment=0.0, brightnessSetByUser=true, useAutoBrightness=false, blockScreenOn=false, lowPowerMode=false, boostScreenBrightness=false, dozeScreenBrightness=-1, dozeScreenState=UNKNOWN, waitForNegativeProximity=false
12-26 03:26:20.594: E/ActivityThread(6155): Failed to find provider info for com.tencent.mm.coolassist.debugprovider
12-26 03:26:20.594: E/ActivityThread(6155): --------- beginning of main
12-26 03:26:23.828: I/ThermalEngine(755): Sensor:case_therm:48000 mC
12-26 03:26:23.828: D/ThermalEngine(755): handle_timer_sig: SS Id SS-CASE-THERM Read case_therm 48000mC, Err -2000mC, SampleCnt 1
12-26 03:26:23.828: D/ThermalEngine(755): handle_timer_sig: SS Id SS-CASE-THERM, E0 -2000mC, E1 -2000mC
12-26 03:26:23.828: D/ThermalEngine(755): Already at device mitigation min perf limit
12-26 03:26:23.828: I/ThermalEngine(755): settimer: Start timer 1.000(sec)
12-26 03:26:23.828: D/ThermalEngine(755): algo_monitor: Wait for EV
12-26 03:26:23.832: E/System(6155): java.lang.Runtime#loadLibrary(String, ClassLoader) is private and will be removed in a future Android release
12-26 03:26:23.945: I/ActivityManager(1538): Killing 4033:com.android.providers.calendar/u0a2 (adj 906): empty #17
12-26 03:26:23.952: D/MSF.C.NetConnInfoCenter(3076): receive broadcast Intent { act=android.intent.action.MEDIA_SCANNER_STARTED dat=file:///storage/emulated/0 flg=0x10 cmp=com.tencent.mobileqq/.msf.core.NetConnInfoCenter }
12-26 03:26:23.986: D/MSF.C.NetConnInfoCenter(3076): receive broadcast Intent { act=android.intent.action.MEDIA_SCANNER_FINISHED dat=file:///storage/emulated/0 flg=0x10 cmp=com.tencent.mobileqq/.msf.core.NetConnInfoCenter }
12-26 03:26:24.005: D/ActivityManager(1538): cleanUpApplicationRecord -- 4033
12-26 03:26:24.009: E/VvmSimChangeReceiver(2243): Empty MCCMNC, possible modem crash. Ignoring carrier config changed event
12-26 03:26:24.119: D/AlertReceiver(3964): onReceive: a=android.intent.action.PROVIDER_CHANGED Intent { act=android.intent.action.PROVIDER_CHANGED dat=content://com.android.calendar flg=0x20000010 cmp=com.android.calendar/.alerts.AlertReceiver }
12-26 03:26:24.134: D/DisplayPowerController(1538): requestPowerState: policy=BRIGHT, useProximitySensor=false, screenBrightness=102, screenAutoBrightnessAdjustment=0.0, brightnessSetByUser=true, useAutoBrightness=false, blockScreenOn=false, lowPowerMode=false, boostScreenBrightness=false, dozeScreenBrightness=-1, dozeScreenState=UNKNOWN, waitForNegativeProximity=false
12-26 03:26:24.147: D/AlertService(3964): 0 Action = android.intent.action.PROVIDER_CHANGED
12-26 03:26:24.180: I/ActivityManager(1538): Waited long enough for: ServiceRecord{e9629ee u0 com.qualcomm.simcontacts/.SimContactsService}
12-26 03:26:24.184: D/Mms-debug(4146): onReceiveWithPrivilege:intent=Intent { act=com.android.mms.transaction.SEND_INACTIVE_MESSAGE flg=0x10 cmp=com.android.mms/.transaction.SmsReceiver }|privileged=false
12-26 03:26:24.188: D/DisplayPowerController(1538): requestPowerState: policy=BRIGHT, useProximitySensor=false, screenBrightness=102, screenAutoBrightnessAdjustment=0.0, brightnessSetByUser=true, useAutoBrightness=false, blockScreenOn=false, lowPowerMode=false, boostScreenBrightness=false, dozeScreenBrightness=-1, dozeScreenState=UNKNOWN, waitForNegativeProximity=false
12-26 03:26:24.239: W/ActivityManager(1538): Slow operation: 56ms so far, now at startProcess: returned from zygote!
12-26 03:26:24.239: W/ActivityManager(1538): Slow operation: 56ms so far, now at startProcess: done updating battery stats
12-26 03:26:24.240: W/ActivityManager(1538): Slow operation: 56ms so far, now at startProcess: building log message
12-26 03:26:24.240: I/ActivityManager(1538): Start proc 6355:com.android.providers.calendar/u0a2 for content provider com.android.providers.calendar/.CalendarProvider2
12-26 03:26:24.240: W/ActivityManager(1538): Slow operation: 56ms so far, now at startProcess: starting to update pids map
12-26 03:26:24.240: W/ActivityManager(1538): Slow operation: 56ms so far, now at startProcess: done updating pids map
12-26 03:26:24.240: W/ActivityManager(1538): Slow operation: 58ms so far, now at startProcess: done starting proc!
12-26 03:26:24.240: W/ActivityManager(1538): Slow operation: 58ms so far, now at getContentProviderImpl: after start process
12-26 03:26:24.240: W/ActivityManager(1538): Slow operation: 58ms so far, now at getContentProviderImpl: updating data structures
12-26 03:26:24.240: W/ActivityManager(1538): Slow operation: 58ms so far, now at getContentProviderImpl: done!
12-26 03:26:24.311: D/Mms-debug(4146): onStart: #1 resultCode: -1 = Activity.RESULT_OK
12-26 03:26:24.312: D/Mms-debug(4146): handleMessage serviceId: 1 intent: Intent { act=com.android.mms.transaction.SEND_INACTIVE_MESSAGE flg=0x10 cmp=com.android.mms/.transaction.SmsReceiverService (has extras) }
12-26 03:26:24.339: D/MSF.C.NetConnInfoCenter(3076): receive broadcast Intent { act=android.intent.action.MEDIA_SCANNER_STARTED dat=file:///system/media flg=0x10 cmp=com.tencent.mobileqq/.msf.core.NetConnInfoCenter }
12-26 03:26:24.344: D/Mms-debug(4146): handleMessage action: com.android.mms.transaction.SEND_INACTIVE_MESSAGE error: 0
12-26 03:26:24.337: I/com.xdja.uaac(6310): type=1400 audit(0.0:317): avc: denied { search } for name="/" dev="pstore" ino=605 scontext=u:r:untrusted_app:s0:c512,c768 tcontext=u:object_r:pstorefs:s0 tclass=dir permissive=1
12-26 03:26:24.353: I/art(6355): Starting a blocking GC AddRemoveAppImageSpace
12-26 03:26:24.357: W/System(6355): ClassLoader referenced unknown path: /system/priv-app/CalendarProvider/lib/arm64
12-26 03:26:24.391: D/MSF.C.NetConnInfoCenter(3076): receive broadcast Intent { act=android.intent.action.MEDIA_SCANNER_FINISHED dat=file:///system/media flg=0x10 cmp=com.tencent.mobileqq/.msf.core.NetConnInfoCenter }
12-26 03:26:24.432: D/DisplayPowerController(1538): requestPowerState: policy=BRIGHT, useProximitySensor=false, screenBrightness=102, screenAutoBrightnessAdjustment=0.0, brightnessSetByUser=true, useAutoBrightness=false, blockScreenOn=false, lowPowerMode=false, boostScreenBrightness=false, dozeScreenBrightness=-1, dozeScreenState=UNKNOWN, waitForNegativeProximity=false
12-26 03:26:24.458: D/MSF.C.NetConnInfoCenter(3076): receive broadcast Intent { act=android.intent.action.MEDIA_SCANNER_STARTED dat=file:///storage/emulated/0 flg=0x10 cmp=com.tencent.mobileqq/.msf.core.NetConnInfoCenter }
12-26 03:26:24.497: D/MSF.C.NetConnInfoCenter(3076): receive broadcast Intent { act=android.intent.action.MEDIA_SCANNER_FINISHED dat=file:///storage/emulated/0 flg=0x10 cmp=com.tencent.mobileqq/.msf.core.NetConnInfoCenter }
12-26 03:26:24.508: I/CalendarProvider2(6355): Created com.android.providers.calendar.CalendarAlarmManager@523ef7f(com.android.providers.calendar.CalendarProvider2@e7fdb4c)
12-26 03:26:24.528: D/DisplayPowerController(1538): requestPowerState: policy=BRIGHT, useProximitySensor=false, screenBrightness=102, screenAutoBrightnessAdjustment=0.0, brightnessSetByUser=true, useAutoBrightness=false, blockScreenOn=false, lowPowerMode=false, boostScreenBrightness=false, dozeScreenBrightness=-1, dozeScreenState=UNKNOWN, waitForNegativeProximity=false
12-26 03:26:24.602: W/ActivityManager(1538): Slow operation: 62ms so far, now at startProcess: returned from zygote!
12-26 03:26:24.602: W/ActivityManager(1538): Slow operation: 62ms so far, now at startProcess: done updating battery stats
12-26 03:26:24.603: W/ActivityManager(1538): Slow operation: 62ms so far, now at startProcess: building log message
12-26 03:26:24.603: I/ActivityManager(1538): Start proc 6384:com.adups.fota/u0a52 for broadcast com.adups.fota/.MyReceiver
12-26 03:26:24.603: W/ActivityManager(1538): Slow operation: 62ms so far, now at startProcess: starting to update pids map
12-26 03:26:24.603: W/ActivityManager(1538): Slow operation: 63ms so far, now at startProcess: done updating pids map
12-26 03:26:24.603: W/ActivityManager(1538): Slow operation: 63ms so far, now at startProcess: done starting proc!
12-26 03:26:24.640: D/DisplayPowerController(1538): requestPowerState: policy=BRIGHT, useProximitySensor=false, screenBrightness=102, screenAutoBrightnessAdjustment=0.0, brightnessSetByUser=true, useAutoBrightness=false, blockScreenOn=false, lowPowerMode=false, boostScreenBrightness=false, dozeScreenBrightness=-1, dozeScreenState=UNKNOWN, waitForNegativeProximity=false
12-26 03:26:24.729: I/art(6384): Starting a blocking GC AddRemoveAppImageSpace
12-26 03:26:24.733: W/System(6384): ClassLoader referenced unknown path: /system/app/FotaUpdate/lib/arm64
12-26 03:26:24.828: D/ThermalEngine(755): algo_monitor: Timer EVT
12-26 03:26:24.832: I/ThermalEngine(755): Sensor:case_therm:48000 mC
12-26 03:26:24.832: D/ThermalEngine(755): handle_timer_sig: SS Id SS-CASE-THERM Read case_therm 48000mC, Err -2000mC, SampleCnt 1
12-26 03:26:24.832: D/ThermalEngine(755): handle_timer_sig: SS Id SS-CASE-THERM, E0 -2000mC, E1 -2000mC
12-26 03:26:24.832: I/ThermalEngine(755): settimer: Start timer 1.000(sec)
12-26 03:26:24.832: D/ThermalEngine(755): algo_monitor: Wait for EV
12-26 03:26:24.834: D/FotaUpdate(6384): [StorageUtil.java:233] m -> download_path_server : 0
12-26 03:26:24.844: D/FotaUpdate(6384): [StorageUtil.java:526] b -> emulated = true; path = /storage/emulated/0
12-26 03:26:24.845: D/FotaUpdate(6384): [StorageUtil.java:216] a -> sdcard = /data/user/0/com.adups.fota/files
12-26 03:26:24.845: D/FotaUpdate(6384): [StorageUtil.java:156] a -> path = /data/user/0/com.adups.fota/files
12-26 03:26:24.853: D/FotaUpdate(6384): [StorageUtil.java:566] g -> availableBlock = 6583926784; needSize = 0
12-26 03:26:24.855: D/FotaUpdate(6384): [StorageUtil.java:485] d -> mkdirs  success
12-26 03:26:24.858: D/FotaUpdate(6384): [StorageUtil.java:497] d -> sdcard = /data/user/0/com.adups.fota/files
12-26 03:26:24.859: D/FotaUpdate(6384): [StorageUtil.java:82] b -> externalStorageState = mounted
12-26 03:26:24.889: D/FotaUpdate(6384): [MyApplication.java:46] onCreate -> initurl=null
12-26 03:26:24.936: D/FotaUpdate(6384): [DeviceUtil.java:478] z -> LNGA T1_Android_Hipad-msm8937$64_Hipad-msm8937$64_QC$Reference$Phone_QUALCOMM CMDC_msm8937_Hipad-msm8937$64
12-26 03:26:24.939: D/FotaUpdate(6384): [DeviceUtil.java:439] y -> project = hipad$bj8940$7.1_LNGA T1_zh-CN_other; version = LNGA_V001_180724_20180724-1825
