12-25 23:05:13.086: D/DisplayPowerController(1826): requestPowerState: policy=BRIGHT, useProximitySensor=false, screenBrightness=102, screenAutoBrightnessAdjustment=0.0, brightnessSetByUser=true, useAutoBrightness=false, blockScreenOn=false, lowPowerMode=false, boostScreenBrightness=false, dozeScreenBrightness=-1, dozeScreenState=UNKNOWN, waitForNegativeProximity=false
12-25 23:05:13.092: D/DisplayPowerController(1826): requestPowerState: policy=BRIGHT, useProximitySensor=false, screenBrightness=102, screenAutoBrightnessAdjustment=0.0, brightnessSetByUser=true, useAutoBrightness=false, blockScreenOn=false, lowPowerMode=false, boostScreenBrightness=false, dozeScreenBrightness=-1, dozeScreenState=UNKNOWN, waitForNegativeProximity=false
12-25 23:05:13.093: D/DisplayPowerController(1826): requestPowerState: policy=BRIGHT, useProximitySensor=false, screenBrightness=102, screenAutoBrightnessAdjustment=0.0, brightnessSetByUser=true, useAutoBrightness=false, blockScreenOn=false, lowPowerMode=false, boostScreenBrightness=false, dozeScreenBrightness=-1, dozeScreenState=UNKNOWN, waitForNegativeProximity=false
12-25 23:05:13.098: D/DisplayPowerController(1826): requestPowerState: policy=BRIGHT, useProximitySensor=false, screenBrightness=102, screenAutoBrightnessAdjustment=0.0, brightnessSetByUser=true, useAutoBrightness=false, blockScreenOn=false, lowPowerMode=false, boostScreenBrightness=false, dozeScreenBrightness=-1, dozeScreenState=UNKNOWN, waitForNegativeProximity=false
12-25 23:05:13.101: D/DisplayPowerController(1826): requestPowerState: policy=BRIGHT, useProximitySensor=false, screenBrightness=102, screenAutoBrightnessAdjustment=0.0, brightnessSetByUser=true, useAutoBrightness=false, blockScreenOn=false, lowPowerMode=false, boostScreenBrightness=false, dozeScreenBrightness=-1, dozeScreenState=UNKNOWN, waitForNegativeProximity=false
12-25 23:05:13.106: D/DisplayPowerController(1826): requestPowerState: policy=BRIGHT, useProximitySensor=false, screenBrightness=102, screenAutoBrightnessAdjustment=0.0, brightnessSetByUser=true, useAutoBrightness=false, blockScreenOn=false, lowPowerMode=false, boostScreenBrightness=false, dozeScreenBrightness=-1, dozeScreenState=UNKNOWN, waitForNegativeProximity=false
12-25 23:05:13.107: D/DisplayPowerController(1826): requestPowerState: policy=BRIGHT, useProximitySensor=false, screenBrightness=102, screenAutoBrightnessAdjustment=0.0, brightnessSetByUser=true, useAutoBrightness=false, blockScreenOn=false, lowPowerMode=false, boostScreenBrightness=false, dozeScreenBrightness=-1, dozeScreenState=UNKNOWN, waitForNegativeProximity=false
12-25 23:05:13.119: D/DisplayPowerController(1826): requestPowerState: policy=BRIGHT, useProximitySensor=false, screenBrightness=102, screenAutoBrightnessAdjustment=0.0, brightnessSetByUser=true, useAutoBrightness=false, blockScreenOn=false, lowPowerMode=false, boostScreenBrightness=false, dozeScreenBrightness=-1, dozeScreenState=UNKNOWN, waitForNegativeProximity=false
12-25 23:05:13.121: D/DisplayPowerController(1826): requestPowerState: policy=BRIGHT, useProximitySensor=false, screenBrightness=102, screenAutoBrightnessAdjustment=0.0, brightnessSetByUser=true, useAutoBrightness=false, blockScreenOn=false, lowPowerMode=false, boostScreenBrightness=false, dozeScreenBrightness=-1, dozeScreenState=UNKNOWN, waitForNegativeProximity=false
12-25 23:05:13.127: D/DisplayPowerController(1826): requestPowerState: policy=BRIGHT, useProximitySensor=false, screenBrightness=102, screenAutoBrightnessAdjustment=0.0, brightnessSetByUser=true, useAutoBrightness=false, blockScreenOn=false, lowPowerMode=false, boostScreenBrightness=false, dozeScreenBrightness=-1, dozeScreenState=UNKNOWN, waitForNegativeProximity=false
12-25 23:05:13.128: D/DisplayPowerController(1826): requestPowerState: policy=BRIGHT, useProximitySensor=false, screenBrightness=102, screenAutoBrightnessAdjustment=0.0, brightnessSetByUser=true, useAutoBrightness=false, blockScreenOn=false, lowPowerMode=false, boostScreenBrightness=false, dozeScreenBrightness=-1, dozeScreenState=UNKNOWN, waitForNegativeProximity=false
12-25 23:05:13.132: D/DisplayPowerController(1826): requestPowerState: policy=BRIGHT, useProximitySensor=false, screenBrightness=102, screenAutoBrightnessAdjustment=0.0, brightnessSetByUser=true, useAutoBrightness=false, blockScreenOn=false, lowPowerMode=false, boostScreenBrightness=false, dozeScreenBrightness=-1, dozeScreenState=UNKNOWN, waitForNegativeProximity=false
12-25 23:05:13.134: D/DisplayPowerController(1826): requestPowerState: policy=BRIGHT, useProximitySensor=false, screenBrightness=102, screenAutoBrightnessAdjustment=0.0, brightnessSetByUser=true, useAutoBrightness=false, blockScreenOn=false, lowPowerMode=false, boostScreenBrightness=false, dozeScreenBrightness=-1, dozeScreenState=UNKNOWN, waitForNegativeProximity=false
12-25 23:05:13.138: D/DisplayPowerController(1826): requestPowerState: policy=BRIGHT, useProximitySensor=false, screenBrightness=102, screenAutoBrightnessAdjustment=0.0, brightnessSetByUser=true, useAutoBrightness=false, blockScreenOn=false, lowPowerMode=false, boostScreenBrightness=false, dozeScreenBrightness=-1, dozeScreenState=UNKNOWN, waitForNegativeProximity=false
12-25 23:05:13.139: D/DisplayPowerController(1826): requestPowerState: policy=BRIGHT, useProximitySensor=false, screenBrightness=102, screenAutoBrightnessAdjustment=0.0, brightnessSetByUser=true, useAutoBrightness=false, blockScreenOn=false, lowPowerMode=false, boostScreenBrightness=false, dozeScreenBrightness=-1, dozeScreenState=UNKNOWN, waitForNegativeProximity=false
12-25 23:05:13.144: D/DisplayPowerController(1826): requestPowerState: policy=BRIGHT, useProximitySensor=false, screenBrightness=102, screenAutoBrightnessAdjustment=0.0, brightnessSetByUser=true, useAutoBrightness=false, blockScreenOn=false, lowPowerMode=false, boostScreenBrightness=false, dozeScreenBrightness=-1, dozeScreenState=UNKNOWN, waitForNegativeProximity=false
12-25 23:05:13.146: D/DisplayPowerController(1826): requestPowerState: policy=BRIGHT, useProximitySensor=false, screenBrightness=102, screenAutoBrightnessAdjustment=0.0, brightnessSetByUser=true, useAutoBrightness=false, blockScreenOn=false, lowPowerMode=false, boostScreenBrightness=false, dozeScreenBrightness=-1, dozeScreenState=UNKNOWN, waitForNegativeProximity=false
12-25 23:05:13.151: D/DisplayPowerController(1826): requestPowerState: policy=BRIGHT, useProximitySensor=false, screenBrightness=102, screenAutoBrightnessAdjustment=0.0, brightnessSetByUser=true, useAutoBrightness=false, blockScreenOn=false, lowPowerMode=false, boostScreenBrightness=false, dozeScreenBrightness=-1, dozeScreenState=UNKNOWN, waitForNegativeProximity=false
12-25 23:05:13.152: D/DisplayPowerController(1826): requestPowerState: policy=BRIGHT, useProximitySensor=false, screenBrightness=102, screenAutoBrightnessAdjustment=0.0, brightnessSetByUser=true, useAutoBrightness=false, blockScreenOn=false, lowPowerMode=false, boostScreenBrightness=false, dozeScreenBrightness=-1, dozeScreenState=UNKNOWN, waitForNegativeProximity=false
12-25 23:05:13.155: D/DisplayPowerController(1826): requestPowerState: policy=BRIGHT, useProximitySensor=false, screenBrightness=102, screenAutoBrightnessAdjustment=0.0, brightnessSetByUser=true, useAutoBrightness=false, blockScreenOn=false, lowPowerMode=false, boostScreenBrightness=false, dozeScreenBrightness=-1, dozeScreenState=UNKNOWN, waitForNegativeProximity=false
12-25 23:05:13.156: D/DisplayPowerController(1826): requestPowerState: policy=BRIGHT, useProximitySensor=false, screenBrightness=102, screenAutoBrightnessAdjustment=0.0, brightnessSetByUser=true, useAutoBrightness=false, blockScreenOn=false, lowPowerMode=false, boostScreenBrightness=false, dozeScreenBrightness=-1, dozeScreenState=UNKNOWN, waitForNegativeProximity=false
12-25 23:05:13.160: D/DisplayPowerController(1826): requestPowerState: policy=BRIGHT, useProximitySensor=false, screenBrightness=102, screenAutoBrightnessAdjustment=0.0, brightnessSetByUser=true, useAutoBrightness=false, blockScreenOn=false, lowPowerMode=false, boostScreenBrightness=false, dozeScreenBrightness=-1, dozeScreenState=UNKNOWN, waitForNegativeProximity=false
12-25 23:05:13.161: D/DisplayPowerController(1826): requestPowerState: policy=BRIGHT, useProximitySensor=false, screenBrightness=102, screenAutoBrightnessAdjustment=0.0, brightnessSetByUser=true, useAutoBrightness=false, blockScreenOn=false, lowPowerMode=false, boostScreenBrightness=false, dozeScreenBrightness=-1, dozeScreenState=UNKNOWN, waitForNegativeProximity=false
12-25 23:05:13.164: D/DisplayPowerController(1826): requestPowerState: policy=BRIGHT, useProximitySensor=false, screenBrightness=102, screenAutoBrightnessAdjustment=0.0, brightnessSetByUser=true, useAutoBrightness=false, blockScreenOn=false, lowPowerMode=false, boostScreenBrightness=false, dozeScreenBrightness=-1, dozeScreenState=UNKNOWN, waitForNegativeProximity=false
12-25 23:05:13.165: D/DisplayPowerController(1826): requestPowerState: policy=BRIGHT, useProximitySensor=false, screenBrightness=102, screenAutoBrightnessAdjustment=0.0, brightnessSetByUser=true, useAutoBrightness=false, blockScreenOn=false, lowPowerMode=false, boostScreenBrightness=false, dozeScreenBrightness=-1, dozeScreenState=UNKNOWN, waitForNegativeProximity=false
12-25 23:05:13.170: D/DisplayPowerController(1826): requestPowerState: policy=BRIGHT, useProximitySensor=false, screenBrightness=102, screenAutoBrightnessAdjustment=0.0, brightnessSetByUser=true, useAutoBrightness=false, blockScreenOn=false, lowPowerMode=false, boostScreenBrightness=false, dozeScreenBrightness=-1, dozeScreenState=UNKNOWN, waitForNegativeProximity=false
12-25 23:05:13.171: D/DisplayPowerController(1826): requestPowerState: policy=BRIGHT, useProximitySensor=false, screenBrightness=102, screenAutoBrightnessAdjustment=0.0, brightnessSetByUser=true, useAutoBrightness=false, blockScreenOn=false, lowPowerMode=false, boostScreenBrightness=false, dozeScreenBrightness=-1, dozeScreenState=UNKNOWN, waitForNegativeProximity=false
12-25 23:05:13.175: D/DisplayPowerController(1826): requestPowerState: policy=BRIGHT, useProximitySensor=false, screenBrightness=102, screenAutoBrightnessAdjustment=0.0, brightnessSetByUser=true, useAutoBrightness=false, blockScreenOn=false, lowPowerMode=false, boostScreenBrightness=false, dozeScreenBrightness=-1, dozeScreenState=UNKNOWN, waitForNegativeProximity=false
12-25 23:05:13.175: D/DisplayPowerController(1826): requestPowerState: policy=BRIGHT, useProximitySensor=false, screenBrightness=102, screenAutoBrightnessAdjustment=0.0, brightnessSetByUser=true, useAutoBrightness=false, blockScreenOn=false, lowPowerMode=false, boostScreenBrightness=false, dozeScreenBrightness=-1, dozeScreenState=UNKNOWN, waitForNegativeProximity=false
12-25 23:05:13.180: D/DisplayPowerController(1826): requestPowerState: policy=BRIGHT, useProximitySensor=false, screenBrightness=102, screenAutoBrightnessAdjustment=0.0, brightnessSetByUser=true, useAutoBrightness=false, blockScreenOn=false, lowPowerMode=false, boostScreenBrightness=false, dozeScreenBrightness=-1, dozeScreenState=UNKNOWN, waitForNegativeProximity=false
12-25 23:05:13.181: D/DisplayPowerController(1826): requestPowerState: policy=BRIGHT, useProximitySensor=false, screenBrightness=102, screenAutoBrightnessAdjustment=0.0, brightnessSetByUser=true, useAutoBrightness=false, blockScreenOn=false, lowPowerMode=false, boostScreenBrightness=false, dozeScreenBrightness=-1, dozeScreenState=UNKNOWN, waitForNegativeProximity=false
12-25 23:05:13.184: D/DisplayPowerController(1826): requestPowerState: policy=BRIGHT, useProximitySensor=false, screenBrightness=102, screenAutoBrightnessAdjustment=0.0, brightnessSetByUser=true, useAutoBrightness=false, blockScreenOn=false, lowPowerMode=false, boostScreenBrightness=false, dozeScreenBrightness=-1, dozeScreenState=UNKNOWN, waitForNegativeProximity=false
12-25 23:05:13.185: D/DisplayPowerController(1826): requestPowerState: policy=BRIGHT, useProximitySensor=false, screenBrightness=102, screenAutoBrightnessAdjustment=0.0, brightnessSetByUser=true, useAutoBrightness=false, blockScreenOn=false, lowPowerMode=false, boostScreenBrightness=false, dozeScreenBrightness=-1, dozeScreenState=UNKNOWN, waitForNegativeProximity=false
12-25 23:05:13.190: D/DisplayPowerController(1826): requestPowerState: policy=BRIGHT, useProximitySensor=false, screenBrightness=102, screenAutoBrightnessAdjustment=0.0, brightnessSetByUser=true, useAutoBrightness=false, blockScreenOn=false, lowPowerMode=false, boostScreenBrightness=false, dozeScreenBrightness=-1, dozeScreenState=UNKNOWN, waitForNegativeProximity=false
12-25 23:05:13.192: D/DisplayPowerController(1826): requestPowerState: policy=BRIGHT, useProximitySensor=false, screenBrightness=102, screenAutoBrightnessAdjustment=0.0, brightnessSetByUser=true, useAutoBrightness=false, blockScreenOn=false, lowPowerMode=false, boostScreenBrightness=false, dozeScreenBrightness=-1, dozeScreenState=UNKNOWN, waitForNegativeProximity=false
12-25 23:05:13.196: D/DisplayPowerController(1826): requestPowerState: policy=BRIGHT, useProximitySensor=false, screenBrightness=102, screenAutoBrightnessAdjustment=0.0, brightnessSetByUser=true, useAutoBrightness=false, blockScreenOn=false, lowPowerMode=false, boostScreenBrightness=false, dozeScreenBrightness=-1, dozeScreenState=UNKNOWN, waitForNegativeProximity=false
12-25 23:05:13.197: D/DisplayPowerController(1826): requestPowerState: policy=BRIGHT, useProximitySensor=false, screenBrightness=102, screenAutoBrightnessAdjustment=0.0, brightnessSetByUser=true, useAutoBrightness=false, blockScreenOn=false, lowPowerMode=false, boostScreenBrightness=false, dozeScreenBrightness=-1, dozeScreenState=UNKNOWN, waitForNegativeProximity=false
12-25 23:05:13.200: D/DisplayPowerController(1826): requestPowerState: policy=BRIGHT, useProximitySensor=false, screenBrightness=102, screenAutoBrightnessAdjustment=0.0, brightnessSetByUser=true, useAutoBrightness=false, blockScreenOn=false, lowPowerMode=false, boostScreenBrightness=false, dozeScreenBrightness=-1, dozeScreenState=UNKNOWN, waitForNegativeProximity=false
12-25 23:05:13.202: D/DisplayPowerController(1826): requestPowerState: policy=BRIGHT, useProximitySensor=false, screenBrightness=102, screenAutoBrightnessAdjustment=0.0, brightnessSetByUser=true, useAutoBrightness=false, blockScreenOn=false, lowPowerMode=false, boostScreenBrightness=false, dozeScreenBrightness=-1, dozeScreenState=UNKNOWN, waitForNegativeProximity=false
12-25 23:05:13.206: D/DisplayPowerController(1826): requestPowerState: policy=BRIGHT, useProximitySensor=false, screenBrightness=102, screenAutoBrightnessAdjustment=0.0, brightnessSetByUser=true, useAutoBrightness=false, blockScreenOn=false, lowPowerMode=false, boostScreenBrightness=false, dozeScreenBrightness=-1, dozeScreenState=UNKNOWN, waitForNegativeProximity=false
12-25 23:05:13.207: D/DisplayPowerController(1826): requestPowerState: policy=BRIGHT, useProximitySensor=false, screenBrightness=102, screenAutoBrightnessAdjustment=0.0, brightnessSetByUser=true, useAutoBrightness=false, blockScreenOn=false, lowPowerMode=false, boostScreenBrightness=false, dozeScreenBrightness=-1, dozeScreenState=UNKNOWN, waitForNegativeProximity=false
12-25 23:05:13.327: D/DisplayPowerController(1826): requestPowerState: policy=BRIGHT, useProximitySensor=false, screenBrightness=102, screenAutoBrightnessAdjustment=0.0, brightnessSetByUser=true, useAutoBrightness=false, blockScreenOn=false, lowPowerMode=false, boostScreenBrightness=false, dozeScreenBrightness=-1, dozeScreenState=UNKNOWN, waitForNegativeProximity=false
12-25 23:05:13.330: D/DisplayPowerController(1826): requestPowerState: policy=BRIGHT, useProximitySensor=false, screenBrightness=102, screenAutoBrightnessAdjustment=0.0, brightnessSetByUser=true, useAutoBrightness=false, blockScreenOn=false, lowPowerMode=false, boostScreenBrightness=false, dozeScreenBrightness=-1, dozeScreenState=UNKNOWN, waitForNegativeProximity=false
12-25 23:05:15.837: D/DisplayPowerController(1826): requestPowerState: policy=BRIGHT, useProximitySensor=false, screenBrightness=102, screenAutoBrightnessAdjustment=0.0, brightnessSetByUser=true, useAutoBrightness=false, blockScreenOn=false, lowPowerMode=false, boostScreenBrightness=false, dozeScreenBrightness=-1, dozeScreenState=UNKNOWN, waitForNegativeProximity=false
12-25 23:05:16.606: D/DisplayPowerController(1826): requestPowerState: policy=BRIGHT, useProximitySensor=false, screenBrightness=102, screenAutoBrightnessAdjustment=0.0, brightnessSetByUser=true, useAutoBrightness=false, blockScreenOn=false, lowPowerMode=false, boostScreenBrightness=false, dozeScreenBrightness=-1, dozeScreenState=UNKNOWN, waitForNegativeProximity=false
12-25 23:05:16.639: D/DisplayPowerController(1826): requestPowerState: policy=BRIGHT, useProximitySensor=false, screenBrightness=102, screenAutoBrightnessAdjustment=0.0, brightnessSetByUser=true, useAutoBrightness=false, blockScreenOn=false, lowPowerMode=false, boostScreenBrightness=false, dozeScreenBrightness=-1, dozeScreenState=UNKNOWN, waitForNegativeProximity=false
12-25 23:05:16.639: D/DisplayPowerController(1826): --------- beginning of main
12-25 23:05:22.300: V/MP3Extractor(789): no dice, no valid sequence of frames found.
12-25 23:05:22.301: V/MP3Extractor(789): found possible 1st frame at 85298 (header = 0xfffd82f6)
12-25 23:05:22.302: V/MP3Extractor(789): subsequent header is f6f446f4
12-25 23:05:22.302: V/MP3Extractor(789): no dice, no valid sequence of frames found.
12-25 23:05:22.302: V/MP3Extractor(789): found possible 1st frame at 85330 (header = 0xfffb70f7)
12-25 23:05:22.302: V/MP3Extractor(789): subsequent header is f6b7f814
12-25 23:05:22.302: V/MP3Extractor(789): no dice, no valid sequence of frames found.
12-25 23:05:22.304: V/MP3Extractor(789): found possible 1st frame at 89204 (header = 0xfff68302)
12-25 23:05:22.304: V/MP3Extractor(789): subsequent header is 1c065cea
12-25 23:05:22.304: V/MP3Extractor(789): no dice, no valid sequence of frames found.
12-25 23:05:22.307: V/MP3Extractor(789): found possible 1st frame at 90431 (header = 0xfffb10a7)
12-25 23:05:22.307: V/MP3Extractor(789): subsequent header is 08140ce3
12-25 23:05:22.307: V/MP3Extractor(789): no dice, no valid sequence of frames found.
12-25 23:05:22.314: V/MP3Extractor(789): found possible 1st frame at 99025 (header = 0xffe3e655)
12-25 23:05:22.314: V/MP3Extractor(789): subsequent header is bdf53c0b
12-25 23:05:22.315: V/MP3Extractor(789): no dice, no valid sequence of frames found.
12-25 23:05:22.317: V/MP3Extractor(789): found possible 1st frame at 101780 (header = 0xfff3c9f9)
12-25 23:05:22.319: V/MP3Extractor(789): subsequent header is 55024807
12-25 23:05:22.319: V/MP3Extractor(789): no dice, no valid sequence of frames found.
12-25 23:05:22.325: V/MP3Extractor(789): found possible 1st frame at 104198 (header = 0xffff10fa)
12-25 23:05:22.326: V/MP3Extractor(789): subsequent header is 18fafdfe
12-25 23:05:22.326: V/MP3Extractor(789): no dice, no valid sequence of frames found.
12-25 23:05:22.326: V/MP3Extractor(789): found possible 1st frame at 105325 (header = 0xffe612e3)
12-25 23:05:22.326: V/MP3Extractor(789): subsequent header is ed57fda6
12-25 23:05:22.326: V/MP3Extractor(789): no dice, no valid sequence of frames found.
12-25 23:05:22.329: V/MP3Extractor(789): found possible 1st frame at 107120 (header = 0xfffbc9fa)
12-25 23:05:22.329: V/MP3Extractor(789): subsequent header is 3ffd14fa
12-25 23:05:22.329: V/MP3Extractor(789): no dice, no valid sequence of frames found.
12-25 23:05:22.329: V/MP3Extractor(789): found possible 1st frame at 107499 (header = 0xfffae36b)
12-25 23:05:22.330: V/MP3Extractor(789): subsequent header is 4b1b050e
12-25 23:05:22.330: V/MP3Extractor(789): no dice, no valid sequence of frames found.
12-25 23:05:22.330: V/MP3Extractor(789): found possible 1st frame at 107835 (header = 0xfffe18ff)
12-25 23:05:22.331: V/MP3Extractor(789): subsequent header is 06e10d12
12-25 23:05:22.331: V/MP3Extractor(789): no dice, no valid sequence of frames found.
12-25 23:05:22.331: V/MP3Extractor(789): found possible 1st frame at 107838 (header = 0xffff6719)
12-25 23:05:22.331: V/MP3Extractor(789): subsequent header is 66fc3df7
12-25 23:05:22.331: V/MP3Extractor(789): no dice, no valid sequence of frames found.
12-25 23:05:22.332: V/MP3Extractor(789): found possible 1st frame at 108804 (header = 0xfff72307)
12-25 23:05:22.332: V/MP3Extractor(789): subsequent header is d8f1e800
12-25 23:05:22.332: V/MP3Extractor(789): no dice, no valid sequence of frames found.
12-25 23:05:22.334: V/MP3Extractor(789): found possible 1st frame at 109312 (header = 0xfff2d204)
12-25 23:05:22.339: V/MP3Extractor(789): subsequent header is f6900b03
12-25 23:05:22.339: V/MP3Extractor(789): no dice, no valid sequence of frames found.
12-25 23:05:22.342: V/MP3Extractor(789): found possible 1st frame at 111767 (header = 0xfffc14f8)
12-25 23:05:22.343: V/MP3Extractor(789): subsequent header is 043effdf
12-25 23:05:22.343: V/MP3Extractor(789): no dice, no valid sequence of frames found.
12-25 23:05:22.343: V/MP3Extractor(789): found possible 1st frame at 112122 (header = 0xfff4380a)
12-25 23:05:22.343: V/MP3Extractor(789): subsequent header is 37f50e0c
12-25 23:05:22.343: V/MP3Extractor(789): no dice, no valid sequence of frames found.
12-25 23:05:22.343: V/MP3Extractor(789): found possible 1st frame at 112246 (header = 0xfff7c418)
12-25 23:05:22.343: V/MP3Extractor(789): subsequent header is 890ee502
12-25 23:05:22.343: V/MP3Extractor(789): no dice, no valid sequence of frames found.
12-25 23:05:22.343: V/MP3Extractor(789): found possible 1st frame at 112564 (header = 0xffff5013)
12-25 23:05:22.343: V/MP3Extractor(789): subsequent header is e2fb6808
12-25 23:05:22.343: V/MP3Extractor(789): no dice, no valid sequence of frames found.
12-25 23:05:22.346: V/MP3Extractor(789): found possible 1st frame at 114622 (header = 0xfffa520d)
12-25 23:05:22.346: V/MP3Extractor(789): subsequent header is ef7dfda2
12-25 23:05:22.346: V/MP3Extractor(789): no dice, no valid sequence of frames found.
12-25 23:05:22.347: V/MP3Extractor(789): found possible 1st frame at 115618 (header = 0xfff6c715)
12-25 23:05:22.347: V/MP3Extractor(789): subsequent header is 70ed3102
12-25 23:05:22.347: V/MP3Extractor(789): no dice, no valid sequence of frames found.
12-25 23:05:22.347: V/MP3Extractor(789): found possible 1st frame at 115898 (header = 0xfffb61f7)
12-25 23:05:22.347: V/MP3Extractor(789): subsequent header is ff171e60
12-25 23:05:22.347: V/MP3Extractor(789): no dice, no valid sequence of frames found.
12-25 23:05:22.348: V/MP3Extractor(789): found possible 1st frame at 116852 (header = 0xfffb83fb)
12-25 23:05:22.348: V/MP3Extractor(789): subsequent header is 15f202e2
12-25 23:05:22.348: V/MP3Extractor(789): no dice, no valid sequence of frames found.
12-25 23:05:22.350: V/MP3Extractor(789): found possible 1st frame at 118171 (header = 0xfffb114e)
12-25 23:05:22.350: V/MP3Extractor(789): subsequent header is fa092c0b
12-25 23:05:22.350: V/MP3Extractor(789): no dice, no valid sequence of frames found.
12-25 23:05:22.353: V/MP3Extractor(789): found possible 1st frame at 119868 (header = 0xfffd66f3)
12-25 23:05:22.353: V/MP3Extractor(789): subsequent header is 0552f6d2
12-25 23:05:22.353: V/MP3Extractor(789): no dice, no valid sequence of frames found.
12-25 23:05:22.354: V/MP3Extractor(789): found possible 1st frame at 121016 (header = 0xfff2881a)
12-25 23:05:22.354: V/MP3Extractor(789): subsequent header is 7bf946ed
12-25 23:05:22.354: V/MP3Extractor(789): no dice, no valid sequence of frames found.
12-25 23:05:22.357: V/MP3Extractor(789): found possible 1st frame at 125911 (header = 0xfffa16ad)
12-25 23:05:22.358: V/MP3Extractor(789): subsequent header is f11d98fd
12-25 23:05:22.358: V/MP3Extractor(789): no dice, no valid sequence of frames found.
12-25 23:05:22.358: V/MP3Extractor(789): found possible 1st frame at 126382 (header = 0xfffb760a)
12-25 23:05:22.358: V/MP3Extractor(789): subsequent header is f93be79a
12-25 23:05:22.358: V/MP3Extractor(789): no dice, no valid sequence of frames found.
12-25 23:05:22.360: V/MP3Extractor(789): found possible 1st frame at 128006 (header = 0xfffa2213)
12-25 23:05:22.360: V/MP3Extractor(789): subsequent header is 136d0b05
12-25 23:05:22.360: V/MP3Extractor(789): no dice, no valid sequence of frames found.
12-25 23:05:22.361: V/MP3Extractor(789): giving up at offset 131072
12-25 23:05:22.362: V/MidiExtractor(789): SniffMidi: no
12-25 23:05:22.363: V/MediaExtractor(789): Autodetected media content as 'audio/x-wav' with confidence 0.80
12-25 23:05:22.363: I/ExtendedExtractor(789): QTIParser is prefered .. flags 0
12-25 23:05:22.364: I/MediaExtractor(789): extractor created in uid: 1040 (mediaex)
12-25 23:05:22.366: D/MMParserExtractor(789): setExtraFlags called with flags 0 for paser instance f5da3d20
12-25 23:05:22.366: I/ExtendedExtractor(789): ExtendedExtractor::create 0xf5da3d20
12-25 23:05:22.366: V/MediaExtractorService(789): extractor service created 0xf5da3d20 (<unspecified>)
12-25 23:05:22.372: V/BnMediaExtractor(789): getMetaData
12-25 23:05:22.379: V/BnMediaExtractor(789): countTracks
12-25 23:05:22.381: V/BnMediaExtractor(789): getTrackMetaData
12-25 23:05:22.386: V/BnMediaExtractor(789): getDrmFlag
12-25 23:05:22.444: V/MediaProvider(4077): update for uri=content://media/internal/audio/media/215, initValues=composer=null compilation=0 album=media date_modified=1532427522 duration=3004 artist=<unknown> album_artist=null media_type=2 mime_type=audio/x-wav genre=null _size=576976 title=boot track=0 is_drm=false
12-25 23:05:22.472: V/MediaProvider(4077): update for uri=content://media/internal/file/170, initValues=media_type=0 mime_type=application/zip date_modified=1532427522 _size=33593881 title=bootanimation is_drm=false
12-25 23:05:22.495: V/MediaExtractorService(789): @@@ MediaExtractorService::makeExtractor for (null) extFlags 0
12-25 23:05:22.497: V/MediaExtractor(789): MediaExtractor::CreateFromService (null) flags 0
12-25 23:05:22.507: V/MPEG4Extractor(789): saw chunk type HS, size 1380533830 @ 0
12-25 23:05:22.510: I/MediaExtractor(789): extractor created in uid: 1040 (mediaex)
12-25 23:05:22.615: V/MP3Extractor(789): giving up at offset 131072
12-25 23:05:22.617: V/MidiExtractor(789): SniffMidi: no
12-25 23:05:22.619: V/MediaExtractor(789): Autodetected media content as 'audio/x-wav' with confidence 0.80
12-25 23:05:22.619: I/ExtendedExtractor(789): QTIParser is prefered .. flags 0
12-25 23:05:22.620: I/MediaExtractor(789): extractor created in uid: 1040 (mediaex)
12-25 23:05:22.622: D/MMParserExtractor(789): setExtraFlags called with flags 0 for paser instance f5da3d20
12-25 23:05:22.622: I/ExtendedExtractor(789): ExtendedExtractor::create 0xf5da3d20
12-25 23:05:22.622: V/MediaExtractorService(789): extractor service created 0xf5da3d20 (<unspecified>)
12-25 23:05:22.630: V/BnMediaExtractor(789): getMetaData
12-25 23:05:22.643: V/BnMediaExtractor(789): countTracks
12-25 23:05:22.644: V/BnMediaExtractor(789): getTrackMetaData
12-25 23:05:22.645: V/BnMediaExtractor(789): getDrmFlag
12-25 23:05:22.694: V/MediaProvider(4077): update for uri=content://media/internal/audio/media/216, initValues=composer=null compilation=0 album=media date_modified=1532427522 duration=6254 artist=<unknown> album_artist=null media_type=2 mime_type=audio/x-wav genre=null _size=1200976 title=shutdown track=0 is_drm=false
12-25 23:05:22.713: V/MediaProvider(4077): update for uri=content://media/internal/file/171, initValues=media_type=0 mime_type=application/zip date_modified=1532427522 _size=9504732 title=shutdownanimation is_drm=false
12-25 23:05:22.721: W/MediaScanner(4077): Error opening directory '/oem/media/', skipping: No such file or directory.
12-25 23:05:22.722: W/MediaScanner(4077): Error opening directory '/system/vendor/Default/system/media/', skipping: No such file or directory.
12-25 23:05:22.738: D/DisplayPowerController(1826): requestPowerState: policy=BRIGHT, useProximitySensor=false, screenBrightness=102, screenAutoBrightnessAdjustment=0.0, brightnessSetByUser=true, useAutoBrightness=false, blockScreenOn=false, lowPowerMode=false, boostScreenBrightness=false, dozeScreenBrightness=-1, dozeScreenState=UNKNOWN, waitForNegativeProximity=false
12-25 23:05:22.772: D/DisplayPowerController(1826): requestPowerState: policy=BRIGHT, useProximitySensor=false, screenBrightness=102, screenAutoBrightnessAdjustment=0.0, brightnessSetByUser=true, useAutoBrightness=false, blockScreenOn=false, lowPowerMode=false, boostScreenBrightness=false, dozeScreenBrightness=-1, dozeScreenState=UNKNOWN, waitForNegativeProximity=false
12-25 23:05:22.779: D/MSF.C.NetConnInfoCenter(4286): receive broadcast Intent { act=android.intent.action.MEDIA_SCANNER_FINISHED dat=file:///system/media flg=0x10 cmp=com.tencent.mobileqq/.msf.core.NetConnInfoCenter }
12-25 23:05:22.833: D/MSF.C.NetConnInfoCenter(4286): receive broadcast Intent { act=android.intent.action.MEDIA_SCANNER_STARTED dat=file:///storage/emulated/0 flg=0x10 cmp=com.tencent.mobileqq/.msf.core.NetConnInfoCenter }
12-25 23:05:23.151: V/MediaProvider(4077): update for uri=content://media/external/file/23, initValues=media_type=0 mime_type=null date_modified=31014263 _size=0 title=mobileqq is_drm=false
12-25 23:05:23.230: V/MediaProvider(4077): update for uri=content://media/external/file/29, initValues=media_type=0 mime_type=null date_modified=31014263 _size=2207 title=wtlogin_19701225 is_drm=false
12-25 23:05:23.312: V/MediaScanner(4077): pruneDeadThumbnailFiles... android.content.ContentProviderClient$CursorWrapperInner@35f2c4c
12-25 23:05:23.314: V/MediaScanner(4077): /pruneDeadThumbnailFiles... android.content.ContentProviderClient$CursorWrapperInner@35f2c4c
12-25 23:05:23.333: D/DisplayPowerController(1826): requestPowerState: policy=BRIGHT, useProximitySensor=false, screenBrightness=102, screenAutoBrightnessAdjustment=0.0, brightnessSetByUser=true, useAutoBrightness=false, blockScreenOn=false, lowPowerMode=false, boostScreenBrightness=false, dozeScreenBrightness=-1, dozeScreenState=UNKNOWN, waitForNegativeProximity=false
12-25 23:05:23.379: D/MSF.C.NetConnInfoCenter(4286): receive broadcast Intent { act=android.intent.action.MEDIA_SCANNER_FINISHED dat=file:///storage/emulated/0 flg=0x10 cmp=com.tencent.mobileqq/.msf.core.NetConnInfoCenter }
12-25 23:05:25.244: I/MSM-irqbalance(910): Decided to move IRQ3 from CPU2 [P:0] to CPU4 [P:1] (banned)
12-25 23:05:25.245: I/MSM-irqbalance(910): Decided to move IRQ5 from CPU2 [P:0] to CPU6 [P:1] (banned)
12-25 23:05:25.247: I/MSM-irqbalance(910): Decided to move IRQ3 from CPU1 [P:0] to CPU7 [P:1] (banned)
12-25 23:05:25.247: I/MSM-irqbalance(910): Decided to move IRQ5 from CPU1 [P:0] to CPU5 [P:1] (banned)
12-25 23:05:25.248: I/MSM-irqbalance(910): Decided to move IRQ3 from CPU0 [P:0] to CPU4 [P:1] (banned)
12-25 23:05:25.249: I/MSM-irqbalance(910): Decided to move IRQ5 from CPU0 [P:0] to CPU6 [P:1] (banned)
12-25 23:05:30.242: I/MSM-irqbalance(910): Decided to move IRQ3 from CPU2 [P:0] to CPU4 [P:1] (banned)
12-25 23:05:30.244: I/MSM-irqbalance(910): Decided to move IRQ5 from CPU2 [P:0] to CPU6 [P:1] (banned)
12-25 23:05:30.244: I/MSM-irqbalance(910): Decided to move IRQ3 from CPU1 [P:0] to CPU7 [P:1] (banned)
12-25 23:05:30.245: I/MSM-irqbalance(910): Decided to move IRQ5 from CPU1 [P:0] to CPU5 [P:1] (banned)
12-25 23:05:30.246: I/MSM-irqbalance(910): Decided to move IRQ3 from CPU0 [P:0] to CPU4 [P:1] (banned)
12-25 23:05:30.246: I/MSM-irqbalance(910): Decided to move IRQ5 from CPU0 [P:0] to CPU6 [P:1] (banned)
12-25 23:05:30.629: I/chatty(751): uid=0(root) /system/vendor/bin/thermal-engine expire 77 lines
12-25 23:05:35.247: I/MSM-irqbalance(910): Decided to move IRQ3 from CPU3 [P:0] to CPU5 [P:1] (banned)
12-25 23:05:35.248: I/MSM-irqbalance(910): Decided to move IRQ5 from CPU3 [P:0] to CPU6 [P:1] (banned)
12-25 23:05:35.250: I/MSM-irqbalance(910): Decided to move IRQ3 from CPU0 [P:0] to CPU7 [P:1] (banned)
12-25 23:05:35.251: I/MSM-irqbalance(910): Decided to move IRQ5 from CPU0 [P:0] to CPU4 [P:1] (banned)
12-25 23:05:40.247: I/MSM-irqbalance(910): Decided to move IRQ3 from CPU2 [P:0] to CPU6 [P:1] (banned)
12-25 23:05:40.250: I/MSM-irqbalance(910): Decided to move IRQ5 from CPU2 [P:0] to CPU7 [P:1] (banned)
12-25 23:05:40.251: I/MSM-irqbalance(910): Decided to move IRQ3 from CPU1 [P:0] to CPU4 [P:1] (banned)
12-25 23:05:40.252: I/MSM-irqbalance(910): Decided to move IRQ5 from CPU1 [P:0] to CPU5 [P:1] (banned)
12-25 23:05:40.253: I/MSM-irqbalance(910): Decided to move IRQ3 from CPU0 [P:0] to CPU6 [P:1] (banned)
12-25 23:05:40.255: I/MSM-irqbalance(910): Decided to move IRQ5 from CPU0 [P:0] to CPU7 [P:1] (banned)
12-25 23:05:40.256: I/MSM-irqbalance(910): Decided to move IRQ3 from CPU3 [P:0] to CPU4 [P:1] (banned)
12-25 23:05:40.257: I/MSM-irqbalance(910): Decided to move IRQ5 from CPU3 [P:0] to CPU5 [P:1] (banned)
12-25 23:05:41.728: I/System.out(5800): Crash report failure: empty
12-25 23:05:42.663: I/chatty(751): uid=0(root) /system/vendor/bin/thermal-engine expire 83 lines
12-25 23:05:44.460: I/chatty(751): uid=0(root) /system/vendor/bin/thermal-engine expire 18 lines
12-25 23:05:45.249: I/MSM-irqbalance(910): Decided to move IRQ3 from CPU2 [P:0] to CPU6 [P:1] (banned)
12-25 23:05:45.250: I/MSM-irqbalance(910): Decided to move IRQ5 from CPU2 [P:0] to CPU7 [P:1] (banned)
12-25 23:05:45.252: I/MSM-irqbalance(910): Decided to move IRQ3 from CPU1 [P:0] to CPU4 [P:1] (banned)
12-25 23:05:45.253: I/MSM-irqbalance(910): Decided to move IRQ3 from CPU0 [P:0] to CPU5 [P:1] (banned)
12-25 23:05:45.256: I/MSM-irqbalance(910): Decided to move IRQ5 from CPU0 [P:0] to CPU6 [P:1] (banned)
12-25 23:05:45.257: I/MSM-irqbalance(910): Decided to move IRQ3 from CPU3 [P:0] to CPU7 [P:1] (banned)
12-25 23:05:45.259: I/MSM-irqbalance(910): Decided to move IRQ5 from CPU3 [P:0] to CPU4 [P:1] (banned)
12-25 23:05:50.244: I/MSM-irqbalance(910): Decided to move IRQ3 from CPU3 [P:0] to CPU5 [P:1] (banned)
12-25 23:05:50.245: I/MSM-irqbalance(910): Decided to move IRQ5 from CPU3 [P:0] to CPU6 [P:1] (banned)
12-25 23:05:50.246: I/MSM-irqbalance(910): Decided to move IRQ3 from CPU0 [P:0] to CPU7 [P:1] (banned)
12-25 23:05:50.247: I/MSM-irqbalance(910): Decided to move IRQ5 from CPU0 [P:0] to CPU4 [P:1] (banned)
12-25 23:05:55.236: I/MSM-irqbalance(910): Decided to move IRQ3 from CPU2 [P:0] to CPU5 [P:1] (banned)
12-25 23:05:55.237: I/MSM-irqbalance(910): Decided to move IRQ5 from CPU2 [P:0] to CPU6 [P:1] (banned)
12-25 23:05:55.240: I/MSM-irqbalance(910): Decided to move IRQ3 from CPU1 [P:0] to CPU7 [P:1] (banned)
12-25 23:05:55.241: I/MSM-irqbalance(910): Decided to move IRQ5 from CPU1 [P:0] to CPU4 [P:1] (banned)
12-25 23:05:55.707: I/chatty(751): uid=0(root) /system/vendor/bin/thermal-engine expire 95 lines
12-25 23:05:58.389: E/qdqservice(560): display.qservice access denied: command=35 pid=2000704 uid=2001000
12-25 23:05:58.389: I/SurfaceFlinger(560): HDR is not supported on display: 0
12-25 23:05:58.403: D/SurfaceFlinger(560): Set power mode=2, type=0 flinger=0x7f79430000
12-25 23:05:58.403: D/SurfaceFlinger(560): Screen type=0 is already mode=2
12-25 23:06:00.001: D/DisplayPowerController(1826): requestPowerState: policy=BRIGHT, useProximitySensor=false, screenBrightness=102, screenAutoBrightnessAdjustment=0.0, brightnessSetByUser=true, useAutoBrightness=false, blockScreenOn=false, lowPowerMode=false, boostScreenBrightness=false, dozeScreenBrightness=-1, dozeScreenState=UNKNOWN, waitForNegativeProximity=false
12-25 23:06:00.005: D/KeyguardUpdateMonitor(3252): received broadcast android.intent.action.TIME_TICK
12-25 23:06:00.005: D/KeyguardUpdateMonitor(3252): handleTimeUpdate
12-25 23:06:00.064: D/DisplayPowerController(1826): requestPowerState: policy=BRIGHT, useProximitySensor=false, screenBrightness=102, screenAutoBrightnessAdjustment=0.0, brightnessSetByUser=true, useAutoBrightness=false, blockScreenOn=false, lowPowerMode=false, boostScreenBrightness=false, dozeScreenBrightness=-1, dozeScreenState=UNKNOWN, waitForNegativeProximity=false
12-25 23:06:00.241: I/MSM-irqbalance(910): Decided to move IRQ3 from CPU2 [P:0] to CPU5 [P:1] (banned)
12-25 23:06:00.243: I/MSM-irqbalance(910): Decided to move IRQ5 from CPU2 [P:0] to CPU6 [P:1] (banned)
12-25 23:06:00.244: I/MSM-irqbalance(910): Decided to move IRQ3 from CPU1 [P:0] to CPU7 [P:1] (banned)
12-25 23:06:00.245: I/MSM-irqbalance(910): Decided to move IRQ5 from CPU1 [P:0] to CPU4 [P:1] (banned)
12-25 23:06:05.243: I/MSM-irqbalance(910): Decided to move IRQ3 from CPU1 [P:0] to CPU5 [P:1] (banned)
12-25 23:06:05.244: I/MSM-irqbalance(910): Decided to move IRQ5 from CPU1 [P:0] to CPU6 [P:1] (banned)
12-25 23:06:05.245: I/MSM-irqbalance(910): Decided to move IRQ3 from CPU0 [P:0] to CPU4 [P:1] (banned)
12-25 23:06:05.246: I/MSM-irqbalance(910): Decided to move IRQ5 from CPU0 [P:0] to CPU7 [P:1] (banned)
12-25 23:06:09.357: D/DisplayPowerController(1826): requestPowerState: policy=BRIGHT, useProximitySensor=false, screenBrightness=102, screenAutoBrightnessAdjustment=0.0, brightnessSetByUser=true, useAutoBrightness=false, blockScreenOn=false, lowPowerMode=false, boostScreenBrightness=false, dozeScreenBrightness=-1, dozeScreenState=UNKNOWN, waitForNegativeProximity=false
12-25 23:06:09.420: D/DisplayPowerController(1826): requestPowerState: policy=BRIGHT, useProximitySensor=false, screenBrightness=102, screenAutoBrightnessAdjustment=0.0, brightnessSetByUser=true, useAutoBrightness=false, blockScreenOn=false, lowPowerMode=false, boostScreenBrightness=false, dozeScreenBrightness=-1, dozeScreenState=UNKNOWN, waitForNegativeProximity=false
12-25 23:06:09.429: D/DisplayPowerController(1826): requestPowerState: policy=BRIGHT, useProximitySensor=false, screenBrightness=102, screenAutoBrightnessAdjustment=0.0, brightnessSetByUser=true, useAutoBrightness=false, blockScreenOn=false, lowPowerMode=false, boostScreenBrightness=false, dozeScreenBrightness=-1, dozeScreenState=UNKNOWN, waitForNegativeProximity=false
12-25 23:06:09.431: D/DisplayPowerController(1826): requestPowerState: policy=BRIGHT, useProximitySensor=false, screenBrightness=102, screenAutoBrightnessAdjustment=0.0, brightnessSetByUser=true, useAutoBrightness=false, blockScreenOn=false, lowPowerMode=false, boostScreenBrightness=false, dozeScreenBrightness=-1, dozeScreenState=UNKNOWN, waitForNegativeProximity=false
12-25 23:06:10.242: I/MSM-irqbalance(910): Decided to move IRQ3 from CPU1 [P:0] to CPU5 [P:1] (banned)
12-25 23:06:10.244: I/MSM-irqbalance(910): Decided to move IRQ5 from CPU1 [P:0] to CPU6 [P:1] (banned)
12-25 23:06:10.246: I/MSM-irqbalance(910): Decided to move IRQ3 from CPU0 [P:0] to CPU4 [P:1] (banned)
12-25 23:06:10.247: I/MSM-irqbalance(910): Decided to move IRQ5 from CPU0 [P:0] to CPU7 [P:1] (banned)
12-25 23:06:10.748: I/chatty(751): uid=0(root) /system/vendor/bin/thermal-engine expire 127 lines
12-25 23:06:14.469: I/chatty(751): uid=0(root) /system/vendor/bin/thermal-engine expire 18 lines
12-25 23:06:15.241: I/MSM-irqbalance(910): Decided to move IRQ3 from CPU3 [P:0] to CPU5 [P:1] (banned)
12-25 23:06:15.244: I/MSM-irqbalance(910): Decided to move IRQ5 from CPU3 [P:0] to CPU6 [P:1] (banned)
12-25 23:06:15.244: I/MSM-irqbalance(910): Decided to move IRQ3 from CPU2 [P:0] to CPU4 [P:1] (banned)
12-25 23:06:15.245: I/MSM-irqbalance(910): Decided to move IRQ5 from CPU2 [P:0] to CPU7 [P:1] (banned)
12-25 23:06:16.767: I/chatty(1826): uid=1000(system) ulp_msg expire 14 lines
12-25 23:06:16.768: I/chatty(1826): uid=1000(system) FLP Service Cal expire 8 lines
12-25 23:06:16.772: I/chatty(1826): uid=1000(system) FLP Service Cal expire 8 lines
12-25 23:06:20.242: I/MSM-irqbalance(910): Decided to move IRQ3 from CPU3 [P:0] to CPU5 [P:1] (banned)
12-25 23:06:20.243: I/MSM-irqbalance(910): Decided to move IRQ5 from CPU3 [P:0] to CPU6 [P:1] (banned)
12-25 23:06:20.243: I/MSM-irqbalance(910): Decided to move IRQ3 from CPU2 [P:0] to CPU4 [P:1] (banned)
12-25 23:06:20.244: I/MSM-irqbalance(910): Decided to move IRQ5 from CPU2 [P:0] to CPU7 [P:1] (banned)
12-25 23:06:25.235: I/MSM-irqbalance(910): Decided to move IRQ3 from CPU3 [P:0] to CPU5 [P:1] (banned)
12-25 23:06:25.237: I/MSM-irqbalance(910): Decided to move IRQ5 from CPU3 [P:0] to CPU6 [P:1] (banned)
12-25 23:06:25.238: I/MSM-irqbalance(910): Decided to move IRQ3 from CPU2 [P:0] to CPU4 [P:1] (banned)
12-25 23:06:25.239: I/MSM-irqbalance(910): Decided to move IRQ5 from CPU2 [P:0] to CPU7 [P:1] (banned)
12-25 23:06:30.247: I/MSM-irqbalance(910): Decided to move IRQ3 from CPU1 [P:0] to CPU5 [P:1] (banned)
12-25 23:06:30.248: I/MSM-irqbalance(910): Decided to move IRQ5 from CPU1 [P:0] to CPU6 [P:1] (banned)
12-25 23:06:30.249: I/MSM-irqbalance(910): Decided to move IRQ3 from CPU2 [P:0] to CPU4 [P:1] (banned)
12-25 23:06:30.250: I/MSM-irqbalance(910): Decided to move IRQ5 from CPU2 [P:0] to CPU7 [P:1] (banned)
12-25 23:06:30.804: I/chatty(751): uid=0(root) /system/vendor/bin/thermal-engine expire 95 lines
12-25 23:06:35.239: I/MSM-irqbalance(910): Decided to move IRQ3 from CPU3 [P:0] to CPU5 [P:1] (banned)
12-25 23:06:35.242: I/MSM-irqbalance(910): Decided to move IRQ5 from CPU3 [P:0] to CPU6 [P:1] (banned)
12-25 23:06:35.242: I/MSM-irqbalance(910): Decided to move IRQ3 from CPU0 [P:0] to CPU4 [P:1] (banned)
12-25 23:06:35.243: I/MSM-irqbalance(910): Decided to move IRQ5 from CPU0 [P:0] to CPU7 [P:1] (banned)
12-25 23:06:36.194: I/ActivityManager(1826): Process com.qualcomm.embms (pid 5500) has died
12-25 23:06:36.195: D/ActivityManager(1826): cleanUpApplicationRecord -- 5500
12-25 23:06:36.302: I/ActivityManager(1826): Process com.sankuai.meituan:dppushservice (pid 5800) has died
12-25 23:06:36.302: D/ActivityManager(1826): cleanUpApplicationRecord -- 5800
12-25 23:06:36.312: I/chatty(558): uid=0(root) /system/bin/lmkd expire 3 lines
12-25 23:06:36.327: I/ActivityManager(1826): Process com.qti.diagrestoreservice (pid 4564) has died
12-25 23:06:36.328: D/ActivityManager(1826): cleanUpApplicationRecord -- 4564
12-25 23:06:36.329: W/ActivityManager(1826): Scheduling restart of crashed service com.qti.diagrestoreservice/.QTIDiagRestoreServices in 1000ms
12-25 23:06:36.394: I/ActivityManager(1826): Process com.qualcomm.embms:remote (pid 5522) has died
12-25 23:06:36.395: D/ActivityManager(1826): cleanUpApplicationRecord -- 5522
12-25 23:06:37.383: W/ActivityManager(1826): Slow operation: 51ms so far, now at startProcess: returned from zygote!
12-25 23:06:37.383: W/ActivityManager(1826): Slow operation: 51ms so far, now at startProcess: done updating battery stats
12-25 23:06:37.383: W/ActivityManager(1826): Slow operation: 51ms so far, now at startProcess: building log message
12-25 23:06:37.383: I/ActivityManager(1826): Start proc 6921:com.qti.diagrestoreservice/1000 for service com.qti.diagrestoreservice/.QTIDiagRestoreServices
12-25 23:06:37.383: W/ActivityManager(1826): Slow operation: 51ms so far, now at startProcess: starting to update pids map
12-25 23:06:37.383: W/ActivityManager(1826): Slow operation: 52ms so far, now at startProcess: done updating pids map
12-25 23:06:37.383: W/ActivityManager(1826): Slow operation: 53ms so far, now at startProcess: done starting proc!
12-25 23:06:37.478: I/art(6921): Starting a blocking GC AddRemoveAppImageSpace
12-25 23:06:37.518: E/DiagJNIInterface(6921): Trying to load libDiagService
12-25 23:06:37.528: I/Diag_Lib(6921): Diag_LSM_Init call succeeded
12-25 23:06:39.727: I/ActivityManager(1826): Process com.qualcomm.location.XT (pid 4132) has died
12-25 23:06:39.727: D/ActivityManager(1826): cleanUpApplicationRecord -- 4132
12-25 23:06:40.243: I/MSM-irqbalance(910): Decided to move IRQ3 from CPU3 [P:0] to CPU4 [P:1] (banned)
12-25 23:06:40.244: I/MSM-irqbalance(910): Decided to move IRQ5 from CPU3 [P:0] to CPU6 [P:1] (banned)
12-25 23:06:40.245: I/MSM-irqbalance(910): Decided to move IRQ3 from CPU0 [P:0] to CPU5 [P:1] (banned)
12-25 23:06:40.246: I/MSM-irqbalance(910): Decided to move IRQ5 from CPU0 [P:0] to CPU7 [P:1] (banned)
12-25 23:06:40.247: I/MSM-irqbalance(910): Decided to move IRQ3 from CPU1 [P:0] to CPU4 [P:1] (banned)
12-25 23:06:40.249: I/MSM-irqbalance(910): Decided to move IRQ5 from CPU1 [P:0] to CPU6 [P:1] (banned)
12-25 23:06:43.212: I/ActivityManager(1826): Process com.tencent.mm:exdevice (pid 5867) has died
12-25 23:06:43.213: D/ActivityManager(1826): cleanUpApplicationRecord -- 5867
12-25 23:06:44.476: I/chatty(751): uid=0(root) /system/vendor/bin/thermal-engine expire 18 lines
12-25 23:06:45.245: I/MSM-irqbalance(910): Decided to move IRQ3 from CPU1 [P:0] to CPU5 [P:1] (banned)
12-25 23:06:45.248: I/MSM-irqbalance(910): Decided to move IRQ5 from CPU1 [P:0] to CPU6 [P:1] (banned)
12-25 23:06:45.250: I/MSM-irqbalance(910): Decided to move IRQ3 from CPU0 [P:0] to CPU4 [P:1] (banned)
12-25 23:06:45.252: I/MSM-irqbalance(910): Decided to move IRQ5 from CPU0 [P:0] to CPU7 [P:1] (banned)
12-25 23:06:45.253: I/MSM-irqbalance(910): Decided to move IRQ3 from CPU2 [P:0] to CPU5 [P:1] (banned)
12-25 23:06:45.254: I/MSM-irqbalance(910): Decided to move IRQ5 from CPU2 [P:0] to CPU6 [P:1] (banned)
12-25 23:06:45.255: I/MSM-irqbalance(910): Decided to move IRQ3 from CPU3 [P:0] to CPU4 [P:1] (banned)
12-25 23:06:45.256: I/MSM-irqbalance(910): Decided to move IRQ5 from CPU3 [P:0] to CPU7 [P:1] (banned)
12-25 23:06:45.851: I/chatty(751): uid=0(root) /system/vendor/bin/thermal-engine expire 107 lines
12-25 23:06:48.240: I/ActivityManager(1826): Process com.qualcomm.qti.RIDL (pid 5562) has died
12-25 23:06:48.240: D/ActivityManager(1826): cleanUpApplicationRecord -- 5562
12-25 23:06:49.456: I/ActivityManager(1826): Process com.qti.diagservices (pid 4585) has died
12-25 23:06:49.457: D/ActivityManager(1826): cleanUpApplicationRecord -- 4585
12-25 23:06:49.458: W/ActivityManager(1826): Scheduling restart of crashed service com.qti.diagservices/.QTIDiagServices in 1000ms
12-25 23:06:49.527: I/ActivityManager(1826): Process com.qualcomm.qti.radioconfiginterface (pid 5781) has died
12-25 23:06:49.527: D/ActivityManager(1826): cleanUpApplicationRecord -- 5781
12-25 23:06:50.243: I/MSM-irqbalance(910): Decided to move IRQ3 from CPU1 [P:0] to CPU4 [P:1] (banned)
12-25 23:06:50.244: I/MSM-irqbalance(910): Decided to move IRQ5 from CPU1 [P:0] to CPU7 [P:1] (banned)
12-25 23:06:50.245: I/MSM-irqbalance(910): Decided to move IRQ3 from CPU2 [P:0] to CPU6 [P:1] (banned)
12-25 23:06:50.245: I/MSM-irqbalance(910): Decided to move IRQ5 from CPU2 [P:0] to CPU5 [P:1] (banned)
12-25 23:06:50.246: I/MSM-irqbalance(910): Decided to move IRQ3 from CPU0 [P:0] to CPU4 [P:1] (banned)
12-25 23:06:50.247: I/MSM-irqbalance(910): Decided to move IRQ5 from CPU0 [P:0] to CPU7 [P:1] (banned)
12-25 23:06:50.248: I/MSM-irqbalance(910): Decided to move IRQ3 from CPU3 [P:0] to CPU6 [P:1] (banned)
12-25 23:06:50.249: I/MSM-irqbalance(910): Decided to move IRQ5 from CPU3 [P:0] to CPU5 [P:1] (banned)
12-25 23:06:50.426: I/ActivityManager(1826): Process com.android.cellbroadcastreceiver (pid 6016) has died
12-25 23:06:50.427: D/ActivityManager(1826): cleanUpApplicationRecord -- 6016
12-25 23:06:50.450: D/TriggerApplication(3935): onTrimMemory
12-25 23:06:50.513: W/ActivityManager(1826): Slow operation: 53ms so far, now at startProcess: returned from zygote!
12-25 23:06:50.513: W/ActivityManager(1826): Slow operation: 54ms so far, now at startProcess: done updating battery stats
12-25 23:06:50.513: W/ActivityManager(1826): Slow operation: 54ms so far, now at startProcess: building log message
12-25 23:06:50.514: I/ActivityManager(1826): Start proc 7048:com.qti.diagservices/1000 for service com.qti.diagservices/.QTIDiagServices
12-25 23:06:50.514: W/ActivityManager(1826): Slow operation: 54ms so far, now at startProcess: starting to update pids map
12-25 23:06:50.514: W/ActivityManager(1826): Slow operation: 54ms so far, now at startProcess: done updating pids map
12-25 23:06:50.514: W/ActivityManager(1826): Slow operation: 55ms so far, now at startProcess: done starting proc!
12-25 23:06:50.515: I/ActivityManager(1826): Process org.simalliance.openmobileapi.service (pid 5986) has died
12-25 23:06:50.515: D/ActivityManager(1826): cleanUpApplicationRecord -- 5986
12-25 23:06:50.518: I/ActivityManager(1826): Process org.codeaurora.ims (pid 5969) has died
12-25 23:06:50.518: D/ActivityManager(1826): cleanUpApplicationRecord -- 5969
12-25 23:06:50.623: I/art(7048): Starting a blocking GC AddRemoveAppImageSpace
12-25 23:06:50.624: W/System(7048): ClassLoader referenced unknown path: /system/app/QTIDiagServices/lib/arm64
12-25 23:06:50.672: E/DiagJNIInterface(7048): Trying to load libDiagService
12-25 23:06:50.691: I/Diag_Lib(7048): Diag_LSM_Init call succeeded
12-25 23:06:51.559: I/ActivityManager(1826): Process android.process.acore (pid 4352) has died
12-25 23:06:51.559: D/ActivityManager(1826): cleanUpApplicationRecord -- 4352
12-25 23:06:51.595: D/TriggerApplication(3935): onTrimMemory
12-25 23:06:53.889: I/ActivityManager(1826): Process com.android.email (pid 4957) has died
12-25 23:06:53.889: D/ActivityManager(1826): cleanUpApplicationRecord -- 4957
12-25 23:06:54.770: D/CountryDetector(1826): No listener is left
12-25 23:06:54.774: I/ActivityManager(1826): Process com.android.mms (pid 5232) has died
12-25 23:06:54.775: D/ActivityManager(1826): cleanUpApplicationRecord -- 5232
12-25 23:06:54.802: D/TriggerApplication(3935): onTrimMemory
12-25 23:06:54.826: I/ActivityManager(1826): Process com.qualcomm.qti.qs (pid 4632) has died
12-25 23:06:54.826: D/ActivityManager(1826): cleanUpApplicationRecord -- 4632
12-25 23:06:54.827: W/ActivityManager(1826): Scheduling restart of crashed service com.qualcomm.qti.qs/.QSService in 302892ms
12-25 23:06:54.854: I/ActivityManager(1826): Process com.android.calendar (pid 4850) has died
12-25 23:06:54.854: D/ActivityManager(1826): cleanUpApplicationRecord -- 4850
12-25 23:06:55.030: I/ActivityManager(1826): Process com.android.providers.calendar (pid 6113) has died
