12-26 03:26:48.366: D/DisplayPowerController(1538): requestPowerState: policy=BRIGHT, useProximitySensor=false, screenBrightness=102, screenAutoBrightnessAdjustment=0.0, brightnessSetByUser=true, useAutoBrightness=false, blockScreenOn=false, lowPowerMode=false, boostScreenBrightness=false, dozeScreenBrightness=-1, dozeScreenState=UNKNOWN, waitForNegativeProximity=false
12-26 03:26:48.375: D/DisplayPowerController(1538): requestPowerState: policy=BRIGHT, useProximitySensor=false, screenBrightness=102, screenAutoBrightnessAdjustment=0.0, brightnessSetByUser=true, useAutoBrightness=false, blockScreenOn=false, lowPowerMode=false, boostScreenBrightness=false, dozeScreenBrightness=-1, dozeScreenState=UNKNOWN, waitForNegativeProximity=false
12-26 03:26:48.384: V/MediaRecorder(6113): getMaxAmplitude
12-26 03:26:48.384: V/IMediaRecorder(6113): getMaxAmplitude
12-26 03:26:48.484: V/MediaRecorder(6113): getMaxAmplitude
12-26 03:26:48.484: V/IMediaRecorder(6113): getMaxAmplitude
12-26 03:26:48.521: I/chatty(788): uid=1046(mediacodec) expire 919 lines
12-26 03:26:48.584: V/MediaRecorder(6113): getMaxAmplitude
12-26 03:26:48.584: V/IMediaRecorder(6113): getMaxAmplitude
12-26 03:26:48.584: I/chatty(807): uid=1013(media) Binder:807_3 expire 56 lines
12-26 03:26:48.685: V/MediaRecorder(6113): getMaxAmplitude
12-26 03:26:48.685: V/IMediaRecorder(6113): getMaxAmplitude
12-26 03:26:48.687: I/chatty(807): uid=1013(media) Binder:807_4 expire 36 lines
12-26 03:26:48.726: I/chatty(807): uid=1013(media) /system/bin/mediaserver expire 449 lines
12-26 03:26:48.727: I/chatty(807): uid=1013(media) /system/bin/mediaserver expire 898 lines
12-26 03:26:48.785: V/MediaRecorder(6113): getMaxAmplitude
12-26 03:26:48.785: V/IMediaRecorder(6113): getMaxAmplitude
12-26 03:26:48.885: V/MediaRecorder(6113): getMaxAmplitude
12-26 03:26:48.885: V/IMediaRecorder(6113): getMaxAmplitude
12-26 03:26:48.985: V/MediaRecorder(6113): getMaxAmplitude
12-26 03:26:48.985: V/IMediaRecorder(6113): getMaxAmplitude
12-26 03:26:49.025: I/chatty(776): uid=1041(audioserver) /system/bin/audioserver expire 14 lines
12-26 03:26:49.084: V/MediaRecorder(6113): getMaxAmplitude
12-26 03:26:49.085: V/IMediaRecorder(6113): getMaxAmplitude
12-26 03:26:49.185: V/MediaRecorder(6113): getMaxAmplitude
12-26 03:26:49.185: V/IMediaRecorder(6113): getMaxAmplitude
12-26 03:26:49.285: V/AudioTrackShared(776): mAvailToClient=0 stepCount=128 minimum=896
12-26 03:26:49.285: V/AudioTrackShared(776): mAvailToClient=128 stepCount=768 minimum=896
12-26 03:26:49.285: V/MediaRecorder(6113): getMaxAmplitude
12-26 03:26:49.285: V/IMediaRecorder(6113): getMaxAmplitude
12-26 03:26:49.305: V/AudioTrackShared(776): mAvailToClient=0 stepCount=896 minimum=896
12-26 03:26:49.325: V/AudioTrackShared(776): mAvailToClient=0 stepCount=896 minimum=896
12-26 03:26:49.345: V/AudioTrackShared(776): mAvailToClient=0 stepCount=896 minimum=896
12-26 03:26:49.365: V/AudioTrackShared(776): mAvailToClient=0 stepCount=640 minimum=896
12-26 03:26:49.365: V/AudioTrackShared(776): mAvailToClient=640 stepCount=256 minimum=896
12-26 03:26:49.385: V/AudioTrackShared(776): mAvailToClient=0 stepCount=896 minimum=896
12-26 03:26:49.386: V/MediaRecorder(6113): getMaxAmplitude
12-26 03:26:49.386: V/IMediaRecorder(6113): getMaxAmplitude
12-26 03:26:49.405: V/AudioTrackShared(776): mAvailToClient=0 stepCount=896 minimum=896
12-26 03:26:49.425: V/AudioTrackShared(776): mAvailToClient=0 stepCount=896 minimum=896
12-26 03:26:49.445: V/AudioTrackShared(776): mAvailToClient=0 stepCount=896 minimum=896
12-26 03:26:49.475: V/AudioTrackShared(776): mAvailToClient=0 stepCount=256 minimum=896
12-26 03:26:49.476: V/AudioTrackShared(776): mAvailToClient=256 stepCount=640 minimum=896
12-26 03:26:49.486: V/MediaRecorder(6113): getMaxAmplitude
12-26 03:26:49.486: V/IMediaRecorder(6113): getMaxAmplitude
12-26 03:26:49.495: V/AudioTrackShared(776): mAvailToClient=0 stepCount=896 minimum=896
12-26 03:26:49.515: V/AudioTrackShared(776): mAvailToClient=0 stepCount=896 minimum=896
12-26 03:26:49.535: V/AudioTrackShared(776): mAvailToClient=0 stepCount=896 minimum=896
12-26 03:26:49.555: V/AudioTrackShared(776): mAvailToClient=0 stepCount=768 minimum=896
12-26 03:26:49.555: V/AudioTrackShared(776): mAvailToClient=768 stepCount=128 minimum=896
12-26 03:26:49.575: V/AudioTrackShared(776): mAvailToClient=0 stepCount=896 minimum=896
12-26 03:26:49.587: V/MediaRecorder(6113): getMaxAmplitude
12-26 03:26:49.588: V/IMediaRecorder(6113): getMaxAmplitude
12-26 03:26:49.588: I/chatty(807): uid=1013(media) Binder:807_2 expire 44 lines
12-26 03:26:49.595: V/AudioTrackShared(776): mAvailToClient=0 stepCount=896 minimum=896
12-26 03:26:49.615: V/AudioTrackShared(776): mAvailToClient=0 stepCount=896 minimum=896
12-26 03:26:49.635: V/AudioTrackShared(776): mAvailToClient=0 stepCount=896 minimum=896
12-26 03:26:49.655: V/AudioTrackShared(776): mAvailToClient=0 stepCount=384 minimum=896
12-26 03:26:49.655: V/AudioTrackShared(776): mAvailToClient=384 stepCount=512 minimum=896
12-26 03:26:49.675: V/AudioTrackShared(776): mAvailToClient=0 stepCount=896 minimum=896
12-26 03:26:49.677: D/ThermalEngine(755): sensor_wait: case_therm Wait done.
12-26 03:26:49.679: D/ThermalEngine(755): sensor_monitor: case_therm Reading 45000 .
12-26 03:26:49.679: I/ThermalEngine(755): Sensor:case_therm:45000 mC
12-26 03:26:49.679: D/ThermalEngine(755): update_active_thresh: case_therm Active(1), Hi(1) 46000, Lo(0) -2147483648, Interval(1) 10000
12-26 03:26:49.679: D/ThermalEngine(755): sensor_monitor: case_therm Sensor wait.
12-26 03:26:49.679: D/ThermalEngine(755): sensor_wait: case_therm Wait start. 10000ms
12-26 03:26:49.687: V/MediaRecorder(6113): getMaxAmplitude
12-26 03:26:49.687: V/IMediaRecorder(6113): getMaxAmplitude
12-26 03:26:49.695: V/AudioTrackShared(776): mAvailToClient=0 stepCount=896 minimum=896
12-26 03:26:49.715: V/AudioTrackShared(776): mAvailToClient=0 stepCount=896 minimum=896
12-26 03:26:49.735: V/AudioTrackShared(776): mAvailToClient=0 stepCount=896 minimum=896
12-26 03:26:49.755: V/AudioTrackShared(776): mAvailToClient=0 stepCount=896 minimum=896
12-26 03:26:49.775: V/AudioTrackShared(776): mAvailToClient=0 stepCount=896 minimum=896
12-26 03:26:49.788: V/MediaRecorder(6113): getMaxAmplitude
12-26 03:26:49.788: V/IMediaRecorder(6113): getMaxAmplitude
12-26 03:26:49.795: V/AudioTrackShared(776): mAvailToClient=0 stepCount=896 minimum=896
12-26 03:26:49.815: V/AudioTrackShared(776): mAvailToClient=0 stepCount=896 minimum=896
12-26 03:26:49.835: V/AudioTrackShared(776): mAvailToClient=0 stepCount=512 minimum=896
12-26 03:26:49.835: V/AudioTrackShared(776): mAvailToClient=512 stepCount=384 minimum=896
12-26 03:26:49.855: V/AudioTrackShared(776): mAvailToClient=0 stepCount=896 minimum=896
12-26 03:26:49.875: V/AudioTrackShared(776): mAvailToClient=0 stepCount=896 minimum=896
12-26 03:26:49.889: V/MediaRecorder(6113): getMaxAmplitude
12-26 03:26:49.889: V/IMediaRecorder(6113): getMaxAmplitude
12-26 03:26:49.894: V/AudioTrackShared(776): mAvailToClient=0 stepCount=896 minimum=896
12-26 03:26:49.915: V/AudioTrackShared(776): mAvailToClient=0 stepCount=896 minimum=896
12-26 03:26:49.935: V/AudioTrackShared(776): mAvailToClient=0 stepCount=128 minimum=896
12-26 03:26:49.935: V/AudioTrackShared(776): mAvailToClient=128 stepCount=768 minimum=896
12-26 03:26:49.955: V/AudioTrackShared(776): mAvailToClient=0 stepCount=896 minimum=896
12-26 03:26:49.970: V/AudioTrackShared(776): mAvailToClient=0 stepCount=896 minimum=896
12-26 03:26:49.989: V/MediaRecorder(6113): getMaxAmplitude
12-26 03:26:49.989: V/IMediaRecorder(6113): getMaxAmplitude
12-26 03:26:49.991: V/AudioTrackShared(776): mAvailToClient=0 stepCount=896 minimum=896
12-26 03:26:50.010: V/AudioTrackShared(776): mAvailToClient=0 stepCount=640 minimum=896
12-26 03:26:50.010: V/AudioTrackShared(776): mAvailToClient=640 stepCount=256 minimum=896
12-26 03:26:50.041: V/AudioTrackShared(776): mAvailToClient=0 stepCount=896 minimum=896
12-26 03:26:50.060: V/AudioTrackShared(776): mAvailToClient=0 stepCount=896 minimum=896
12-26 03:26:50.080: V/AudioTrackShared(776): mAvailToClient=0 stepCount=896 minimum=896
12-26 03:26:50.088: V/MediaRecorder(6113): getMaxAmplitude
12-26 03:26:50.088: V/IMediaRecorder(6113): getMaxAmplitude
12-26 03:26:50.089: I/chatty(807): uid=1013(media) /system/bin/mediaserver expire 8 lines
12-26 03:26:50.100: V/AudioTrackShared(776): mAvailToClient=0 stepCount=896 minimum=896
12-26 03:26:50.120: V/AudioTrackShared(776): mAvailToClient=0 stepCount=256 minimum=896
12-26 03:26:50.121: V/AudioTrackShared(776): mAvailToClient=256 stepCount=640 minimum=896
12-26 03:26:50.140: V/AudioTrackShared(776): mAvailToClient=0 stepCount=896 minimum=896
12-26 03:26:50.161: V/AudioTrackShared(776): mAvailToClient=0 stepCount=896 minimum=896
12-26 03:26:50.180: V/AudioTrackShared(776): mAvailToClient=0 stepCount=896 minimum=896
12-26 03:26:50.188: V/MediaRecorder(6113): getMaxAmplitude
12-26 03:26:50.189: V/IMediaRecorder(6113): getMaxAmplitude
12-26 03:26:50.204: V/AudioTrackShared(776): mAvailToClient=0 stepCount=768 minimum=896
12-26 03:26:50.204: V/AudioTrackShared(776): mAvailToClient=768 stepCount=128 minimum=896
12-26 03:26:50.222: V/AudioTrackShared(776): mAvailToClient=0 stepCount=896 minimum=896
12-26 03:26:50.241: V/AudioTrackShared(776): mAvailToClient=0 stepCount=896 minimum=896
12-26 03:26:50.260: V/AudioTrackShared(776): mAvailToClient=0 stepCount=896 minimum=896
12-26 03:26:50.280: V/AudioTrackShared(776): mAvailToClient=0 stepCount=896 minimum=896
12-26 03:26:50.289: V/MediaRecorder(6113): getMaxAmplitude
12-26 03:26:50.289: V/IMediaRecorder(6113): getMaxAmplitude
12-26 03:26:50.300: V/AudioTrackShared(776): mAvailToClient=0 stepCount=384 minimum=896
12-26 03:26:50.302: V/AudioTrackShared(776): mAvailToClient=384 stepCount=512 minimum=896
12-26 03:26:50.323: V/AudioTrackShared(776): mAvailToClient=0 stepCount=896 minimum=896
12-26 03:26:50.340: V/AudioTrackShared(776): mAvailToClient=0 stepCount=896 minimum=896
12-26 03:26:50.360: V/AudioTrackShared(776): mAvailToClient=0 stepCount=896 minimum=896
12-26 03:26:50.381: V/AudioTrackShared(776): mAvailToClient=0 stepCount=896 minimum=896
12-26 03:26:50.390: V/MediaRecorder(6113): getMaxAmplitude
12-26 03:26:50.390: V/IMediaRecorder(6113): getMaxAmplitude
12-26 03:26:50.401: V/AudioTrackShared(776): mAvailToClient=0 stepCount=896 minimum=896
12-26 03:26:50.424: V/AudioTrackShared(776): mAvailToClient=0 stepCount=896 minimum=896
12-26 03:26:50.440: V/AudioTrackShared(776): mAvailToClient=0 stepCount=896 minimum=896
12-26 03:26:50.461: V/AudioTrackShared(776): mAvailToClient=0 stepCount=896 minimum=896
12-26 03:26:50.480: V/AudioTrackShared(776): mAvailToClient=0 stepCount=512 minimum=896
12-26 03:26:50.481: V/AudioTrackShared(776): mAvailToClient=512 stepCount=384 minimum=896
12-26 03:26:50.490: V/MediaRecorder(6113): getMaxAmplitude
12-26 03:26:50.490: V/IMediaRecorder(6113): getMaxAmplitude
12-26 03:26:50.500: V/AudioTrackShared(776): mAvailToClient=0 stepCount=896 minimum=896
12-26 03:26:50.520: V/AudioTrackShared(776): mAvailToClient=0 stepCount=896 minimum=896
12-26 03:26:50.525: V/AudioFlinger(776): Audio hardware entering standby, mixer 0xf5588340, suspend count 0
12-26 03:26:50.526: D/audio_hw_primary(776): out_standby: enter: stream (0xf5bf3800) usecase(1: low-latency-playback)
12-26 03:26:50.526: I/MSM-irqbalance(911): Decided to move IRQ3 from CPU3 [P:0] to CPU4 [P:1] (banned)
12-26 03:26:50.526: I/MSM-irqbalance(911): Decided to move IRQ5 from CPU3 [P:0] to CPU5 [P:1] (banned)
12-26 03:26:50.527: I/MSM-irqbalance(911): Decided to move IRQ3 from CPU2 [P:0] to CPU7 [P:1] (banned)
12-26 03:26:50.528: I/MSM-irqbalance(911): Decided to move IRQ5 from CPU2 [P:0] to CPU6 [P:1] (banned)
12-26 03:26:50.541: V/AudioTrackShared(776): mAvailToClient=0 stepCount=896 minimum=896
12-26 03:26:50.561: V/AudioTrackShared(776): mAvailToClient=0 stepCount=896 minimum=896
12-26 03:26:50.590: V/MediaRecorder(6113): getMaxAmplitude
12-26 03:26:50.590: V/IMediaRecorder(6113): getMaxAmplitude
12-26 03:26:50.590: V/AudioTrackShared(776): mAvailToClient=0 stepCount=128 minimum=896
12-26 03:26:50.591: V/AudioTrackShared(776): mAvailToClient=128 stepCount=768 minimum=896
12-26 03:26:50.611: V/AudioTrackShared(776): mAvailToClient=0 stepCount=896 minimum=896
12-26 03:26:50.630: V/AudioTrackShared(776): mAvailToClient=0 stepCount=896 minimum=896
12-26 03:26:50.650: D/audio_hw_primary(776): disable_audio_route: reset and update mixer path: low-latency-playback
12-26 03:26:50.650: V/AudioTrackShared(776): mAvailToClient=0 stepCount=896 minimum=896
12-26 03:26:50.658: D/soundtrigger(776): audio_extn_sound_trigger_update_stream_status: uc_id 1 of type 0 for Event 2, with Raise=0
12-26 03:26:50.658: D/hardware_info(776): hw_info_append_hw_type : device_name = speaker
12-26 03:26:50.658: D/audio_hw_primary(776): disable_snd_device: snd_device(2: speaker)
12-26 03:26:50.658: D/msm8916_platform(776): platform_can_split_snd_device: snd_device(2) num devices(0) new_snd_devices(0)
12-26 03:26:50.670: V/AudioTrackShared(776): mAvailToClient=0 stepCount=640 minimum=896
12-26 03:26:50.671: V/AudioTrackShared(776): mAvailToClient=640 stepCount=256 minimum=896
12-26 03:26:50.675: W/beacon(3076):  doUpload network is disabled!
12-26 03:26:50.685: D/aud_dev_arbi(776): releaseOneDevice: not sending command, device argument (2) does not match any registered device
12-26 03:26:50.685: D/aud_dev_arbi(776): releaseOneDevice: device 2 owner is 0
12-26 03:26:50.686: I/soundtrigger(776): audio_extn_sound_trigger_update_device_status: device 0x2 of type 0 for Event 0, with Raise=0
12-26 03:26:50.686: D/audio_hw_primary(776): out_standby: exit
12-26 03:26:50.686: V/AudioFlinger(776): releaseWakeLock_l() AudioOut_D
12-26 03:26:50.686: V/AudioFlinger(776): thread 0xf5588340 type 0 TID 1168 going to sleep
12-26 03:26:50.687: D/DisplayPowerController(1538): requestPowerState: policy=BRIGHT, useProximitySensor=false, screenBrightness=102, screenAutoBrightnessAdjustment=0.0, brightnessSetByUser=true, useAutoBrightness=false, blockScreenOn=false, lowPowerMode=false, boostScreenBrightness=false, dozeScreenBrightness=-1, dozeScreenState=UNKNOWN, waitForNegativeProximity=false
12-26 03:26:50.691: V/AudioTrackShared(776): mAvailToClient=0 stepCount=896 minimum=896
12-26 03:26:50.691: V/MediaRecorder(6113): getMaxAmplitude
12-26 03:26:50.692: V/IMediaRecorder(6113): getMaxAmplitude
12-26 03:26:50.710: V/AudioTrackShared(776): mAvailToClient=0 stepCount=896 minimum=896
12-26 03:26:50.731: V/AudioTrackShared(776): mAvailToClient=0 stepCount=896 minimum=896
12-26 03:26:50.751: V/AudioTrackShared(776): mAvailToClient=0 stepCount=896 minimum=896
12-26 03:26:50.771: V/AudioTrackShared(776): mAvailToClient=0 stepCount=256 minimum=896
12-26 03:26:50.771: V/AudioTrackShared(776): mAvailToClient=256 stepCount=640 minimum=896
12-26 03:26:50.791: V/AudioTrackShared(776): mAvailToClient=0 stepCount=896 minimum=896
12-26 03:26:50.792: V/MediaRecorder(6113): getMaxAmplitude
12-26 03:26:50.792: V/IMediaRecorder(6113): getMaxAmplitude
12-26 03:26:50.810: V/AudioTrackShared(776): mAvailToClient=0 stepCount=896 minimum=896
12-26 03:26:50.830: V/AudioTrackShared(776): mAvailToClient=0 stepCount=896 minimum=896
12-26 03:26:50.851: V/AudioTrackShared(776): mAvailToClient=0 stepCount=768 minimum=896
12-26 03:26:50.851: V/AudioTrackShared(776): mAvailToClient=768 stepCount=128 minimum=896
12-26 03:26:50.870: V/AudioTrackShared(776): mAvailToClient=0 stepCount=896 minimum=896
12-26 03:26:50.891: V/AudioTrackShared(776): mAvailToClient=0 stepCount=896 minimum=896
12-26 03:26:50.893: V/MediaRecorder(6113): getMaxAmplitude
12-26 03:26:50.893: V/IMediaRecorder(6113): getMaxAmplitude
12-26 03:26:50.911: V/AudioTrackShared(776): mAvailToClient=0 stepCount=896 minimum=896
12-26 03:26:50.931: V/AudioTrackShared(776): mAvailToClient=0 stepCount=896 minimum=896
12-26 03:26:50.951: V/AudioTrackShared(776): mAvailToClient=0 stepCount=384 minimum=896
12-26 03:26:50.951: V/AudioTrackShared(776): mAvailToClient=384 stepCount=512 minimum=896
12-26 03:26:50.970: V/AudioTrackShared(776): mAvailToClient=0 stepCount=896 minimum=896
12-26 03:26:50.990: V/AudioTrackShared(776): mAvailToClient=0 stepCount=896 minimum=896
12-26 03:26:50.993: V/MediaRecorder(6113): getMaxAmplitude
12-26 03:26:50.993: V/IMediaRecorder(6113): getMaxAmplitude
12-26 03:26:51.011: V/AudioTrackShared(776): mAvailToClient=0 stepCount=896 minimum=896
12-26 03:26:51.030: V/AudioTrackShared(776): mAvailToClient=0 stepCount=896 minimum=896
12-26 03:26:51.051: V/AudioTrackShared(776): mAvailToClient=0 stepCount=896 minimum=896
12-26 03:26:51.070: V/AudioTrackShared(776): mAvailToClient=0 stepCount=896 minimum=896
12-26 03:26:51.091: V/AudioTrackShared(776): mAvailToClient=0 stepCount=896 minimum=896
12-26 03:26:51.093: V/MediaRecorder(6113): getMaxAmplitude
12-26 03:26:51.093: V/IMediaRecorder(6113): getMaxAmplitude
12-26 03:26:51.111: V/AudioTrackShared(776): mAvailToClient=0 stepCount=896 minimum=896
12-26 03:26:51.131: V/AudioTrackShared(776): mAvailToClient=0 stepCount=512 minimum=896
12-26 03:26:51.131: V/AudioTrackShared(776): mAvailToClient=512 stepCount=384 minimum=896
12-26 03:26:51.161: V/AudioTrackShared(776): mAvailToClient=0 stepCount=896 minimum=896
12-26 03:26:51.181: V/AudioTrackShared(776): mAvailToClient=0 stepCount=896 minimum=896
12-26 03:26:51.193: V/MediaRecorder(6113): getMaxAmplitude
12-26 03:26:51.193: V/IMediaRecorder(6113): getMaxAmplitude
12-26 03:26:51.201: V/AudioTrackShared(776): mAvailToClient=0 stepCount=896 minimum=896
12-26 03:26:51.221: V/AudioTrackShared(776): mAvailToClient=0 stepCount=896 minimum=896
12-26 03:26:51.241: V/AudioTrackShared(776): mAvailToClient=0 stepCount=128 minimum=896
12-26 03:26:51.241: V/AudioTrackShared(776): mAvailToClient=128 stepCount=768 minimum=896
12-26 03:26:51.261: V/AudioTrackShared(776): mAvailToClient=0 stepCount=896 minimum=896
12-26 03:26:51.281: V/AudioTrackShared(776): mAvailToClient=0 stepCount=896 minimum=896
12-26 03:26:51.293: V/MediaRecorder(6113): getMaxAmplitude
12-26 03:26:51.293: V/IMediaRecorder(6113): getMaxAmplitude
12-26 03:26:51.301: V/AudioTrackShared(776): mAvailToClient=0 stepCount=896 minimum=896
12-26 03:26:51.324: V/AudioTrackShared(776): mAvailToClient=0 stepCount=640 minimum=896
12-26 03:26:51.324: V/AudioTrackShared(776): mAvailToClient=640 stepCount=256 minimum=896
12-26 03:26:51.340: V/AudioTrackShared(776): mAvailToClient=0 stepCount=896 minimum=896
12-26 03:26:51.361: V/AudioTrackShared(776): mAvailToClient=0 stepCount=896 minimum=896
12-26 03:26:51.381: V/AudioTrackShared(776): mAvailToClient=0 stepCount=896 minimum=896
12-26 03:26:51.393: V/MediaRecorder(6113): getMaxAmplitude
12-26 03:26:51.393: V/IMediaRecorder(6113): getMaxAmplitude
12-26 03:26:51.401: V/AudioTrackShared(776): mAvailToClient=0 stepCount=896 minimum=896
12-26 03:26:51.420: V/AudioTrackShared(776): mAvailToClient=0 stepCount=256 minimum=896
12-26 03:26:51.420: V/AudioTrackShared(776): mAvailToClient=256 stepCount=640 minimum=896
12-26 03:26:51.440: V/AudioTrackShared(776): mAvailToClient=0 stepCount=896 minimum=896
12-26 03:26:51.461: V/AudioTrackShared(776): mAvailToClient=0 stepCount=896 minimum=896
12-26 03:26:51.480: V/AudioTrackShared(776): mAvailToClient=0 stepCount=896 minimum=896
12-26 03:26:51.494: V/MediaRecorder(6113): getMaxAmplitude
12-26 03:26:51.494: V/IMediaRecorder(6113): getMaxAmplitude
12-26 03:26:51.501: V/AudioTrackShared(776): mAvailToClient=0 stepCount=768 minimum=896
12-26 03:26:51.501: V/AudioTrackShared(776): mAvailToClient=768 stepCount=128 minimum=896
12-26 03:26:51.520: V/AudioTrackShared(776): mAvailToClient=0 stepCount=896 minimum=896
12-26 03:26:51.540: V/AudioTrackShared(776): mAvailToClient=0 stepCount=896 minimum=896
12-26 03:26:51.560: V/AudioTrackShared(776): mAvailToClient=0 stepCount=896 minimum=896
12-26 03:26:51.580: V/AudioTrackShared(776): mAvailToClient=0 stepCount=896 minimum=896
12-26 03:26:51.595: V/MediaRecorder(6113): getMaxAmplitude
12-26 03:26:51.595: V/IMediaRecorder(6113): getMaxAmplitude
12-26 03:26:51.601: V/AudioTrackShared(776): mAvailToClient=0 stepCount=384 minimum=896
12-26 03:26:51.601: V/AudioTrackShared(776): mAvailToClient=384 stepCount=512 minimum=896
12-26 03:26:51.621: V/AudioTrackShared(776): mAvailToClient=0 stepCount=896 minimum=896
12-26 03:26:51.640: V/AudioTrackShared(776): mAvailToClient=0 stepCount=896 minimum=896
12-26 03:26:51.660: V/AudioTrackShared(776): mAvailToClient=0 stepCount=896 minimum=896
12-26 03:26:51.681: V/AudioTrackShared(776): mAvailToClient=0 stepCount=896 minimum=896
12-26 03:26:51.707: V/MediaRecorder(6113): getMaxAmplitude
12-26 03:26:51.707: V/IMediaRecorder(6113): getMaxAmplitude
12-26 03:26:51.711: V/AudioTrackShared(776): mAvailToClient=0 stepCount=896 minimum=896
12-26 03:26:51.730: V/AudioTrackShared(776): mAvailToClient=0 stepCount=896 minimum=896
12-26 03:26:51.751: V/AudioTrackShared(776): mAvailToClient=0 stepCount=896 minimum=896
12-26 03:26:51.770: V/AudioTrackShared(776): mAvailToClient=0 stepCount=896 minimum=896
12-26 03:26:51.791: V/AudioTrackShared(776): mAvailToClient=0 stepCount=512 minimum=896
12-26 03:26:51.791: V/AudioTrackShared(776): mAvailToClient=512 stepCount=384 minimum=896
12-26 03:26:51.807: V/MediaRecorder(6113): getMaxAmplitude
12-26 03:26:51.807: V/IMediaRecorder(6113): getMaxAmplitude
12-26 03:26:51.810: V/AudioTrackShared(776): mAvailToClient=0 stepCount=896 minimum=896
12-26 03:26:51.831: V/AudioTrackShared(776): mAvailToClient=0 stepCount=896 minimum=896
12-26 03:26:51.850: V/AudioTrackShared(776): mAvailToClient=0 stepCount=896 minimum=896
12-26 03:26:51.871: V/AudioTrackShared(776): mAvailToClient=0 stepCount=896 minimum=896
12-26 03:26:51.890: V/AudioTrackShared(776): mAvailToClient=0 stepCount=128 minimum=896
12-26 03:26:51.891: V/AudioTrackShared(776): mAvailToClient=128 stepCount=768 minimum=896
12-26 03:26:51.908: V/MediaRecorder(6113): getMaxAmplitude
12-26 03:26:51.908: V/IMediaRecorder(6113): getMaxAmplitude
12-26 03:26:51.910: V/AudioTrackShared(776): mAvailToClient=0 stepCount=896 minimum=896
12-26 03:26:51.930: V/AudioTrackShared(776): mAvailToClient=0 stepCount=896 minimum=896
12-26 03:26:51.950: V/AudioTrackShared(776): mAvailToClient=0 stepCount=896 minimum=896
12-26 03:26:51.971: V/AudioTrackShared(776): mAvailToClient=0 stepCount=640 minimum=896
12-26 03:26:51.972: V/AudioTrackShared(776): mAvailToClient=640 stepCount=256 minimum=896
12-26 03:26:51.991: V/AudioTrackShared(776): mAvailToClient=0 stepCount=896 minimum=896
12-26 03:26:52.008: V/MediaRecorder(6113): getMaxAmplitude
12-26 03:26:52.008: V/IMediaRecorder(6113): getMaxAmplitude
12-26 03:26:52.011: V/AudioTrackShared(776): mAvailToClient=0 stepCount=896 minimum=896
12-26 03:26:52.030: V/AudioTrackShared(776): mAvailToClient=0 stepCount=896 minimum=896
12-26 03:26:52.050: V/AudioTrackShared(776): mAvailToClient=0 stepCount=896 minimum=896
12-26 03:26:52.070: V/AudioTrackShared(776): mAvailToClient=0 stepCount=256 minimum=896
12-26 03:26:52.071: V/AudioTrackShared(776): mAvailToClient=256 stepCount=640 minimum=896
12-26 03:26:52.091: V/AudioTrackShared(776): mAvailToClient=0 stepCount=896 minimum=896
12-26 03:26:52.107: V/MediaRecorder(6113): getMaxAmplitude
12-26 03:26:52.108: V/IMediaRecorder(6113): getMaxAmplitude
12-26 03:26:52.110: V/AudioTrackShared(776): mAvailToClient=0 stepCount=896 minimum=896
12-26 03:26:52.130: V/AudioTrackShared(776): mAvailToClient=0 stepCount=896 minimum=896
12-26 03:26:52.150: V/AudioTrackShared(776): mAvailToClient=0 stepCount=768 minimum=896
12-26 03:26:52.150: V/AudioTrackShared(776): mAvailToClient=768 stepCount=128 minimum=896
12-26 03:26:52.170: V/AudioTrackShared(776): mAvailToClient=0 stepCount=896 minimum=896
12-26 03:26:52.184: V/AudioTrackShared(776): mAvailToClient=0 stepCount=896 minimum=896
12-26 03:26:52.206: V/AudioTrackShared(776): mAvailToClient=0 stepCount=896 minimum=896
12-26 03:26:52.207: V/MediaRecorder(6113): getMaxAmplitude
12-26 03:26:52.207: V/IMediaRecorder(6113): getMaxAmplitude
12-26 03:26:52.225: V/AudioTrackShared(776): mAvailToClient=0 stepCount=896 minimum=896
12-26 03:26:52.245: V/AudioTrackShared(776): mAvailToClient=0 stepCount=384 minimum=896
12-26 03:26:52.245: V/AudioTrackShared(776): mAvailToClient=384 stepCount=512 minimum=896
12-26 03:26:52.276: V/AudioTrackShared(776): mAvailToClient=0 stepCount=896 minimum=896
12-26 03:26:52.295: V/AudioTrackShared(776): mAvailToClient=0 stepCount=896 minimum=896
12-26 03:26:52.308: V/MediaRecorder(6113): getMaxAmplitude
12-26 03:26:52.308: V/IMediaRecorder(6113): getMaxAmplitude
12-26 03:26:52.315: V/AudioTrackShared(776): mAvailToClient=0 stepCount=896 minimum=896
12-26 03:26:52.335: V/AudioTrackShared(776): mAvailToClient=0 stepCount=896 minimum=896
12-26 03:26:52.355: V/AudioTrackShared(776): mAvailToClient=0 stepCount=896 minimum=896
12-26 03:26:52.375: V/AudioTrackShared(776): mAvailToClient=0 stepCount=896 minimum=896
12-26 03:26:52.395: V/AudioTrackShared(776): mAvailToClient=0 stepCount=896 minimum=896
12-26 03:26:52.409: V/MediaRecorder(6113): getMaxAmplitude
12-26 03:26:52.409: V/IMediaRecorder(6113): getMaxAmplitude
12-26 03:26:52.415: V/AudioTrackShared(776): mAvailToClient=0 stepCount=896 minimum=896
12-26 03:26:52.435: V/AudioTrackShared(776): mAvailToClient=0 stepCount=512 minimum=896
12-26 03:26:52.435: V/AudioTrackShared(776): mAvailToClient=512 stepCount=384 minimum=896
12-26 03:26:52.455: V/AudioTrackShared(776): mAvailToClient=0 stepCount=896 minimum=896
12-26 03:26:52.475: V/AudioTrackShared(776): mAvailToClient=0 stepCount=896 minimum=896
12-26 03:26:52.495: V/AudioTrackShared(776): mAvailToClient=0 stepCount=896 minimum=896
12-26 03:26:52.510: V/MediaRecorder(6113): getMaxAmplitude
12-26 03:26:52.510: V/IMediaRecorder(6113): getMaxAmplitude
12-26 03:26:52.515: V/AudioTrackShared(776): mAvailToClient=0 stepCount=896 minimum=896
12-26 03:26:52.537: V/AudioTrackShared(776): mAvailToClient=0 stepCount=128 minimum=896
12-26 03:26:52.537: V/AudioTrackShared(776): mAvailToClient=128 stepCount=768 minimum=896
12-26 03:26:52.556: V/AudioTrackShared(776): mAvailToClient=0 stepCount=896 minimum=896
12-26 03:26:52.575: V/AudioTrackShared(776): mAvailToClient=0 stepCount=896 minimum=896
12-26 03:26:52.594: V/AudioTrackShared(776): mAvailToClient=0 stepCount=896 minimum=896
12-26 03:26:52.610: V/MediaRecorder(6113): getMaxAmplitude
12-26 03:26:52.611: V/IMediaRecorder(6113): getMaxAmplitude
12-26 03:26:52.615: V/AudioTrackShared(776): mAvailToClient=0 stepCount=640 minimum=896
12-26 03:26:52.615: V/AudioTrackShared(776): mAvailToClient=640 stepCount=256 minimum=896
12-26 03:26:52.634: V/AudioTrackShared(776): mAvailToClient=0 stepCount=896 minimum=896
12-26 03:26:52.655: V/AudioTrackShared(776): mAvailToClient=0 stepCount=896 minimum=896
12-26 03:26:52.674: V/AudioTrackShared(776): mAvailToClient=0 stepCount=896 minimum=896
12-26 03:26:52.695: V/AudioTrackShared(776): mAvailToClient=0 stepCount=896 minimum=896
12-26 03:26:52.714: V/MediaRecorder(6113): getMaxAmplitude
12-26 03:26:52.715: V/IMediaRecorder(6113): getMaxAmplitude
12-26 03:26:52.715: V/AudioTrackShared(776): mAvailToClient=0 stepCount=256 minimum=896
12-26 03:26:52.715: V/AudioTrackShared(776): mAvailToClient=256 stepCount=640 minimum=896
12-26 03:26:52.735: V/AudioTrackShared(776): mAvailToClient=640 stepCount=896 minimum=896
12-26 03:26:52.755: V/AudioTrackShared(776): mAvailToClient=0 stepCount=896 minimum=896
12-26 03:26:52.775: V/AudioTrackShared(776): mAvailToClient=0 stepCount=896 minimum=896
12-26 03:26:52.795: V/AudioTrackShared(776): mAvailToClient=0 stepCount=768 minimum=896
12-26 03:26:52.795: V/AudioTrackShared(776): mAvailToClient=768 stepCount=128 minimum=896
12-26 03:26:52.815: V/MediaRecorder(6113): getMaxAmplitude
12-26 03:26:52.815: V/IMediaRecorder(6113): getMaxAmplitude
12-26 03:26:52.826: V/AudioTrackShared(776): mAvailToClient=0 stepCount=896 minimum=896
12-26 03:26:52.845: V/AudioTrackShared(776): mAvailToClient=0 stepCount=896 minimum=896
12-26 03:26:52.865: V/AudioTrackShared(776): mAvailToClient=0 stepCount=896 minimum=896
12-26 03:26:52.884: V/AudioTrackShared(776): mAvailToClient=0 stepCount=896 minimum=896
12-26 03:26:52.905: V/AudioTrackShared(776): mAvailToClient=0 stepCount=384 minimum=896
12-26 03:26:52.905: V/AudioTrackShared(776): mAvailToClient=384 stepCount=512 minimum=896
12-26 03:26:52.916: V/MediaRecorder(6113): getMaxAmplitude
12-26 03:26:52.916: V/IMediaRecorder(6113): getMaxAmplitude
12-26 03:26:52.925: V/AudioTrackShared(776): mAvailToClient=0 stepCount=896 minimum=896
12-26 03:26:52.945: V/AudioTrackShared(776): mAvailToClient=0 stepCount=896 minimum=896
12-26 03:26:52.965: V/AudioTrackShared(776): mAvailToClient=0 stepCount=896 minimum=896
12-26 03:26:52.985: V/AudioTrackShared(776): mAvailToClient=0 stepCount=896 minimum=896
12-26 03:26:53.005: V/AudioTrackShared(776): mAvailToClient=0 stepCount=896 minimum=896
12-26 03:26:53.016: V/MediaRecorder(6113): getMaxAmplitude
12-26 03:26:53.016: V/IMediaRecorder(6113): getMaxAmplitude
12-26 03:26:53.025: V/AudioTrackShared(776): mAvailToClient=0 stepCount=896 minimum=896
12-26 03:26:53.036: V/SimpleSoftOMXComponent(788): msgType = 2
12-26 03:26:53.045: V/AudioTrackShared(776): mAvailToClient=0 stepCount=896 minimum=896
12-26 03:26:53.048: V/SimpleSoftOMXComponent(788): msgType = 1
12-26 03:26:53.049: V/OMX(788): OnFillBufferDone buffer=0xe84243b0
12-26 03:26:53.049: V/OMX(788): OnEmptyBufferDone buffer=0xe8423e10
12-26 03:26:53.053: V/SimpleSoftOMXComponent(788): msgType = 2
12-26 03:26:53.065: V/AudioTrackShared(776): mAvailToClient=0 stepCount=896 minimum=896
12-26 03:26:53.070: V/SimpleSoftOMXComponent(788): msgType = 1
12-26 03:26:53.071: V/OMX(788): OnFillBufferDone buffer=0xe84245e0
12-26 03:26:53.071: V/OMX(788): OnEmptyBufferDone buffer=0xe8423eb0
12-26 03:26:53.074: V/SimpleSoftOMXComponent(788): msgType = 2
12-26 03:26:53.085: V/AudioTrackShared(776): mAvailToClient=0 stepCount=512 minimum=896
12-26 03:26:53.085: V/AudioTrackShared(776): mAvailToClient=512 stepCount=384 minimum=896
12-26 03:26:53.089: V/SimpleSoftOMXComponent(788): msgType = 1
12-26 03:26:53.089: V/OMX(788): OnEmptyBufferDone buffer=0xe8423c80
12-26 03:26:53.089: V/OMX(788): OnFillBufferDone buffer=0xe8423f50
12-26 03:26:53.092: V/SimpleSoftOMXComponent(788): msgType = 1
12-26 03:26:53.092: V/OMX(788): OnEmptyBufferDone buffer=0xe8423d70
12-26 03:26:53.093: V/SimpleSoftOMXComponent(788): msgType = 2
12-26 03:26:53.105: V/AudioTrackShared(776): mAvailToClient=0 stepCount=896 minimum=896
12-26 03:26:53.110: V/SimpleSoftOMXComponent(788): msgType = 1
12-26 03:26:53.111: V/OMX(788): OnFillBufferDone buffer=0xe84242c0
12-26 03:26:53.111: V/OMX(788): OnEmptyBufferDone buffer=0xe8423e10
12-26 03:26:53.116: V/SimpleSoftOMXComponent(788): msgType = 2
12-26 03:26:53.116: V/MediaRecorder(6113): getMaxAmplitude
12-26 03:26:53.116: V/IMediaRecorder(6113): getMaxAmplitude
12-26 03:26:53.117: I/chatty(807): uid=1013(media) Binder:807_4 expire 4 lines
12-26 03:26:53.125: V/AudioTrackShared(776): mAvailToClient=0 stepCount=896 minimum=896
12-26 03:26:53.132: V/SimpleSoftOMXComponent(788): msgType = 1
12-26 03:26:53.132: V/OMX(788): OnFillBufferDone buffer=0xe84243b0
12-26 03:26:53.133: V/OMX(788): OnEmptyBufferDone buffer=0xe8423eb0
12-26 03:26:53.139: I/chatty(807): uid=1013(media) /system/bin/mediaserver expire 1 line
12-26 03:26:53.139: I/chatty(807): uid=1013(media) /system/bin/mediaserver expire 1 line
12-26 03:26:53.140: I/chatty(807): uid=1013(media) /system/bin/mediaserver expire 2 lines
12-26 03:26:53.140: I/chatty(807): uid=1013(media) /system/bin/mediaserver expire 1 line
12-26 03:26:53.142: V/SimpleSoftOMXComponent(788): msgType = 2
12-26 03:26:53.145: V/AudioTrackShared(776): mAvailToClient=0 stepCount=896 minimum=896
12-26 03:26:53.145: I/chatty(807): uid=1013(media) /system/bin/mediaserver expire 2 lines
12-26 03:26:53.148: I/chatty(807): uid=1013(media) /system/bin/mediaserver expire 1 line
12-26 03:26:53.149: I/chatty(807): uid=1013(media) /system/bin/mediaserver expire 3 lines
12-26 03:26:53.150: V/SimpleSoftOMXComponent(788): msgType = 1
12-26 03:26:53.150: V/OMX(788): OnEmptyBufferDone buffer=0xe8423c80
12-26 03:26:53.151: V/OMX(788): OnFillBufferDone buffer=0xe84245e0
12-26 03:26:53.153: I/chatty(807): uid=1013(media) /system/bin/mediaserver expire 1 line
12-26 03:26:53.154: I/chatty(807): uid=1013(media) /system/bin/mediaserver expire 1 line
12-26 03:26:53.154: I/chatty(807): uid=1013(media) /system/bin/mediaserver expire 2 lines
12-26 03:26:53.154: V/SimpleSoftOMXComponent(788): msgType = 2
12-26 03:26:53.165: V/AudioTrackShared(776): mAvailToClient=0 stepCount=896 minimum=896
12-26 03:26:53.165: I/chatty(807): uid=1013(media) /system/bin/mediaserver expire 2 lines
12-26 03:26:53.167: I/chatty(807): uid=1013(media) /system/bin/mediaserver expire 1 line
12-26 03:26:53.168: I/chatty(807): uid=1013(media) /system/bin/mediaserver expire 2 lines
12-26 03:26:53.169: V/SimpleSoftOMXComponent(788): msgType = 1
12-26 03:26:53.169: V/OMX(788): OnEmptyBufferDone buffer=0xe8423d70
12-26 03:26:53.185: V/AudioTrackShared(776): mAvailToClient=0 stepCount=128 minimum=896
12-26 03:26:53.185: V/AudioTrackShared(776): mAvailToClient=128 stepCount=768 minimum=896
12-26 03:26:53.185: I/chatty(807): uid=1013(media) /system/bin/mediaserver expire 4 lines
12-26 03:26:53.187: I/chatty(807): uid=1013(media) /system/bin/mediaserver expire 1 line
12-26 03:26:53.189: I/chatty(807): uid=1013(media) /system/bin/mediaserver expire 2 lines
12-26 03:26:53.189: I/chatty(807): uid=1013(media) /system/bin/mediaserver expire 1 line
12-26 03:26:53.190: V/SimpleSoftOMXComponent(788): msgType = 1
12-26 03:26:53.191: V/OMX(788): OnEmptyBufferDone buffer=0xe8423e10
12-26 03:26:53.192: V/OMX(788): OnFillBufferDone buffer=0xe8423f50
12-26 03:26:53.192: I/chatty(807): uid=1013(media) /system/bin/mediaserver expire 2 lines
12-26 03:26:53.194: V/SimpleSoftOMXComponent(788): msgType = 1
12-26 03:26:53.194: V/OMX(788): OnEmptyBufferDone buffer=0xe8423eb0
12-26 03:26:53.197: I/chatty(807): uid=1013(media) /system/bin/mediaserver expire 1 line
12-26 03:26:53.198: I/chatty(807): uid=1013(media) /system/bin/mediaserver expire 2 lines
12-26 03:26:53.198: I/chatty(807): uid=1013(media) /system/bin/mediaserver expire 2 lines
12-26 03:26:53.198: V/SimpleSoftOMXComponent(788): msgType = 2
12-26 03:26:53.205: V/AudioTrackShared(776): mAvailToClient=0 stepCount=896 minimum=896
12-26 03:26:53.206: I/chatty(807): uid=1013(media) /system/bin/mediaserver expire 2 lines
12-26 03:26:53.207: I/chatty(807): uid=1013(media) /system/bin/mediaserver expire 1 line
12-26 03:26:53.207: I/chatty(807): uid=1013(media) /system/bin/mediaserver expire 3 lines
12-26 03:26:53.208: V/SimpleSoftOMXComponent(788): msgType = 1
12-26 03:26:53.209: V/OMX(788): OnFillBufferDone buffer=0xe84242c0
12-26 03:26:53.209: V/OMX(788): OnEmptyBufferDone buffer=0xe8423c80
12-26 03:26:53.211: I/chatty(807): uid=1013(media) /system/bin/mediaserver expire 1 line
12-26 03:26:53.211: I/chatty(807): uid=1013(media) /system/bin/mediaserver expire 2 lines
12-26 03:26:53.211: I/chatty(807): uid=1013(media) /system/bin/mediaserver expire 47 lines
12-26 03:26:53.212: V/SimpleSoftOMXComponent(788): msgType = 2
12-26 03:26:53.217: V/MediaRecorder(6113): getMaxAmplitude
12-26 03:26:53.217: V/IMediaRecorder(6113): getMaxAmplitude
12-26 03:26:53.218: I/chatty(807): uid=1013(media) Binder:807_3 expire 4 lines
12-26 03:26:53.225: V/AudioTrackShared(776): mAvailToClient=0 stepCount=896 minimum=896
12-26 03:26:53.225: I/chatty(807): uid=1013(media) /system/bin/mediaserver expire 28 lines
12-26 03:26:53.228: I/chatty(807): uid=1013(media) /system/bin/mediaserver expire 23 lines
12-26 03:26:53.230: V/SimpleSoftOMXComponent(788): msgType = 1
12-26 03:26:53.232: V/OMX(788): OnFillBufferDone buffer=0xe84243b0
12-26 03:26:53.232: V/OMX(788): OnEmptyBufferDone buffer=0xe8423d70
12-26 03:26:53.236: I/chatty(807): uid=1013(media) /system/bin/mediaserver expire 20 lines
12-26 03:26:53.238: V/SimpleSoftOMXComponent(788): msgType = 2
12-26 03:26:53.245: V/AudioTrackShared(776): mAvailToClient=0 stepCount=896 minimum=896
12-26 03:26:53.248: V/SimpleSoftOMXComponent(788): msgType = 1
12-26 03:26:53.249: V/OMX(788): OnFillBufferDone buffer=0xe84245e0
12-26 03:26:53.249: V/OMX(788): OnEmptyBufferDone buffer=0xe8423e10
12-26 03:26:53.252: V/SimpleSoftOMXComponent(788): msgType = 2
12-26 03:26:53.265: V/AudioTrackShared(776): mAvailToClient=0 stepCount=640 minimum=896
12-26 03:26:53.265: V/AudioTrackShared(776): mAvailToClient=640 stepCount=256 minimum=896
12-26 03:26:53.269: V/SimpleSoftOMXComponent(788): msgType = 1
12-26 03:26:53.269: V/OMX(788): OnEmptyBufferDone buffer=0xe8423eb0
12-26 03:26:53.270: V/OMX(788): OnFillBufferDone buffer=0xe8423f50
12-26 03:26:53.270: V/SimpleSoftOMXComponent(788): msgType = 1
12-26 03:26:53.270: V/OMX(788): OnEmptyBufferDone buffer=0xe8423c80
12-26 03:26:53.274: V/SimpleSoftOMXComponent(788): msgType = 2
12-26 03:26:53.285: V/AudioTrackShared(776): mAvailToClient=0 stepCount=896 minimum=896
12-26 03:26:53.289: V/SimpleSoftOMXComponent(788): msgType = 1
12-26 03:26:53.277: I/.service:remote(7149): type=1400 audit(0.0:320): avc: denied { execute } for path="/data/data/org.simalliance.openmobileapi.service/files/SmartcardService.dex" dev="loop1" ino=123519 scontext=u:r:system_app:s0 tcontext=u:object_r:system_app_data_file:s0 tclass=file permissive=1
12-26 03:26:53.290: V/OMX(788): OnFillBufferDone buffer=0xe84242c0
12-26 03:26:53.290: V/OMX(788): OnEmptyBufferDone buffer=0xe8423d70
12-26 03:26:53.296: V/SimpleSoftOMXComponent(788): msgType = 2
12-26 03:26:53.304: V/AudioTrackShared(776): mAvailToClient=0 stepCount=896 minimum=896
12-26 03:26:53.306: V/SimpleSoftOMXComponent(788): msgType = 1
12-26 03:26:53.307: V/OMX(788): OnEmptyBufferDone buffer=0xe8423e10
12-26 03:26:53.307: V/OMX(788): OnFillBufferDone buffer=0xe84243b0
12-26 03:26:53.313: V/SimpleSoftOMXComponent(788): msgType = 2
12-26 03:26:53.318: V/MediaRecorder(6113): getMaxAmplitude
12-26 03:26:53.318: V/IMediaRecorder(6113): getMaxAmplitude
12-26 03:26:53.319: I/chatty(807): uid=1013(media) Binder:807_2 expire 4 lines
12-26 03:26:53.324: V/AudioTrackShared(776): mAvailToClient=0 stepCount=896 minimum=896
12-26 03:26:53.334: V/SimpleSoftOMXComponent(788): msgType = 1
12-26 03:26:53.334: V/OMX(788): OnEmptyBufferDone buffer=0xe8423eb0
12-26 03:26:53.345: V/AudioTrackShared(776): mAvailToClient=0 stepCount=896 minimum=896
12-26 03:26:53.350: V/SimpleSoftOMXComponent(788): msgType = 1
12-26 03:26:53.352: V/OMX(788): OnFillBufferDone buffer=0xe84245e0
12-26 03:26:53.352: V/OMX(788): OnEmptyBufferDone buffer=0xe8423c80
12-26 03:26:53.355: V/SimpleSoftOMXComponent(788): msgType = 2
12-26 03:26:53.365: V/AudioTrackShared(776): mAvailToClient=0 stepCount=256 minimum=896
12-26 03:26:53.365: V/AudioTrackShared(776): mAvailToClient=256 stepCount=640 minimum=896
12-26 03:26:53.368: V/SimpleSoftOMXComponent(788): msgType = 1
12-26 03:26:53.368: V/OMX(788): OnEmptyBufferDone buffer=0xe8423d70
12-26 03:26:53.368: V/OMX(788): OnFillBufferDone buffer=0xe8423f50
12-26 03:26:53.370: V/SimpleSoftOMXComponent(788): msgType = 1
12-26 03:26:53.370: V/OMX(788): OnEmptyBufferDone buffer=0xe8423e10
12-26 03:26:53.374: V/SimpleSoftOMXComponent(788): msgType = 2
12-26 03:26:53.395: V/AudioTrackShared(776): mAvailToClient=0 stepCount=896 minimum=896
12-26 03:26:53.399: V/SimpleSoftOMXComponent(788): msgType = 1
12-26 03:26:53.399: V/OMX(788): OnFillBufferDone buffer=0xe84242c0
12-26 03:26:53.400: V/OMX(788): OnEmptyBufferDone buffer=0xe8423eb0
12-26 03:26:53.403: V/SimpleSoftOMXComponent(788): msgType = 2
12-26 03:26:53.415: V/AudioTrackShared(776): mAvailToClient=0 stepCount=896 minimum=896
12-26 03:26:53.418: V/SimpleSoftOMXComponent(788): msgType = 1
12-26 03:26:53.418: V/OMX(788): OnFillBufferDone buffer=0xe84243b0
12-26 03:26:53.418: V/OMX(788): OnEmptyBufferDone buffer=0xe8423c80
12-26 03:26:53.419: V/MediaRecorder(6113): getMaxAmplitude
12-26 03:26:53.419: V/IMediaRecorder(6113): getMaxAmplitude
12-26 03:26:53.420: I/chatty(807): uid=1013(media) Binder:807_1 expire 4 lines
12-26 03:26:53.422: V/SimpleSoftOMXComponent(788): msgType = 2
12-26 03:26:53.435: V/AudioTrackShared(776): mAvailToClient=0 stepCount=896 minimum=896
12-26 03:26:53.438: V/SimpleSoftOMXComponent(788): msgType = 1
12-26 03:26:53.439: V/OMX(788): OnFillBufferDone buffer=0xe84245e0
12-26 03:26:53.439: V/OMX(788): OnEmptyBufferDone buffer=0xe8423d70
12-26 03:26:53.443: V/SimpleSoftOMXComponent(788): msgType = 2
12-26 03:26:53.455: V/AudioTrackShared(776): mAvailToClient=0 stepCount=768 minimum=896
12-26 03:26:53.455: V/AudioTrackShared(776): mAvailToClient=768 stepCount=128 minimum=896
12-26 03:26:53.456: I/chatty(807): uid=1013(media) /system/bin/mediaserver expire 2 lines
12-26 03:26:53.457: I/chatty(807): uid=1013(media) /system/bin/mediaserver expire 2 lines
12-26 03:26:53.458: I/chatty(807): uid=1013(media) /system/bin/mediaserver expire 4 lines
12-26 03:26:53.459: V/SimpleSoftOMXComponent(788): msgType = 1
12-26 03:26:53.459: V/OMX(788): OnEmptyBufferDone buffer=0xe8423e10
12-26 03:26:53.460: V/OMX(788): OnFillBufferDone buffer=0xe8423f50
12-26 03:26:53.464: V/SimpleSoftOMXComponent(788): msgType = 1
12-26 03:26:53.465: V/OMX(788): OnEmptyBufferDone buffer=0xe8423eb0
12-26 03:26:53.466: I/chatty(807): uid=1013(media) /system/bin/mediaserver expire 1 line
12-26 03:26:53.466: I/chatty(807): uid=1013(media) /system/bin/mediaserver expire 2 lines
12-26 03:26:53.467: I/chatty(807): uid=1013(media) /system/bin/mediaserver expire 2 lines
12-26 03:26:53.468: V/SimpleSoftOMXComponent(788): msgType = 2
12-26 03:26:53.475: V/AudioTrackShared(776): mAvailToClient=0 stepCount=896 minimum=896
12-26 03:26:53.475: I/chatty(807): uid=1013(media) /system/bin/mediaserver expire 2 lines
12-26 03:26:53.478: I/chatty(807): uid=1013(media) /system/bin/mediaserver expire 1 line
12-26 03:26:53.478: I/chatty(807): uid=1013(media) /system/bin/mediaserver expire 3 lines
12-26 03:26:53.480: V/SimpleSoftOMXComponent(788): msgType = 1
12-26 03:26:53.480: V/OMX(788): OnEmptyBufferDone buffer=0xe8423c80
12-26 03:26:53.481: V/OMX(788): OnFillBufferDone buffer=0xe84242c0
12-26 03:26:53.486: I/chatty(807): uid=1013(media) /system/bin/mediaserver expire 1 line
12-26 03:26:53.486: I/chatty(807): uid=1013(media) /system/bin/mediaserver expire 2 lines
12-26 03:26:53.486: I/chatty(807): uid=1013(media) /system/bin/mediaserver expire 1 line
12-26 03:26:53.487: V/SimpleSoftOMXComponent(788): msgType = 2
12-26 03:26:53.495: V/AudioTrackShared(776): mAvailToClient=0 stepCount=896 minimum=896
12-26 03:26:53.495: I/chatty(807): uid=1013(media) /system/bin/mediaserver expire 2 lines
12-26 03:26:53.497: I/chatty(807): uid=1013(media) /system/bin/mediaserver expire 1 line
12-26 03:26:53.497: I/chatty(807): uid=1013(media) /system/bin/mediaserver expire 2 lines
12-26 03:26:53.498: V/SimpleSoftOMXComponent(788): msgType = 1
12-26 03:26:53.499: V/OMX(788): OnEmptyBufferDone buffer=0xe8423d70
12-26 03:26:53.515: V/AudioTrackShared(776): mAvailToClient=0 stepCount=896 minimum=896
12-26 03:26:53.515: I/chatty(807): uid=1013(media) /system/bin/mediaserver expire 2 lines
12-26 03:26:53.516: I/chatty(807): uid=1013(media) /system/bin/mediaserver expire 1 line
12-26 03:26:53.517: I/chatty(807): uid=1013(media) /system/bin/mediaserver expire 3 lines
12-26 03:26:53.518: V/SimpleSoftOMXComponent(788): msgType = 1
12-26 03:26:53.518: V/OMX(788): OnFillBufferDone buffer=0xe84243b0
12-26 03:26:53.519: V/OMX(788): OnEmptyBufferDone buffer=0xe8423e10
12-26 03:26:53.520: V/MediaRecorder(6113): getMaxAmplitude
12-26 03:26:53.520: V/IMediaRecorder(6113): getMaxAmplitude
12-26 03:26:53.520: I/chatty(807): uid=1013(media) /system/bin/mediaserver expire 1 line
12-26 03:26:53.521: I/chatty(807): uid=1013(media) /system/bin/mediaserver expire 2 lines
12-26 03:26:53.521: I/chatty(807): uid=1013(media) Binder:807_2 expire 4 lines
12-26 03:26:53.523: I/chatty(807): uid=1013(media) /system/bin/mediaserver expire 1 line
12-26 03:26:53.523: V/SimpleSoftOMXComponent(788): msgType = 2
12-26 03:26:53.535: V/AudioTrackShared(776): mAvailToClient=0 stepCount=896 minimum=896
12-26 03:26:53.535: I/chatty(807): uid=1013(media) /system/bin/mediaserver expire 2 lines
12-26 03:26:53.536: I/chatty(807): uid=1013(media) /system/bin/mediaserver expire 1 line
12-26 03:26:53.537: I/chatty(807): uid=1013(media) /system/bin/mediaserver expire 48 lines
12-26 03:26:53.538: V/SimpleSoftOMXComponent(788): msgType = 1
12-26 03:26:53.539: V/OMX(788): OnFillBufferDone buffer=0xe84245e0
12-26 03:26:53.539: V/OMX(788): OnEmptyBufferDone buffer=0xe8423eb0
12-26 03:26:53.540: I/chatty(807): uid=1013(media) /system/bin/mediaserver expire 24 lines
12-26 03:26:53.541: I/chatty(807): uid=1013(media) /system/bin/mediaserver expire 22 lines
12-26 03:26:53.543: V/SimpleSoftOMXComponent(788): msgType = 2
12-26 03:26:53.555: V/AudioTrackShared(776): mAvailToClient=0 stepCount=384 minimum=896
12-26 03:26:53.555: V/AudioTrackShared(776): mAvailToClient=384 stepCount=512 minimum=896
12-26 03:26:53.555: I/chatty(807): uid=1013(media) /system/bin/mediaserver expire 26 lines
12-26 03:26:53.557: V/SimpleSoftOMXComponent(788): msgType = 1
12-26 03:26:53.557: V/OMX(788): OnEmptyBufferDone buffer=0xe8423c80
12-26 03:26:53.558: V/OMX(788): OnFillBufferDone buffer=0xe8423f50
12-26 03:26:53.559: V/SimpleSoftOMXComponent(788): msgType = 1
12-26 03:26:53.560: V/OMX(788): OnEmptyBufferDone buffer=0xe8423d70
12-26 03:26:53.563: V/SimpleSoftOMXComponent(788): msgType = 2
12-26 03:26:53.574: V/AudioTrackShared(776): mAvailToClient=0 stepCount=896 minimum=896
12-26 03:26:53.581: V/SimpleSoftOMXComponent(788): msgType = 1
12-26 03:26:53.582: V/OMX(788): OnFillBufferDone buffer=0xe84242c0
12-26 03:26:53.582: V/OMX(788): OnEmptyBufferDone buffer=0xe8423e10
12-26 03:26:53.585: V/SimpleSoftOMXComponent(788): msgType = 2
12-26 03:26:53.595: V/AudioTrackShared(776): mAvailToClient=0 stepCount=896 minimum=896
12-26 03:26:53.597: V/SimpleSoftOMXComponent(788): msgType = 1
12-26 03:26:53.598: V/OMX(788): OnFillBufferDone buffer=0xe84243b0
12-26 03:26:53.598: V/OMX(788): OnEmptyBufferDone buffer=0xe8423eb0
12-26 03:26:53.601: V/SimpleSoftOMXComponent(788): msgType = 2
12-26 03:26:53.615: V/AudioTrackShared(776): mAvailToClient=0 stepCount=896 minimum=896
12-26 03:26:53.617: V/SimpleSoftOMXComponent(788): msgType = 1
12-26 03:26:53.617: V/OMX(788): OnFillBufferDone buffer=0xe84245e0
12-26 03:26:53.617: V/OMX(788): OnEmptyBufferDone buffer=0xe8423c80
12-26 03:26:53.620: V/SimpleSoftOMXComponent(788): msgType = 2
12-26 03:26:53.621: V/MediaRecorder(6113): getMaxAmplitude
12-26 03:26:53.621: V/IMediaRecorder(6113): getMaxAmplitude
12-26 03:26:53.622: I/chatty(807): uid=1013(media) Binder:807_4 expire 8 lines
12-26 03:26:53.635: V/AudioTrackShared(776): mAvailToClient=0 stepCount=896 minimum=896
12-26 03:26:53.638: V/SimpleSoftOMXComponent(788): msgType = 1
12-26 03:26:53.638: V/OMX(788): OnEmptyBufferDone buffer=0xe8423d70
12-26 03:26:53.639: V/OMX(788): OnFillBufferDone buffer=0xe8423f50
12-26 03:26:53.642: V/SimpleSoftOMXComponent(788): msgType = 2
12-26 03:26:53.655: V/AudioTrackShared(776): mAvailToClient=0 stepCount=896 minimum=896
12-26 03:26:53.656: V/SimpleSoftOMXComponent(788): msgType = 1
12-26 03:26:53.656: V/OMX(788): OnEmptyBufferDone buffer=0xe8423e10
12-26 03:26:53.675: V/AudioTrackShared(776): mAvailToClient=0 stepCount=896 minimum=896
12-26 03:26:53.678: V/SimpleSoftOMXComponent(788): msgType = 1
12-26 03:26:53.679: V/OMX(788): OnFillBufferDone buffer=0xe84242c0
12-26 03:26:53.679: V/OMX(788): OnEmptyBufferDone buffer=0xe8423eb0
12-26 03:26:53.684: V/SimpleSoftOMXComponent(788): msgType = 2
12-26 03:26:53.695: V/AudioTrackShared(776): mAvailToClient=0 stepCount=896 minimum=896
12-26 03:26:53.702: V/SimpleSoftOMXComponent(788): msgType = 1
12-26 03:26:53.704: V/OMX(788): OnFillBufferDone buffer=0xe84243b0
12-26 03:26:53.704: V/OMX(788): OnEmptyBufferDone buffer=0xe8423c80
12-26 03:26:53.707: V/SimpleSoftOMXComponent(788): msgType = 2
12-26 03:26:53.715: V/AudioTrackShared(776): mAvailToClient=0 stepCount=896 minimum=896
12-26 03:26:53.720: V/SimpleSoftOMXComponent(788): msgType = 1
12-26 03:26:53.722: V/MediaRecorder(6113): getMaxAmplitude
12-26 03:26:53.722: V/OMX(788): OnFillBufferDone buffer=0xe84245e0
12-26 03:26:53.722: V/IMediaRecorder(6113): getMaxAmplitude
12-26 03:26:53.722: V/OMX(788): OnEmptyBufferDone buffer=0xe8423d70
12-26 03:26:53.727: V/SimpleSoftOMXComponent(788): msgType = 2
12-26 03:26:53.735: V/AudioTrackShared(776): mAvailToClient=0 stepCount=512 minimum=896
12-26 03:26:53.735: V/AudioTrackShared(776): mAvailToClient=512 stepCount=384 minimum=896
12-26 03:26:53.743: V/SimpleSoftOMXComponent(788): msgType = 1
12-26 03:26:53.743: V/OMX(788): OnEmptyBufferDone buffer=0xe8423e10
12-26 03:26:53.744: V/OMX(788): OnFillBufferDone buffer=0xe8423f50
12-26 03:26:53.744: V/SimpleSoftOMXComponent(788): msgType = 1
12-26 03:26:53.744: V/OMX(788): OnEmptyBufferDone buffer=0xe8423eb0
12-26 03:26:53.750: V/SimpleSoftOMXComponent(788): msgType = 2
12-26 03:26:53.755: V/AudioTrackShared(776): mAvailToClient=0 stepCount=896 minimum=896
12-26 03:26:53.759: V/SimpleSoftOMXComponent(788): msgType = 1
12-26 03:26:53.759: V/OMX(788): OnFillBufferDone buffer=0xe84242c0
12-26 03:26:53.759: V/OMX(788): OnEmptyBufferDone buffer=0xe8423c80
12-26 03:26:53.761: I/chatty(807): uid=1013(media) /system/bin/mediaserver expire 2 lines
12-26 03:26:53.762: V/SimpleSoftOMXComponent(788): msgType = 2
12-26 03:26:53.775: V/AudioTrackShared(776): mAvailToClient=0 stepCount=896 minimum=896
12-26 03:26:53.775: I/chatty(807): uid=1013(media) /system/bin/mediaserver expire 2 lines
12-26 03:26:53.782: I/chatty(807): uid=1013(media) /system/bin/mediaserver expire 1 line
