07-26 14:52:36.069: V/AudioPolicyManagerCustom(662): getNewOutputDevice() selected device 0
07-26 14:52:36.069: V/APM_AudioPolicyManager(662): setOutputDevice() device 0000 delayMs 0
07-26 14:52:36.069: V/APM_AudioPolicyManager(662): setOutputDevice() prevDevice 0x0002
07-26 14:52:36.069: V/APM_AudioPolicyManager(662): setOutputDevice() setting same device 0x0000 or null device
07-26 14:52:36.069: V/AudioPolicyManagerCustom(662): getNewOutputDevice() selected device 0
07-26 14:52:36.070: V/MediaPlayerService(701): setDataSource(/system/media/audio/ui/VideoRecord.ogg)
07-26 14:52:36.070: V/APM_AudioPolicyManager(662): setOutputDevice() device 0000 delayMs 0
07-26 14:52:36.070: V/APM_AudioPolicyManager(662): setOutputDevice() prevDevice 0x0002
07-26 14:52:36.070: V/MediaPlayerService(701): player type = 4
07-26 14:52:36.070: V/MediaPlayerFactory(701):  create NuPlayer
07-26 14:52:36.070: V/NuPlayerDriver(701): NuPlayerDriver(0xf4c20ba0)
07-26 14:52:36.070: V/APM_AudioPolicyManager(662): setOutputDevice() setting same device 0x0000 or null device
07-26 14:52:36.071: V/AudioSink(701): AudioOutput(17)
07-26 14:52:36.072: V/NuPlayerDriver(701): setDataSource(0xf4c20ba0) url(<no-scheme URI suppressed>)
07-26 14:52:36.081: V/NuPlayer(701): kWhatSetAudioSink
07-26 14:52:36.081: V/NuPlayer(701): kWhatSetDataSource
07-26 14:52:36.081: V/MediaPlayerService(701):  setDataSource
07-26 14:52:36.081: V/MediaPlayerService(701): [2] setAudioStreamType(7)
07-26 14:52:36.082: V/MediaPlayerService(701): [2] prepareAsync
07-26 14:52:36.082: V/NuPlayerDriver(701): prepareAsync(0xf4c20ba0)
07-26 14:52:36.082: V/FileSource(701): /system/media/audio/ui/VideoRecord.ogg
07-26 14:52:36.083: V/MediaExtractor(701): MediaExtractor::Create (null) flags 2
07-26 14:52:36.084: I/OmaDrmEngine(664): OmaDrmEngine::onInitialize
07-26 14:52:36.084: I/OmaDrmEngine(664): OmaDrmEngine::onInitialize -- OmaDrmGlue_InitializeKeyEncryption succeeded
07-26 14:52:36.084: I/OmaDrmEngine(664): OmaDrmEngine::onSetOnInfoListener
07-26 14:52:36.084: V/OmaDrmEngine(664): Found infoListenerClient
07-26 14:52:36.086: I/OmaDrmEngine(664): OmaDrmEngine::onOpenDecryptSession! fd = 7
07-26 14:52:36.087: D/OmaDrmFile(664): Coming into OmaDrmDcfFile_ParserDcf, fd =  9
07-26 14:52:36.087: E/OmaDrmFile(664): Invalid drm version
07-26 14:52:36.087: V/OmaDrmFile(664): DCF releases
07-26 14:52:36.087: I/OmaDrmEngine(664): OmaDrmEngine::onOpenDecryptSession Exit. result = -2006
07-26 14:52:36.089: I/OmaDrmEngine(664): OmaDrmEngine::onTerminate
07-26 14:52:36.089: V/MediaExtractor(701): get service manager
07-26 14:52:36.091: V/MediaExtractorService(698): @@@ MediaExtractorService::makeExtractor for (null) extFlags 2
07-26 14:52:36.093: V/MediaExtractor(698): MediaExtractor::CreateFromService (null) flags 2
07-26 14:52:36.094: V/MediaExtractor(701): readAt(0, 2048)
07-26 14:52:36.094: V/MPEG4Extractor(698): saw chunk type , size 1332176723 @ 0
07-26 14:52:36.096: V/MP3Extractor(698): found possible 1st frame at 100 (header = 0xffff9103)
07-26 14:52:36.096: V/MP3Extractor(698): subsequent header is 14528829
07-26 14:52:36.096: V/MP3Extractor(698): no dice, no valid sequence of frames found.
07-26 14:52:36.098: V/MediaExtractor(701): readAt(2048, 2048)
07-26 14:52:36.099: V/MediaExtractor(701): readAt(4096, 2048)
07-26 14:52:36.102: V/MP3Extractor(698): found possible 1st frame at 4516 (header = 0xfff75177)
07-26 14:52:36.102: V/MP3Extractor(698): subsequent header is e99a0f7c
07-26 14:52:36.102: V/MP3Extractor(698): no dice, no valid sequence of frames found.
07-26 14:52:36.102: V/MediaExtractor(701): readAt(6144, 2048)
07-26 14:52:36.103: V/MP3Extractor(698): found possible 1st frame at 7149 (header = 0xfffc993e)
07-26 14:52:36.103: V/MP3Extractor(698): subsequent header is 3662830d
07-26 14:52:36.103: V/MP3Extractor(698): no dice, no valid sequence of frames found.
07-26 14:52:36.104: V/MediaExtractor(701): readAt(8192, 2048)
07-26 14:52:36.105: V/MediaExtractor(701): readAt(10240, 2048)
07-26 14:52:36.106: V/MediaExtractor(701): readAt(12288, 2048)
07-26 14:52:36.106: V/MediaExtractor(701): readAt(12391, 1945)
07-26 14:52:36.107: V/MP3Extractor(698): found possible 1st frame at 12279 (header = 0xffff5456)
07-26 14:52:36.107: V/MediaExtractor(701): readAt(12439, 2048)
07-26 14:52:36.107: V/MP3Extractor(698): no dice, no valid sequence of frames found.
07-26 14:52:36.107: V/MediaExtractor(701): readAt(0, 2048)
07-26 14:52:36.108: V/MidiExtractor(698): SniffMidi: no
07-26 14:52:36.109: I/OmaDrmEngine(664): OmaDrmEngine::onInitialize
07-26 14:52:36.109: I/OmaDrmEngine(664): OmaDrmEngine::onInitialize -- OmaDrmGlue_InitializeKeyEncryption succeeded
07-26 14:52:36.109: I/OmaDrmEngine(664): OmaDrmEngine::onSetOnInfoListener
07-26 14:52:36.109: V/OmaDrmEngine(664): Found infoListenerClient
07-26 14:52:36.110: I/OmaDrmEngine(664): OmaDrmEngine::onOpenDecryptSession! fd = 7
07-26 14:52:36.110: D/OmaDrmFile(664): Coming into OmaDrmDcfFile_ParserDcf, fd =  9
07-26 14:52:36.110: E/OmaDrmFile(664): Invalid drm version
07-26 14:52:36.110: V/OmaDrmFile(664): DCF releases
07-26 14:52:36.110: I/OmaDrmEngine(664): OmaDrmEngine::onOpenDecryptSession Exit. result = -2006
07-26 14:52:36.111: I/OmaDrmEngine(664): OmaDrmEngine::onTerminate
07-26 14:52:36.112: I/OmaDrmEngine(664): OmaDrmEngine::onInitialize
07-26 14:52:36.112: I/OmaDrmEngine(664): OmaDrmEngine::onInitialize -- OmaDrmGlue_InitializeKeyEncryption succeeded
07-26 14:52:36.112: I/OmaDrmEngine(664): OmaDrmEngine::onSetOnInfoListener
07-26 14:52:36.112: V/OmaDrmEngine(664): Found infoListenerClient
07-26 14:52:36.113: I/OmaDrmEngine(664): OmaDrmEngine::onOpenDecryptSession! fd = 7
07-26 14:52:36.113: D/OmaDrmFile(664): Coming into OmaDrmDcfFile_ParserDcf, fd =  9
07-26 14:52:36.113: E/OmaDrmFile(664): Invalid drm version
07-26 14:52:36.113: V/OmaDrmFile(664): DCF releases
07-26 14:52:36.113: I/OmaDrmEngine(664): OmaDrmEngine::onOpenDecryptSession Exit. result = -2006
07-26 14:52:36.115: I/OmaDrmEngine(664): OmaDrmEngine::onTerminate
07-26 14:52:36.115: I/chatty(1911): uid=10040(com.android.systemui) QSTileHost expire 6 lines
07-26 14:52:36.115: V/MediaExtractor(698): Autodetected media content as 'application/ogg' with confidence 0.80
07-26 14:52:36.116: I/ExtendedExtractor(698): QTIParser is prefered .. flags 2
07-26 14:52:36.116: V/MediaExtractor(701): readAt(0, 2048)
07-26 14:52:36.116: I/MediaExtractor(698): extractor created in uid: 1040 (mediaex)
07-26 14:52:36.117: D/MMParserExtractor(698): setExtraFlags called with flags 2 for paser instance e72a3dc0
07-26 14:52:36.117: D/MMParserExtractor(698): using bigger parser buffers
07-26 14:52:36.117: I/ExtendedExtractor(698): ExtendedExtractor::create 0xe72a3dc0
07-26 14:52:36.117: V/MediaExtractorService(698): extractor service created 0xe72a3dc0 (<unspecified>)
07-26 14:52:36.118: V/BpMediaExtractor(701): getDrmFlag
07-26 14:52:36.118: V/BnMediaExtractor(698): getDrmFlag
07-26 14:52:36.119: V/BpMediaExtractor(701): getMetaData
07-26 14:52:36.119: V/BnMediaExtractor(698): getMetaData
07-26 14:52:36.120: V/MediaExtractor(701): readAt(0, 12391)
07-26 14:52:36.125: V/MediaExtractor(701): readAt(4411, 7980)
07-26 14:52:36.125: V/BpMediaExtractor(701): countTracks
07-26 14:52:36.125: V/BnMediaExtractor(698): countTracks
07-26 14:52:36.126: V/BpMediaExtractor(701): getTrack(0)
07-26 14:52:36.126: V/BnMediaExtractor(698): getTrack()
07-26 14:52:36.127: V/BpMediaExtractor(701): getTrackMetaData(0, 0)
07-26 14:52:36.127: V/BnMediaExtractor(698): getTrackMetaData
07-26 14:52:36.127: V/BpMediaSource(701): getFormat
07-26 14:52:36.128: V/BnMediaSource(698): getFormat
07-26 14:52:36.129: V/BpMediaSource(701): start
07-26 14:52:36.130: V/BnMediaSource(698): start
07-26 14:52:36.132: D/NuPlayerDriver(701): notifyListener_l(0xf4c20ba0), (1, 0, 0), loop setting(0, 0)
07-26 14:52:36.133: V/MediaPlayerService(701): [2] notify (0xf4c346c0, 1, 0, 0)
07-26 14:52:36.136: V/AudioFlinger(662): acquiring 25 from 663, for -1
07-26 14:52:36.136: V/AudioFlinger(662):  added new entry for 25
07-26 14:52:36.139: V/MediaPlayerService(701): Client(3) constructor
07-26 14:52:36.139: V/MediaPlayerService(701): Create new client(3) from pid 663, uid 1047, 
07-26 14:52:36.139: V/MediaPlayerService(701): setDataSource(/system/media/audio/ui/VideoStop.ogg)
07-26 14:52:36.139: V/MediaPlayerService(701): player type = 4
07-26 14:52:36.139: V/MediaPlayerFactory(701):  create NuPlayer
07-26 14:52:36.139: V/NuPlayerDriver(701): NuPlayerDriver(0xf4c20cc0)
07-26 14:52:36.145: V/AudioSink(701): AudioOutput(25)
07-26 14:52:36.145: V/NuPlayerDriver(701): setDataSource(0xf4c20cc0) url(<no-scheme URI suppressed>)
07-26 14:52:36.145: V/NuPlayer(701): kWhatSetAudioSink
07-26 14:52:36.146: I/ServiceManager(745): Waiting for service AtCmdFwd...
07-26 14:52:36.146: V/NuPlayer(701): kWhatSetDataSource
07-26 14:52:36.146: V/MediaPlayerService(701):  setDataSource
07-26 14:52:36.147: V/MediaPlayerService(701): [3] setAudioStreamType(7)
07-26 14:52:36.147: V/MediaPlayerService(701): [3] prepareAsync
07-26 14:52:36.147: V/NuPlayerDriver(701): prepareAsync(0xf4c20cc0)
07-26 14:52:36.151: V/FileSource(701): /system/media/audio/ui/VideoStop.ogg
07-26 14:52:36.153: V/MediaExtractor(701): MediaExtractor::Create (null) flags 2
07-26 14:52:36.154: I/OmaDrmEngine(664): OmaDrmEngine::onInitialize
07-26 14:52:36.154: I/OmaDrmEngine(664): OmaDrmEngine::onInitialize -- OmaDrmGlue_InitializeKeyEncryption succeeded
07-26 14:52:36.154: I/OmaDrmEngine(664): OmaDrmEngine::onSetOnInfoListener
07-26 14:52:36.154: V/OmaDrmEngine(664): Found infoListenerClient
07-26 14:52:36.155: I/OmaDrmEngine(664): OmaDrmEngine::onOpenDecryptSession! fd = 7
07-26 14:52:36.157: D/OmaDrmFile(664): Coming into OmaDrmDcfFile_ParserDcf, fd =  9
07-26 14:52:36.157: E/OmaDrmFile(664): Invalid drm version
07-26 14:52:36.157: V/OmaDrmFile(664): DCF releases
07-26 14:52:36.157: I/OmaDrmEngine(664): OmaDrmEngine::onOpenDecryptSession Exit. result = -2006
07-26 14:52:36.160: I/OmaDrmEngine(664): OmaDrmEngine::onTerminate
07-26 14:52:36.161: V/MediaExtractor(701): get service manager
07-26 14:52:36.162: V/MediaExtractorService(698): @@@ MediaExtractorService::makeExtractor for (null) extFlags 2
07-26 14:52:36.163: V/MediaExtractor(698): MediaExtractor::CreateFromService (null) flags 2
07-26 14:52:36.165: V/MediaExtractor(701): readAt(0, 2048)
07-26 14:52:36.166: V/MPEG4Extractor(698): saw chunk type , size 1332176723 @ 0
07-26 14:52:36.167: V/MP3Extractor(698): found possible 1st frame at 100 (header = 0xffff9103)
07-26 14:52:36.167: V/MP3Extractor(698): subsequent header is 14528829
07-26 14:52:36.167: V/MP3Extractor(698): no dice, no valid sequence of frames found.
07-26 14:52:36.169: V/MediaExtractor(701): readAt(2048, 2048)
07-26 14:52:36.170: V/MediaExtractor(701): readAt(4096, 2048)
07-26 14:52:36.170: V/MediaExtractor(701): readAt(6144, 2048)
07-26 14:52:36.171: V/MediaExtractor(701): readAt(8192, 2048)
07-26 14:52:36.172: V/MediaExtractor(701): readAt(10240, 2048)
07-26 14:52:36.172: V/MediaExtractor(701): readAt(12288, 2048)
07-26 14:52:36.176: V/MediaExtractor(701): readAt(12431, 1905)
07-26 14:52:36.177: V/MediaExtractor(701): readAt(0, 2048)
07-26 14:52:36.179: V/MidiExtractor(698): SniffMidi: no
07-26 14:52:36.181: I/OmaDrmEngine(664): OmaDrmEngine::onInitialize
07-26 14:52:36.181: I/OmaDrmEngine(664): OmaDrmEngine::onInitialize -- OmaDrmGlue_InitializeKeyEncryption succeeded
07-26 14:52:36.181: I/OmaDrmEngine(664): OmaDrmEngine::onSetOnInfoListener
07-26 14:52:36.181: V/OmaDrmEngine(664): Found infoListenerClient
07-26 14:52:36.185: I/OmaDrmEngine(664): OmaDrmEngine::onOpenDecryptSession! fd = 7
07-26 14:52:36.185: D/OmaDrmFile(664): Coming into OmaDrmDcfFile_ParserDcf, fd =  9
07-26 14:52:36.185: E/OmaDrmFile(664): Invalid drm version
07-26 14:52:36.185: V/OmaDrmFile(664): DCF releases
07-26 14:52:36.185: I/OmaDrmEngine(664): OmaDrmEngine::onOpenDecryptSession Exit. result = -2006
07-26 14:52:36.188: I/OmaDrmEngine(664): OmaDrmEngine::onTerminate
07-26 14:52:36.197: I/OmaDrmEngine(664): OmaDrmEngine::onInitialize
07-26 14:52:36.197: I/OmaDrmEngine(664): OmaDrmEngine::onInitialize -- OmaDrmGlue_InitializeKeyEncryption succeeded
07-26 14:52:36.197: I/OmaDrmEngine(664): OmaDrmEngine::onSetOnInfoListener
07-26 14:52:36.197: V/OmaDrmEngine(664): Found infoListenerClient
07-26 14:52:36.198: D/SogouIME(1897): [[SogouIME::a]] ----loadTheme---1--targetPath =default_theme/720/phone/
07-26 14:52:36.199: D/SogouIME(1897): [[SogouIME::a]] ----loadTheme---2--targetPath =default_theme/720/phone/
07-26 14:52:36.200: I/OmaDrmEngine(664): OmaDrmEngine::onOpenDecryptSession! fd = 7
07-26 14:52:36.200: D/SogouIME(1897): [[SogouIME::a]] ----loadTheme---4--targetPath =default_theme/720/phone/
07-26 14:52:36.200: D/OmaDrmFile(664): Coming into OmaDrmDcfFile_ParserDcf, fd =  9
07-26 14:52:36.200: E/OmaDrmFile(664): Invalid drm version
07-26 14:52:36.200: V/OmaDrmFile(664): DCF releases
07-26 14:52:36.200: I/OmaDrmEngine(664): OmaDrmEngine::onOpenDecryptSession Exit. result = -2006
07-26 14:52:36.201: I/chatty(1911): uid=10040(com.android.systemui) RenderThread expire 2 lines
07-26 14:52:36.202: I/OmaDrmEngine(664): OmaDrmEngine::onTerminate
07-26 14:52:36.204: V/MediaExtractor(698): Autodetected media content as 'application/ogg' with confidence 0.80
07-26 14:52:36.204: I/ExtendedExtractor(698): QTIParser is prefered .. flags 2
07-26 14:52:36.205: V/MediaExtractor(701): readAt(0, 2048)
07-26 14:52:36.206: I/MediaExtractor(698): extractor created in uid: 1040 (mediaex)
07-26 14:52:36.206: D/MMParserExtractor(698): setExtraFlags called with flags 2 for paser instance e72a3b40
07-26 14:52:36.206: D/MMParserExtractor(698): using bigger parser buffers
07-26 14:52:36.206: I/ExtendedExtractor(698): ExtendedExtractor::create 0xe72a3b40
07-26 14:52:36.206: V/MediaExtractorService(698): extractor service created 0xe72a3b40 (<unspecified>)
07-26 14:52:36.206: V/BpMediaExtractor(701): getDrmFlag
07-26 14:52:36.207: V/BnMediaExtractor(698): getDrmFlag
07-26 14:52:36.207: V/BpMediaExtractor(701): getMetaData
07-26 14:52:36.207: V/BnMediaExtractor(698): getMetaData
07-26 14:52:36.207: W/ActivityManager(1453): Unable to start service Intent { act=com.journeyui.musicdock.MusicDockServices pkg=com.journeyui.musicdock } U=0: not found
07-26 14:52:36.209: V/MediaExtractor(701): readAt(0, 12431)
07-26 14:52:36.211: V/MediaExtractor(701): readAt(4411, 8020)
07-26 14:52:36.211: V/BpMediaExtractor(701): countTracks
07-26 14:52:36.211: V/BnMediaExtractor(698): countTracks
07-26 14:52:36.212: V/BpMediaExtractor(701): getTrack(0)
07-26 14:52:36.212: V/BnMediaExtractor(698): getTrack()
07-26 14:52:36.212: V/BpMediaExtractor(701): getTrackMetaData(0, 0)
07-26 14:52:36.213: V/BnMediaExtractor(698): getTrackMetaData
07-26 14:52:36.214: V/BpMediaSource(701): getFormat
07-26 14:52:36.214: V/BnMediaSource(698): getFormat
07-26 14:52:36.215: V/BpMediaSource(701): start
07-26 14:52:36.215: V/BnMediaSource(698): start
07-26 14:52:36.216: D/NuPlayerDriver(701): notifyListener_l(0xf4c20cc0), (1, 0, 0), loop setting(0, 0)
07-26 14:52:36.216: V/MediaPlayerService(701): [3] notify (0xf4c34900, 1, 0, 0)
07-26 14:52:36.216: V/CameraService(663): startCameraOps: Start camera ops, package name = cameraserver, client UID = 1047
07-26 14:52:36.220: V/CameraService(663): updateStatus: Status has changed for camera ID 0 from 0x1 to 0xfffffffe
07-26 14:52:36.222: I/CameraFlashlight(663): Opening camera 0
07-26 14:52:36.230: I/CAM_ZEUSIS_ALGO(663): <ALGO><INFO> CZeusisAlgorithm::CZeusisAlgorithm(int, IZeusisHalBus *): 50: camera_id:0
07-26 14:52:36.230: I/CAM_ZEUSIS_ALGO(663): <ALGO><INFO> void camera_algo_set_dbg_log_properties(): 60: E
07-26 14:52:36.230: E/ActivityThread(1911): Failed to find provider info for i19tdispatcher.service.I19tBinderProvider
07-26 14:52:36.238: D/SogouIME(1897): [[SogouIME::cx]] loadThemeOnCreate---switchThemeTo:
07-26 14:52:36.238: D/ThemeManager(1897): switchThemeTo:
07-26 14:52:36.242: E/QCamera(663): <HAL><ERROR> int32_t qcamera::QCameraPerfLock::lock_acq_timed(int32_t): 314: failed to acquire lock
07-26 14:52:36.245: E/QCamera(663): <HAL><ERROR> int qcamera::QCamera2HardwareInterface::openCamera(): 1965: picture_sizes_tbl_cnt = 0,mCameraId = 0,need initCapabilities again. 
07-26 14:52:36.248: I/System.out(1897): sxx++++INIFile+++++pstrPathAndName++++++checkFile(pstrPathAndName)++default_theme/720/phone/theme.ini,false
07-26 14:52:36.264: I/ActivityManager(1453): user 0 is still locked. Cannot load recents
07-26 14:52:36.274: I/System.out(1897): sxx$$$$$$$defaultPath.toString()$$$$$$$$$$default_theme/720/phone/layout
07-26 14:52:36.296: E/mm-camera(762): <MCT   ><ERROR> 380: mct_stream_link_module_array: Null: 0x0
07-26 14:52:36.296: E/mm-camera(762): <MCT   ><ERROR> 801: mct_stream_start_link: link failed
07-26 14:52:36.296: E/mm-camera(762): <MCT   ><ERROR> 4482: mct_pipeline_start_stream_internal: session stream linking failed for session 3
07-26 14:52:36.306: E/QCamera(663): <HAL><ERROR> int32_t qcamera::QCameraParameters::setSceneMode(const char *): 9017: Setting SceneMode=auto,value=0
07-26 14:52:36.307: E/mm-camera(762): <MCT   ><ERROR> 1244: mct_pipeline_send_ctrl_events: Error in sending event no. 1/29: type 1
07-26 14:52:36.307: E/mm-camera(762): <MCT   ><ERROR> 1056: mct_pipeline_decide_hw_wakeup: Couldn't find meta stream
07-26 14:52:36.309: I/System.out(1897): sxx$$$$$$$defaultThemeDir != null$$$$$$$defaultThemeDir.length$$$true,25
07-26 14:52:36.309: I/System.out(1897): sxx+++UserThemeManager.java++11111111111111++createFileMap+++++defaultThemeDir[i]+++
07-26 14:52:36.310: I/System.out(1897): sxx+++UserThemeManager.java++11111111111111++createFileMap+++++defaultPathName+++default_theme/720/phone/layout/
07-26 14:52:36.310: I/Thermal-Lib(663): Thermal-Lib-Client: Registraion successful for camera with handle:1
07-26 14:52:36.310: I/Thermal-Lib(663): Thermal-Lib-Client: Registraion successful for camcorder with handle:2
07-26 14:52:36.310: I/System.out(1897): sxx+++UserThemeManager.java++11111111111111++createFileMap+++++defaultThemeDir[i]+++bh.ini
07-26 14:52:36.310: I/System.out(1897): sxx+++UserThemeManager.java++11111111111111++createFileMap+++++defaultPathName+++default_theme/720/phone/layout/bh.ini
07-26 14:52:36.310: I/System.out(1897): sxx+++UserThemeManager.java++11111111111111++createFileMap+++++defaultThemeDir[i]+++cands.ini
07-26 14:52:36.310: I/System.out(1897): sxx+++UserThemeManager.java++11111111111111++createFileMap+++++defaultPathName+++default_theme/720/phone/layout/cands.ini
07-26 14:52:36.310: I/System.out(1897): sxx+++UserThemeManager.java++11111111111111++createFileMap+++++defaultThemeDir[i]+++config.ini
07-26 14:52:36.310: I/System.out(1897): sxx+++UserThemeManager.java++11111111111111++createFileMap+++++defaultPathName+++default_theme/720/phone/layout/config.ini
07-26 14:52:36.310: I/System.out(1897): sxx+++UserThemeManager.java++11111111111111++createFileMap+++++defaultThemeDir[i]+++digit_26.ini
07-26 14:52:36.310: I/System.out(1897): sxx+++UserThemeManager.java++11111111111111++createFileMap+++++defaultPathName+++default_theme/720/phone/layout/digit_26.ini
07-26 14:52:36.310: I/System.out(1897): sxx+++UserThemeManager.java++11111111111111++createFileMap+++++defaultThemeDir[i]+++digit_9.ini
07-26 14:52:36.310: I/System.out(1897): sxx+++UserThemeManager.java++11111111111111++createFileMap+++++defaultPathName+++default_theme/720/phone/layout/digit_9.ini
07-26 14:52:36.310: I/System.out(1897): sxx+++UserThemeManager.java++11111111111111++createFileMap+++++defaultThemeDir[i]+++edit.ini
07-26 14:52:36.310: I/System.out(1897): sxx+++UserThemeManager.java++11111111111111++createFileMap+++++defaultPathName+++default_theme/720/phone/layout/edit.ini
07-26 14:52:36.310: I/System.out(1897): sxx+++UserThemeManager.java++11111111111111++createFileMap+++++defaultThemeDir[i]+++en_26.ini
07-26 14:52:36.311: I/System.out(1897): sxx+++UserThemeManager.java++11111111111111++createFileMap+++++defaultPathName+++default_theme/720/phone/layout/en_26.ini
07-26 14:52:36.311: I/System.out(1897): sxx+++UserThemeManager.java++11111111111111++createFileMap+++++defaultThemeDir[i]+++en_26_pre.ini
07-26 14:52:36.311: I/System.out(1897): sxx+++UserThemeManager.java++11111111111111++createFileMap+++++defaultPathName+++default_theme/720/phone/layout/en_26_pre.ini
07-26 14:52:36.311: I/System.out(1897): sxx+++UserThemeManager.java++11111111111111++createFileMap+++++defaultThemeDir[i]+++en_9.ini
07-26 14:52:36.311: I/System.out(1897): sxx+++UserThemeManager.java++11111111111111++createFileMap+++++defaultPathName+++default_theme/720/phone/layout/en_9.ini
07-26 14:52:36.311: I/System.out(1897): sxx+++UserThemeManager.java++11111111111111++createFileMap+++++defaultThemeDir[i]+++en_9_multi.ini
07-26 14:52:36.311: I/System.out(1897): sxx+++UserThemeManager.java++11111111111111++createFileMap+++++defaultPathName+++default_theme/720/phone/layout/en_9_multi.ini
07-26 14:52:36.311: I/System.out(1897): sxx+++UserThemeManager.java++11111111111111++createFileMap+++++defaultThemeDir[i]+++expression.ini
07-26 14:52:36.311: I/ThermalEngine(643): Thermal-Server: Adding thermal event listener on fd 46
07-26 14:52:36.311: I/System.out(1897): sxx+++UserThemeManager.java++11111111111111++createFileMap+++++defaultPathName+++default_theme/720/phone/layout/expression.ini
07-26 14:52:36.311: I/System.out(1897): sxx+++UserThemeManager.java++11111111111111++createFileMap+++++defaultThemeDir[i]+++handwriting.ini
07-26 14:52:36.311: I/System.out(1897): sxx+++UserThemeManager.java++11111111111111++createFileMap+++++defaultPathName+++default_theme/720/phone/layout/handwriting.ini
07-26 14:52:36.311: I/System.out(1897): sxx+++UserThemeManager.java++11111111111111++createFileMap+++++defaultThemeDir[i]+++handwriting_landscape.ini
07-26 14:52:36.311: I/System.out(1897): sxx+++UserThemeManager.java++11111111111111++createFileMap+++++defaultPathName+++default_theme/720/phone/layout/handwriting_landscape.ini
07-26 14:52:36.311: I/Thermal-Lib(663): Thermal-Lib-Client: Client received msg camera 0
07-26 14:52:36.311: I/System.out(1897): sxx+++UserThemeManager.java++11111111111111++createFileMap+++++defaultThemeDir[i]+++handwriting_landscape_full.ini
07-26 14:52:36.311: I/Thermal-Lib(663): Thermal-Lib-Client: Client received msg camcorder 0
07-26 14:52:36.311: I/System.out(1897): sxx+++UserThemeManager.java++11111111111111++createFileMap+++++defaultPathName+++default_theme/720/phone/layout/handwriting_landscape_full.ini
07-26 14:52:36.311: I/System.out(1897): sxx+++UserThemeManager.java++11111111111111++createFileMap+++++defaultThemeDir[i]+++handwriting_portait_full.ini
07-26 14:52:36.311: I/System.out(1897): sxx+++UserThemeManager.java++11111111111111++createFileMap+++++defaultPathName+++default_theme/720/phone/layout/handwriting_portait_full.ini
07-26 14:52:36.312: I/System.out(1897): sxx+++UserThemeManager.java++11111111111111++createFileMap+++++defaultThemeDir[i]+++images.ini
07-26 14:52:36.312: I/System.out(1897): sxx+++UserThemeManager.java++11111111111111++createFileMap+++++defaultPathName+++default_theme/720/phone/layout/images.ini
07-26 14:52:36.312: I/System.out(1897): sxx+++UserThemeManager.java++11111111111111++createFileMap+++++defaultThemeDir[i]+++platform.ini
07-26 14:52:36.312: I/System.out(1897): sxx+++UserThemeManager.java++11111111111111++createFileMap+++++defaultPathName+++default_theme/720/phone/layout/platform.ini
07-26 14:52:36.312: I/System.out(1897): sxx+++UserThemeManager.java++11111111111111++createFileMap+++++defaultThemeDir[i]+++py_26.ini
07-26 14:52:36.312: I/System.out(1897): sxx+++UserThemeManager.java++11111111111111++createFileMap+++++defaultPathName+++default_theme/720/phone/layout/py_26.ini
07-26 14:52:36.312: I/System.out(1897): sxx+++UserThemeManager.java++11111111111111++createFileMap+++++defaultThemeDir[i]+++py_9.ini
07-26 14:52:36.312: I/System.out(1897): sxx+++UserThemeManager.java++11111111111111++createFileMap+++++defaultPathName+++default_theme/720/phone/layout/py_9.ini
07-26 14:52:36.312: I/System.out(1897): sxx+++UserThemeManager.java++11111111111111++createFileMap+++++defaultThemeDir[i]+++template.ini
07-26 14:52:36.312: I/System.out(1897): sxx+++UserThemeManager.java++11111111111111++createFileMap+++++defaultPathName+++default_theme/720/phone/layout/template.ini
07-26 14:52:36.312: I/System.out(1897): sxx+++UserThemeManager.java++11111111111111++createFileMap+++++defaultThemeDir[i]+++templateblack.ini
07-26 14:52:36.312: I/System.out(1897): sxx+++UserThemeManager.java++11111111111111++createFileMap+++++defaultPathName+++default_theme/720/phone/layout/templateblack.ini
07-26 14:52:36.312: I/System.out(1897): sxx+++UserThemeManager.java++11111111111111++createFileMap+++++defaultThemeDir[i]+++templateblack.ini.bak
07-26 14:52:36.312: I/System.out(1897): sxx+++UserThemeManager.java++11111111111111++createFileMap+++++defaultPathName+++default_theme/720/phone/layout/templateblack.ini.bak
07-26 14:52:36.312: I/System.out(1897): sxx+++UserThemeManager.java++11111111111111++createFileMap+++++defaultThemeDir[i]+++voice.ini
07-26 14:52:36.312: I/System.out(1897): sxx+++UserThemeManager.java++11111111111111++createFileMap+++++defaultPathName+++default_theme/720/phone/layout/voice.ini
07-26 14:52:36.312: I/System.out(1897): sxx+++UserThemeManager.java++11111111111111++createFileMap+++++defaultThemeDir[i]+++wubi.ini
07-26 14:52:36.313: I/System.out(1897): sxx+++UserThemeManager.java++11111111111111++createFileMap+++++defaultPathName+++default_theme/720/phone/layout/wubi.ini
07-26 14:52:36.315: I/System.out(1897): sxx+++UserThemeManager.java+2222222222+++createFileMap+++++portThemeDir[i]+++
07-26 14:52:36.315: I/System.out(1897): sxx+++UserThemeManager.java++11111111111111++createFileMap+++++portPathName+++default_theme/720/phone/port/
07-26 14:52:36.315: I/System.out(1897): sxx+++UserThemeManager.java+2222222222+++createFileMap+++++portThemeDir[i]+++bh.ini
07-26 14:52:36.316: I/System.out(1897): sxx+++UserThemeManager.java++11111111111111++createFileMap+++++portPathName+++default_theme/720/phone/port/bh.ini
07-26 14:52:36.316: I/System.out(1897): sxx+++UserThemeManager.java+2222222222+++createFileMap+++++portThemeDir[i]+++digit_9.ini
07-26 14:52:36.316: I/System.out(1897): sxx+++UserThemeManager.java++11111111111111++createFileMap+++++portPathName+++default_theme/720/phone/port/digit_9.ini
07-26 14:52:36.316: I/System.out(1897): sxx+++UserThemeManager.java+2222222222+++createFileMap+++++portThemeDir[i]+++digit_en_26.ini
07-26 14:52:36.316: I/System.out(1897): sxx+++UserThemeManager.java++11111111111111++createFileMap+++++portPathName+++default_theme/720/phone/port/digit_en_26.ini
07-26 14:52:36.316: I/System.out(1897): sxx+++UserThemeManager.java+2222222222+++createFileMap+++++portThemeDir[i]+++digit_en_26_pre.ini
07-26 14:52:36.316: I/System.out(1897): sxx+++UserThemeManager.java++11111111111111++createFileMap+++++portPathName+++default_theme/720/phone/port/digit_en_26_pre.ini
07-26 14:52:36.316: I/System.out(1897): sxx+++UserThemeManager.java+2222222222+++createFileMap+++++portThemeDir[i]+++en_26.ini
07-26 14:52:36.316: I/System.out(1897): sxx+++UserThemeManager.java++11111111111111++createFileMap+++++portPathName+++default_theme/720/phone/port/en_26.ini
07-26 14:52:36.316: I/System.out(1897): sxx+++UserThemeManager.java+2222222222+++createFileMap+++++portThemeDir[i]+++en_26_pre.ini
07-26 14:52:36.316: I/System.out(1897): sxx+++UserThemeManager.java++11111111111111++createFileMap+++++portPathName+++default_theme/720/phone/port/en_26_pre.ini
07-26 14:52:36.316: I/System.out(1897): sxx+++UserThemeManager.java+2222222222+++createFileMap+++++portThemeDir[i]+++en_9.ini
07-26 14:52:36.316: I/System.out(1897): sxx+++UserThemeManager.java++11111111111111++createFileMap+++++portPathName+++default_theme/720/phone/port/en_9.ini
07-26 14:52:36.316: I/System.out(1897): sxx+++UserThemeManager.java+2222222222+++createFileMap+++++portThemeDir[i]+++en_9_multi.ini
07-26 14:52:36.316: I/System.out(1897): sxx+++UserThemeManager.java++11111111111111++createFileMap+++++portPathName+++default_theme/720/phone/port/en_9_multi.ini
07-26 14:52:36.316: I/System.out(1897): sxx+++UserThemeManager.java+2222222222+++createFileMap+++++portThemeDir[i]+++handwriting.ini
07-26 14:52:36.317: I/System.out(1897): sxx+++UserThemeManager.java++11111111111111++createFileMap+++++portPathName+++default_theme/720/phone/port/handwriting.ini
07-26 14:52:36.317: I/System.out(1897): sxx+++UserThemeManager.java+2222222222+++createFileMap+++++portThemeDir[i]+++handwriting_portait_full.ini
07-26 14:52:36.317: I/System.out(1897): sxx+++UserThemeManager.java++11111111111111++createFileMap+++++portPathName+++default_theme/720/phone/port/handwriting_portait_full.ini
07-26 14:52:36.317: I/System.out(1897): sxx+++UserThemeManager.java+2222222222+++createFileMap+++++portThemeDir[i]+++py_26.ini
07-26 14:52:36.317: I/System.out(1897): sxx+++UserThemeManager.java++11111111111111++createFileMap+++++portPathName+++default_theme/720/phone/port/py_26.ini
07-26 14:52:36.317: I/System.out(1897): sxx+++UserThemeManager.java+2222222222+++createFileMap+++++portThemeDir[i]+++py_9.ini
07-26 14:52:36.317: I/System.out(1897): sxx+++UserThemeManager.java++11111111111111++createFileMap+++++portPathName+++default_theme/720/phone/port/py_9.ini
07-26 14:52:36.317: I/System.out(1897): sxx+++UserThemeManager.java+2222222222+++createFileMap+++++portThemeDir[i]+++voice.ini
07-26 14:52:36.317: I/System.out(1897): sxx+++UserThemeManager.java++11111111111111++createFileMap+++++portPathName+++default_theme/720/phone/port/voice.ini
07-26 14:52:36.317: I/System.out(1897): sxx+++UserThemeManager.java+2222222222+++createFileMap+++++portThemeDir[i]+++wubi.ini
07-26 14:52:36.317: I/System.out(1897): sxx+++UserThemeManager.java++11111111111111++createFileMap+++++portPathName+++default_theme/720/phone/port/wubi.ini
07-26 14:52:36.320: E/QCamera(663): <MCI><ERROR> mm_camera_util_s_ctrl: 2041: ioctl failed -1, errno 14
07-26 14:52:36.322: I/System.out(1897): sxx+++UserThemeManager.java+333333333333+++createFileMap+++++portThemeDir[i]+++
07-26 14:52:36.322: I/System.out(1897): sxx+++UserThemeManager.java++11111111111111++createFileMap+++++landPathName+++default_theme/720/phone/land/
07-26 14:52:36.322: I/System.out(1897): sxx+++UserThemeManager.java+333333333333+++createFileMap+++++portThemeDir[i]+++bh.ini
07-26 14:52:36.322: I/System.out(1897): sxx+++UserThemeManager.java++11111111111111++createFileMap+++++landPathName+++default_theme/720/phone/land/bh.ini
07-26 14:52:36.322: I/System.out(1897): sxx+++UserThemeManager.java+333333333333+++createFileMap+++++portThemeDir[i]+++digit_9.ini
07-26 14:52:36.323: E/mm-camera(762): <MCT   ><ERROR> 1244: mct_pipeline_send_ctrl_events: Error in sending event no. 1/1: type 10
07-26 14:52:36.323: E/mm-camera(762): <MCT   ><ERROR> 1056: mct_pipeline_decide_hw_wakeup: Couldn't find meta stream
07-26 14:52:36.323: I/System.out(1897): sxx+++UserThemeManager.java++11111111111111++createFileMap+++++landPathName+++default_theme/720/phone/land/digit_9.ini
07-26 14:52:36.323: I/System.out(1897): sxx+++UserThemeManager.java+333333333333+++createFileMap+++++portThemeDir[i]+++en_26.ini
07-26 14:52:36.323: I/System.out(1897): sxx+++UserThemeManager.java++11111111111111++createFileMap+++++landPathName+++default_theme/720/phone/land/en_26.ini
07-26 14:52:36.323: I/System.out(1897): sxx+++UserThemeManager.java+333333333333+++createFileMap+++++portThemeDir[i]+++en_26_pre.ini
07-26 14:52:36.323: I/System.out(1897): sxx+++UserThemeManager.java++11111111111111++createFileMap+++++landPathName+++default_theme/720/phone/land/en_26_pre.ini
07-26 14:52:36.324: I/System.out(1897): sxx+++UserThemeManager.java+333333333333+++createFileMap+++++portThemeDir[i]+++en_9.ini
07-26 14:52:36.324: I/System.out(1897): sxx+++UserThemeManager.java++11111111111111++createFileMap+++++landPathName+++default_theme/720/phone/land/en_9.ini
07-26 14:52:36.324: I/System.out(1897): sxx+++UserThemeManager.java+333333333333+++createFileMap+++++portThemeDir[i]+++en_9_multi.ini
07-26 14:52:36.324: I/System.out(1897): sxx+++UserThemeManager.java++11111111111111++createFileMap+++++landPathName+++default_theme/720/phone/land/en_9_multi.ini
07-26 14:52:36.324: I/System.out(1897): sxx+++UserThemeManager.java+333333333333+++createFileMap+++++portThemeDir[i]+++handwriting_landscape.ini
07-26 14:52:36.324: I/System.out(1897): sxx+++UserThemeManager.java++11111111111111++createFileMap+++++landPathName+++default_theme/720/phone/land/handwriting_landscape.ini
07-26 14:52:36.324: I/System.out(1897): sxx+++UserThemeManager.java+333333333333+++createFileMap+++++portThemeDir[i]+++handwriting_landscape_full.ini
07-26 14:52:36.324: I/System.out(1897): sxx+++UserThemeManager.java++11111111111111++createFileMap+++++landPathName+++default_theme/720/phone/land/handwriting_landscape_full.ini
07-26 14:52:36.324: I/System.out(1897): sxx+++UserThemeManager.java+333333333333+++createFileMap+++++portThemeDir[i]+++py_26.ini
07-26 14:52:36.324: I/System.out(1897): sxx+++UserThemeManager.java++11111111111111++createFileMap+++++landPathName+++default_theme/720/phone/land/py_26.ini
07-26 14:52:36.324: I/System.out(1897): sxx+++UserThemeManager.java+333333333333+++createFileMap+++++portThemeDir[i]+++py_9.ini
07-26 14:52:36.324: I/System.out(1897): sxx+++UserThemeManager.java++11111111111111++createFileMap+++++landPathName+++default_theme/720/phone/land/py_9.ini
07-26 14:52:36.324: I/System.out(1897): sxx+++UserThemeManager.java+333333333333+++createFileMap+++++portThemeDir[i]+++voice.ini
07-26 14:52:36.324: I/System.out(1897): sxx+++UserThemeManager.java++11111111111111++createFileMap+++++landPathName+++default_theme/720/phone/land/voice.ini
07-26 14:52:36.324: I/System.out(1897): sxx+++UserThemeManager.java+333333333333+++createFileMap+++++portThemeDir[i]+++wubi.ini
07-26 14:52:36.324: I/System.out(1897): sxx+++UserThemeManager.java++11111111111111++createFileMap+++++landPathName+++default_theme/720/phone/land/wubi.ini
07-26 14:52:36.325: I/System.out(1897): sxx++++INIFile+++++pstrPathAndName++++++checkFile(pstrPathAndName)++default_theme/720/phone/layout/config.ini,false
07-26 14:52:36.326: I/System.out(1897): sxx++++INIFile+++++pstrPathAndName++++++checkFile(pstrPathAndName)++default_theme/720/phone/layout/images.ini,false
07-26 14:52:36.336: E/QCamera(663): <MCI><ERROR> mm_camera_util_s_ctrl: 2041: ioctl failed -1, errno 14
07-26 14:52:36.336: E/QCamera(663): <HAL><ERROR> int32_t qcamera::QCameraParameters::adjustPreviewFpsRange(cam_fps_range_t *): 6550: Failed to commit batch parameters
07-26 14:52:36.336: E/mm-camera(762): <MCT   ><ERROR> 1244: mct_pipeline_send_ctrl_events: Error in sending event no. 1/1: type 10
07-26 14:52:36.337: E/mm-camera(762): <MCT   ><ERROR> 1056: mct_pipeline_decide_hw_wakeup: Couldn't find meta stream
07-26 14:52:36.354: E/QCamera(663): <MCI><ERROR> mm_camera_util_s_ctrl: 2041: ioctl failed -1, errno 14
07-26 14:52:36.354: E/QCamera(663): <HAL><ERROR> int32_t qcamera::QCameraParameters::adjustPreviewFpsRange(cam_fps_range_t *): 6550: Failed to commit batch parameters
07-26 14:52:36.356: E/QCamera(663): <HAL><ERROR> int32_t qcamera::QCameraPerfLock::lock_acq(): 363: failed to acquire lock
07-26 14:52:36.356: I/CAM_ZEUSIS_ALGO(663): <ALGO><INFO> int qcamera::QCamera2HardwareInterface::onZeusisStopPreview(): 961: E
07-26 14:52:36.356: I/CAM_ZEUSIS_ALGO(663): <ALGO><INFO> int qcamera::QCamera2HardwareInterface::onZeusisStopPreview(): 978: X
07-26 14:52:36.358: I/CameraFlashlight(663): Destroying camera 0
07-26 14:52:36.360: E/QCamera(663): <HAL><ERROR> int32_t qcamera::QCameraPerfLock::lock_acq(): 363: failed to acquire lock
07-26 14:52:36.360: E/mm-camera(762): <MCT   ><ERROR> 1244: mct_pipeline_send_ctrl_events: Error in sending event no. 1/1: type 112
07-26 14:52:36.360: E/mm-camera(762): <MCT   ><ERROR> 1056: mct_pipeline_decide_hw_wakeup: Couldn't find meta stream
07-26 14:52:36.379: E/QCamera(663): <MCI><ERROR> mm_camera_util_s_ctrl: 2041: ioctl failed -1, errno 14
07-26 14:52:36.388: E/QCamera(663): <HAL><ERROR> bool qcamera::QCameraParameters::sendStreamConfigInfo(cam_stream_size_info_t &): 13124: Failed to set stream info parm
07-26 14:52:36.395: I/Thermal-Lib(663): Thermal-Lib-Client: Unregisteration is successfull for handle:1
07-26 14:52:36.396: I/ThermalEngine(643): Thermal-Server: removing client on fd 46
07-26 14:52:36.396: I/Thermal-Lib(663): Thermal-Lib-Client: Unregisteration is successfull for handle:2
07-26 14:52:36.400: D/SogouIME(1897): [[SogouIME::ct]] base expression size:446
07-26 14:52:36.408: D/SogouIME(1897): [[SogouIME::cu]] base expression size:105
07-26 14:52:36.448: I/CAM_ZEUSIS_ALGO(663): <ALGO><INFO> virtual CZeusisAlgorithm::~CZeusisAlgorithm(): 90: camera_id:0
07-26 14:52:36.450: V/CameraService(663): Client::disconnect
07-26 14:52:36.451: V/CameraService(663): updateStatus: Status has changed for camera ID 0 from 0xfffffffe to 0x1
07-26 14:52:36.454: I/CameraService(663): disconnect: Disconnected client for camera 0 for PID 663
07-26 14:52:36.454: V/CameraService(663): ~Client
07-26 14:52:36.454: V/MediaPlayerService(701): disconnect(1) from pid 663
07-26 14:52:36.454: D/NuPlayerDriver(701): reset(0xf4c20a80) at state 4
07-26 14:52:36.454: D/NuPlayerDriver(701): notifyListener_l(0xf4c20a80), (8, 0, 0), loop setting(0, 0)
07-26 14:52:36.455: V/NuPlayer(701): kWhatReset
07-26 14:52:36.455: V/NuPlayer(701): performDecoderFlush audio=2, video=2
07-26 14:52:36.455: W/AMessage(701): failed to post message as target looper for handler 0 is gone.
07-26 14:52:36.455: V/NuPlayer(701): performReset
07-26 14:52:36.455: D/NuPlayerDriver(701): notifyResetComplete(0xf4c20a80)
07-26 14:52:36.457: V/NuPlayerDriver(701): ~NuPlayerDriver(0xf4c20a80)
07-26 14:52:36.458: V/MediaPlayerService(701): disconnect(2) from pid 663
07-26 14:52:36.458: D/NuPlayerDriver(701): reset(0xf4c20ba0) at state 4
07-26 14:52:36.458: D/NuPlayerDriver(701): notifyListener_l(0xf4c20ba0), (8, 0, 0), loop setting(0, 0)
07-26 14:52:36.458: V/NuPlayer(701): kWhatReset
07-26 14:52:36.458: V/NuPlayer(701): performDecoderFlush audio=2, video=2
07-26 14:52:36.458: W/AMessage(701): failed to post message as target looper for handler 0 is gone.
07-26 14:52:36.458: V/NuPlayer(701): performReset
07-26 14:52:36.458: D/NuPlayerDriver(701): notifyResetComplete(0xf4c20ba0)
07-26 14:52:36.459: V/NuPlayerDriver(701): ~NuPlayerDriver(0xf4c20ba0)
07-26 14:52:36.460: V/AudioFlinger(662): releasing 9 from 663 for -1
07-26 14:52:36.460: V/AudioFlinger(662):  decremented refcount to 0
07-26 14:52:36.460: V/AudioFlinger(662): purging stale effects
07-26 14:52:36.460: V/MediaPlayerService(701): Client(1) destructor pid = 663
07-26 14:52:36.460: V/AudioSink(701): close
07-26 14:52:36.460: V/MediaPlayerService(701): disconnect(1) from pid 663
07-26 14:52:36.461: V/AudioFlinger(662): releasing 17 from 663 for -1
07-26 14:52:36.461: V/AudioFlinger(662):  decremented refcount to 0
07-26 14:52:36.461: V/AudioFlinger(662): purging stale effects
07-26 14:52:36.461: V/MediaPlayerService(701): disconnect(3) from pid 663
07-26 14:52:36.461: D/NuPlayerDriver(701): reset(0xf4c20cc0) at state 4
07-26 14:52:36.461: D/NuPlayerDriver(701): notifyListener_l(0xf4c20cc0), (8, 0, 0), loop setting(0, 0)
07-26 14:52:36.462: V/NuPlayer(701): kWhatReset
07-26 14:52:36.462: V/NuPlayer(701): performDecoderFlush audio=2, video=2
07-26 14:52:36.462: W/AMessage(701): failed to post message as target looper for handler 0 is gone.
07-26 14:52:36.462: V/NuPlayer(701): performReset
07-26 14:52:36.462: D/NuPlayerDriver(701): notifyResetComplete(0xf4c20cc0)
07-26 14:52:36.463: V/NuPlayerDriver(701): ~NuPlayerDriver(0xf4c20cc0)
07-26 14:52:36.463: V/MediaPlayerService(701): Client(2) destructor pid = 663
07-26 14:52:36.463: V/AudioSink(701): close
07-26 14:52:36.463: V/MediaPlayerService(701): disconnect(2) from pid 663
07-26 14:52:36.467: V/MediaPlayerService(701): Client(3) destructor pid = 663
07-26 14:52:36.467: V/AudioSink(701): close
07-26 14:52:36.467: V/MediaPlayerService(701): disconnect(3) from pid 663
07-26 14:52:36.468: V/AudioFlinger(662): releasing 25 from 663 for -1
07-26 14:52:36.468: V/AudioFlinger(662):  decremented refcount to 0
07-26 14:52:36.468: V/AudioFlinger(662): purging stale effects
07-26 14:52:36.468: V/CameraService(663): Client::disconnect
07-26 14:52:36.468: V/CameraService(663): ~BasicClient
07-26 14:52:36.469: W/CameraParams(663): getSupportedPreviewFormats: No supported preview formats.
07-26 14:52:36.469: W/XTCC-5.1.0.23-b(1007): [CS-RIL-LISTENER] timerCallback fired for ril update registering, re-register
07-26 14:52:36.475: I/CameraService(663): getCameraCharacteristics: Switching to HAL1 shim implementation...
07-26 14:52:36.475: V/CameraService(663): getLegacyParametersLazy: for cameraId: 1
07-26 14:52:36.476: I/CameraService(663): CameraService::connect call (PID -1 "cameraserver", camera ID 1) for HAL version default and Camera API version 1
07-26 14:52:36.476: E/CameraService(663): getCameraPriorityFromProcState: Received invalid process state -1 from ActivityManagerService!
07-26 14:52:36.482: V/AudioFlinger(662): acquiring 33 from 663, for -1
07-26 14:52:36.482: V/AudioFlinger(662):  added new entry for 33
07-26 14:52:36.483: V/MediaPlayerService(701): Client(4) constructor
07-26 14:52:36.483: V/MediaPlayerService(701): Create new client(4) from pid 663, uid 1047, 
07-26 14:52:36.486: V/MediaPlayerService(701): setDataSource(/system/media/audio/ui/camera_click.ogg)
07-26 14:52:36.486: V/MediaPlayerService(701): player type = 4
07-26 14:52:36.486: V/MediaPlayerFactory(701):  create NuPlayer
07-26 14:52:36.486: V/NuPlayerDriver(701): NuPlayerDriver(0xf4c20a80)
07-26 14:52:36.490: I/chatty(1911): uid=10040(com.android.systemui) expire 26 lines
07-26 14:52:36.490: I/System.out(1897): sxx++++INIFile+++++pstrPathAndName++++++checkFile(pstrPathAndName)++default_theme/720/phone/layout/cands.ini,false
07-26 14:52:36.495: V/AudioSink(701): AudioOutput(33)
07-26 14:52:36.495: V/NuPlayerDriver(701): setDataSource(0xf4c20a80) url(<no-scheme URI suppressed>)
07-26 14:52:36.495: V/NuPlayer(701): kWhatSetAudioSink
07-26 14:52:36.495: V/NuPlayer(701): kWhatSetDataSource
07-26 14:52:36.496: V/MediaPlayerService(701):  setDataSource
07-26 14:52:36.497: V/MediaPlayerService(701): [4] setAudioStreamType(7)
07-26 14:52:36.501: V/MediaPlayerService(701): [4] prepareAsync
07-26 14:52:36.501: V/NuPlayerDriver(701): prepareAsync(0xf4c20a80)
07-26 14:52:36.502: V/FileSource(701): /system/media/audio/ui/camera_click.ogg
07-26 14:52:36.502: V/MediaExtractor(701): MediaExtractor::Create (null) flags 2
07-26 14:52:36.503: I/OmaDrmEngine(664): OmaDrmEngine::onInitialize
07-26 14:52:36.503: I/OmaDrmEngine(664): OmaDrmEngine::onInitialize -- OmaDrmGlue_InitializeKeyEncryption succeeded
07-26 14:52:36.503: I/OmaDrmEngine(664): OmaDrmEngine::onSetOnInfoListener
07-26 14:52:36.503: V/OmaDrmEngine(664): Found infoListenerClient
07-26 14:52:36.504: I/OmaDrmEngine(664): OmaDrmEngine::onOpenDecryptSession! fd = 7
07-26 14:52:36.504: D/OmaDrmFile(664): Coming into OmaDrmDcfFile_ParserDcf, fd =  9
07-26 14:52:36.505: E/OmaDrmFile(664): Invalid drm version
07-26 14:52:36.505: V/OmaDrmFile(664): DCF releases
07-26 14:52:36.505: I/OmaDrmEngine(664): OmaDrmEngine::onOpenDecryptSession Exit. result = -2006
07-26 14:52:36.510: I/OmaDrmEngine(664): OmaDrmEngine::onTerminate
07-26 14:52:36.511: V/MediaExtractor(701): get service manager
07-26 14:52:36.512: D/getKeyPool(1897): SogouIME.mSogouIME.mSkinType=0
07-26 14:52:36.512: I/System.out(1897): sxx++++INIFile+++++pstrPathAndName++++++checkFile(pstrPathAndName)++default_theme/720/phone/layout/template.ini,false
07-26 14:52:36.513: V/MediaExtractorService(698): @@@ MediaExtractorService::makeExtractor for (null) extFlags 2
07-26 14:52:36.514: V/MediaExtractor(698): MediaExtractor::CreateFromService (null) flags 2
07-26 14:52:36.515: V/MediaExtractor(701): readAt(0, 2048)
07-26 14:52:36.520: V/MPEG4Extractor(698): saw chunk type , size 1332176723 @ 0
07-26 14:52:36.521: V/MP3Extractor(698): found possible 1st frame at 99 (header = 0xffff5303)
07-26 14:52:36.521: V/MP3Extractor(698): subsequent header is 278e72a0
07-26 14:52:36.521: V/MP3Extractor(698): no dice, no valid sequence of frames found.
07-26 14:52:36.521: V/MediaExtractor(701): readAt(2048, 2048)
07-26 14:52:36.522: V/MediaExtractor(701): readAt(4096, 2048)
07-26 14:52:36.522: V/MediaExtractor(701): readAt(6144, 2048)
07-26 14:52:36.523: V/MediaExtractor(701): readAt(8192, 2048)
07-26 14:52:36.524: V/MediaExtractor(701): readAt(10240, 2048)
07-26 14:52:36.524: V/MediaExtractor(701): readAt(12288, 2048)
07-26 14:52:36.524: V/MP3Extractor(698): found possible 1st frame at 12560 (header = 0xffff577e)
07-26 14:52:36.524: V/MP3Extractor(698): subsequent header is 00000000
07-26 14:52:36.525: V/MP3Extractor(698): no dice, no valid sequence of frames found.
07-26 14:52:36.525: V/MediaExtractor(701): readAt(14336, 2048)
07-26 14:52:36.526: V/MediaExtractor(701): readAt(16384, 2048)
07-26 14:52:36.526: V/MP3Extractor(698): found possible 1st frame at 16808 (header = 0xffff6186)
07-26 14:52:36.526: V/MP3Extractor(698): subsequent header is aa1205ab
07-26 14:52:36.526: V/MP3Extractor(698): no dice, no valid sequence of frames found.
07-26 14:52:36.526: V/MediaExtractor(701): readAt(18432, 2048)
07-26 14:52:36.527: V/MediaExtractor(701): readAt(20480, 2048)
07-26 14:52:36.528: V/MP3Extractor(698): found possible 1st frame at 20966 (header = 0xffff78ff)
07-26 14:52:36.528: V/MP3Extractor(698): subsequent header is 42581806
07-26 14:52:36.528: V/MP3Extractor(698): no dice, no valid sequence of frames found.
07-26 14:52:36.528: V/MP3Extractor(698): found possible 1st frame at 20970 (header = 0xffffd9ff)
07-26 14:52:36.528: V/MP3Extractor(698): subsequent header is 9c58ad36
07-26 14:52:36.528: V/MP3Extractor(698): no dice, no valid sequence of frames found.
07-26 14:52:36.528: V/MP3Extractor(698): found possible 1st frame at 20974 (header = 0xffff97ff)
07-26 14:52:36.528: V/MP3Extractor(698): subsequent header is 2c444021
07-26 14:52:36.528: V/MP3Extractor(698): no dice, no valid sequence of frames found.
07-26 14:52:36.529: V/MediaExtractor(701): readAt(22528, 2048)
07-26 14:52:36.529: V/MediaExtractor(701): readAt(24576, 2048)
07-26 14:52:36.530: V/MP3Extractor(698): found possible 1st frame at 25459 (header = 0xffff60ff)
07-26 14:52:36.530: V/MP3Extractor(698): subsequent header is d721ba95
07-26 14:52:36.530: V/MP3Extractor(698): no dice, no valid sequence of frames found.
07-26 14:52:36.530: V/MP3Extractor(698): found possible 1st frame at 25463 (header = 0xffff63ff)
07-26 14:52:36.530: V/MP3Extractor(698): subsequent header is 73bacc6c
07-26 14:52:36.530: V/MP3Extractor(698): no dice, no valid sequence of frames found.
07-26 14:52:36.530: V/MP3Extractor(698): found possible 1st frame at 25467 (header = 0xffff70ff)
07-26 14:52:36.530: V/MP3Extractor(698): subsequent header is 34b0829a
07-26 14:52:36.530: V/MP3Extractor(698): no dice, no valid sequence of frames found.
07-26 14:52:36.530: V/MP3Extractor(698): found possible 1st frame at 25471 (header = 0xffff53fe)
07-26 14:52:36.530: V/MP3Extractor(698): subsequent header is 6cd7ed74
07-26 14:52:36.530: V/MP3Extractor(698): no dice, no valid sequence of frames found.
07-26 14:52:36.530: V/MediaExtractor(701): readAt(26624, 2048)
07-26 14:52:36.532: V/MediaExtractor(701): readAt(28672, 2048)
07-26 14:52:36.532: V/MediaExtractor(701): readAt(28924, 1796)
07-26 14:52:36.537: V/MediaExtractor(701): readAt(0, 2048)
07-26 14:52:36.537: V/MidiExtractor(698): SniffMidi: no
07-26 14:52:36.538: I/OmaDrmEngine(664): OmaDrmEngine::onInitialize
07-26 14:52:36.538: I/OmaDrmEngine(664): OmaDrmEngine::onInitialize -- OmaDrmGlue_InitializeKeyEncryption succeeded
07-26 14:52:36.538: I/OmaDrmEngine(664): OmaDrmEngine::onSetOnInfoListener
07-26 14:52:36.538: V/OmaDrmEngine(664): Found infoListenerClient
07-26 14:52:36.539: I/OmaDrmEngine(664): OmaDrmEngine::onOpenDecryptSession! fd = 7
07-26 14:52:36.540: D/OmaDrmFile(664): Coming into OmaDrmDcfFile_ParserDcf, fd =  9
07-26 14:52:36.540: E/OmaDrmFile(664): Invalid drm version
07-26 14:52:36.540: V/OmaDrmFile(664): DCF releases
07-26 14:52:36.540: I/OmaDrmEngine(664): OmaDrmEngine::onOpenDecryptSession Exit. result = -2006
07-26 14:52:36.541: I/OmaDrmEngine(664): OmaDrmEngine::onTerminate
07-26 14:52:36.546: I/OmaDrmEngine(664): OmaDrmEngine::onInitialize
07-26 14:52:36.546: I/OmaDrmEngine(664): OmaDrmEngine::onInitialize -- OmaDrmGlue_InitializeKeyEncryption succeeded
07-26 14:52:36.546: I/OmaDrmEngine(664): OmaDrmEngine::onSetOnInfoListener
07-26 14:52:36.546: V/OmaDrmEngine(664): Found infoListenerClient
07-26 14:52:36.547: I/OmaDrmEngine(664): OmaDrmEngine::onOpenDecryptSession! fd = 7
07-26 14:52:36.547: D/OmaDrmFile(664): Coming into OmaDrmDcfFile_ParserDcf, fd =  9
07-26 14:52:36.547: E/OmaDrmFile(664): Invalid drm version
07-26 14:52:36.547: V/OmaDrmFile(664): DCF releases
07-26 14:52:36.547: I/OmaDrmEngine(664): OmaDrmEngine::onOpenDecryptSession Exit. result = -2006
07-26 14:52:36.553: I/OmaDrmEngine(664): OmaDrmEngine::onTerminate
07-26 14:52:36.554: V/MediaExtractor(698): Autodetected media content as 'application/ogg' with confidence 0.80
07-26 14:52:36.554: I/ExtendedExtractor(698): QTIParser is prefered .. flags 2
07-26 14:52:36.554: V/MediaExtractor(701): readAt(0, 2048)
07-26 14:52:36.555: I/MediaExtractor(698): extractor created in uid: 1040 (mediaex)
07-26 14:52:36.555: D/MMParserExtractor(698): setExtraFlags called with flags 2 for paser instance e72a3b40
07-26 14:52:36.555: D/MMParserExtractor(698): using bigger parser buffers
07-26 14:52:36.555: I/ExtendedExtractor(698): ExtendedExtractor::create 0xe72a3b40
07-26 14:52:36.555: V/MediaExtractorService(698): extractor service created 0xe72a3b40 (<unspecified>)
07-26 14:52:36.557: V/BpMediaExtractor(701): getDrmFlag
