07-26 14:52:31.825: A/DEBUG(1885):     #11 pc 000000000000a128  /system/bin/fingerprintd
07-26 14:52:31.825: A/DEBUG(1885):     #12 pc 000000000001a798  /system/lib64/libc.so (__libc_init+88)
07-26 14:52:31.825: A/DEBUG(1885):     #13 pc 00000000000071c8  /system/bin/fingerprintd
07-26 14:52:31.927: V/FingerprintService(1453): fingerprintd died
07-26 14:52:31.927: V/FingerprintService(1453): handleError(client=null, error = 1)
07-26 14:52:31.928: E/FingerprintService(1453): Failed to open fingeprintd HAL
07-26 14:52:31.928: E/FingerprintService(1453): android.os.DeadObjectException
07-26 14:52:31.928: E/FingerprintService(1453): 	at android.os.BinderProxy.transactNative(Native Method)
07-26 14:52:31.928: E/FingerprintService(1453): 	at android.os.BinderProxy.transact(Binder.java:615)
07-26 14:52:31.928: E/FingerprintService(1453): 	at android.hardware.fingerprint.IFingerprintDaemon$Stub$Proxy.openHal(IFingerprintDaemon.java:350)
07-26 14:52:31.928: E/FingerprintService(1453): 	at com.android.server.fingerprint.FingerprintService.getFingerprintDaemon(FingerprintService.java:210)
07-26 14:52:31.928: E/FingerprintService(1453): 	at com.android.server.fingerprint.FingerprintService.onStart(FingerprintService.java:1008)
07-26 14:52:31.928: E/FingerprintService(1453): 	at com.android.server.SystemServiceManager.startService(SystemServiceManager.java:112)
07-26 14:52:31.928: E/FingerprintService(1453): 	at com.android.server.SystemServer.startOtherServices(SystemServer.java:1210)
07-26 14:52:31.928: E/FingerprintService(1453): 	at com.android.server.SystemServer.run(SystemServer.java:344)
07-26 14:52:31.928: E/FingerprintService(1453): 	at com.android.server.SystemServer.main(SystemServer.java:229)
07-26 14:52:31.928: E/FingerprintService(1453): 	at java.lang.reflect.Method.invoke(Native Method)
07-26 14:52:31.928: E/FingerprintService(1453): 	at com.android.internal.os.ZygoteInit$MethodAndArgsCaller.run(ZygoteInit.java:892)
07-26 14:52:31.928: E/FingerprintService(1453): 	at com.android.internal.os.ZygoteInit.main(ZygoteInit.java:782)
07-26 14:52:31.928: V/FingerprintService(1453): Fingerprint HAL id: 0
07-26 14:52:31.928: I/SystemServer(1453): StartBackgroundDexOptService
07-26 14:52:31.931: I/SystemServiceManager(1453): Starting com.android.server.pm.ShortcutService$Lifecycle
07-26 14:52:31.936: I/SystemServiceManager(1453): Starting com.android.server.pm.LauncherAppsService
07-26 14:52:31.940: I/SystemServiceManager(1453): Starting com.android.server.media.projection.MediaProjectionManagerService
07-26 14:52:31.953: I/SystemServiceManager(1453): Starting com.android.server.MmsServiceBroker
07-26 14:52:31.956: I/SystemServiceManager(1453): Starting com.android.server.ZsPowerMonitorService
07-26 14:52:31.957: I/ServiceThread(1453): Enabled StrictMode logging for ZsPowerMonitor looper.
07-26 14:52:31.996: E/LockSettingsStorage(1453): Cannot read file java.io.FileNotFoundException: /data/system/users/12/gatekeeper.profile.key: open failed: ENOENT (No such file or directory)
07-26 14:52:32.003: E/LockSettingsStorage(1453): Cannot read file java.io.FileNotFoundException: /data/system/gatekeeper.password.key: open failed: ENOENT (No such file or directory)
07-26 14:52:32.003: E/LockSettingsStorage(1453): Cannot read file java.io.FileNotFoundException: /data/system/password.key: open failed: ENOENT (No such file or directory)
07-26 14:52:32.004: E/LockSettingsStorage(1453): Cannot read file java.io.FileNotFoundException: /data/system/gatekeeper.pattern.key: open failed: ENOENT (No such file or directory)
07-26 14:52:32.005: E/LockSettingsStorage(1453): Cannot read file java.io.FileNotFoundException: /data/system/gatekeeper.gesture.key: open failed: ENOENT (No such file or directory)
07-26 14:52:32.006: E/LockSettingsStorage(1453): Cannot read file java.io.FileNotFoundException: /data/system/gesture.key: open failed: ENOENT (No such file or directory)
07-26 14:52:32.006: I/SystemServiceManager(1453): Starting phase 480
07-26 14:52:32.019: I/DevicePolicyManagerService(1453): Set ro.device_owner property to false
07-26 14:52:32.024: I/SystemServiceManager(1453): Starting phase 500
07-26 14:52:32.041: I/WifiService(1453): WifiService starting up with Wi-Fi enabled
07-26 14:52:32.043: D/WifiService(1453): setWifiEnabled: true pid=1453, uid=1000
07-26 14:52:32.051: D/ZenLog(1453): config: cleanUpZenRules,ZenModeConfig[user=0,allowCalls=true,allowRepeatCallers=false,allowMessages=false,allowCallsFrom=contacts,allowMessagesFrom=contacts,allowReminders=true,allowEvents=true,allowWhenScreenOff=true,allowWhenScreenOn=true,automaticRules={2f630ff9e1354d29902f833418a3a26a=ZenRule[enabled=false,snoozing=false,name=»î¶¯,zenMode=ZEN_MODE_ALARMS,conditionId=condition://android/event?userId=-10000&calendar=&reply=1,condition=Condition[id=condition://android/event?userId=-10000&calendar=&reply=1,summary=...,line1=...,line2=...,icon=0,state=STATE_FALSE,flags=2],component=ComponentInfo{android/com.android.server.notification.EventConditionProvider},id=2f630ff9e1354d29902f833418a3a26a,creationTime=10354667064,enabler=null], d88c5a96a7a4477eabd4fd5de251ec53=ZenRule[enabled=false,snoozing=false,name=ÖÜÒ»ÖÁÖÜÎåÒ¹¼ä,zenMode=ZEN_MODE_ALARMS,conditionId=condition://android/schedule?days=1.2.3.4.5&start=22.0&end=7.0&exitAtAlarm=false,condition=Condition[id=condition://android/schedule?days=1.2.3.4.5&start=22.0&end=7.0&exitAtAlarm=false,summary=...,line1=...,line2=...,icon=0,state=STATE_FALSE,flags=2],component=ComponentInfo{android/com.android.server.notification.ScheduleConditionProvider},id=d88c5a96a7a4477eabd4fd5de251ec53,creationTime=10354667063,enabler=null], b54212481f08411a93f72f83c8db0686=ZenRule[enabled=false,snoozing=false,name=ÖÜÄ©,zenMode=ZEN_MODE_ALARMS,conditionId=condition://android/schedule?days=6.7&start=23.30&end=10.0&exitAtAlarm=false,condition=Condition[id=condition://android/schedule?days=6.7&start=23.30&end=10.0&exitAtAlarm=false,summary=...,line1=...,line2=...,icon=0,state=STATE_FALSE,flags=2],component=ComponentInfo{android/com.android.server.notification.ScheduleConditionProvider},id=b54212481f08411a93f72f83c8db0686,creationTime=10354667063,enabler=null]},manualRule=null],Diff[]
07-26 14:52:32.051: D/ZenLog(1453): set_zen_mode: off,onSystemReady
07-26 14:52:32.107: W/KeyguardServiceDelegate(1453): onScreenTurningOn(): no keyguard service!
07-26 14:52:32.217: I/ActivityManager(1453): System now ready
07-26 14:52:32.222: I/SystemServer(1453): Making services ready
07-26 14:52:32.223: I/SystemServiceManager(1453): Starting phase 550
07-26 14:52:32.223: D/BatteryService(1453): Processing new values: chargerAcOnline=false, chargerUsbOnline=true, chargerWirelessOnline=false, maxChargingCurrent0, maxChargingVoltage0, chargeCounter0, batteryStatus=2, batteryHealth=2, batteryPresent=true, batteryLevel=84, batteryTechnology=Li-ion, batteryVoltage=4096, batteryTemperature=307, mBatteryLevelCritical=false, mPlugType=2
07-26 14:52:32.224: D/BatteryService(1453): Sending ACTION_BATTERY_CHANGED.  level:84, scale:100, status:2, health:2, present:true, voltage: 4096, temperature: 307, technology: Li-ion, AC powered:false, USB powered:true, Wireless powered:false, icon:17303270, invalid charger:0, maxChargingCurrent:0, maxChargingVoltage:0, chargeCounter:0
07-26 14:52:32.279: E/InputMethodManagerService(1453): Ignoring updateSystemUiLocked due to an invalid token. uid:1000 token:null
07-26 14:52:32.432: W/ActivityManager(1453): Slow operation: 99ms so far, now at startProcess: returned from zygote!
07-26 14:52:32.432: W/ActivityManager(1453): Slow operation: 99ms so far, now at startProcess: done updating battery stats
07-26 14:52:32.432: W/ActivityManager(1453): Slow operation: 100ms so far, now at startProcess: building log message
07-26 14:52:32.432: I/ActivityManager(1453): Start proc 1897:com.sohu.inputmethod.sogou.coolpad/u0a97 for service com.sohu.inputmethod.sogou.coolpad/.SogouIME
07-26 14:52:32.432: W/ActivityManager(1453): Slow operation: 100ms so far, now at startProcess: starting to update pids map
07-26 14:52:32.433: W/ActivityManager(1453): Slow operation: 100ms so far, now at startProcess: done updating pids map
07-26 14:52:32.433: W/ActivityManager(1453): Slow operation: 100ms so far, now at startProcess: done starting proc!
07-26 14:52:32.433: V/InputMethodManagerService(1453): Adding window token: android.os.Binder@27680c7
07-26 14:52:32.434: D/MountService(1453): Thinking about init, mSystemReady=true, mDaemonConnected=true
07-26 14:52:32.434: D/MountService(1453): Setting up emulation state, initlocked=false
07-26 14:52:32.434: D/CryptdConnector(1453): SND -> {2 cryptfs unlock_user_key 0 0 ! !}
07-26 14:52:32.434: E/LockSettingsStorage(1453): Cannot read file java.io.FileNotFoundException: /data/system/users/12/gatekeeper.password.key: open failed: ENOENT (No such file or directory)
07-26 14:52:32.435: D/vold(361): e4crypt_unlock_user_key 0 serial=0 token_present=0
07-26 14:52:32.435: E/LockSettingsStorage(1453): Cannot read file java.io.FileNotFoundException: /data/system/users/12/password.key: open failed: ENOENT (No such file or directory)
07-26 14:52:32.436: D/CryptdConnector(1453): RCV <- {200 2 Command succeeded}
07-26 14:52:32.436: E/LockSettingsStorage(1453): Cannot read file java.io.FileNotFoundException: /data/system/users/12/gatekeeper.pattern.key: open failed: ENOENT (No such file or directory)
07-26 14:52:32.437: D/CryptdConnector(1453): SND -> {3 cryptfs unlock_user_key 12 12 ! !}
07-26 14:52:32.437: E/LockSettingsStorage(1453): Cannot read file java.io.FileNotFoundException: /data/system/users/12/gatekeeper.gesture.key: open failed: ENOENT (No such file or directory)
07-26 14:52:32.438: D/vold(361): e4crypt_unlock_user_key 12 serial=12 token_present=0
07-26 14:52:32.438: E/LockSettingsStorage(1453): Cannot read file java.io.FileNotFoundException: /data/system/users/12/gesture.key: open failed: ENOENT (No such file or directory)
07-26 14:52:32.439: D/CryptdConnector(1453): RCV <- {200 3 Command succeeded}
07-26 14:52:32.440: E/WallpaperManagerService(1453): Invalid wallpaper data
07-26 14:52:32.440: E/WallpaperManagerService(1453): Unable to apply new wallpaper
07-26 14:52:32.442: D/MountService(1453): Thinking about reset, mSystemReady=true, mDaemonConnected=true
07-26 14:52:32.442: D/VoldConnector(1453): SND -> {3 volume reset}
07-26 14:52:32.443: I/ActivityManager(1453): Force stopping com.android.providers.media appid=10009 user=-1: vold reset
07-26 14:52:32.443: D/VoldConnector(1453): RCV <- {651 emulated 7}
07-26 14:52:32.444: D/VoldConnector(1453): RCV <- {659 emulated}
07-26 14:52:32.444: D/VoldConnector(1453): RCV <- {650 emulated 2 "" ""}
07-26 14:52:32.445: D/VoldConnector(1453): RCV <- {651 emulated 0}
07-26 14:52:32.445: D/VoldConnector(1453): RCV <- {200 3 Command succeeded}
07-26 14:52:32.446: V/MountService(1453): Found primary storage at VolumeInfo{emulated}:
07-26 14:52:32.446: V/MountService(1453):     type=EMULATED diskId=null partGuid=null mountFlags=0 mountUserId=-1 
07-26 14:52:32.446: V/MountService(1453):     state=UNMOUNTED 
07-26 14:52:32.446: V/MountService(1453):     fsType=null fsUuid=null fsLabel=null 
07-26 14:52:32.446: V/MountService(1453):     path=null internalPath=null 
07-26 14:52:32.447: D/VoldConnector(1453): SND -> {4 volume user_added 0 0}
07-26 14:52:32.448: D/VoldConnector(1453): RCV <- {200 4 Command succeeded}
07-26 14:52:32.449: D/VoldConnector(1453): SND -> {5 volume user_added 12 12}
07-26 14:52:32.450: D/VoldConnector(1453): RCV <- {200 5 Command succeeded}
07-26 14:52:32.474: I/ActivityManager(1453): Start proc 1911:com.android.systemui/u0a40 for service com.android.systemui/.ImageWallpaper
07-26 14:52:32.482: D/VoldConnector(1453): SND -> {6 volume mount emulated 3 -1}
07-26 14:52:32.488: D/VoldConnector(1453): RCV <- {651 emulated 1}
07-26 14:52:32.489: D/VoldConnector(1453): RCV <- {656 emulated /data/media}
07-26 14:52:32.490: D/VoldConnector(1453): RCV <- {655 emulated /storage/emulated}
07-26 14:52:32.490: I/SystemServer(1453): WebViewFactory preparation
07-26 14:52:32.494: V/vold(361): Waiting for FUSE to spin up...
07-26 14:52:32.538: I/ActivityManager(1453): Start proc 1930:com.android.settings/1000 for broadcast com.android.settings/.UsbShareReceiver
07-26 14:52:32.544: V/vold(361): Waiting for FUSE to spin up...
07-26 14:52:32.574: I/ActivityManager(1453): Start proc 1945:WebViewLoader-armeabi-v7a/1037 [android.webkit.WebViewFactory$RelroFileCreator] for 
07-26 14:52:32.595: D/VoldConnector(1453): RCV <- {651 emulated 2}
07-26 14:52:32.596: D/VoldConnector(1453): RCV <- {200 6 Command succeeded}
07-26 14:52:32.604: I/ActivityManager(1453): Start proc 1959:WebViewLoader-arm64-v8a/1037 [android.webkit.WebViewFactory$RelroFileCreator] for 
07-26 14:52:32.612: D/NetworkManagement(1453): enabling bandwidth control
07-26 14:52:33.107: W/WindowManager(1453): Keyguard drawn timeout. Setting mKeyguardDrawComplete
07-26 14:52:33.355: D/NetworkPolicy(1453): setRestrictBackgroundUL(): false
07-26 14:52:33.835: I/SystemServiceManager(1453): Starting phase 600
07-26 14:52:33.853: D/GestureLauncherService(1453): Gesture launcher mEmergencyNumber = 112 hits = 3
07-26 14:52:33.854: D/SensorNotificationService(1453): Cannot obtain dynamic meta sensor, not supported.
07-26 14:52:33.865: I/StatusBarManagerService(1453): registerStatusBar bar=com.android.internal.statusbar.IStatusBar$Stub$Proxy@c626acc
07-26 14:52:33.901: W/LocationProviderProxy-network(1453): Odd, no component found for service com.android.location.service.v3.NetworkLocationProvider
07-26 14:52:33.903: W/LocationProviderProxy-fused(1453): Odd, no component found for service com.android.location.service.FusedLocationProvider
07-26 14:52:33.904: W/GeocoderProxy(1453): Odd, no component found for service com.android.location.service.GeocodeProvider
07-26 14:52:33.950: D/LocationManagerService(1453): Unable to bind FusedProxy.
07-26 14:52:33.953: D/LocationManagerService(1453): Unable to bind FLP Geofence proxy.
07-26 14:52:33.968: D/LocationManagerService(1453): Unable to bind ActivityRecognitionProxy.
07-26 14:52:33.983: I/MmsServiceBroker(1453): Delay connecting to MmsService until an API is called
07-26 14:52:33.989: W/VoiceInteractionManagerService(1453): no available voice recognition services found for user 0
07-26 14:52:34.030: I/ActivityManager(1453): Start proc 2154:.dataservices/1000 for added application .dataservices
07-26 14:52:34.080: I/ActivityManager(1453): Start proc 2167:com.android.phone/1001 for added application com.android.phone
07-26 14:52:34.081: W/ActivityManager(1453): startActivityLocked111 freeMem =12373
07-26 14:52:34.081: I/ActivityManager(1453): START u0 {act=android.intent.action.MAIN cat=[android.intent.category.HOME] flg=0x10000100 cmp=com.android.settings/.FallbackHome} from uid 0 on display 0
07-26 14:52:34.117: I/ActivityManager(1453): Loaded persisted task ids for user 0
07-26 14:52:34.142: W/ActivityManager(1453): Skipping broadcast of Intent { act=android.intent.action.USER_FOREGROUND flg=0x50000010 (has extras) }: user 12 is stopped
07-26 14:52:34.151: I/SystemServer(1453): Enabled StrictMode for system server main thread.
07-26 14:52:34.153: W/LocationProviderProxy-network(1453): Odd, no component found for service com.android.location.service.v3.NetworkLocationProvider
07-26 14:52:34.153: W/LocationProviderProxy-fused(1453): Odd, no component found for service com.android.location.service.FusedLocationProvider
07-26 14:52:34.154: W/GeocoderProxy(1453): Odd, no component found for service com.android.location.service.GeocodeProvider
07-26 14:52:34.165: D/ConditionProviders.SCP(1453): onConnected
07-26 14:52:34.166: D/ZenLog(1453): set_zen_mode: off,readXml
07-26 14:52:34.179: D/ConditionProviders(1453): Subscribing to condition://android/event?userId=-10000&calendar=&reply=1 with ComponentInfo{android/com.android.server.notification.EventConditionProvider}
07-26 14:52:34.179: D/ZenLog(1453): subscribe: condition://android/event?userId=-10000&calendar=&reply=1,ok
07-26 14:52:34.180: D/ConditionProviders(1453): Subscribing to condition://android/schedule?days=1.2.3.4.5&start=22.0&end=7.0&exitAtAlarm=false with ComponentInfo{android/com.android.server.notification.ScheduleConditionProvider}
07-26 14:52:34.180: D/ZenLog(1453): subscribe: condition://android/schedule?days=1.2.3.4.5&start=22.0&end=7.0&exitAtAlarm=false,ok
07-26 14:52:34.180: D/ConditionProviders(1453): Subscribing to condition://android/schedule?days=6.7&start=23.30&end=10.0&exitAtAlarm=false with ComponentInfo{android/com.android.server.notification.ScheduleConditionProvider}
07-26 14:52:34.180: D/ZenLog(1453): subscribe: condition://android/schedule?days=6.7&start=23.30&end=10.0&exitAtAlarm=false,ok
07-26 14:52:34.236: D/ZenLog(1453): set_zen_mode: off,cleanUpZenRules
07-26 14:52:34.361: D/Telecom(1453): TelecomService: onBind
07-26 14:52:34.367: V/Telecom(1453): Logging: START_SESSION: TS.init@AAA
07-26 14:52:34.458: I/Telecom(1453): SystemStateProvider: Registering car mode receiver: android.content.IntentFilter@cb2413b: TS.init@AAA
07-26 14:52:34.477: E/BatteryStatsService(1453): no controller energy info supplied
07-26 14:52:34.492: V/Telecom(1453): BluetoothManager: isBluetoothAvailable()...: TS.init@AAA
07-26 14:52:34.492: V/Telecom(1453): BluetoothManager:   ==> false: TS.init@AAA
07-26 14:52:34.501: I/Telecom(1453): Telecom: Non-call EVENT: AUDIO_ROUTE, Entering state QuiescentEarpieceRoute
07-26 14:52:34.507: V/Telecom(1453): Logging: CREATE_SUBSESSION TS.init@AAA_0: TS.init@AAA
07-26 14:52:34.510: V/Telecom(1453): Logging: CONTINUE_SUBSESSION: TS.init->CAMSM.pM_1@AAA_0
07-26 14:52:34.511: I/Telecom(1453): CallAudioModeStateMachine: Message received: null.: TS.init->CAMSM.pM_1@AAA_0
07-26 14:52:34.515: V/Telecom(1453): Logging: END_SUBSESSION (dur: 5 mS): TS.init->CAMSM.pM_1@AAA_0
07-26 14:52:34.527: V/Telecom(1453): TtyManager: isTtySupported: true: TS.init@AAA
07-26 14:52:34.527: V/Telecom(1453): TtyManager: updateCurrentTtyMode, 0 -> 0: TS.init@AAA
07-26 14:52:34.533: D/Telecom(1453): ProximitySensorManager: onCreate: mProximityWakeLock: : TS.init@AAA
07-26 14:52:34.543: I/Telecom(1453): ViceNotificationImpl: ViceNotificationImpl: TS.init@AAA
07-26 14:52:34.559: E/BatteryStatsService(1453): no controller energy info supplied
07-26 14:52:34.561: D/Telecom(1453): RcsCallHandler: Constructor: TS.init@AAA
07-26 14:52:34.563: D/Telecom(1453): RcsCallHandler: EnrichCallFeature is not Enabled: TS.init@AAA
07-26 14:52:34.564: D/Telecom(1453): MissedCallNotifierImpl: reloadFromDatabase()...: TS.init@AAA
07-26 14:52:34.585: D/Telecom(1453): MissedCallNotifierImpl: reloadFromDatabase()...: TS.init@AAA
07-26 14:52:34.587: D/Telecom(1453): BluetoothPhoneServiceImpl: onCreate: TS.init@AAA
07-26 14:52:34.591: D/Telecom(1453): BluetoothPhoneService: DSDA is enabled, Bind to DSDA service: TS.init@AAA
07-26 14:52:34.593: E/ActivityThread(1453): Failed to find provider info for call_log
07-26 14:52:34.593: I/Telecom(1453): BluetoothPhoneService: Ignoring IBluetoothDsdaService class not found exception : TS.init@AAA
07-26 14:52:34.596: E/ActivityThread(1453): Failed to find provider info for call_log
07-26 14:52:34.601: W/KeyguardServiceDelegate(1453): onScreenTurningOn(): no keyguard service!
07-26 14:52:34.613: V/Telecom(1453): Logging: END_SUBSESSION (dur: 245 mS): TS.init@AAA
07-26 14:52:34.617: V/Telecom(1453): Logging: END_SESSION (dur: 246 ms): TS.init@AAA
07-26 14:52:34.618: I/Telecom(1453): Class: TelecomSystem.INSTANCE being set
07-26 14:52:34.697: V/WiredAccessoryManager(1453): notifyWiredAccessoryChanged: when=0 bits= mask=54
07-26 14:52:34.698: V/WiredAccessoryManager(1453): newName=h2w newState=0 headsetState=0 prev headsetState=0
07-26 14:52:34.698: V/WiredAccessoryManager(1453): init()
07-26 14:52:34.802: D/AccessibilityManagerService(1453): Ignoring non-encryption-aware service ComponentInfo{com.tencent.qqpimsecure/com.meri.service.AccessibilityDispatcher}
07-26 14:52:34.976: D/ConditionProviders.SCP(1453): onSubscribe condition://android/schedule?days=1.2.3.4.5&start=22.0&end=7.0&exitAtAlarm=false
07-26 14:52:34.998: D/ConditionProviders.SCP(1453): setRegistered true
07-26 14:52:35.052: W/ActivityManager(1453): Slow operation: 55ms so far, now at startProcess: returned from zygote!
07-26 14:52:35.052: W/ActivityManager(1453): Slow operation: 55ms so far, now at startProcess: done updating battery stats
07-26 14:52:35.052: W/ActivityManager(1453): Slow operation: 56ms so far, now at startProcess: building log message
07-26 14:52:35.052: I/ActivityManager(1453): Start proc 2280:com.android.cellbroadcastreceiver/u0a10 for broadcast com.android.cellbroadcastreceiver/.CellBroadcastReceiver
07-26 14:52:35.052: W/ActivityManager(1453): Slow operation: 56ms so far, now at startProcess: starting to update pids map
07-26 14:52:35.052: W/ActivityManager(1453): Slow operation: 56ms so far, now at startProcess: done updating pids map
07-26 14:52:35.052: W/ActivityManager(1453): Slow operation: 56ms so far, now at startProcess: done starting proc!
07-26 14:52:35.054: D/ConditionProviders.SCP(1453): notifyCondition condition://android/schedule?days=1.2.3.4.5&start=22.0&end=7.0&exitAtAlarm=false STATE_FALSE reason=!meetsSchedule
07-26 14:52:35.059: D/ConditionProviders.SCP(1453): Scheduling evaluate for Thu Jul 26 22:00:00 GMT+08:00 2018 (1532613600000), in +7h7m25s2ms, now=Thu Jul 26 14:52:34 GMT+08:00 2018 (1532587954998)
07-26 14:52:35.059: D/ConditionProviders.SCP(1453): onSubscribe condition://android/schedule?days=6.7&start=23.30&end=10.0&exitAtAlarm=false
07-26 14:52:35.060: D/ConditionProviders.SCP(1453): notifyCondition condition://android/schedule?days=6.7&start=23.30&end=10.0&exitAtAlarm=false STATE_FALSE reason=!meetsSchedule
07-26 14:52:35.060: D/ConditionProviders.SCP(1453): notifyCondition condition://android/schedule?days=1.2.3.4.5&start=22.0&end=7.0&exitAtAlarm=false STATE_FALSE reason=!meetsSchedule
07-26 14:52:35.062: D/ConditionProviders.SCP(1453): Scheduling evaluate for Thu Jul 26 22:00:00 GMT+08:00 2018 (1532613600000), in +7h7m24s940ms, now=Thu Jul 26 14:52:35 GMT+08:00 2018 (1532587955060)
07-26 14:52:35.064: V/Telecom(1453): Logging: START_SESSION: WHC.oADA@AAE
07-26 14:52:35.065: I/Telecom(1453): WiredHeadsetManager: ACTION_HEADSET_PLUG event, plugged in: false, : WHC.oADA@AAE
07-26 14:52:35.065: V/Telecom(1453): Logging: END_SUBSESSION (dur: 1 mS): WHC.oADA@AAE
07-26 14:52:35.065: V/Telecom(1453): Logging: END_SESSION (dur: 1 ms): WHC.oADA@AAE
07-26 14:52:35.066: E/ActivityThread(1453): Failed to find provider info for com.android.calendar
07-26 14:52:35.067: E/ActivityThread(1453): Failed to find provider info for com.android.calendar
07-26 14:52:35.068: E/ActivityThread(1453): Failed to find provider info for com.android.calendar
07-26 14:52:35.070: E/ActivityThread(1453): Failed to find provider info for com.android.calendar
07-26 14:52:35.080: I/ActivityManager(1453): user 0 is still locked. Cannot load recents
07-26 14:52:35.092: D/Telecom(1453): MissedCallNotifierImpl: onQueryComplete()...
07-26 14:52:35.093: D/Telecom(1453): MissedCallNotifierImpl: onQueryComplete()...
07-26 14:52:35.106: I/SyncManager(1453): Got SyncJobService instance.
07-26 14:52:35.319: I/ActivityManager(1453): Start proc 2304:com.qualcomm.qcrilmsgtunnel/1001 for service com.qualcomm.qcrilmsgtunnel/.QcrilMsgTunnelService
07-26 14:52:35.319: I/ActivityManager(1453): --------- beginning of main
07-26 14:52:35.443: V/BnMediaSource(698): readMultiple status 0, bufferCount 1, sinceStop 2
07-26 14:52:35.444: V/SimpleSoftOMXComponent(683): msgType = 1
07-26 14:52:35.444: V/OMX(683): OnEmptyBufferDone buffer=0xf55a3c30
07-26 14:52:35.444: V/OMX(683): OnFillBufferDone buffer=0xf55a3c80
07-26 14:52:35.444: V/IOMX(683): onMessage writing message 1, size 40
07-26 14:52:35.444: V/IOMX(683): onMessage writing message 2, size 40
07-26 14:52:35.445: V/BnMediaSource(698): readMultiple
07-26 14:52:35.445: V/BnMediaSource(698): readMultiple status 0, bufferCount 1, sinceStop 3
07-26 14:52:35.445: I/chatty(1453): uid=1000(system) Binder:1453_2 expire 27 lines
07-26 14:52:35.446: I/chatty(1453): uid=1000(system) SoundPoolThread expire 224 lines
07-26 14:52:35.446: D/QcrilMsgTunnelIfaceManager(2304): Registered SUB0 for UNSOL OEM HOOK to deliver external apps
07-26 14:52:35.446: V/QcrilMsgTunnelSocket(2304): Starting QcRil Sender & Receiver threads
07-26 14:52:35.447: V/SimpleSoftOMXComponent(683): msgType = 1
07-26 14:52:35.447: V/OMX(683): OnEmptyBufferDone buffer=0xf55a4040
07-26 14:52:35.447: V/OMX(683): OnFillBufferDone buffer=0xf55a3d70
07-26 14:52:35.447: V/IOMX(683): onMessage writing message 1, size 40
07-26 14:52:35.447: V/IOMX(683): onMessage writing message 2, size 40
07-26 14:52:35.449: I/QcrilMsgTunnelSocket(2304): Connected to 'qmux_radio/rild_oem0' socket
07-26 14:52:35.450: I/chatty(1453): uid=1000(system) Binder:1453_4 expire 25 lines
07-26 14:52:35.450: I/QcrilMsgTunnelSocket(2304): Connected to 'qmux_radio/rild_oem1' socket
07-26 14:52:35.453: V/BnMediaSource(698): readMultiple
07-26 14:52:35.453: V/BnMediaSource(698): readMultiple status 0, bufferCount 1, sinceStop 4
07-26 14:52:35.455: D/QcrilMsgTunnelIfaceManager(2304): Registered SUB1 for UNSOL OEM HOOK to deliver external apps
07-26 14:52:35.455: D/QcrilMsgTunnelService(2304): Returning mHookIface for QcrilMsgTunnelService binding.
07-26 14:52:35.456: V/SimpleSoftOMXComponent(683): msgType = 1
07-26 14:52:35.457: V/OMX(683): OnEmptyBufferDone buffer=0xf55a4090
07-26 14:52:35.457: V/OMX(683): OnFillBufferDone buffer=0xf55a3dc0
07-26 14:52:35.457: V/IOMX(683): onMessage writing message 1, size 40
07-26 14:52:35.458: D/QcrilMsgTunnelIfaceManager(2304): handleMessage what = 0
07-26 14:52:35.459: V/IOMX(683): onMessage writing message 2, size 40
07-26 14:52:35.459: V/SimpleSoftOMXComponent(683): msgType = 2
07-26 14:52:35.459: I/chatty(1453): uid=1000(system) Binder:1453_6 expire 18 lines
07-26 14:52:35.460: D/QcrilMsgTunnelIfaceManager(2304): handleMessage what = 0
07-26 14:52:35.461: V/BnMediaSource(698): readMultiple
07-26 14:52:35.462: V/BnMediaSource(698): readMultiple status 0, bufferCount 1, sinceStop 5
07-26 14:52:35.462: D/QcrilMsgTunnelIfaceManager(2304): handleMessage what = 0
07-26 14:52:35.464: D/QcrilMsgTunnelIfaceManager(2304): handleMessage what = 0
07-26 14:52:35.467: V/SimpleSoftOMXComponent(683): msgType = 1
07-26 14:52:35.467: V/OMX(683): OnEmptyBufferDone buffer=0xf55a3be0
07-26 14:52:35.467: V/OMX(683): OnFillBufferDone buffer=0xf55a3b40
07-26 14:52:35.468: V/IOMX(683): onMessage writing message 1, size 40
07-26 14:52:35.468: V/IOMX(683): onMessage writing message 2, size 40
07-26 14:52:35.469: I/chatty(1453): uid=1000(system) Binder:1453_7 expire 26 lines
07-26 14:52:35.469: V/SimpleSoftOMXComponent(683): msgType = 2
07-26 14:52:35.469: V/BnMediaSource(698): readMultiple
07-26 14:52:35.470: V/BnMediaSource(698): readMultiple status 0, bufferCount 1, sinceStop 6
07-26 14:52:35.471: V/SimpleSoftOMXComponent(683): msgType = 1
07-26 14:52:35.471: V/OMX(683): OnEmptyBufferDone buffer=0xf55a3c30
07-26 14:52:35.471: V/OMX(683): OnFillBufferDone buffer=0xf55a3c80
07-26 14:52:35.471: V/IOMX(683): onMessage writing message 1, size 40
07-26 14:52:35.471: V/IOMX(683): onMessage writing message 2, size 40
07-26 14:52:35.472: V/SimpleSoftOMXComponent(683): msgType = 2
07-26 14:52:35.473: V/BnMediaSource(698): readMultiple
07-26 14:52:35.473: V/BnMediaSource(698): readMultiple status 0, bufferCount 1, sinceStop 7
07-26 14:52:35.474: V/SimpleSoftOMXComponent(683): msgType = 1
07-26 14:52:35.474: V/OMX(683): OnEmptyBufferDone buffer=0xf55a4040
07-26 14:52:35.474: V/OMX(683): OnFillBufferDone buffer=0xf55a3d70
07-26 14:52:35.474: V/IOMX(683): onMessage writing message 1, size 40
07-26 14:52:35.474: V/IOMX(683): onMessage writing message 2, size 40
07-26 14:52:35.474: V/SimpleSoftOMXComponent(683): msgType = 2
07-26 14:52:35.475: V/BnMediaSource(698): readMultiple
07-26 14:52:35.475: V/BnMediaSource(698): readMultiple status 0, bufferCount 1, sinceStop 8
07-26 14:52:35.476: V/SimpleSoftOMXComponent(683): msgType = 1
07-26 14:52:35.476: V/OMX(683): OnEmptyBufferDone buffer=0xf55a4090
07-26 14:52:35.476: V/OMX(683): OnFillBufferDone buffer=0xf55a3dc0
07-26 14:52:35.476: V/IOMX(683): onMessage writing message 1, size 40
07-26 14:52:35.477: V/IOMX(683): onMessage writing message 2, size 40
07-26 14:52:35.477: I/chatty(1453): uid=1000(system) Binder:1453_3 expire 12 lines
07-26 14:52:35.478: V/SimpleSoftOMXComponent(683): msgType = 2
07-26 14:52:35.481: V/BnMediaSource(698): readMultiple
07-26 14:52:35.482: V/BnMediaSource(698): readMultiple status 0, bufferCount 1, sinceStop 9
07-26 14:52:35.482: V/SimpleSoftOMXComponent(683): msgType = 1
07-26 14:52:35.483: V/OMX(683): OnEmptyBufferDone buffer=0xf55a3be0
07-26 14:52:35.483: V/OMX(683): OnFillBufferDone buffer=0xf55a3b40
07-26 14:52:35.483: V/IOMX(683): onMessage writing message 1, size 40
07-26 14:52:35.483: V/IOMX(683): onMessage writing message 2, size 40
07-26 14:52:35.484: V/SimpleSoftOMXComponent(683): msgType = 2
07-26 14:52:35.485: V/BnMediaSource(698): readMultiple
07-26 14:52:35.486: V/BnMediaSource(698): readMultiple status 0, bufferCount 1, sinceStop 10
07-26 14:52:35.487: V/SimpleSoftOMXComponent(683): msgType = 1
07-26 14:52:35.487: V/SoftVorbis(683): discarding 889 frames at end of page
07-26 14:52:35.487: V/OMX(683): OnEmptyBufferDone buffer=0xf55a3c30
07-26 14:52:35.487: V/OMX(683): OnFillBufferDone buffer=0xf55a3c80
07-26 14:52:35.487: V/IOMX(683): onMessage writing message 1, size 40
07-26 14:52:35.487: V/IOMX(683): onMessage writing message 2, size 40
07-26 14:52:35.487: V/SimpleSoftOMXComponent(683): msgType = 2
07-26 14:52:35.488: V/BnMediaSource(698): readMultiple
07-26 14:52:35.488: V/BnMediaSource(698): readMultiple status -1011, bufferCount 0, sinceStop 10
07-26 14:52:35.489: V/SimpleSoftOMXComponent(683): msgType = 1
07-26 14:52:35.489: V/SoftVorbis(683): discarding 576 frames at end of page
07-26 14:52:35.489: V/OMX(683): OnEmptyBufferDone buffer=0xf55a4040
07-26 14:52:35.489: V/OMX(683): OnFillBufferDone buffer=0xf55a3d70
07-26 14:52:35.490: V/IOMX(683): onMessage writing message 1, size 40
07-26 14:52:35.490: V/IOMX(683): onMessage writing message 2, size 40
07-26 14:52:35.490: V/SimpleSoftOMXComponent(683): msgType = 2
07-26 14:52:35.490: I/chatty(1453): uid=1000(system) Binder:1453_1 expire 17 lines
07-26 14:52:35.491: V/SimpleSoftOMXComponent(683): msgType = 0
07-26 14:52:35.492: V/SimpleSoftOMXComponent(683): 0xf558d280 requesting change from 3 to 2
07-26 14:52:35.492: V/OMX(683): OnFillBufferDone buffer=0xf55a3b40
07-26 14:52:35.492: V/OMX(683): OnFillBufferDone buffer=0xf55a3dc0
07-26 14:52:35.492: V/OMX(683): OnEvent(0, 0, 2)
07-26 14:52:35.492: V/IOMX(683): onMessage writing message 2, size 40
07-26 14:52:35.492: V/IOMX(683): onMessage writing message 2, size 40
07-26 14:52:35.492: V/IOMX(683): onMessage writing message 0, size 40
07-26 14:52:35.493: V/SimpleSoftOMXComponent(683): msgType = 0
07-26 14:52:35.493: V/SimpleSoftOMXComponent(683): 0xf558d280 requesting change from 2 to 1
07-26 14:52:35.493: V/SimpleSoftOMXComponent(683): state transition from 2 to 1 not yet complete
07-26 14:52:35.493: V/SimpleSoftOMXComponent(683): state transition from 2 to 1 not yet complete
07-26 14:52:35.493: V/SimpleSoftOMXComponent(683): state transition from 2 to 1 not yet complete
07-26 14:52:35.494: V/SimpleSoftOMXComponent(683): state transition from 2 to 1 not yet complete
07-26 14:52:35.494: V/SimpleSoftOMXComponent(683): state transition from 2 to 1 not yet complete
07-26 14:52:35.494: V/SimpleSoftOMXComponent(683): state transition from 2 to 1 not yet complete
07-26 14:52:35.495: V/SimpleSoftOMXComponent(683): state transition from 2 to 1 not yet complete
07-26 14:52:35.495: V/SimpleSoftOMXComponent(683): state transition from 2 to 1 not yet complete
07-26 14:52:35.496: V/SimpleSoftOMXComponent(683): state transition from 2 to 1 complete
07-26 14:52:35.496: V/OMX(683): OnEvent(0, 0, 1)
07-26 14:52:35.496: V/IOMX(683): onMessage writing message 0, size 40
07-26 14:52:35.502: V/OMXNodeInstance(683): [2ab002d:google.vorbis.decoder] calling destroyComponentInstance
07-26 14:52:35.503: V/OMXNodeInstance(683): OMXNodeInstance going away.
07-26 14:52:35.506: V/BnMediaSource(698): stop
07-26 14:52:35.509: I/OmaDrmEngine(664): OmaDrmEngine::onInitialize
07-26 14:52:35.509: I/OmaDrmEngine(664): OmaDrmEngine::onInitialize -- OmaDrmGlue_InitializeKeyEncryption succeeded
07-26 14:52:35.509: I/OmaDrmEngine(664): OmaDrmEngine::onSetOnInfoListener
07-26 14:52:35.509: V/OmaDrmEngine(664): Found infoListenerClient
07-26 14:52:35.511: I/OmaDrmEngine(664): OmaDrmEngine::onOpenDecryptSession! fd = 7
07-26 14:52:35.519: D/OmaDrmFile(664): Coming into OmaDrmDcfFile_ParserDcf, fd =  8
07-26 14:52:35.519: E/OmaDrmFile(664): Invalid drm version
07-26 14:52:35.519: V/OmaDrmFile(664): DCF releases
07-26 14:52:35.519: I/OmaDrmEngine(664): OmaDrmEngine::onOpenDecryptSession Exit. result = -2006
07-26 14:52:35.520: I/OmaDrmEngine(664): OmaDrmEngine::onTerminate
07-26 14:52:35.521: V/MediaExtractorService(698): @@@ MediaExtractorService::makeExtractor for (null) extFlags 0
07-26 14:52:35.522: V/MediaExtractor(698): MediaExtractor::CreateFromService (null) flags 0
07-26 14:52:35.524: V/MPEG4Extractor(698): saw chunk type , size 1332176723 @ 0
07-26 14:52:35.525: V/MP3Extractor(698): found possible 1st frame at 99 (header = 0xffffd503)
07-26 14:52:35.525: V/MP3Extractor(698): subsequent header is 233996e3
07-26 14:52:35.525: V/MP3Extractor(698): no dice, no valid sequence of frames found.
07-26 14:52:35.528: E/QtiRilInterface(2167): instance = com.qualcomm.qti.internal.telephony.QtiRilInterface@a9b4565
07-26 14:52:35.529: V/MidiExtractor(698): SniffMidi: no
07-26 14:52:35.530: I/OmaDrmEngine(664): OmaDrmEngine::onInitialize
07-26 14:52:35.530: I/OmaDrmEngine(664): OmaDrmEngine::onInitialize -- OmaDrmGlue_InitializeKeyEncryption succeeded
07-26 14:52:35.530: I/OmaDrmEngine(664): OmaDrmEngine::onSetOnInfoListener
07-26 14:52:35.530: V/OmaDrmEngine(664): Found infoListenerClient
07-26 14:52:35.533: I/OmaDrmEngine(664): OmaDrmEngine::onOpenDecryptSession! fd = 7
07-26 14:52:35.533: D/OmaDrmFile(664): Coming into OmaDrmDcfFile_ParserDcf, fd =  8
07-26 14:52:35.534: E/OmaDrmFile(664): Invalid drm version
07-26 14:52:35.534: V/OmaDrmFile(664): DCF releases
07-26 14:52:35.534: I/OmaDrmEngine(664): OmaDrmEngine::onOpenDecryptSession Exit. result = -2006
07-26 14:52:35.535: I/OmaDrmEngine(664): OmaDrmEngine::onTerminate
07-26 14:52:35.537: I/QCNEJ(2154): |CORE| set wifi state to 3
07-26 14:52:35.538: I/OmaDrmEngine(664): OmaDrmEngine::onInitialize
07-26 14:52:35.538: I/OmaDrmEngine(664): OmaDrmEngine::onInitialize -- OmaDrmGlue_InitializeKeyEncryption succeeded
07-26 14:52:35.538: I/OmaDrmEngine(664): OmaDrmEngine::onSetOnInfoListener
07-26 14:52:35.538: V/OmaDrmEngine(664): Found infoListenerClient
07-26 14:52:35.539: I/OmaDrmEngine(664): OmaDrmEngine::onOpenDecryptSession! fd = 7
07-26 14:52:35.540: D/OmaDrmFile(664): Coming into OmaDrmDcfFile_ParserDcf, fd =  8
07-26 14:52:35.540: E/OmaDrmFile(664): Invalid drm version
07-26 14:52:35.540: V/OmaDrmFile(664): DCF releases
07-26 14:52:35.540: I/OmaDrmEngine(664): OmaDrmEngine::onOpenDecryptSession Exit. result = -2006
07-26 14:52:35.540: I/OmaDrmEngine(664): OmaDrmEngine::onTerminate
07-26 14:52:35.541: V/MediaExtractor(698): Autodetected media content as 'application/ogg' with confidence 0.80
07-26 14:52:35.541: I/ExtendedExtractor(698): QTIParser is prefered .. flags 0
07-26 14:52:35.542: I/MediaExtractor(698): extractor created in uid: 1040 (mediaex)
07-26 14:52:35.543: D/MMParserExtractor(698): setExtraFlags called with flags 0 for paser instance e72a3af0
07-26 14:52:35.543: I/ExtendedExtractor(698): ExtendedExtractor::create 0xe72a3af0
07-26 14:52:35.543: V/MediaExtractorService(698): extractor service created 0xe72a3af0 (<unspecified>)
07-26 14:52:35.544: V/BnMediaExtractor(698): countTracks
07-26 14:52:35.545: W/QCNEJ(2154): |CORE| Phone id invalid or Service State available
07-26 14:52:35.553: V/BnMediaExtractor(698): countTracks
07-26 14:52:35.554: V/BnMediaExtractor(698): getTrackMetaData
07-26 14:52:35.554: V/BnMediaExtractor(698): countTracks
07-26 14:52:35.555: V/BnMediaExtractor(698): countTracks
07-26 14:52:35.555: V/BnMediaExtractor(698): countTracks
07-26 14:52:35.557: V/BnMediaExtractor(698): getTrackMetaData
07-26 14:52:35.559: I/chatty(1453): uid=1000 system_server expire 107 lines
07-26 14:52:35.560: I/MediaPlayerService(701): MediaPlayerService::getOMX
07-26 14:52:35.566: V/OMXNodeInstance(683): debug level for OMX.google.vorbis.decoder is 0
07-26 14:52:35.567: I/OMXMaster(683): makeComponentInstance(OMX.google.vorbis.decoder) in mediacodec process
07-26 14:52:35.567: V/SoftOMXPlugin(683): makeComponentInstance 'OMX.google.vorbis.decoder'
07-26 14:52:35.572: V/OMX(683): setParameter(44761134 0x1000017 0xf603d000 136)
07-26 14:52:35.572: V/OMX(683): getParameter(44761134 0x2000001 0xf603d000 96)
07-26 14:52:35.573: V/OMX(683): setParameter(44761134 0x2000001 0xf603d000 96)
07-26 14:52:35.573: V/OMX(683): getParameter(44761134 0x2000001 0xf603d000 96)
07-26 14:52:35.574: V/OMX(683): getParameter(44761134 0x2000001 0xf603d000 96)
07-26 14:52:35.574: V/OMX(683): getParameter(44761134 0x2000001 0xf603d000 96)
07-26 14:52:35.575: V/OMX(683): getParameter(44761134 0x400001b 0xf603d000 48)
07-26 14:52:35.576: V/OMX(683): getParameter(44761134 0x2000001 0xf603d000 96)
07-26 14:52:35.576: V/OMX(683): getParameter(44761134 0x2000001 0xf603d000 96)
07-26 14:52:35.577: V/OMX(683): getParameter(44761134 0x4000002 0xf603d000 104)
07-26 14:52:35.578: V/SimpleSoftOMXComponent(683): msgType = 0
07-26 14:52:35.578: V/SimpleSoftOMXComponent(683): 0xf558d100 requesting change from 1 to 2
07-26 14:52:35.578: V/SimpleSoftOMXComponent(683): state transition from 1 to 2 not yet complete
07-26 14:52:35.579: V/OMX(683): getParameter(44761134 0x2000001 0xf603d000 96)
07-26 14:52:35.584: V/SimpleSoftOMXComponent(683): state transition from 1 to 2 not yet complete
07-26 14:52:35.585: V/OMX(683): getParameter(44761134 0x2000001 0xf603d000 96)
07-26 14:52:35.587: V/SimpleSoftOMXComponent(683): state transition from 1 to 2 complete
07-26 14:52:35.588: V/OMX(683): OnEvent(0, 0, 2)
07-26 14:52:35.588: V/IOMX(683): onMessage writing message 0, size 40
07-26 14:52:35.588: I/chatty(1453): uid=1000(system) Binder:1453_5 expire 8 lines
07-26 14:52:35.588: V/BnMediaExtractor(698): countTracks
07-26 14:52:35.589: V/SimpleSoftOMXComponent(683): msgType = 0
07-26 14:52:35.589: V/SimpleSoftOMXComponent(683): 0xf558d100 requesting change from 2 to 3
07-26 14:52:35.589: V/SimpleSoftOMXComponent(683): state transition from 2 to 3 complete
07-26 14:52:35.589: V/OMX(683): OnEvent(0, 0, 3)
07-26 14:52:35.589: V/IOMX(683): onMessage writing message 0, size 40
07-26 14:52:35.589: V/BnMediaExtractor(698): getTrack()
07-26 14:52:35.590: V/SimpleSoftOMXComponent(683): msgType = 2
07-26 14:52:35.590: V/BnMediaSource(698): start
07-26 14:52:35.591: V/SimpleSoftOMXComponent(683): msgType = 2
07-26 14:52:35.592: V/BnMediaSource(698): getFormat
07-26 14:52:35.593: V/SimpleSoftOMXComponent(683): msgType = 2
07-26 14:52:35.594: V/SimpleSoftOMXComponent(683): msgType = 2
07-26 14:52:35.595: V/SimpleSoftOMXComponent(683): msgType = 1
07-26 14:52:35.595: V/OMX(683): OnEmptyBufferDone buffer=0xf55a3b90
07-26 14:52:35.595: V/IOMX(683): onMessage writing message 1, size 40
07-26 14:52:35.596: V/SimpleSoftOMXComponent(683): msgType = 1
07-26 14:52:35.597: V/BnMediaSource(698): readMultiple
07-26 14:52:35.599: V/OMX(683): OnEvent(3, 1, 0)
07-26 14:52:35.599: V/OMX(683): OnEmptyBufferDone buffer=0xf55a3be0
07-26 14:52:35.599: V/IOMX(683): onMessage writing message 0, size 40
07-26 14:52:35.599: V/IOMX(683): onMessage writing message 1, size 40
07-26 14:52:35.600: V/OMX(683): getParameter(44761134 0x2000001 0xf603d000 96)
07-26 14:52:35.601: V/OMX(683): getParameter(44761134 0x2000001 0xf603d000 96)
07-26 14:52:35.601: W/WindowManager(1453): Keyguard drawn timeout. Setting mKeyguardDrawComplete
07-26 14:52:35.602: V/OMX(683): getParameter(44761134 0x4000002 0xf603d000 104)
07-26 14:52:35.603: V/BnMediaSource(698): readMultiple status 0, bufferCount 1, sinceStop 1
07-26 14:52:35.604: V/SimpleSoftOMXComponent(683): msgType = 0
07-26 14:52:35.604: V/OMX(683): OnFillBufferDone buffer=0xf55a3cd0
07-26 14:52:35.604: V/OMX(683): OnFillBufferDone buffer=0xf55a3e10
07-26 14:52:35.604: V/OMX(683): OnFillBufferDone buffer=0xf55a3e60
07-26 14:52:35.604: V/OMX(683): OnFillBufferDone buffer=0xf55a3eb0
07-26 14:52:35.605: V/SimpleSoftOMXComponent(683): msgType = 1
07-26 14:52:35.605: V/IOMX(683): onMessage writing message 2, size 40
07-26 14:52:35.605: V/IOMX(683): onMessage writing message 2, size 40
07-26 14:52:35.605: V/IOMX(683): onMessage writing message 2, size 40
07-26 14:52:35.605: V/IOMX(683): onMessage writing message 2, size 40
07-26 14:52:35.607: V/SimpleSoftOMXComponent(683): Port 1 now disabled.
07-26 14:52:35.607: V/OMX(683): OnEvent(0, 2, 1)
07-26 14:52:35.608: V/IOMX(683): onMessage writing message 0, size 40
07-26 14:52:35.611: V/SimpleSoftOMXComponent(683): msgType = 0
07-26 14:52:35.612: V/OMX(683): getParameter(44761134 0x2000001 0xf603d000 96)
07-26 14:52:35.621: V/SimpleSoftOMXComponent(683): Port 1 now enabled.
07-26 14:52:35.621: V/OMX(683): OnEvent(0, 3, 1)
07-26 14:52:35.621: V/IOMX(683): onMessage writing message 0, size 40
07-26 14:52:35.623: V/BnMediaSource(698): readMultiple
07-26 14:52:35.623: V/BnMediaSource(698): readMultiple status 0, bufferCount 1, sinceStop 2
07-26 14:52:35.623: V/SimpleSoftOMXComponent(683): msgType = 2
07-26 14:52:35.623: V/OMX(683): OnEmptyBufferDone buffer=0xf55a3c30
07-26 14:52:35.623: V/OMX(683): OnFillBufferDone buffer=0xf55a3af0
07-26 14:52:35.623: V/IOMX(683): onMessage writing message 1, size 40
07-26 14:52:35.624: V/IOMX(683): onMessage writing message 2, size 40
07-26 14:52:35.624: V/SimpleSoftOMXComponent(683): msgType = 2
07-26 14:52:35.625: V/SimpleSoftOMXComponent(683): msgType = 2
07-26 14:52:35.626: V/SimpleSoftOMXComponent(683): msgType = 2
07-26 14:52:35.626: V/SimpleSoftOMXComponent(683): msgType = 2
07-26 14:52:35.627: V/SimpleSoftOMXComponent(683): msgType = 1
07-26 14:52:35.627: V/OMX(683): OnEmptyBufferDone buffer=0xf55a3c80
07-26 14:52:35.627: V/OMX(683): OnFillBufferDone buffer=0xf55a3e10
07-26 14:52:35.627: V/IOMX(683): onMessage writing message 1, size 40
07-26 14:52:35.627: V/IOMX(683): onMessage writing message 2, size 40
07-26 14:52:35.628: V/BnMediaSource(698): readMultiple
07-26 14:52:35.628: V/BnMediaSource(698): readMultiple status 0, bufferCount 1, sinceStop 3
07-26 14:52:35.629: V/SimpleSoftOMXComponent(683): msgType = 1
07-26 14:52:35.629: V/OMX(683): OnEmptyBufferDone buffer=0xf55a3b90
07-26 14:52:35.629: V/OMX(683): OnFillBufferDone buffer=0xf55a3e60
07-26 14:52:35.629: V/IOMX(683): onMessage writing message 1, size 40
07-26 14:52:35.629: V/IOMX(683): onMessage writing message 2, size 40
07-26 14:52:35.633: V/BnMediaSource(698): readMultiple
07-26 14:52:35.633: V/BnMediaSource(698): readMultiple status 0, bufferCount 1, sinceStop 4
07-26 14:52:35.634: V/SimpleSoftOMXComponent(683): msgType = 1
07-26 14:52:35.634: V/OMX(683): OnEmptyBufferDone buffer=0xf55a3be0
07-26 14:52:35.634: V/OMX(683): OnFillBufferDone buffer=0xf55a3eb0
07-26 14:52:35.635: V/IOMX(683): onMessage writing message 1, size 40
07-26 14:52:35.636: V/IOMX(683): onMessage writing message 2, size 40
07-26 14:52:35.638: V/SimpleSoftOMXComponent(683): msgType = 2
07-26 14:52:35.640: V/BnMediaSource(698): readMultiple
07-26 14:52:35.640: V/BnMediaSource(698): readMultiple status 0, bufferCount 1, sinceStop 5
07-26 14:52:35.641: V/SimpleSoftOMXComponent(683): msgType = 1
07-26 14:52:35.641: V/OMX(683): OnEmptyBufferDone buffer=0xf55a3c30
07-26 14:52:35.641: V/OMX(683): OnFillBufferDone buffer=0xf55a3af0
07-26 14:52:35.641: V/IOMX(683): onMessage writing message 1, size 40
07-26 14:52:35.641: V/IOMX(683): onMessage writing message 2, size 40
07-26 14:52:35.642: V/SimpleSoftOMXComponent(683): msgType = 2
07-26 14:52:35.643: V/BnMediaSource(698): readMultiple
07-26 14:52:35.643: V/BnMediaSource(698): readMultiple status 0, bufferCount 1, sinceStop 6
07-26 14:52:35.644: V/SimpleSoftOMXComponent(683): msgType = 1
07-26 14:52:35.644: V/OMX(683): OnEmptyBufferDone buffer=0xf55a3c80
07-26 14:52:35.644: V/OMX(683): OnFillBufferDone buffer=0xf55a3e10
07-26 14:52:35.644: V/IOMX(683): onMessage writing message 1, size 40
07-26 14:52:35.644: V/IOMX(683): onMessage writing message 2, size 40
07-26 14:52:35.645: V/SimpleSoftOMXComponent(683): msgType = 2
07-26 14:52:35.645: V/BnMediaSource(698): readMultiple
07-26 14:52:35.645: V/BnMediaSource(698): readMultiple status 0, bufferCount 1, sinceStop 7
07-26 14:52:35.646: V/SimpleSoftOMXComponent(683): msgType = 1
07-26 14:52:35.647: V/OMX(683): OnEmptyBufferDone buffer=0xf55a3b90
07-26 14:52:35.647: V/OMX(683): OnFillBufferDone buffer=0xf55a3e60
07-26 14:52:35.647: V/IOMX(683): onMessage writing message 1, size 40
07-26 14:52:35.647: V/IOMX(683): onMessage writing message 2, size 40
07-26 14:52:35.650: V/SimpleSoftOMXComponent(683): msgType = 2
07-26 14:52:35.651: V/BnMediaSource(698): readMultiple
07-26 14:52:35.651: V/BnMediaSource(698): readMultiple status 0, bufferCount 1, sinceStop 8
07-26 14:52:35.652: V/SimpleSoftOMXComponent(683): msgType = 1
07-26 14:52:35.652: V/OMX(683): OnEmptyBufferDone buffer=0xf55a3be0
07-26 14:52:35.652: V/OMX(683): OnFillBufferDone buffer=0xf55a3eb0
07-26 14:52:35.652: V/IOMX(683): onMessage writing message 1, size 40
07-26 14:52:35.652: V/IOMX(683): onMessage writing message 2, size 40
07-26 14:52:35.653: V/SimpleSoftOMXComponent(683): msgType = 2
07-26 14:52:35.655: V/BnMediaSource(698): readMultiple
07-26 14:52:35.655: V/BnMediaSource(698): readMultiple status 0, bufferCount 1, sinceStop 9
07-26 14:52:35.656: V/SimpleSoftOMXComponent(683): msgType = 1
07-26 14:52:35.657: V/OMX(683): OnEmptyBufferDone buffer=0xf55a3c30
07-26 14:52:35.657: V/OMX(683): OnFillBufferDone buffer=0xf55a3af0
07-26 14:52:35.657: V/IOMX(683): onMessage writing message 1, size 40
07-26 14:52:35.657: V/IOMX(683): onMessage writing message 2, size 40
07-26 14:52:35.657: D/SystemConfig(2167): Removed unavailable feature android.hardware.vulkan.level
07-26 14:52:35.657: D/SystemConfig(2167): Removed unavailable feature android.hardware.vulkan.version
07-26 14:52:35.658: V/SimpleSoftOMXComponent(683): msgType = 2
07-26 14:52:35.661: V/BnMediaSource(698): readMultiple
07-26 14:52:35.661: V/BnMediaSource(698): readMultiple status 0, bufferCount 1, sinceStop 10
07-26 14:52:35.663: V/SimpleSoftOMXComponent(683): msgType = 1
07-26 14:52:35.663: V/OMX(683): OnEmptyBufferDone buffer=0xf55a3c80
07-26 14:52:35.663: V/OMX(683): OnFillBufferDone buffer=0xf55a3e10
07-26 14:52:35.663: V/IOMX(683): onMessage writing message 1, size 40
07-26 14:52:35.663: V/IOMX(683): onMessage writing message 2, size 40
07-26 14:52:35.668: V/SimpleSoftOMXComponent(683): msgType = 2
07-26 14:52:35.669: V/BnMediaSource(698): readMultiple
07-26 14:52:35.669: V/BnMediaSource(698): readMultiple status 0, bufferCount 1, sinceStop 11
07-26 14:52:35.670: V/SimpleSoftOMXComponent(683): msgType = 1
07-26 14:52:35.670: V/OMX(683): OnEmptyBufferDone buffer=0xf55a3b90
07-26 14:52:35.670: V/OMX(683): OnFillBufferDone buffer=0xf55a3e60
07-26 14:52:35.670: V/IOMX(683): onMessage writing message 1, size 40
07-26 14:52:35.670: V/IOMX(683): onMessage writing message 2, size 40
07-26 14:52:35.671: V/SimpleSoftOMXComponent(683): msgType = 2
07-26 14:52:35.672: V/BnMediaSource(698): readMultiple
07-26 14:52:35.672: V/BnMediaSource(698): readMultiple status 0, bufferCount 1, sinceStop 12
07-26 14:52:35.673: V/SimpleSoftOMXComponent(683): msgType = 1
07-26 14:52:35.673: V/OMX(683): OnEmptyBufferDone buffer=0xf55a3be0
07-26 14:52:35.673: V/OMX(683): OnFillBufferDone buffer=0xf55a3eb0
07-26 14:52:35.673: V/IOMX(683): onMessage writing message 1, size 40
07-26 14:52:35.673: V/IOMX(683): onMessage writing message 2, size 40
07-26 14:52:35.674: V/SimpleSoftOMXComponent(683): msgType = 2
07-26 14:52:35.675: V/BnMediaSource(698): readMultiple
07-26 14:52:35.675: V/BnMediaSource(698): readMultiple status 0, bufferCount 1, sinceStop 13
07-26 14:52:35.676: V/SimpleSoftOMXComponent(683): msgType = 1
07-26 14:52:35.676: V/OMX(683): OnEmptyBufferDone buffer=0xf55a3c30
07-26 14:52:35.676: V/OMX(683): OnFillBufferDone buffer=0xf55a3af0
07-26 14:52:35.676: V/IOMX(683): onMessage writing message 1, size 40
07-26 14:52:35.676: V/IOMX(683): onMessage writing message 2, size 40
07-26 14:52:35.677: V/SimpleSoftOMXComponent(683): msgType = 2
07-26 14:52:35.678: V/BnMediaSource(698): readMultiple
07-26 14:52:35.678: V/BnMediaSource(698): readMultiple status 0, bufferCount 1, sinceStop 14
07-26 14:52:35.679: V/SimpleSoftOMXComponent(683): msgType = 1
07-26 14:52:35.680: V/OMX(683): OnEmptyBufferDone buffer=0xf55a3c80
07-26 14:52:35.680: V/OMX(683): OnFillBufferDone buffer=0xf55a3e10
07-26 14:52:35.680: V/IOMX(683): onMessage writing message 1, size 40
07-26 14:52:35.680: V/IOMX(683): onMessage writing message 2, size 40
07-26 14:52:35.680: V/SimpleSoftOMXComponent(683): msgType = 2
07-26 14:52:35.681: V/BnMediaSource(698): readMultiple
07-26 14:52:35.682: V/BnMediaSource(698): readMultiple status 0, bufferCount 1, sinceStop 15
07-26 14:52:35.683: V/SimpleSoftOMXComponent(683): msgType = 1
07-26 14:52:35.683: V/SoftVorbis(683): discarding 633 frames at end of page
07-26 14:52:35.683: V/OMX(683): OnEmptyBufferDone buffer=0xf55a3b90
07-26 14:52:35.683: V/OMX(683): OnFillBufferDone buffer=0xf55a3e60
07-26 14:52:35.683: V/IOMX(683): onMessage writing message 1, size 40
07-26 14:52:35.684: V/IOMX(683): onMessage writing message 2, size 40
07-26 14:52:35.685: V/SimpleSoftOMXComponent(683): msgType = 2
