07-26 14:29:20.012: I/System.out(1926): sxx+++UserThemeManager.java++11111111111111++createFileMap+++++landPathName+++default_theme/720/phone/land/digit_9.ini
07-26 14:29:20.012: I/System.out(1926): sxx+++UserThemeManager.java+333333333333+++createFileMap+++++portThemeDir[i]+++en_26.ini
07-26 14:29:20.012: I/System.out(1926): sxx+++UserThemeManager.java++11111111111111++createFileMap+++++landPathName+++default_theme/720/phone/land/en_26.ini
07-26 14:29:20.012: I/System.out(1926): sxx+++UserThemeManager.java+333333333333+++createFileMap+++++portThemeDir[i]+++en_26_pre.ini
07-26 14:29:20.012: I/System.out(1926): sxx+++UserThemeManager.java++11111111111111++createFileMap+++++landPathName+++default_theme/720/phone/land/en_26_pre.ini
07-26 14:29:20.012: I/System.out(1926): sxx+++UserThemeManager.java+333333333333+++createFileMap+++++portThemeDir[i]+++en_9.ini
07-26 14:29:20.012: I/System.out(1926): sxx+++UserThemeManager.java++11111111111111++createFileMap+++++landPathName+++default_theme/720/phone/land/en_9.ini
07-26 14:29:20.013: I/System.out(1926): sxx+++UserThemeManager.java+333333333333+++createFileMap+++++portThemeDir[i]+++en_9_multi.ini
07-26 14:29:20.013: I/System.out(1926): sxx+++UserThemeManager.java++11111111111111++createFileMap+++++landPathName+++default_theme/720/phone/land/en_9_multi.ini
07-26 14:29:20.013: I/System.out(1926): sxx+++UserThemeManager.java+333333333333+++createFileMap+++++portThemeDir[i]+++handwriting_landscape.ini
07-26 14:29:20.013: I/System.out(1926): sxx+++UserThemeManager.java++11111111111111++createFileMap+++++landPathName+++default_theme/720/phone/land/handwriting_landscape.ini
07-26 14:29:20.013: I/System.out(1926): sxx+++UserThemeManager.java+333333333333+++createFileMap+++++portThemeDir[i]+++handwriting_landscape_full.ini
07-26 14:29:20.013: I/System.out(1926): sxx+++UserThemeManager.java++11111111111111++createFileMap+++++landPathName+++default_theme/720/phone/land/handwriting_landscape_full.ini
07-26 14:29:20.013: I/System.out(1926): sxx+++UserThemeManager.java+333333333333+++createFileMap+++++portThemeDir[i]+++py_26.ini
07-26 14:29:20.013: I/System.out(1926): sxx+++UserThemeManager.java++11111111111111++createFileMap+++++landPathName+++default_theme/720/phone/land/py_26.ini
07-26 14:29:20.013: I/System.out(1926): sxx+++UserThemeManager.java+333333333333+++createFileMap+++++portThemeDir[i]+++py_9.ini
07-26 14:29:20.013: I/System.out(1926): sxx+++UserThemeManager.java++11111111111111++createFileMap+++++landPathName+++default_theme/720/phone/land/py_9.ini
07-26 14:29:20.013: I/System.out(1926): sxx+++UserThemeManager.java+333333333333+++createFileMap+++++portThemeDir[i]+++voice.ini
07-26 14:29:20.013: I/System.out(1926): sxx+++UserThemeManager.java++11111111111111++createFileMap+++++landPathName+++default_theme/720/phone/land/voice.ini
07-26 14:29:20.013: I/System.out(1926): sxx+++UserThemeManager.java+333333333333+++createFileMap+++++portThemeDir[i]+++wubi.ini
07-26 14:29:20.013: I/System.out(1926): sxx+++UserThemeManager.java++11111111111111++createFileMap+++++landPathName+++default_theme/720/phone/land/wubi.ini
07-26 14:29:20.014: I/System.out(1926): sxx++++INIFile+++++pstrPathAndName++++++checkFile(pstrPathAndName)++default_theme/720/phone/layout/config.ini,false
07-26 14:29:20.015: I/OmaDrmEngine(667): OmaDrmEngine::onInitialize
07-26 14:29:20.015: I/OmaDrmEngine(667): OmaDrmEngine::onInitialize -- OmaDrmGlue_InitializeKeyEncryption succeeded
07-26 14:29:20.015: I/OmaDrmEngine(667): OmaDrmEngine::onSetOnInfoListener
07-26 14:29:20.015: V/OmaDrmEngine(667): Found infoListenerClient
07-26 14:29:20.015: I/System.out(1926): sxx++++INIFile+++++pstrPathAndName++++++checkFile(pstrPathAndName)++default_theme/720/phone/layout/images.ini,false
07-26 14:29:20.015: I/OmaDrmEngine(667): OmaDrmEngine::onOpenDecryptSession! fd = 7
07-26 14:29:20.016: D/OmaDrmFile(667): Coming into OmaDrmDcfFile_ParserDcf, fd =  9
07-26 14:29:20.018: E/OmaDrmFile(667): Invalid drm version
07-26 14:29:20.019: V/OmaDrmFile(667): DCF releases
07-26 14:29:20.019: I/OmaDrmEngine(667): OmaDrmEngine::onOpenDecryptSession Exit. result = -2006
07-26 14:29:20.019: I/OmaDrmEngine(667): OmaDrmEngine::onTerminate
07-26 14:29:20.020: V/MediaExtractor(713): Autodetected media content as 'application/ogg' with confidence 0.80
07-26 14:29:20.020: I/ExtendedExtractor(713): QTIParser is prefered .. flags 2
07-26 14:29:20.020: V/MediaExtractor(729): readAt(0, 2048)
07-26 14:29:20.020: I/MediaExtractor(713): extractor created in uid: 1040 (mediaex)
07-26 14:29:20.021: D/MMParserExtractor(713): setExtraFlags called with flags 2 for paser instance ec923c80
07-26 14:29:20.021: D/MMParserExtractor(713): using bigger parser buffers
07-26 14:29:20.021: I/ExtendedExtractor(713): ExtendedExtractor::create 0xec923c80
07-26 14:29:20.021: V/MediaExtractorService(713): extractor service created 0xec923c80 (<unspecified>)
07-26 14:29:20.021: V/BpMediaExtractor(729): getDrmFlag
07-26 14:29:20.021: V/BnMediaExtractor(713): getDrmFlag
07-26 14:29:20.022: V/BpMediaExtractor(729): getMetaData
07-26 14:29:20.022: V/BnMediaExtractor(713): getMetaData
07-26 14:29:20.025: V/MediaExtractor(729): readAt(0, 12431)
07-26 14:29:20.026: V/MediaExtractor(729): readAt(4411, 8020)
07-26 14:29:20.027: V/BpMediaExtractor(729): countTracks
07-26 14:29:20.028: V/BnMediaExtractor(713): countTracks
07-26 14:29:20.028: V/BpMediaExtractor(729): getTrack(0)
07-26 14:29:20.028: V/BnMediaExtractor(713): getTrack()
07-26 14:29:20.028: V/BpMediaExtractor(729): getTrackMetaData(0, 0)
07-26 14:29:20.029: V/BnMediaExtractor(713): getTrackMetaData
07-26 14:29:20.031: V/BpMediaSource(729): getFormat
07-26 14:29:20.032: V/BnMediaSource(713): getFormat
07-26 14:29:20.033: V/BpMediaSource(729): start
07-26 14:29:20.033: V/BnMediaSource(713): start
07-26 14:29:20.036: D/NuPlayerDriver(729): notifyListener_l(0xe9e20cc0), (1, 0, 0), loop setting(0, 0)
07-26 14:29:20.036: V/MediaPlayerService(729): [3] notify (0xe9e34900, 1, 0, 0)
07-26 14:29:20.036: V/CameraService(666): startCameraOps: Start camera ops, package name = cameraserver, client UID = 1047
07-26 14:29:20.039: V/CameraService(666): updateStatus: Status has changed for camera ID 0 from 0x1 to 0xfffffffe
07-26 14:29:20.039: I/CameraService(666): onTorchStatusChangedLocked: Torch status changed for cameraId=0, newStatus=0
07-26 14:29:20.041: I/CameraFlashlight(666): Opening camera 0
07-26 14:29:20.045: I/CAM_ZEUSIS_ALGO(666): <ALGO><INFO> CZeusisAlgorithm::CZeusisAlgorithm(int, IZeusisHalBus *): 50: camera_id:0
07-26 14:29:20.045: I/CAM_ZEUSIS_ALGO(666): <ALGO><INFO> void camera_algo_set_dbg_log_properties(): 60: E
07-26 14:29:20.057: E/ActivityThread(1940): Failed to find provider info for i19tdispatcher.service.I19tBinderProvider
07-26 14:29:20.061: E/QCamera(666): <HAL><ERROR> int32_t qcamera::QCameraPerfLock::lock_acq_timed(int32_t): 314: failed to acquire lock
07-26 14:29:20.061: I/CameraService(666): onTorchStatusChangedLocked: Torch status changed for cameraId=0, newStatus=0
07-26 14:29:20.105: I/ActivityManager(1444): user 0 is still locked. Cannot load recents
07-26 14:29:20.135: E/mm-camera(766): <STATS ><ERROR> 2822: stats_port_check_caps_reserve: Invalid Port capability type!
07-26 14:29:20.135: E/mm-camera(766): <STATS ><ERROR> 2822: stats_port_check_caps_reserve: Invalid Port capability type!
07-26 14:29:20.135: E/mm-camera(766): <STATS ><ERROR> 2822: stats_port_check_caps_reserve: Invalid Port capability type!
07-26 14:29:20.135: E/mm-camera(766): <STATS ><ERROR> 2822: stats_port_check_caps_reserve: Invalid Port capability type!
07-26 14:29:20.135: E/mm-camera(766): <STATS ><ERROR> 2822: stats_port_check_caps_reserve: Invalid Port capability type!
07-26 14:29:20.149: I/Thermal-Lib(666): Thermal-Lib-Client: Registraion successful for camera with handle:1
07-26 14:29:20.149: I/Thermal-Lib(666): Thermal-Lib-Client: Registraion successful for camcorder with handle:2
07-26 14:29:20.149: E/QCamera(666): <HAL><ERROR> int32_t qcamera::QCameraParameters::setSceneMode(const char *): 9017: Setting SceneMode=auto,value=0
07-26 14:29:20.150: I/ThermalEngine(647): Thermal-Server: Adding thermal event listener on fd 46
07-26 14:29:20.152: E/mm-camera(766): <MCT   ><ERROR> 1056: mct_pipeline_decide_hw_wakeup: Couldn't find meta stream
07-26 14:29:20.152: I/Thermal-Lib(666): Thermal-Lib-Client: Client received msg camera 0
07-26 14:29:20.153: I/Thermal-Lib(666): Thermal-Lib-Client: Client received msg camcorder 0
07-26 14:29:20.155: E/mm-camera(766): <MCT   ><ERROR> 1056: mct_pipeline_decide_hw_wakeup: Couldn't find meta stream
07-26 14:29:20.156: E/mm-camera(766): <MCT   ><ERROR> 1056: mct_pipeline_decide_hw_wakeup: Couldn't find meta stream
07-26 14:29:20.158: E/QCamera(666): <HAL><ERROR> int32_t qcamera::QCameraPerfLock::lock_acq(): 363: failed to acquire lock
07-26 14:29:20.158: I/CAM_ZEUSIS_ALGO(666): <ALGO><INFO> int qcamera::QCamera2HardwareInterface::onZeusisStopPreview(): 961: E
07-26 14:29:20.158: I/CAM_ZEUSIS_ALGO(666): <ALGO><INFO> int qcamera::QCamera2HardwareInterface::onZeusisStopPreview(): 978: X
07-26 14:29:20.163: D/SogouIME(1926): [[SogouIME::ct]] base expression size:446
07-26 14:29:20.165: I/CameraFlashlight(666): Destroying camera 0
07-26 14:29:20.170: E/QCamera(666): <HAL><ERROR> int32_t qcamera::QCameraPerfLock::lock_acq(): 363: failed to acquire lock
07-26 14:29:20.171: E/mm-camera(766): <IMGLIB><ERROR> 303: static int32_t QCameraPAAF::AllocateBuffers(img_base_ops_t *, bool): Invalid dimensions 0x0
07-26 14:29:20.171: E/mm-camera(766): <IMGLIB><ERROR> 203: int img_algo_preload(img_base_ops_t *): Preload: Failed to allocate buffer, rc -4
07-26 14:29:20.171: E/mm-camera(766): <IMGLIB><ERROR> 117: module_imgbase_client_preload_exec: IMG_CORE_PRELOAD failed -4
07-26 14:29:20.171: D/SogouIME(1926): [[SogouIME::cu]] base expression size:105
07-26 14:29:20.178: E/mm-camera(766): <MCT   ><ERROR> 1056: mct_pipeline_decide_hw_wakeup: Couldn't find meta stream
07-26 14:29:20.182: I/Thermal-Lib(666): Thermal-Lib-Client: Unregisteration is successfull for handle:1
07-26 14:29:20.182: I/ThermalEngine(647): Thermal-Server: removing client on fd 46
07-26 14:29:20.187: I/Thermal-Lib(666): Thermal-Lib-Client: Unregisteration is successfull for handle:2
07-26 14:29:20.245: I/System.out(1926): sxx++++INIFile+++++pstrPathAndName++++++checkFile(pstrPathAndName)++default_theme/720/phone/layout/cands.ini,false
07-26 14:29:20.272: D/getKeyPool(1926): SogouIME.mSogouIME.mSkinType=0
07-26 14:29:20.272: I/System.out(1926): sxx++++INIFile+++++pstrPathAndName++++++checkFile(pstrPathAndName)++default_theme/720/phone/layout/template.ini,false
07-26 14:29:20.367: I/CameraService(666): onTorchStatusChangedLocked: Torch status changed for cameraId=0, newStatus=1
07-26 14:29:20.367: I/CAM_ZEUSIS_ALGO(666): <ALGO><INFO> virtual CZeusisAlgorithm::~CZeusisAlgorithm(): 90: camera_id:0
07-26 14:29:20.368: V/CameraService(666): Client::disconnect
07-26 14:29:20.369: V/CameraService(666): updateStatus: Status has changed for camera ID 0 from 0xfffffffe to 0x1
07-26 14:29:20.371: I/CameraService(666): disconnect: Disconnected client for camera 0 for PID 666
07-26 14:29:20.371: V/CameraService(666): ~Client
07-26 14:29:20.372: V/MediaPlayerService(729): disconnect(1) from pid 666
07-26 14:29:20.372: D/NuPlayerDriver(729): reset(0xe9e20a80) at state 4
07-26 14:29:20.372: D/NuPlayerDriver(729): notifyListener_l(0xe9e20a80), (8, 0, 0), loop setting(0, 0)
07-26 14:29:20.372: V/NuPlayer(729): kWhatReset
07-26 14:29:20.372: V/NuPlayer(729): performDecoderFlush audio=2, video=2
07-26 14:29:20.372: W/AMessage(729): failed to post message as target looper for handler 0 is gone.
07-26 14:29:20.372: V/NuPlayer(729): performReset
07-26 14:29:20.373: D/NuPlayerDriver(729): notifyResetComplete(0xe9e20a80)
07-26 14:29:20.374: V/NuPlayerDriver(729): ~NuPlayerDriver(0xe9e20a80)
07-26 14:29:20.375: V/AudioFlinger(660): releasing 9 from 666 for -1
07-26 14:29:20.375: V/MediaPlayerService(729): Client(1) destructor pid = 666
07-26 14:29:20.375: V/AudioFlinger(660):  decremented refcount to 0
07-26 14:29:20.375: V/AudioSink(729): close
07-26 14:29:20.375: V/AudioFlinger(660): purging stale effects
07-26 14:29:20.375: V/MediaPlayerService(729): disconnect(1) from pid 666
07-26 14:29:20.375: V/MediaPlayerService(729): disconnect(2) from pid 666
07-26 14:29:20.375: D/NuPlayerDriver(729): reset(0xe9e20ba0) at state 4
07-26 14:29:20.375: D/NuPlayerDriver(729): notifyListener_l(0xe9e20ba0), (8, 0, 0), loop setting(0, 0)
07-26 14:29:20.376: V/NuPlayer(729): kWhatReset
07-26 14:29:20.376: V/NuPlayer(729): performDecoderFlush audio=2, video=2
07-26 14:29:20.376: W/AMessage(729): failed to post message as target looper for handler 0 is gone.
07-26 14:29:20.376: V/NuPlayer(729): performReset
07-26 14:29:20.376: D/NuPlayerDriver(729): notifyResetComplete(0xe9e20ba0)
07-26 14:29:20.376: V/NuPlayerDriver(729): ~NuPlayerDriver(0xe9e20ba0)
07-26 14:29:20.378: V/MediaPlayerService(729): Client(2) destructor pid = 666
07-26 14:29:20.378: V/AudioSink(729): close
07-26 14:29:20.378: V/MediaPlayerService(729): disconnect(2) from pid 666
07-26 14:29:20.378: V/AudioFlinger(660): releasing 17 from 666 for -1
07-26 14:29:20.378: V/AudioFlinger(660):  decremented refcount to 0
07-26 14:29:20.378: V/AudioFlinger(660): purging stale effects
07-26 14:29:20.379: V/MediaPlayerService(729): disconnect(3) from pid 666
07-26 14:29:20.379: D/NuPlayerDriver(729): reset(0xe9e20cc0) at state 4
07-26 14:29:20.379: D/NuPlayerDriver(729): notifyListener_l(0xe9e20cc0), (8, 0, 0), loop setting(0, 0)
07-26 14:29:20.379: V/NuPlayer(729): kWhatReset
07-26 14:29:20.379: V/NuPlayer(729): performDecoderFlush audio=2, video=2
07-26 14:29:20.379: W/AMessage(729): failed to post message as target looper for handler 0 is gone.
07-26 14:29:20.379: V/NuPlayer(729): performReset
07-26 14:29:20.380: D/NuPlayerDriver(729): notifyResetComplete(0xe9e20cc0)
07-26 14:29:20.380: V/NuPlayerDriver(729): ~NuPlayerDriver(0xe9e20cc0)
07-26 14:29:20.381: V/AudioFlinger(660): releasing 25 from 666 for -1
07-26 14:29:20.381: V/MediaPlayerService(729): Client(3) destructor pid = 666
07-26 14:29:20.381: V/AudioFlinger(660):  decremented refcount to 0
07-26 14:29:20.381: V/AudioSink(729): close
07-26 14:29:20.381: V/AudioFlinger(660): purging stale effects
07-26 14:29:20.381: V/MediaPlayerService(729): disconnect(3) from pid 666
07-26 14:29:20.381: V/CameraService(666): Client::disconnect
07-26 14:29:20.381: V/CameraService(666): ~BasicClient
07-26 14:29:20.382: I/CameraService(666): getCameraCharacteristics: Switching to HAL1 shim implementation...
07-26 14:29:20.382: V/CameraService(666): getLegacyParametersLazy: for cameraId: 1
07-26 14:29:20.382: I/CameraService(666): CameraService::connect call (PID -1 "cameraserver", camera ID 1) for HAL version default and Camera API version 1
07-26 14:29:20.383: E/CameraService(666): getCameraPriorityFromProcState: Received invalid process state -1 from ActivityManagerService!
07-26 14:29:20.392: V/AudioFlinger(660): acquiring 33 from 666, for -1
07-26 14:29:20.392: V/AudioFlinger(660):  added new entry for 33
07-26 14:29:20.393: V/MediaPlayerService(729): Client(4) constructor
07-26 14:29:20.393: V/MediaPlayerService(729): Create new client(4) from pid 666, uid 1047, 
07-26 14:29:20.394: V/MediaPlayerService(729): setDataSource(/system/media/audio/ui/camera_click.ogg)
07-26 14:29:20.394: V/MediaPlayerService(729): player type = 4
07-26 14:29:20.394: V/MediaPlayerFactory(729):  create NuPlayer
07-26 14:29:20.394: V/NuPlayerDriver(729): NuPlayerDriver(0xe9e20a80)
07-26 14:29:20.397: V/AudioSink(729): AudioOutput(33)
07-26 14:29:20.398: V/NuPlayerDriver(729): setDataSource(0xe9e20a80) url(<no-scheme URI suppressed>)
07-26 14:29:20.398: V/NuPlayer(729): kWhatSetAudioSink
07-26 14:29:20.398: V/NuPlayer(729): kWhatSetDataSource
07-26 14:29:20.398: V/MediaPlayerService(729):  setDataSource
07-26 14:29:20.399: V/MediaPlayerService(729): [4] setAudioStreamType(7)
07-26 14:29:20.400: V/MediaPlayerService(729): [4] prepareAsync
07-26 14:29:20.400: V/NuPlayerDriver(729): prepareAsync(0xe9e20a80)
07-26 14:29:20.405: V/FileSource(729): /system/media/audio/ui/camera_click.ogg
07-26 14:29:20.407: V/MediaExtractor(729): MediaExtractor::Create (null) flags 2
07-26 14:29:20.412: I/OmaDrmEngine(667): OmaDrmEngine::onInitialize
07-26 14:29:20.412: I/OmaDrmEngine(667): OmaDrmEngine::onInitialize -- OmaDrmGlue_InitializeKeyEncryption succeeded
07-26 14:29:20.412: I/OmaDrmEngine(667): OmaDrmEngine::onSetOnInfoListener
07-26 14:29:20.413: V/OmaDrmEngine(667): Found infoListenerClient
07-26 14:29:20.414: I/OmaDrmEngine(667): OmaDrmEngine::onOpenDecryptSession! fd = 7
07-26 14:29:20.414: D/OmaDrmFile(667): Coming into OmaDrmDcfFile_ParserDcf, fd =  9
07-26 14:29:20.414: E/OmaDrmFile(667): Invalid drm version
07-26 14:29:20.414: V/OmaDrmFile(667): DCF releases
07-26 14:29:20.414: I/OmaDrmEngine(667): OmaDrmEngine::onOpenDecryptSession Exit. result = -2006
07-26 14:29:20.417: I/OmaDrmEngine(667): OmaDrmEngine::onTerminate
07-26 14:29:20.420: V/MediaExtractor(729): get service manager
07-26 14:29:20.421: V/MediaExtractorService(713): @@@ MediaExtractorService::makeExtractor for (null) extFlags 2
07-26 14:29:20.424: V/MediaExtractor(713): MediaExtractor::CreateFromService (null) flags 2
07-26 14:29:20.427: V/MediaExtractor(729): readAt(0, 2048)
07-26 14:29:20.428: V/MPEG4Extractor(713): saw chunk type , size 1332176723 @ 0
07-26 14:29:20.429: V/MP3Extractor(713): found possible 1st frame at 99 (header = 0xffff5303)
07-26 14:29:20.429: V/MP3Extractor(713): subsequent header is 278e72a0
07-26 14:29:20.429: V/MP3Extractor(713): no dice, no valid sequence of frames found.
07-26 14:29:20.430: V/MediaExtractor(729): readAt(2048, 2048)
07-26 14:29:20.431: V/MediaExtractor(729): readAt(4096, 2048)
07-26 14:29:20.433: V/MediaExtractor(729): readAt(6144, 2048)
07-26 14:29:20.434: V/MediaExtractor(729): readAt(8192, 2048)
07-26 14:29:20.437: V/MediaExtractor(729): readAt(10240, 2048)
07-26 14:29:20.439: V/MediaExtractor(729): readAt(12288, 2048)
07-26 14:29:20.439: V/MP3Extractor(713): found possible 1st frame at 12560 (header = 0xffff577e)
07-26 14:29:20.439: V/MP3Extractor(713): subsequent header is 00000000
07-26 14:29:20.439: V/MP3Extractor(713): no dice, no valid sequence of frames found.
07-26 14:29:20.440: V/MediaExtractor(729): readAt(14336, 2048)
07-26 14:29:20.448: V/MediaExtractor(729): readAt(16384, 2048)
07-26 14:29:20.449: V/MP3Extractor(713): found possible 1st frame at 16808 (header = 0xffff6186)
07-26 14:29:20.449: V/MP3Extractor(713): subsequent header is aa1205ab
07-26 14:29:20.449: V/MP3Extractor(713): no dice, no valid sequence of frames found.
07-26 14:29:20.449: V/MediaExtractor(729): readAt(18432, 2048)
07-26 14:29:20.449: V/MediaExtractor(729): readAt(20480, 2048)
07-26 14:29:20.458: V/MP3Extractor(713): found possible 1st frame at 20966 (header = 0xffff78ff)
07-26 14:29:20.458: V/MP3Extractor(713): subsequent header is 42581806
07-26 14:29:20.458: V/MP3Extractor(713): no dice, no valid sequence of frames found.
07-26 14:29:20.458: V/MP3Extractor(713): found possible 1st frame at 20970 (header = 0xffffd9ff)
07-26 14:29:20.458: V/MP3Extractor(713): subsequent header is 9c58ad36
07-26 14:29:20.458: V/MP3Extractor(713): no dice, no valid sequence of frames found.
07-26 14:29:20.458: V/MP3Extractor(713): found possible 1st frame at 20974 (header = 0xffff97ff)
07-26 14:29:20.458: V/MP3Extractor(713): subsequent header is 2c444021
07-26 14:29:20.458: V/MP3Extractor(713): no dice, no valid sequence of frames found.
07-26 14:29:20.459: V/MediaExtractor(729): readAt(22528, 2048)
07-26 14:29:20.460: V/MediaExtractor(729): readAt(24576, 2048)
07-26 14:29:20.462: I/ActivityManager(1444): user 0 is still locked. Cannot load recents
07-26 14:29:20.464: V/MP3Extractor(713): found possible 1st frame at 25459 (header = 0xffff60ff)
07-26 14:29:20.464: V/MP3Extractor(713): subsequent header is d721ba95
07-26 14:29:20.464: V/MP3Extractor(713): no dice, no valid sequence of frames found.
07-26 14:29:20.464: V/MP3Extractor(713): found possible 1st frame at 25463 (header = 0xffff63ff)
07-26 14:29:20.464: V/MP3Extractor(713): subsequent header is 73bacc6c
07-26 14:29:20.464: V/MP3Extractor(713): no dice, no valid sequence of frames found.
07-26 14:29:20.464: V/MP3Extractor(713): found possible 1st frame at 25467 (header = 0xffff70ff)
07-26 14:29:20.464: V/MP3Extractor(713): subsequent header is 34b0829a
07-26 14:29:20.464: V/MP3Extractor(713): no dice, no valid sequence of frames found.
07-26 14:29:20.465: V/MP3Extractor(713): found possible 1st frame at 25471 (header = 0xffff53fe)
07-26 14:29:20.465: V/MP3Extractor(713): subsequent header is 6cd7ed74
07-26 14:29:20.465: V/MP3Extractor(713): no dice, no valid sequence of frames found.
07-26 14:29:20.467: D/SimSelectNotification(1963):  no of slots 2 provision = true
07-26 14:29:20.468: V/MediaExtractor(729): readAt(26624, 2048)
07-26 14:29:20.471: V/MediaExtractor(729): readAt(28672, 2048)
07-26 14:29:20.471: V/MediaExtractor(729): readAt(28924, 1796)
07-26 14:29:20.471: V/MediaExtractor(729): readAt(0, 2048)
07-26 14:29:20.472: V/MidiExtractor(713): SniffMidi: no
07-26 14:29:20.472: I/SurfaceFlinger(478): Boot is finished (53442 ms)
07-26 14:29:20.474: I/OmaDrmEngine(667): OmaDrmEngine::onInitialize
07-26 14:29:20.474: I/OmaDrmEngine(667): OmaDrmEngine::onInitialize -- OmaDrmGlue_InitializeKeyEncryption succeeded
07-26 14:29:20.474: I/OmaDrmEngine(667): OmaDrmEngine::onSetOnInfoListener
07-26 14:29:20.474: V/OmaDrmEngine(667): Found infoListenerClient
07-26 14:29:20.475: I/OmaDrmEngine(667): OmaDrmEngine::onOpenDecryptSession! fd = 7
07-26 14:29:20.475: D/OmaDrmFile(667): Coming into OmaDrmDcfFile_ParserDcf, fd =  9
07-26 14:29:20.475: E/OmaDrmFile(667): Invalid drm version
07-26 14:29:20.475: V/OmaDrmFile(667): DCF releases
07-26 14:29:20.475: I/OmaDrmEngine(667): OmaDrmEngine::onOpenDecryptSession Exit. result = -2006
07-26 14:29:20.480: I/OmaDrmEngine(667): OmaDrmEngine::onTerminate
07-26 14:29:20.621: I/init(2472): type=1400 audit(0.0:62): avc: denied { transition } for path="/system/bin/logcat" dev="mmcblk0p24" ino=455 scontext=u:r:init:s0 tcontext=u:r:zs_logcatd:s0 tclass=process permissive=1
07-26 14:29:20.484: I/art(1926): Do partial code cache collection, code=15KB, data=29KB
07-26 14:29:20.492: I/OmaDrmEngine(667): OmaDrmEngine::onInitialize
07-26 14:29:20.492: I/OmaDrmEngine(667): OmaDrmEngine::onInitialize -- OmaDrmGlue_InitializeKeyEncryption succeeded
07-26 14:29:20.492: I/OmaDrmEngine(667): OmaDrmEngine::onSetOnInfoListener
07-26 14:29:20.492: V/OmaDrmEngine(667): Found infoListenerClient
07-26 14:29:20.493: I/OmaDrmEngine(667): OmaDrmEngine::onOpenDecryptSession! fd = 7
07-26 14:29:20.493: D/OmaDrmFile(667): Coming into OmaDrmDcfFile_ParserDcf, fd =  9
07-26 14:29:20.621: I/init(2472): type=1400 audit(0.0:63): avc: denied { entrypoint } for path="/system/bin/logcat" dev="mmcblk0p24" ino=455 scontext=u:r:zs_logcatd:s0 tcontext=u:object_r:logcat_exec:s0 tclass=file permissive=1
07-26 14:29:20.621: I/bootstat(2471): type=1400 audit(0.0:64): avc: denied { getattr } for path="/vendor" dev="rootfs" ino=4522 scontext=u:r:bootstat:s0 tcontext=u:object_r:rootfs:s0 tclass=lnk_file permissive=1
07-26 14:29:20.493: E/OmaDrmFile(667): Invalid drm version
07-26 14:29:20.493: V/OmaDrmFile(667): DCF releases
07-26 14:29:20.493: I/OmaDrmEngine(667): OmaDrmEngine::onOpenDecryptSession Exit. result = -2006
07-26 14:29:20.494: I/OmaDrmEngine(667): OmaDrmEngine::onTerminate
07-26 14:29:20.495: V/MediaExtractor(713): Autodetected media content as 'application/ogg' with confidence 0.80
07-26 14:29:20.495: I/ExtendedExtractor(713): QTIParser is prefered .. flags 2
07-26 14:29:20.495: V/MediaExtractor(729): readAt(0, 2048)
07-26 14:29:20.495: I/MediaExtractor(713): extractor created in uid: 1040 (mediaex)
07-26 14:29:20.496: D/MMParserExtractor(713): setExtraFlags called with flags 2 for paser instance ec923c80
07-26 14:29:20.496: D/MMParserExtractor(713): using bigger parser buffers
07-26 14:29:20.496: I/ExtendedExtractor(713): ExtendedExtractor::create 0xec923c80
07-26 14:29:20.496: V/MediaExtractorService(713): extractor service created 0xec923c80 (<unspecified>)
07-26 14:29:20.497: V/BpMediaExtractor(729): getDrmFlag
07-26 14:29:20.497: V/BnMediaExtractor(713): getDrmFlag
07-26 14:29:20.497: V/BpMediaExtractor(729): getMetaData
07-26 14:29:20.497: V/BnMediaExtractor(713): getMetaData
07-26 14:29:20.498: V/MediaExtractor(729): readAt(0, 28924)
07-26 14:29:20.499: V/MediaExtractor(729): readAt(4093, 24831)
07-26 14:29:20.500: V/BpMediaExtractor(729): countTracks
07-26 14:29:20.500: V/BnMediaExtractor(713): countTracks
07-26 14:29:20.500: V/BpMediaExtractor(729): getTrack(0)
07-26 14:29:20.500: V/BnMediaExtractor(713): getTrack()
07-26 14:29:20.501: V/BpMediaExtractor(729): getTrackMetaData(0, 0)
07-26 14:29:20.503: V/BnMediaExtractor(713): getTrackMetaData
07-26 14:29:20.506: V/BpMediaSource(729): getFormat
07-26 14:29:20.506: V/BnMediaSource(713): getFormat
07-26 14:29:20.509: V/BpMediaSource(729): start
07-26 14:29:20.510: V/BnMediaSource(713): start
07-26 14:29:20.510: D/NuPlayerDriver(729): notifyListener_l(0xe9e20a80), (1, 0, 0), loop setting(0, 0)
07-26 14:29:20.510: V/MediaPlayerService(729): [4] notify (0xe9e34180, 1, 0, 0)
07-26 14:29:20.511: V/AudioFlinger(660): acquiring 41 from 666, for -1
07-26 14:29:20.511: V/AudioFlinger(660):  added new entry for 41
07-26 14:29:20.511: V/MediaPlayerService(729): Client(5) constructor
07-26 14:29:20.511: V/MediaPlayerService(729): Create new client(5) from pid 666, uid 1047, 
07-26 14:29:20.621: I/logcat(2472): type=1400 audit(0.0:65): avc: denied { rlimitinh } for scontext=u:r:init:s0 tcontext=u:r:zs_logcatd:s0 tclass=process permissive=1
07-26 14:29:20.621: I/logcat(2472): type=1400 audit(0.0:66): avc: denied { siginh } for scontext=u:r:init:s0 tcontext=u:r:zs_logcatd:s0 tclass=process permissive=1
07-26 14:29:20.631: I/logcat(2472): type=1400 audit(0.0:67): avc: denied { getattr } for path="/system/bin/logcat" dev="mmcblk0p24" ino=455 scontext=u:r:zs_logcatd:s0 tcontext=u:object_r:logcat_exec:s0 tclass=file permissive=1
07-26 14:29:20.631: I/logcat(2472): type=1400 audit(0.0:68): avc: denied { read } for path="/system/bin/logcat" dev="mmcblk0p24" ino=455 scontext=u:r:zs_logcatd:s0 tcontext=u:object_r:logcat_exec:s0 tclass=file permissive=1
07-26 14:29:20.512: V/MediaPlayerService(729): setDataSource(/system/media/audio/ui/VideoRecord.ogg)
07-26 14:29:20.512: V/MediaPlayerService(729): player type = 4
07-26 14:29:20.512: V/MediaPlayerFactory(729):  create NuPlayer
07-26 14:29:20.512: V/NuPlayerDriver(729): NuPlayerDriver(0xe9e20ba0)
07-26 14:29:20.525: W/ActivityManager(1444): Slow operation: 58ms so far, now at startProcess: returned from zygote!
07-26 14:29:20.525: W/ActivityManager(1444): Slow operation: 58ms so far, now at startProcess: done updating battery stats
07-26 14:29:20.526: W/ActivityManager(1444): Slow operation: 58ms so far, now at startProcess: building log message
07-26 14:29:20.526: I/ActivityManager(1444): Start proc 2449:org.codeaurora.ims/1001 for broadcast org.codeaurora.ims/.ImsServiceAutoboot
07-26 14:29:20.526: W/ActivityManager(1444): Slow operation: 58ms so far, now at startProcess: starting to update pids map
07-26 14:29:20.526: W/ActivityManager(1444): Slow operation: 58ms so far, now at startProcess: done updating pids map
07-26 14:29:20.526: W/ActivityManager(1444): Slow operation: 58ms so far, now at startProcess: done starting proc!
07-26 14:29:20.526: I/chatty(1444): uid=1000(system) android.ui expire 3 lines
07-26 14:29:20.528: V/AudioSink(729): AudioOutput(41)
07-26 14:29:20.528: V/NuPlayerDriver(729): setDataSource(0xe9e20ba0) url(<no-scheme URI suppressed>)
07-26 14:29:20.542: D/QcrilMsgTunnelIfaceManager(2328): handleMessage what = 0
07-26 14:29:20.545: D/QcrilMsgTunnelIfaceManager(2328): handleMessage what = 0
07-26 14:29:20.546: V/NuPlayer(729): kWhatSetAudioSink
07-26 14:29:20.546: V/NuPlayer(729): kWhatSetDataSource
07-26 14:29:20.546: V/MediaPlayerService(729):  setDataSource
07-26 14:29:20.547: V/MediaPlayerService(729): [5] setAudioStreamType(7)
07-26 14:29:20.548: V/MediaPlayerService(729): [5] prepareAsync
07-26 14:29:20.548: V/NuPlayerDriver(729): prepareAsync(0xe9e20ba0)
07-26 14:29:20.552: V/FileSource(729): /system/media/audio/ui/VideoRecord.ogg
07-26 14:29:20.552: V/MediaExtractor(729): MediaExtractor::Create (null) flags 2
07-26 14:29:20.554: I/OmaDrmEngine(667): OmaDrmEngine::onInitialize
07-26 14:29:20.554: I/OmaDrmEngine(667): OmaDrmEngine::onInitialize -- OmaDrmGlue_InitializeKeyEncryption succeeded
07-26 14:29:20.554: I/OmaDrmEngine(667): OmaDrmEngine::onSetOnInfoListener
07-26 14:29:20.554: V/OmaDrmEngine(667): Found infoListenerClient
07-26 14:29:20.555: I/OmaDrmEngine(667): OmaDrmEngine::onOpenDecryptSession! fd = 7
07-26 14:29:20.555: D/OmaDrmFile(667): Coming into OmaDrmDcfFile_ParserDcf, fd =  9
07-26 14:29:20.556: E/OmaDrmFile(667): Invalid drm version
07-26 14:29:20.556: V/OmaDrmFile(667): DCF releases
07-26 14:29:20.556: I/OmaDrmEngine(667): OmaDrmEngine::onOpenDecryptSession Exit. result = -2006
07-26 14:29:20.565: D/QC_RIL_OEM_HOOK(2193): QcrilMsgTunnelService Connected Successfully (onServiceConnected)
07-26 14:29:20.565: D/QC_RIL_OEM_HOOK(2193): Calling onQcRilHookReady callback
07-26 14:29:20.572: I/OmaDrmEngine(667): OmaDrmEngine::onTerminate
07-26 14:29:20.575: D/QC_RIL_OEM_HOOK(2193): Received Broadcast Intent ACTION_UNSOL_RESPONSE_OEM_HOOK_RAW
07-26 14:29:20.575: D/QC_RIL_OEM_HOOK(2193): Oem ID in QCRILHOOK UNSOL RESP is QOEMHOOK
07-26 14:29:20.576: D/QC_RIL_OEM_HOOK(2193): Received Broadcast Intent ACTION_UNSOL_RESPONSE_OEM_HOOK_RAW
07-26 14:29:20.576: D/QC_RIL_OEM_HOOK(2193): Oem ID in QCRILHOOK UNSOL RESP is QOEMHOOK
07-26 14:29:20.576: D/QC_RIL_OEM_HOOK(2193): Received Broadcast Intent ACTION_UNSOL_RESPONSE_OEM_HOOK_RAW
07-26 14:29:20.576: D/QC_RIL_OEM_HOOK(2193): Oem ID in QCRILHOOK UNSOL RESP is QOEMHOOK
07-26 14:29:20.576: V/MediaExtractor(729): get service manager
07-26 14:29:20.577: D/CryptdConnector(1444): SND -> {4 cryptfs getpw}
07-26 14:29:20.578: D/VoldCryptCmdListener(357): cryptfs getpw
07-26 14:29:20.578: D/CryptdConnector(1444): RCV <- {200 4 -1}
07-26 14:29:20.579: V/MediaExtractorService(713): @@@ MediaExtractorService::makeExtractor for (null) extFlags 2
07-26 14:29:20.579: D/CryptdConnector(1444): SND -> {5 cryptfs clearpw}
07-26 14:29:20.580: D/VoldCryptCmdListener(357): cryptfs clearpw
07-26 14:29:20.580: D/CryptdConnector(1444): RCV <- {200 5 0}
07-26 14:29:20.581: V/MediaExtractor(713): MediaExtractor::CreateFromService (null) flags 2
07-26 14:29:20.587: V/MediaExtractor(729): readAt(0, 2048)
07-26 14:29:20.587: V/MPEG4Extractor(713): saw chunk type , size 1332176723 @ 0
07-26 14:29:20.595: V/MP3Extractor(713): found possible 1st frame at 100 (header = 0xffff9103)
07-26 14:29:20.595: V/MP3Extractor(713): subsequent header is 14528829
07-26 14:29:20.595: V/MP3Extractor(713): no dice, no valid sequence of frames found.
07-26 14:29:20.605: I/art(1926): After code cache collection, code=15KB, data=29KB
07-26 14:29:20.605: I/art(1926): Increasing code cache capacity to 128KB
07-26 14:29:20.606: V/MediaExtractor(729): readAt(2048, 2048)
07-26 14:29:20.606: V/MediaExtractor(729): readAt(4096, 2048)
07-26 14:29:20.610: V/MP3Extractor(713): found possible 1st frame at 4516 (header = 0xfff75177)
07-26 14:29:20.610: V/MP3Extractor(713): subsequent header is e99a0f7c
07-26 14:29:20.610: V/MP3Extractor(713): no dice, no valid sequence of frames found.
07-26 14:29:20.610: V/MediaExtractor(729): readAt(6144, 2048)
07-26 14:29:20.613: V/MP3Extractor(713): found possible 1st frame at 7149 (header = 0xfffc993e)
07-26 14:29:20.613: V/MP3Extractor(713): subsequent header is 3662830d
07-26 14:29:20.613: V/MP3Extractor(713): no dice, no valid sequence of frames found.
07-26 14:29:20.614: V/MediaExtractor(729): readAt(8192, 2048)
07-26 14:29:20.614: V/MediaExtractor(729): readAt(10240, 2048)
07-26 14:29:20.615: V/MediaExtractor(729): readAt(12288, 2048)
07-26 14:29:20.615: V/MediaExtractor(729): readAt(12391, 1945)
07-26 14:29:20.615: V/MP3Extractor(713): found possible 1st frame at 12279 (header = 0xffff5456)
07-26 14:29:20.617: V/MediaExtractor(729): readAt(12439, 2048)
07-26 14:29:20.617: V/MP3Extractor(713): no dice, no valid sequence of frames found.
07-26 14:29:20.619: V/MediaExtractor(729): readAt(0, 2048)
07-26 14:29:20.622: V/MidiExtractor(713): SniffMidi: no
07-26 14:29:20.623: I/OmaDrmEngine(667): OmaDrmEngine::onInitialize
07-26 14:29:20.623: I/OmaDrmEngine(667): OmaDrmEngine::onInitialize -- OmaDrmGlue_InitializeKeyEncryption succeeded
07-26 14:29:20.623: I/OmaDrmEngine(667): OmaDrmEngine::onSetOnInfoListener
07-26 14:29:20.623: V/OmaDrmEngine(667): Found infoListenerClient
07-26 14:29:20.625: I/OmaDrmEngine(667): OmaDrmEngine::onOpenDecryptSession! fd = 7
07-26 14:29:20.625: D/OmaDrmFile(667): Coming into OmaDrmDcfFile_ParserDcf, fd =  9
07-26 14:29:20.625: E/OmaDrmFile(667): Invalid drm version
07-26 14:29:20.625: V/OmaDrmFile(667): DCF releases
07-26 14:29:20.625: I/OmaDrmEngine(667): OmaDrmEngine::onOpenDecryptSession Exit. result = -2006
07-26 14:29:20.628: I/OmaDrmEngine(667): OmaDrmEngine::onTerminate
07-26 14:29:20.630: I/OmaDrmEngine(667): OmaDrmEngine::onInitialize
07-26 14:29:20.630: I/OmaDrmEngine(667): OmaDrmEngine::onInitialize -- OmaDrmGlue_InitializeKeyEncryption succeeded
07-26 14:29:20.630: I/OmaDrmEngine(667): OmaDrmEngine::onSetOnInfoListener
07-26 14:29:20.630: V/OmaDrmEngine(667): Found infoListenerClient
07-26 14:29:20.631: I/OmaDrmEngine(667): OmaDrmEngine::onOpenDecryptSession! fd = 7
07-26 14:29:20.631: D/OmaDrmFile(667): Coming into OmaDrmDcfFile_ParserDcf, fd =  9
07-26 14:29:20.631: E/OmaDrmFile(667): Invalid drm version
07-26 14:29:20.631: V/OmaDrmFile(667): DCF releases
07-26 14:29:20.631: I/OmaDrmEngine(667): OmaDrmEngine::onOpenDecryptSession Exit. result = -2006
07-26 14:29:20.636: I/OmaDrmEngine(667): OmaDrmEngine::onTerminate
07-26 14:29:20.638: V/MediaExtractor(713): Autodetected media content as 'application/ogg' with confidence 0.80
07-26 14:29:20.638: I/ExtendedExtractor(713): QTIParser is prefered .. flags 2
07-26 14:29:20.639: V/MediaExtractor(729): readAt(0, 2048)
07-26 14:29:20.639: I/MediaExtractor(713): extractor created in uid: 1040 (mediaex)
07-26 14:29:20.645: D/MMParserExtractor(713): setExtraFlags called with flags 2 for paser instance ec923dc0
07-26 14:29:20.645: D/MMParserExtractor(713): using bigger parser buffers
07-26 14:29:20.645: I/ExtendedExtractor(713): ExtendedExtractor::create 0xec923dc0
07-26 14:29:20.645: V/MediaExtractorService(713): extractor service created 0xec923dc0 (<unspecified>)
07-26 14:29:20.646: V/BpMediaExtractor(729): getDrmFlag
07-26 14:29:20.646: V/BnMediaExtractor(713): getDrmFlag
07-26 14:29:20.646: V/BpMediaExtractor(729): getMetaData
07-26 14:29:20.646: V/BnMediaExtractor(713): getMetaData
07-26 14:29:20.648: V/MediaExtractor(729): readAt(0, 12391)
07-26 14:29:20.650: V/MediaExtractor(729): readAt(4411, 7980)
07-26 14:29:20.652: V/BpMediaExtractor(729): countTracks
07-26 14:29:20.652: V/BnMediaExtractor(713): countTracks
07-26 14:29:20.653: V/BpMediaExtractor(729): getTrack(0)
07-26 14:29:20.653: V/BnMediaExtractor(713): getTrack()
07-26 14:29:20.653: V/BpMediaExtractor(729): getTrackMetaData(0, 0)
07-26 14:29:20.653: V/BnMediaExtractor(713): getTrackMetaData
07-26 14:29:20.654: V/BpMediaSource(729): getFormat
07-26 14:29:20.654: V/BnMediaSource(713): getFormat
07-26 14:29:20.656: V/BpMediaSource(729): start
07-26 14:29:20.656: V/BnMediaSource(713): start
07-26 14:29:20.657: D/NuPlayerDriver(729): notifyListener_l(0xe9e20ba0), (1, 0, 0), loop setting(0, 0)
07-26 14:29:20.657: V/MediaPlayerService(729): [5] notify (0xe9e346c0, 1, 0, 0)
07-26 14:29:20.657: I/chatty(1940): uid=10040(com.android.systemui) expire 2 lines
07-26 14:29:20.658: V/AudioFlinger(660): acquiring 49 from 666, for -1
07-26 14:29:20.658: V/AudioFlinger(660):  added new entry for 49
07-26 14:29:20.659: V/MediaPlayerService(729): Client(6) constructor
07-26 14:29:20.659: V/MediaPlayerService(729): Create new client(6) from pid 666, uid 1047, 
07-26 14:29:20.660: V/MediaPlayerService(729): setDataSource(/system/media/audio/ui/VideoStop.ogg)
07-26 14:29:20.660: V/MediaPlayerService(729): player type = 4
07-26 14:29:20.660: V/MediaPlayerFactory(729):  create NuPlayer
07-26 14:29:20.660: V/NuPlayerDriver(729): NuPlayerDriver(0xe9e20cc0)
07-26 14:29:20.662: V/AudioSink(729): AudioOutput(49)
07-26 14:29:20.662: V/NuPlayerDriver(729): setDataSource(0xe9e20cc0) url(<no-scheme URI suppressed>)
07-26 14:29:20.662: V/NuPlayer(729): kWhatSetAudioSink
07-26 14:29:20.662: V/NuPlayer(729): kWhatSetDataSource
07-26 14:29:20.663: V/MediaPlayerService(729):  setDataSource
07-26 14:29:20.664: V/MediaPlayerService(729): [6] setAudioStreamType(7)
07-26 14:29:20.665: V/MediaPlayerService(729): [6] prepareAsync
07-26 14:29:20.665: V/NuPlayerDriver(729): prepareAsync(0xe9e20cc0)
07-26 14:29:20.665: V/FileSource(729): /system/media/audio/ui/VideoStop.ogg
07-26 14:29:20.666: V/MediaExtractor(729): MediaExtractor::Create (null) flags 2
07-26 14:29:20.666: I/OmaDrmEngine(667): OmaDrmEngine::onInitialize
07-26 14:29:20.666: I/OmaDrmEngine(667): OmaDrmEngine::onInitialize -- OmaDrmGlue_InitializeKeyEncryption succeeded
07-26 14:29:20.666: I/OmaDrmEngine(667): OmaDrmEngine::onSetOnInfoListener
07-26 14:29:20.666: V/OmaDrmEngine(667): Found infoListenerClient
07-26 14:29:20.668: I/OmaDrmEngine(667): OmaDrmEngine::onOpenDecryptSession! fd = 7
07-26 14:29:20.668: D/OmaDrmFile(667): Coming into OmaDrmDcfFile_ParserDcf, fd =  9
07-26 14:29:20.668: E/OmaDrmFile(667): Invalid drm version
07-26 14:29:20.668: V/OmaDrmFile(667): DCF releases
07-26 14:29:20.668: I/OmaDrmEngine(667): OmaDrmEngine::onOpenDecryptSession Exit. result = -2006
07-26 14:29:20.672: I/OmaDrmEngine(667): OmaDrmEngine::onTerminate
07-26 14:29:20.672: V/MediaExtractor(729): get service manager
07-26 14:29:20.672: I/bootstat(2471): Service started: /system/bin/bootstat --record_boot_complete 
07-26 14:29:20.674: V/MediaExtractorService(713): @@@ MediaExtractorService::makeExtractor for (null) extFlags 2
07-26 14:29:20.675: V/MediaExtractor(713): MediaExtractor::CreateFromService (null) flags 2
07-26 14:29:20.675: I/bootstat(2471): Logging histogram: bootstat_mtime_matches_content 1
07-26 14:29:20.676: V/MediaExtractor(729): readAt(0, 2048)
07-26 14:29:20.676: V/MPEG4Extractor(713): saw chunk type , size 1332176723 @ 0
07-26 14:29:20.677: V/MP3Extractor(713): found possible 1st frame at 100 (header = 0xffff9103)
07-26 14:29:20.677: V/MP3Extractor(713): subsequent header is 14528829
07-26 14:29:20.677: V/MP3Extractor(713): no dice, no valid sequence of frames found.
07-26 14:29:20.681: V/MediaExtractor(729): readAt(2048, 2048)
07-26 14:29:20.681: V/MediaExtractor(729): readAt(4096, 2048)
07-26 14:29:20.682: V/MediaExtractor(729): readAt(6144, 2048)
07-26 14:29:20.682: V/MediaExtractor(729): readAt(8192, 2048)
07-26 14:29:20.683: V/MediaExtractor(729): readAt(10240, 2048)
07-26 14:29:20.683: V/MediaExtractor(729): readAt(12288, 2048)
07-26 14:29:20.684: V/MediaExtractor(729): readAt(12431, 1905)
07-26 14:29:20.684: V/MediaExtractor(729): readAt(0, 2048)
07-26 14:29:20.684: I/chatty(1940): uid=10040(com.android.systemui) QSTileHost expire 2 lines
07-26 14:29:20.685: V/MidiExtractor(713): SniffMidi: no
07-26 14:29:20.688: I/OmaDrmEngine(667): OmaDrmEngine::onInitialize
07-26 14:29:20.688: I/OmaDrmEngine(667): OmaDrmEngine::onInitialize -- OmaDrmGlue_InitializeKeyEncryption succeeded
07-26 14:29:20.688: I/OmaDrmEngine(667): OmaDrmEngine::onSetOnInfoListener
07-26 14:29:20.688: V/OmaDrmEngine(667): Found infoListenerClient
07-26 14:29:20.688: I/OmaDrmEngine(667): OmaDrmEngine::onOpenDecryptSession! fd = 7
07-26 14:29:20.688: D/OmaDrmFile(667): Coming into OmaDrmDcfFile_ParserDcf, fd =  9
07-26 14:29:20.688: E/OmaDrmFile(667): Invalid drm version
07-26 14:29:20.688: V/OmaDrmFile(667): DCF releases
07-26 14:29:20.688: I/OmaDrmEngine(667): OmaDrmEngine::onOpenDecryptSession Exit. result = -2006
07-26 14:29:20.690: I/bootstat(2471): Logging histogram: bootstat_mtime_matches_content 1
07-26 14:29:20.690: I/bootstat(2471): Logging histogram: bootstat_mtime_matches_content 1
07-26 14:29:20.690: I/OmaDrmEngine(667): OmaDrmEngine::onTerminate
07-26 14:29:20.691: I/OmaDrmEngine(667): OmaDrmEngine::onInitialize
07-26 14:29:20.691: I/OmaDrmEngine(667): OmaDrmEngine::onInitialize -- OmaDrmGlue_InitializeKeyEncryption succeeded
07-26 14:29:20.691: I/OmaDrmEngine(667): OmaDrmEngine::onSetOnInfoListener
07-26 14:29:20.691: V/OmaDrmEngine(667): Found infoListenerClient
07-26 14:29:20.691: I/SystemServiceManager(1444): Starting phase 1000
07-26 14:29:20.692: I/OmaDrmEngine(667): OmaDrmEngine::onOpenDecryptSession! fd = 7
07-26 14:29:20.692: D/OmaDrmFile(667): Coming into OmaDrmDcfFile_ParserDcf, fd =  9
07-26 14:29:20.692: E/OmaDrmFile(667): Invalid drm version
07-26 14:29:20.692: V/OmaDrmFile(667): DCF releases
07-26 14:29:20.692: I/OmaDrmEngine(667): OmaDrmEngine::onOpenDecryptSession Exit. result = -2006
07-26 14:29:20.693: I/OmaDrmEngine(667): OmaDrmEngine::onTerminate
07-26 14:29:20.694: V/MediaExtractor(713): Autodetected media content as 'application/ogg' with confidence 0.80
07-26 14:29:20.694: I/ExtendedExtractor(713): QTIParser is prefered .. flags 2
07-26 14:29:20.696: V/MediaExtractor(729): readAt(0, 2048)
07-26 14:29:20.696: I/MediaExtractor(713): extractor created in uid: 1040 (mediaex)
07-26 14:29:20.697: D/MMParserExtractor(713): setExtraFlags called with flags 2 for paser instance ec923be0
07-26 14:29:20.697: D/MMParserExtractor(713): using bigger parser buffers
07-26 14:29:20.697: I/ExtendedExtractor(713): ExtendedExtractor::create 0xec923be0
07-26 14:29:20.697: V/MediaExtractorService(713): extractor service created 0xec923be0 (<unspecified>)
07-26 14:29:20.697: V/BpMediaExtractor(729): getDrmFlag
07-26 14:29:20.697: V/BnMediaExtractor(713): getDrmFlag
07-26 14:29:20.698: V/BpMediaExtractor(729): getMetaData
07-26 14:29:20.698: V/BnMediaExtractor(713): getMetaData
07-26 14:29:20.698: V/MediaExtractor(729): readAt(0, 12431)
07-26 14:29:20.700: V/MediaExtractor(729): readAt(4411, 8020)
07-26 14:29:20.706: V/BpMediaExtractor(729): countTracks
07-26 14:29:20.706: V/BnMediaExtractor(713): countTracks
07-26 14:29:20.706: V/BpMediaExtractor(729): getTrack(0)
07-26 14:29:20.707: V/BnMediaExtractor(713): getTrack()
07-26 14:29:20.709: V/BpMediaExtractor(729): getTrackMetaData(0, 0)
07-26 14:29:20.709: V/BnMediaExtractor(713): getTrackMetaData
07-26 14:29:20.709: V/BpMediaSource(729): getFormat
07-26 14:29:20.710: V/BnMediaSource(713): getFormat
07-26 14:29:20.711: V/BpMediaSource(729): start
07-26 14:29:20.711: V/BnMediaSource(713): start
07-26 14:29:20.711: D/NuPlayerDriver(729): notifyListener_l(0xe9e20cc0), (1, 0, 0), loop setting(0, 0)
07-26 14:29:20.711: V/MediaPlayerService(729): [6] notify (0xe9e34900, 1, 0, 0)
07-26 14:29:20.712: V/CameraService(666): startCameraOps: Start camera ops, package name = cameraserver, client UID = 1047
07-26 14:29:20.715: V/CameraService(666): updateStatus: Status has changed for camera ID 1 from 0x1 to 0xfffffffe
07-26 14:29:20.715: I/CameraFlashlight(666): Opening camera 1
07-26 14:29:20.739: I/CAM_ZEUSIS_ALGO(666): <ALGO><INFO> CZeusisAlgorithm::CZeusisAlgorithm(int, IZeusisHalBus *): 50: camera_id:1
07-26 14:29:20.739: I/CAM_ZEUSIS_ALGO(666): <ALGO><INFO> void camera_algo_set_dbg_log_properties(): 60: E
07-26 14:29:20.747: E/QCamera(666): <HAL><ERROR> int32_t qcamera::QCameraPerfLock::lock_acq_timed(int32_t): 314: failed to acquire lock
07-26 14:29:20.757: I/System.out(1926): sxx++++INIFile+++++pstrPathAndName++++++checkFile(pstrPathAndName)++default_theme/720/phone/port/py_9.ini,false
07-26 14:29:20.761: I/System.out(1926): sxx++++INIFile+++++pstrPathAndName++++++checkFile(pstrPathAndName)++default_theme/720/phone/layout/config.ini,false
07-26 14:29:20.762: D/SogouIME(1926): [[SogouIME::a]] [ onCreateInputView ]
07-26 14:29:20.770: W/ActivityManager(1444): Slow operation: 73ms so far, now at startProcess: returned from zygote!
07-26 14:29:20.770: W/ActivityManager(1444): Slow operation: 73ms so far, now at startProcess: done updating battery stats
07-26 14:29:20.770: W/ActivityManager(1444): Slow operation: 73ms so far, now at startProcess: building log message
07-26 14:29:20.770: I/ActivityManager(1444): Start proc 2478:android.ext.services/u0a8 for on-hold
07-26 14:29:20.770: W/ActivityManager(1444): Slow operation: 73ms so far, now at startProcess: starting to update pids map
07-26 14:29:20.770: W/ActivityManager(1444): Slow operation: 74ms so far, now at startProcess: done updating pids map
07-26 14:29:20.809: I/ServiceManager(749): Waiting for service AtCmdFwd...
07-26 14:29:20.814: D/ActivityManager(1444): Finishing user boot 0
07-26 14:29:20.817: D/CryptdConnector(1444): SND -> {6 cryptfs prepare_user_storage ! 0 0 2}
07-26 14:29:20.825: D/vold(357): e4crypt_prepare_user_storage for volume null, user 0, serial 0, flags 2
07-26 14:29:20.825: D/vold(357): Preparing: /data/system_ce/0
07-26 14:29:20.826: D/vold(357): Preparing: /data/misc_ce/0
07-26 14:29:20.826: D/vold(357): Preparing: /data/media/0
07-26 14:29:20.826: D/vold(357): Preparing: /data/data
07-26 14:29:20.826: D/CryptdConnector(1444): RCV <- {200 6 Command succeeded}
07-26 14:29:20.828: V/PackageManager(1444): reconcileAppsData for null u0 0x2
07-26 14:29:20.860: I/bootstat(2483): Service started: /system/bin/bootstat --record_boot_reason 
07-26 14:29:20.860: I/bootstat(2483): Unknown boot reason: 
07-26 14:29:20.895: E/mm-camera(766): <STATS ><ERROR> 2822: stats_port_check_caps_reserve: Invalid Port capability type!
07-26 14:29:20.895: E/mm-camera(766): <STATS ><ERROR> 2822: stats_port_check_caps_reserve: Invalid Port capability type!
07-26 14:29:20.895: E/mm-camera(766): <STATS ><ERROR> 2822: stats_port_check_caps_reserve: Invalid Port capability type!
07-26 14:29:20.896: E/mm-camera(766): <STATS ><ERROR> 2822: stats_port_check_caps_reserve: Invalid Port capability type!
07-26 14:29:20.896: E/mm-camera(766): <STATS ><ERROR> 2822: stats_port_check_caps_reserve: Invalid Port capability type!
07-26 14:29:20.902: V/BoostFramework(1926): mAcquireFunc method = public int com.qualcomm.qti.Performance.perfLockAcquire(int,int[])
07-26 14:29:20.903: V/BoostFramework(1926): mReleaseFunc method = public int com.qualcomm.qti.Performance.perfLockRelease()
07-26 14:29:20.903: V/BoostFramework(1926): mAcquireTouchFunc method = public int com.qualcomm.qti.Performance.perfLockAcquireTouch(android.view.MotionEvent,android.util.DisplayMetrics,int,int[])
07-26 14:29:20.903: V/BoostFramework(1926): mIOPStart method = public int com.qualcomm.qti.Performance.perfIOPrefetchStart(int,java.lang.String)
07-26 14:29:20.903: V/BoostFramework(1926): mIOPStop method = public int com.qualcomm.qti.Performance.perfIOPrefetchStop()
07-26 14:29:20.909: V/BoostFramework(1926): BoostFramework() : mPerf = com.qualcomm.qti.Performance@d08fed6
07-26 14:29:20.922: I/SDM(478): ResourceImpl::SetMaxBandwidthMode: new bandwidth mode=1
07-26 14:29:20.924: I/Thermal-Lib(666): Thermal-Lib-Client: Registraion successful for camera with handle:1
07-26 14:29:20.924: I/Thermal-Lib(666): Thermal-Lib-Client: Registraion successful for camcorder with handle:2
07-26 14:29:20.937: I/ThermalEngine(647): Thermal-Server: Adding thermal event listener on fd 46
07-26 14:29:20.941: E/QCamera(666): <HAL><ERROR> int32_t qcamera::QCameraParameters::setSceneMode(const char *): 9017: Setting SceneMode=auto,value=0
07-26 14:29:20.943: I/Thermal-Lib(666): Thermal-Lib-Client: Client received msg camera 0
07-26 14:29:20.943: I/Thermal-Lib(666): Thermal-Lib-Client: Client received msg camcorder 0
07-26 14:29:20.943: E/mm-camera(766): <MCT   ><ERROR> 1056: mct_pipeline_decide_hw_wakeup: Couldn't find meta stream
07-26 14:29:20.949: E/mm-camera(766): <MCT   ><ERROR> 1056: mct_pipeline_decide_hw_wakeup: Couldn't find meta stream
07-26 14:29:20.949: I/bootstat(2510): Service started: /system/bin/bootstat --record_time_since_factory_reset 
07-26 14:29:20.949: I/bootstat(2510): Logging histogram: factory_reset_current_time 1532586560
07-26 14:29:20.950: E/mm-camera(766): <MCT   ><ERROR> 1056: mct_pipeline_decide_hw_wakeup: Couldn't find meta stream
07-26 14:29:20.953: E/QCamera(666): <HAL><ERROR> int32_t qcamera::QCameraPerfLock::lock_acq(): 363: failed to acquire lock
07-26 14:29:20.953: I/CAM_ZEUSIS_ALGO(666): <ALGO><INFO> int qcamera::QCamera2HardwareInterface::onZeusisStopPreview(): 961: E
07-26 14:29:20.953: I/CAM_ZEUSIS_ALGO(666): <ALGO><INFO> int qcamera::QCamera2HardwareInterface::onZeusisStopPreview(): 978: X
07-26 14:29:20.954: I/CameraFlashlight(666): Destroying camera 1
07-26 14:29:20.957: E/QCamera(666): <HAL><ERROR> int32_t qcamera::QCameraPerfLock::lock_acq(): 363: failed to acquire lock
07-26 14:29:20.959: E/mm-camera(766): <IMGLIB><ERROR> 303: static int32_t QCameraPAAF::AllocateBuffers(img_base_ops_t *, bool): Invalid dimensions 0x0
07-26 14:29:20.959: E/mm-camera(766): <IMGLIB><ERROR> 203: int img_algo_preload(img_base_ops_t *): Preload: Failed to allocate buffer, rc -4
07-26 14:29:20.959: E/mm-camera(766): <IMGLIB><ERROR> 117: module_imgbase_client_preload_exec: IMG_CORE_PRELOAD failed -4
07-26 14:29:20.959: I/bootstat(2510): Logging histogram: bootstat_mtime_matches_content 1
07-26 14:29:20.960: I/bootstat(2510): Logging histogram: factory_reset_record_value 10354685
07-26 14:29:20.961: E/mm-camera(766): <MCT   ><ERROR> 1056: mct_pipeline_decide_hw_wakeup: Couldn't find meta stream
07-26 14:29:20.974: D/CandidatesTheme(1926): SogouIME.mSogouIME.mSkinType=0
07-26 14:29:20.975: I/Thermal-Lib(666): Thermal-Lib-Client: Unregisteration is successfull for handle:1
