07-26 14:29:26.934: W/ActivityManager(1444): Slow operation: 56ms so far, now at startProcess: done updating battery stats
07-26 14:29:26.934: W/ActivityManager(1444): Slow operation: 56ms so far, now at startProcess: building log message
07-26 14:29:26.934: I/ActivityManager(1444): Start proc 2961:com.qualcomm.location.XT/1000 for service com.qualcomm.location.XT/.XTSrv
07-26 14:29:26.934: W/ActivityManager(1444): Slow operation: 57ms so far, now at startProcess: starting to update pids map
07-26 14:29:26.934: W/ActivityManager(1444): Slow operation: 57ms so far, now at startProcess: done updating pids map
07-26 14:29:26.934: W/ActivityManager(1444): Slow operation: 57ms so far, now at startProcess: done starting proc!
07-26 14:29:26.960: D/KeyguardViewMediator(1940): handleShow
07-26 14:29:26.960: V/StatusBarWindowManager(1940): mbShowWallpaper:false
07-26 14:29:26.960: V/StatusBarWindowManager(1940): applyKeyguardFlags add FLAG_SHOW_WALLPAPER flag
07-26 14:29:26.969: I/chatty(1444): uid=1000(system) IzatServiceBase expire 71 lines
07-26 14:29:26.970: I/ActivityManager(1444): Setting hasTopUi=true for pid=1940
07-26 14:29:26.976: E/CommonUtils(1940): error : com.zeusis.android.feature.ZSFeature
07-26 14:29:26.988: V/KeyguardUpdateMonitor(1940): *** register callback for com.android.keyguard.KeyguardHostView$1@7f5b61d
07-26 14:29:26.988: V/KeyguardUpdateMonitor(1940): *** unregister callback for null
07-26 14:29:27.007: V/KeyguardSecurityView(1940): showPrimarySecurityScreen(turningOff=false)
07-26 14:29:27.007: D/KeyguardSecurityView(1940): showSecurityScreen(None)
07-26 14:29:27.011: V/StatusBarWindowManager(1940): mbShowWallpaper:false
07-26 14:29:27.011: V/StatusBarWindowManager(1940): applyKeyguardFlags add FLAG_SHOW_WALLPAPER flag
07-26 14:29:27.044: W/System.err(2853): java.lang.ClassNotFoundException: com.zeusis.hawkeye.PerformanceManager
07-26 14:29:27.045: W/System.err(2853): 	at java.lang.Class.classForName(Native Method)
07-26 14:29:27.045: W/System.err(2853): 	at java.lang.Class.forName(Class.java:400)
07-26 14:29:27.045: W/System.err(2853): 	at java.lang.Class.forName(Class.java:326)
07-26 14:29:27.045: W/System.err(2853): 	at com.journeyui.launcher.PerformanceManagerInstance.<init>(PerformanceManagerInstance.java:51)
07-26 14:29:27.045: W/System.err(2853): 	at com.journeyui.launcher.PerformanceManagerInstance.getInstance(PerformanceManagerInstance.java:41)
07-26 14:29:27.045: W/System.err(2853): 	at com.journeyui.launcher.Launcher.onCreate(Launcher.java:739)
07-26 14:29:27.045: W/System.err(2853): 	at android.app.Activity.performCreate(Activity.java:6720)
07-26 14:29:27.045: W/System.err(2853): 	at android.app.Instrumentation.callActivityOnCreate(Instrumentation.java:1122)
07-26 14:29:27.045: W/System.err(2853): 	at android.app.ActivityThread.performLaunchActivity(ActivityThread.java:2618)
07-26 14:29:27.045: W/System.err(2853): 	at android.app.ActivityThread.handleLaunchActivity(ActivityThread.java:2726)
07-26 14:29:27.045: W/System.err(2853): 	at android.app.ActivityThread.-wrap12(ActivityThread.java)
07-26 14:29:27.045: W/System.err(2853): 	at android.app.ActivityThread$H.handleMessage(ActivityThread.java:1477)
07-26 14:29:27.045: W/System.err(2853): 	at android.os.Handler.dispatchMessage(Handler.java:102)
07-26 14:29:27.046: W/System.err(2853): 	at android.os.Looper.loop(Looper.java:154)
07-26 14:29:27.046: W/System.err(2853): 	at android.app.ActivityThread.main(ActivityThread.java:6119)
07-26 14:29:27.046: W/System.err(2853): 	at java.lang.reflect.Method.invoke(Native Method)
07-26 14:29:27.046: W/System.err(2853): 	at com.android.internal.os.ZygoteInit$MethodAndArgsCaller.run(ZygoteInit.java:892)
07-26 14:29:27.046: W/System.err(2853): 	at com.android.internal.os.ZygoteInit.main(ZygoteInit.java:782)
07-26 14:29:27.046: W/System.err(2853): Caused by: java.lang.ClassNotFoundException: Didn't find class "com.zeusis.hawkeye.PerformanceManager" on path: DexPathList[[zip file "/system/framework/ZeusisCommonUILibrary/ZeusisCommonUILibrary.apk", zip file "/system/priv-app/ZsLauncher/ZsLauncher.apk"],nativeLibraryDirectories=[/system/priv-app/ZsLauncher/lib/arm64, /system/lib64, /vendor/lib64, /system/lib64, /vendor/lib64]]
07-26 14:29:27.046: W/System.err(2853): 	at dalvik.system.BaseDexClassLoader.findClass(BaseDexClassLoader.java:56)
07-26 14:29:27.046: W/System.err(2853): 	at java.lang.ClassLoader.loadClass(ClassLoader.java:380)
07-26 14:29:27.046: W/System.err(2853): 	at java.lang.ClassLoader.loadClass(ClassLoader.java:312)
07-26 14:29:27.046: W/System.err(2853): 	... 18 more
07-26 14:29:27.047: W/System.err(2853): java.lang.ClassNotFoundException: com.zeusis.hawkeye.HawkeyeErrno
07-26 14:29:27.048: W/System.err(2853): 	at java.lang.Class.classForName(Native Method)
07-26 14:29:27.048: W/System.err(2853): 	at java.lang.Class.forName(Class.java:400)
07-26 14:29:27.048: W/System.err(2853): 	at java.lang.Class.forName(Class.java:326)
07-26 14:29:27.048: W/System.err(2853): 	at com.journeyui.launcher.PerformanceManagerInstance.<init>(PerformanceManagerInstance.java:60)
07-26 14:29:27.048: W/System.err(2853): 	at com.journeyui.launcher.PerformanceManagerInstance.getInstance(PerformanceManagerInstance.java:41)
07-26 14:29:27.048: W/System.err(2853): 	at com.journeyui.launcher.Launcher.onCreate(Launcher.java:739)
07-26 14:29:27.048: W/System.err(2853): 	at android.app.Activity.performCreate(Activity.java:6720)
07-26 14:29:27.048: W/System.err(2853): 	at android.app.Instrumentation.callActivityOnCreate(Instrumentation.java:1122)
07-26 14:29:27.048: W/System.err(2853): 	at android.app.ActivityThread.performLaunchActivity(ActivityThread.java:2618)
07-26 14:29:27.048: W/System.err(2853): 	at android.app.ActivityThread.handleLaunchActivity(ActivityThread.java:2726)
07-26 14:29:27.048: W/System.err(2853): 	at android.app.ActivityThread.-wrap12(ActivityThread.java)
07-26 14:29:27.048: W/System.err(2853): 	at android.app.ActivityThread$H.handleMessage(ActivityThread.java:1477)
07-26 14:29:27.048: W/System.err(2853): 	at android.os.Handler.dispatchMessage(Handler.java:102)
07-26 14:29:27.048: W/System.err(2853): 	at android.os.Looper.loop(Looper.java:154)
07-26 14:29:27.048: W/System.err(2853): 	at android.app.ActivityThread.main(ActivityThread.java:6119)
07-26 14:29:27.048: W/System.err(2853): 	at java.lang.reflect.Method.invoke(Native Method)
07-26 14:29:27.048: W/System.err(2853): 	at com.android.internal.os.ZygoteInit$MethodAndArgsCaller.run(ZygoteInit.java:892)
07-26 14:29:27.048: W/System.err(2853): 	at com.android.internal.os.ZygoteInit.main(ZygoteInit.java:782)
07-26 14:29:27.049: W/System.err(2853): Caused by: java.lang.ClassNotFoundException: Didn't find class "com.zeusis.hawkeye.HawkeyeErrno" on path: DexPathList[[zip file "/system/framework/ZeusisCommonUILibrary/ZeusisCommonUILibrary.apk", zip file "/system/priv-app/ZsLauncher/ZsLauncher.apk"],nativeLibraryDirectories=[/system/priv-app/ZsLauncher/lib/arm64, /system/lib64, /vendor/lib64, /system/lib64, /vendor/lib64]]
07-26 14:29:27.049: W/System.err(2853): 	at dalvik.system.BaseDexClassLoader.findClass(BaseDexClassLoader.java:56)
07-26 14:29:27.049: W/System.err(2853): 	at java.lang.ClassLoader.loadClass(ClassLoader.java:380)
07-26 14:29:27.049: W/System.err(2853): 	at java.lang.ClassLoader.loadClass(ClassLoader.java:312)
07-26 14:29:27.049: W/System.err(2853): 	... 18 more
07-26 14:29:27.050: D/JunkService(2535): SNDSTRING
07-26 14:29:27.058: E/XTCC-5.1.0.23-b(1042): [TdpCsClient] unknown postcard info. reason:REGISTER-EVENT, 
07-26 14:29:27.059: E/XTCC-5.1.0.23-b(1042): [TdpCsClient] unknown postcard info. reason:REGISTER-EVENT, 
07-26 14:29:27.060: I/chatty(1444): uid=1000(system) IzatServiceBase expire 7 lines
07-26 14:29:27.063: E/XTCC-5.1.0.23-b(1042): [TdpCsClient] unknown postcard info. reason:REGISTER-EVENT, 
07-26 14:29:27.082: V/StatusBarWindowManager(1940): mbShowWallpaper:false
07-26 14:29:27.082: V/StatusBarWindowManager(1940): applyKeyguardFlags add FLAG_SHOW_WALLPAPER flag
07-26 14:29:27.086: E/StanPush(2940): activation file already create
07-26 14:29:27.088: D/JunkService(2535): SNDSTRING
07-26 14:29:27.111: W/System(2961): ClassLoader referenced unknown path: /system/priv-app/xtra_t_app/lib/arm64
07-26 14:29:27.123: W/ActivityManager(1444): Slow operation: 84ms so far, now at startProcess: returned from zygote!
07-26 14:29:27.127: W/ActivityManager(1444): Slow operation: 84ms so far, now at startProcess: done updating battery stats
07-26 14:29:27.127: W/ActivityManager(1444): Slow operation: 89ms so far, now at startProcess: building log message
07-26 14:29:27.127: I/ActivityManager(1444): Start proc 2989:com.android.printspooler/u12a74 for service com.android.printspooler/.model.PrintSpoolerService
07-26 14:29:27.127: W/ActivityManager(1444): Slow operation: 89ms so far, now at startProcess: starting to update pids map
07-26 14:29:27.127: W/ActivityManager(1444): Slow operation: 89ms so far, now at startProcess: done updating pids map
07-26 14:29:27.128: W/ActivityManager(1444): Slow operation: 90ms so far, now at startProcess: done starting proc!
07-26 14:29:27.133: V/KeyguardIndication(1940): DEBUG1,textDisplayed:ÕýÔÚ³äµç,isChangeAnimationPlay:false,mTransientIndication:null,mPowerPluggedIn:true
07-26 14:29:27.146: V/PanelView(1940): setKeyguardStatusViewVisibility,isWidgetShow:false
07-26 14:29:27.146: D/KeyguardUpdateMonitor(1940): StrongAuthTracker-->isFingerprintAllowedForUser(0)=false
07-26 14:29:27.163: I/chatty(1444): uid=1000(system) FLP Service Cal expire 29 lines
07-26 14:29:27.163: E/XTCC-5.1.0.23-b(1042): [TdpCsClient] unknown postcard info. reason:REGISTER-EVENT, 
07-26 14:29:27.168: I/chatty(1444): uid=1000(system) FLP Service Cal expire 19 lines
07-26 14:29:27.179: E/XTCC-5.1.0.23-b(1042): [TdpCsClient] unknown postcard info. reason:REGISTER-EVENT, 
07-26 14:29:27.187: D/KeyguardUpdateMonitor(1940): StrongAuthTracker-->isFingerprintAllowedForUser(0)=false
07-26 14:29:27.187: V/KeyguardBottomAreaView(1940): showWidgetOnBottom,show:false,mCameraEnabled:true
07-26 14:29:27.187: V/KeyguardBottomAreaView(1940): onVisibilityChanged:visibility:0
07-26 14:29:27.244: W/System(2874): ClassLoader referenced unknown path: /system/app/Tencentmobilemanager/lib/arm
07-26 14:29:27.263: D/CarrierConfigLoader(2193): mHandler: 12 phoneId: 0
07-26 14:29:27.280: D/Launcher.Model(2853): step 1: loading workspace
07-26 14:29:27.280: D/Launcher.Model(2853): loadAndBindWorkspace mWorkspaceLoaded=false
07-26 14:29:27.308: V/BoostFramework(2853): mAcquireFunc method = public int com.qualcomm.qti.Performance.perfLockAcquire(int,int[])
07-26 14:29:27.308: V/BoostFramework(2853): mReleaseFunc method = public int com.qualcomm.qti.Performance.perfLockRelease()
07-26 14:29:27.309: V/BoostFramework(2853): mAcquireTouchFunc method = public int com.qualcomm.qti.Performance.perfLockAcquireTouch(android.view.MotionEvent,android.util.DisplayMetrics,int,int[])
07-26 14:29:27.309: V/BoostFramework(2853): mIOPStart method = public int com.qualcomm.qti.Performance.perfIOPrefetchStart(int,java.lang.String)
07-26 14:29:27.309: V/BoostFramework(2853): mIOPStop method = public int com.qualcomm.qti.Performance.perfIOPrefetchStop()
07-26 14:29:27.322: V/BoostFramework(2853): BoostFramework() : mPerf = com.qualcomm.qti.Performance@cadf219
07-26 14:29:27.322: V/BoostFramework(2853): BoostFramework() : mPerf = com.qualcomm.qti.Performance@e29e2de
07-26 14:29:27.334: E/Sensors(520): sns_debug_main.c(160):Debug Timer Callback called
07-26 14:29:27.337: E/XTCC-5.1.0.23-b(1042): [PredUnit] handleConnectivtyStatusChange failed
07-26 14:29:27.337: E/XTCC-5.1.0.23-b(1042): [PredUnit] handleConnectivtyStatusChange failed
07-26 14:29:27.343: D/LocSvc_LBSProxy(2961): static bool lbs_core::LBSProxy::checkIfLocationExtendedClientExists()] File Exists
07-26 14:29:27.344: D/LocSvc_LBSProxy(2961): static bool lbs_core::LBSProxy::checkIfNativeXtraClientExists()] XTRA Client 2.0 Exist
07-26 14:29:27.348: D/QC_RIL_OEM_HOOK(2193): Received Broadcast Intent ACTION_UNSOL_RESPONSE_OEM_HOOK_RAW
07-26 14:29:27.349: D/QC_RIL_OEM_HOOK(2193): Oem ID in QCRILHOOK UNSOL RESP is QOEMHOOK
07-26 14:29:27.349: D/QC_RIL_OEM_HOOK(2193): Received Broadcast Intent ACTION_UNSOL_RESPONSE_OEM_HOOK_RAW
07-26 14:29:27.349: D/QC_RIL_OEM_HOOK(2193): Oem ID in QCRILHOOK UNSOL RESP is QOEMHOOK
07-26 14:29:27.371: E/LocSvc_api_v02(2961): I/locClientOpen:1912]: Service instance id is -1
07-26 14:29:27.371: E/LocSvc_api_v02(2961): I/---> locClientOpenInstance line 1792 loc client open
07-26 14:29:27.376: D/JunkService(2535): SNDSTRING
07-26 14:29:27.382: V/NotificationIconAreaController(1940): setIconTint(iconTint=0xffffffff
07-26 14:29:27.382: V/LockscreenWallpaper(1940): mCached:false, mCache:null
07-26 14:29:27.386: I/chatty(1444): uid=1000(system) ulp_msg expire 27 lines
07-26 14:29:27.387: V/BoostFramework(2853): BoostFramework() : mPerf = com.qualcomm.qti.Performance@3ed4eea
07-26 14:29:27.387: V/BoostFramework(2853): BoostFramework() : mPerf = com.qualcomm.qti.Performance@d1215db
07-26 14:29:27.388: E/XTCC-5.1.0.23-b(1042): [PredUnit] handleConnectivtyStatusChange failed
07-26 14:29:27.390: E/XTCC-5.1.0.23-b(1042): [PredUnit] handleConnectivtyStatusChange failed
07-26 14:29:27.394: E/LocSvc_api_v02(1042): I/locClientOpen:1912]: Service instance id is -1
07-26 14:29:27.394: E/TdpIzatAdapter(1042): I/===> void xtrat_tdp::TdpIzatAdapter::sendGtpEnhancedCellConfig(e_premium_mode) line 64 
07-26 14:29:27.394: E/LocSvc_api_v02(1042): I/---> locClientOpenInstance line 1792 loc client open
07-26 14:29:27.395: E/LocSvc_api_v02(1042): I/---> locClientSendReq line 2069 QMI_LOC_REG_EVENTS_REQ_V02
07-26 14:29:27.397: V/BoostFramework(2853): BoostFramework() : mPerf = com.qualcomm.qti.Performance@c02cb51
07-26 14:29:27.397: V/BoostFramework(2853): BoostFramework() : mPerf = com.qualcomm.qti.Performance@8c96fb6
07-26 14:29:27.398: E/LocSvc_api_v02(1042): I/---> locClientSendReq line 2069 QMI_LOC_QUERY_AON_CONFIG_REQ_V02
07-26 14:29:27.402: E/QC-QMI(2961): qmi_client [-1] QMUXD disabled
07-26 14:29:27.403: E/QC-QMI(2961): qmi_qmux_if_pwr_up_init_ex:  Initialization failed, rc = -6
07-26 14:29:27.403: E/QMI_FW(2961): QMUXD: WARNING qmi_qmux_if_pwr_up_init failed! rc=-6
07-26 14:29:27.404: E/LocSvc_api_v02(2961): I/---> locClientSendReq line 2069 QMI_LOC_REG_EVENTS_REQ_V02
07-26 14:29:27.404: E/LocSvc_ApiV02(1042): I/<--- void globalRespCb(locClientHandleType, uint32_t, const locClientRespIndUnionType, uint32_t, void *) line 140 QMI_LOC_QUERY_AON_CONFIG_REQ_V02
07-26 14:29:27.404: E/LocSvc_api_v02(1042): I/---> locClientSendReq line 2069 QMI_LOC_GET_SUPPORTED_FEATURE_REQ_V02
07-26 14:29:27.405: D/JunkService(2535): SNDSTRING
07-26 14:29:27.408: E/LocSvc_api_v02(2961): I/---> locClientSupportMsgCheck line 2187 QMI_LOC_GET_SUPPORTED_MSGS_REQ_V02
07-26 14:29:27.408: E/QMI_FW(1042): QCCI qmi_cci_xport_recv: txn not found. svc_id: 16
07-26 14:29:27.409: E/LocSvc_api_v02(2961): I/---> locClientSendReq line 2069 QMI_LOC_QUERY_AON_CONFIG_REQ_V02
07-26 14:29:27.409: E/LocSvc_ApiV02(2961): I/<--- void globalRespCb(locClientHandleType, uint32_t, const locClientRespIndUnionType, uint32_t, void *) line 140 QMI_LOC_QUERY_AON_CONFIG_REQ_V02
07-26 14:29:27.410: E/LocSvc_api_v02(2961): I/---> locClientSendReq line 2069 QMI_LOC_GET_SUPPORTED_FEATURE_REQ_V02
07-26 14:29:27.411: E/LocSvc_ApiV02(2961): E/virtual enum loc_api_adapter_err LocApiV02::open(LOC_API_ADAPTER_EVENT_MASK_T):396:2]: Failed to get features supported from QMI_LOC_GET_SUPPORTED_FEATURE_REQ_V02. 
07-26 14:29:27.412: E/LocSvc_api_v02(2961): I/---> locClientSendReq line 2069 QMI_LOC_SET_PREMIUM_SERVICES_CONFIG_REQ_V02
07-26 14:29:27.412: E/QMI_FW(2961): QCCI qmi_cci_xport_recv: txn not found. svc_id: 16
07-26 14:29:27.413: E/LocSvc_ApiV02(2961): I/<--- void globalRespCb(locClientHandleType, uint32_t, const locClientRespIndUnionType, uint32_t, void *) line 140 QMI_LOC_SET_PREMIUM_SERVICES_CONFIG_REQ_V02
07-26 14:29:27.413: E/LocSvc_api_v02(2961): I/---> locClientSendReq line 2069 QMI_LOC_SET_PREMIUM_SERVICES_CONFIG_REQ_V02
07-26 14:29:27.414: E/LocSvc_LBSApiV02(2961): E/virtual void lbs_core::LBSApiV02::injectFeatureConfig(e_premium_mode, e_premium_mode, e_premium_mode):710]: Error : st = 3, ind.status = 0
07-26 14:29:27.414: E/LocSvc_api_v02(2961): I/---> locClientSendReq line 2069 QMI_LOC_SET_PREMIUM_SERVICES_CONFIG_REQ_V02
07-26 14:29:27.415: E/QMI_FW(2961): QCCI qmi_cci_xport_recv: txn not found. svc_id: 16
07-26 14:29:27.416: E/LocSvc_ApiV02(2961): I/<--- void globalRespCb(locClientHandleType, uint32_t, const locClientRespIndUnionType, uint32_t, void *) line 140 QMI_LOC_SET_PREMIUM_SERVICES_CONFIG_REQ_V02
07-26 14:29:27.419: E/LocSvc_ApiV02(1042): E/virtual enum loc_api_adapter_err LocApiV02::open(LOC_API_ADAPTER_EVENT_MASK_T):396:2]: Failed to get features supported from QMI_LOC_GET_SUPPORTED_FEATURE_REQ_V02. 
07-26 14:29:27.419: E/LocSvc_api_v02(1042): I/---> locClientSendReq line 2069 QMI_LOC_SET_PREMIUM_SERVICES_CONFIG_REQ_V02
07-26 14:29:27.420: E/LocSvc_ApiV02(1042): I/<--- void globalRespCb(locClientHandleType, uint32_t, const locClientRespIndUnionType, uint32_t, void *) line 140 QMI_LOC_SET_PREMIUM_SERVICES_CONFIG_REQ_V02
07-26 14:29:27.420: D/Launcher(2853): onPageSwitch0
07-26 14:29:27.422: V/Launcher(2853): statusBar height:48
07-26 14:29:27.440: V/LockscreenWallpaper(1940): has lockwallpaper? false,lockWallpaperUserId:0
07-26 14:29:27.455: V/LockscreenWallpaper(1940): has lockwallpaper from user0? false
07-26 14:29:27.457: V/LockscreenWallpaper(1940): has deskwallpaper from user0? false
07-26 14:29:27.457: V/LockscreenWallpaper(1940): get wallpaper fail,get from wallpaperManager...
07-26 14:29:27.483: W/Launcher(2853): setApplicationContext called twice! old=android.app.Application@ede4fef new=android.app.Application@ede4fef
07-26 14:29:27.509: E/LocSvc_api_v02(2961): I/---> locClientSendReq line 2069 QMI_LOC_SET_XTRA_T_SESSION_CONTROL_REQ_V02
07-26 14:29:27.511: V/GridSizeMigrationTask(2853): Workspace migration completed in 204
07-26 14:29:27.512: D/Launcher.Model(2853): loadWorkspace: loading default favorites
07-26 14:29:27.512: E/LocSvc_ApiV02(2961): I/<--- void globalRespCb(locClientHandleType, uint32_t, const locClientRespIndUnionType, uint32_t, void *) line 140 QMI_LOC_SET_XTRA_T_SESSION_CONTROL_REQ_V02
07-26 14:29:27.512: E/LocSvc_IzatApiV02(2961): E/Success at the 1st try, index 0
07-26 14:29:27.512: E/LocSvc_api_v02(2961): I/---> locClientSendReq line 2069 QMI_LOC_SET_XTRA_T_SESSION_CONTROL_REQ_V02
07-26 14:29:27.513: E/LocSvc_ApiV02(2961): I/<--- void globalRespCb(locClientHandleType, uint32_t, const locClientRespIndUnionType, uint32_t, void *) line 140 QMI_LOC_SET_XTRA_T_SESSION_CONTROL_REQ_V02
07-26 14:29:27.513: E/LocSvc_IzatApiV02(2961): E/Success at the 1st try, index 1
07-26 14:29:27.513: E/LocSvc_api_v02(2961): I/---> locClientSendReq line 2069 QMI_LOC_SET_XTRA_T_SESSION_CONTROL_REQ_V02
07-26 14:29:27.521: E/LocSvc_ApiV02(2961): I/<--- void globalRespCb(locClientHandleType, uint32_t, const locClientRespIndUnionType, uint32_t, void *) line 140 QMI_LOC_SET_XTRA_T_SESSION_CONTROL_REQ_V02
07-26 14:29:27.521: E/LocSvc_IzatApiV02(2961): E/Success at the 1st try, index 2
07-26 14:29:27.521: E/LocSvc_api_v02(2961): I/---> locClientSendReq line 2069 QMI_LOC_SET_XTRA_T_SESSION_CONTROL_REQ_V02
07-26 14:29:27.537: E/LocSvc_ApiV02(2961): I/<--- void globalRespCb(locClientHandleType, uint32_t, const locClientRespIndUnionType, uint32_t, void *) line 140 QMI_LOC_SET_XTRA_T_SESSION_CONTROL_REQ_V02
07-26 14:29:27.538: E/LocSvc_IzatApiV02(2961): E/Success at the 1st try, index 3
07-26 14:29:27.538: E/LocSvc_api_v02(2961): I/---> locClientSendReq line 2069 QMI_LOC_SET_XTRA_T_SESSION_CONTROL_REQ_V02
07-26 14:29:27.545: D/PhoneInterfaceManager(2193): [PhoneIntfMgr] getDeviceId callingPackage = com.qualcomm.location
07-26 14:29:27.555: V/LockscreenWallpaper(1940): loadBitmap success:true, mCache:android.graphics.Bitmap@3867178
07-26 14:29:27.563: I/ANLP(2940): minTime: 9223372036854775807, client: []
07-26 14:29:27.568: E/LocSvc_ApiV02(2961): I/<--- void globalRespCb(locClientHandleType, uint32_t, const locClientRespIndUnionType, uint32_t, void *) line 140 QMI_LOC_SET_XTRA_T_SESSION_CONTROL_REQ_V02
07-26 14:29:27.569: E/LocSvc_IzatApiV02(2961): E/Success at the 1st try, index 4
07-26 14:29:27.583: V/NotificationIconAreaController(1940): setIconTint(iconTint=0xffffffff
07-26 14:29:27.587: E/ActivityThread(2853): Failed to find provider info for com.zeusis.zsphonemanager.commondatabase
07-26 14:29:27.588: V/Launcher_superscript(2853): init temporary badge isEmpty  = true
07-26 14:29:27.599: V/BarTransitions(1940): applyModeBackground(=oldMode4, newMode=4, animate=false
07-26 14:29:27.599: V/LockscreenWallpaper(1940): mCached:true, mCache:android.graphics.Bitmap@3867178
07-26 14:29:27.600: V/PhoneStatusBar(1940): updateMediaMetaData,lockWallpaper:android.graphics.Bitmap@3867178
07-26 14:29:27.601: V/StatusBarWindowManager(1940): mbShowWallpaper:false
07-26 14:29:27.601: V/StatusBarWindowManager(1940): applyKeyguardFlags remove FLAG_SHOW_WALLPAPER flag
07-26 14:29:27.615: V/LockscreenWallpaper(1940): mCached:true, mCache:android.graphics.Bitmap@3867178
07-26 14:29:27.616: D/Launcher.Model(2853): loading model from content://com.android.launcher3.settings/favorites
07-26 14:29:27.621: V/StatusBarWindowManager(1940): isLauncherTop,packageName:com.journeyui.launcher,tasks size:1
07-26 14:29:27.621: V/StatusBarWindowManager(1940): sendLauncherTopStatus,islauncherTop:true,backdropShowing:true
07-26 14:29:27.622: D/Launcher(2853): launcher on start
07-26 14:29:27.635: V/PhoneStatusBar(1940): updateMediaMetaData: isWallpaperBright=false
07-26 14:29:27.637: V/KeyguardWallpaperView(1940): KeyguardWallpaper,keyguardStatusChanged,mIsKeyguardOn:true,mDeskWallpaper:android.graphics.Bitmap@fd046ec,mIsSecurity:false,mIsLauncherTop:true
07-26 14:29:27.639: D/Launcher(2853): launcher on resume, mOnResumeState:NONE mRestoring:false mOnResumeNeedsLoad:false
07-26 14:29:27.643: V/KeyguardWallpaperView(1940): updateWallPaper,mDeskWallpaper:android.graphics.Bitmap@3867178
07-26 14:29:27.653: V/KeyguardWallpaperView(1940): updateWallPaper,mDeskWallpaper:android.graphics.Bitmap@432d0b6
07-26 14:29:27.660: D/JunkService(2535): SNDSTRING
07-26 14:29:27.673: V/PanelView(1940): DEBUG_TOUCH,Panel mTouchDisabled:true,mTracking:false
07-26 14:29:27.673: V/StatusBarWindowManager(1940): mbShowWallpaper:false
07-26 14:29:27.673: V/StatusBarWindowManager(1940): applyKeyguardFlags remove FLAG_SHOW_WALLPAPER flag
07-26 14:29:27.675: V/BarTransitions(1940): applyModeBackground(=oldMode4, newMode=4, animate=false
07-26 14:29:27.675: V/KeyguardBottomAreaView(1940): onVisibilityChanged:visibility:0
07-26 14:29:27.682: V/PhoneStatusBarView(1940): setListening: userId=0
07-26 14:29:27.692: D/Launcher.Model(2853): Intent { act=android.intent.action.MAIN cat=[android.intent.category.LAUNCHER] flg=0x10200000 cmp=com.android.dialer/com.journeyui.contacts.dial.DialActivity } cn:ComponentInfo{com.android.dialer/com.journeyui.contacts.dial.DialActivity}
07-26 14:29:27.699: D/KeyguardUpdateMonitor(1940): StrongAuthTracker-->isFingerprintAllowedForUser(0)=false
07-26 14:29:27.699: V/KeyguardBottomAreaView(1940): showWidgetOnBottom,show:false,mCameraEnabled:true
07-26 14:29:27.700: D/KeyguardViewBase(1940): show()
07-26 14:29:27.701: V/KeyguardSecurityView(1940): showPrimarySecurityScreen(turningOff=false)
07-26 14:29:27.701: D/KeyguardSecurityView(1940): showSecurityScreen(None)
07-26 14:29:27.714: D/JunkService(2535): SNDSTRING
07-26 14:29:27.722: D/Tile.WifiTile(1940): state.label:WLAN  state.dualLabelContentDescription:WLAN  state.connected:false
07-26 14:29:27.729: V/StatusBarWindowManager(1940): mbShowWallpaper:false
07-26 14:29:27.729: V/StatusBarWindowManager(1940): applyKeyguardFlags remove FLAG_SHOW_WALLPAPER flag
07-26 14:29:27.729: D/KeyguardUpdateMonitor(1940): onKeyguardVisibilityChanged(true)|(keyguardon:true)
07-26 14:29:27.730: V/KeyguardBottomAreaView(1940): onKeyguardVisibilityChanged,showing:true,isSreenOn:false
07-26 14:29:27.730: D/KeyguardUpdateMonitor(1940): StrongAuthTracker-->isFingerprintAllowedForUser(0)=false
07-26 14:29:27.731: V/KeyguardStatusView_lockscreen(1940): refresh statusview showing:true
07-26 14:29:27.763: D/CellularTile(1940): cb.noSim ? :true state.subId:0 state.label:ÒÆ¶¯Êý¾Ý cb.enabledDesc:ÒÆ¶¯Êý¾Ý cb.airplaneModeEnabled: false state.value: false
07-26 14:29:27.775: V/CustomLockScreenView(1940): onOwnerInfoStateChanged = false
07-26 14:29:27.775: I/KeyguardUpdateMonitor(1940): shouldListenForFingerprint  mDreamShowing:falsemDozingfalse
07-26 14:29:27.780: V/KeyguardUpdateMonitor(1940): isFingerPrintEnabled: current user = 0, hasEnrolledFingerprints=false, isFingerPrintSwitchEnabled=true
07-26 14:29:27.780: V/KeyguardUpdateMonitor(1940): updateFingerprintListeningState() , shouldListenForFingerprint=true, mFingerprintRunningState=0
07-26 14:29:27.780: D/KeyguardUpdateMonitor(1940): sendKeyguardBouncerChanged(false)
07-26 14:29:27.794: D/Tile.WifiTile(1940): state.label:WLAN  state.dualLabelContentDescription:WLAN  state.connected:false
07-26 14:29:27.826: D/Launcher.Model(2853): Intent { act=android.intent.action.MAIN cat=[android.intent.category.LAUNCHER] flg=0x10200000 cmp=com.android.messaging/.ui.conversationlist.ConversationListActivity } cn:ComponentInfo{com.android.messaging/com.android.messaging.ui.conversationlist.ConversationListActivity}
07-26 14:29:27.877: D/Launcher.Model(2853): Intent { act=android.intent.action.MAIN cat=[android.intent.category.LAUNCHER] flg=0x10200000 cmp=com.le.browser/com.android.browser.MainActivity } cn:ComponentInfo{com.le.browser/com.android.browser.MainActivity}
07-26 14:29:27.890: D/CellularTile(1940): cb.noSim ? :true state.subId:0 state.label:ÒÆ¶¯Êý¾Ý cb.enabledDesc:ÒÆ¶¯Êý¾Ý cb.airplaneModeEnabled: false state.value: false
07-26 14:29:27.891: I/UsageStatsService(1444): User[12] Rollover scheduled @ 2018-07-27 11:43:55(1532663035064)
07-26 14:29:27.907: D/KeyguardViewMediator(1940): adjustStatusBarLocked: mShowing=true mOccluded=false isSecure=false --> flags=0x3200000
07-26 14:29:27.913: V/KeyguardDisplayManager(1940): show
07-26 14:29:27.950: V/RenderScript(2853): Successfully loaded runtime: libRSDriver_adreno.so
07-26 14:29:27.953: D/Launcher.Model(2853): Intent { act=android.intent.action.MAIN cat=[android.intent.category.LAUNCHER] flg=0x10200000 cmp=com.journeyui.camera/com.android.camera.CameraLauncher } cn:ComponentInfo{com.journeyui.camera/com.android.camera.CameraLauncher}
07-26 14:29:27.959: D/CellularTile(1940): cb.noSim ? :true state.subId:0 state.label:ÒÆ¶¯Êý¾Ý cb.enabledDesc:ÒÆ¶¯Êý¾Ý cb.airplaneModeEnabled: false state.value: false
07-26 14:29:27.992: D/KeyguardViewMediator(1940): handleNotifyWakingUp
07-26 14:29:27.993: V/PhoneStatusBar(1940): onStartedWakingUp...
07-26 14:29:27.993: V/PanelView(1940): DEBUG_TOUCH,Panel mTouchDisabled:false,mTracking:false
07-26 14:29:27.993: I/KeyguardUpdateMonitor(1940): shouldListenForFingerprint  mDreamShowing:falsemDozingfalse
07-26 14:29:28.000: V/KeyguardUpdateMonitor(1940): isFingerPrintEnabled: current user = 0, hasEnrolledFingerprints=false, isFingerPrintSwitchEnabled=true
07-26 14:29:28.000: V/KeyguardUpdateMonitor(1940): updateFingerprintListeningState() , shouldListenForFingerprint=true, mFingerprintRunningState=0
07-26 14:29:28.001: D/KeyguardUpdateMonitor(1940): StrongAuthTracker-->isFingerprintAllowedForUser(0)=false
07-26 14:29:28.002: V/KeyguardStatusView_lockscreen(1940): Enable transport text marquee
07-26 14:29:28.002: D/KeyguardViewMediator(1940): handleNotifyScreenTurningOn
07-26 14:29:28.011: D/CellularTile(1940): cb.noSim ? :true state.subId:0 state.label:ÒÆ¶¯Êý¾Ý cb.enabledDesc:ÒÆ¶¯Êý¾Ý cb.airplaneModeEnabled: false state.value: false
07-26 14:29:28.045: D/KeyguardViewMediator(1940): handleNotifyScreenTurnedOn
07-26 14:29:28.045: D/CustomLockScreenManager(1940): onScreenTurnedOn
07-26 14:29:28.045: V/KeyguardBottomAreaView(1940): onScreenTurnedOn,isKeyguardVisiable:true
07-26 14:29:28.045: D/Launcher.Model(2853): Intent { act=android.intent.action.MAIN cat=[android.intent.category.LAUNCHER] flg=0x10200000 cmp=com.journeyui.deskclock/.DeskClock } cn:ComponentInfo{com.journeyui.deskclock/com.journeyui.deskclock.DeskClock}
07-26 14:29:28.046: D/KeyguardUpdateMonitor(1940): StrongAuthTracker-->isFingerprintAllowedForUser(0)=false
07-26 14:29:28.056: V/KeyguardUpdateMonitor(1940): isFingerPrintEnabled: current user = 0, hasEnrolledFingerprints=false, isFingerPrintSwitchEnabled=true
07-26 14:29:28.057: V/KeyguardUpdateMonitor(1940): isFingerprintSupport,fingerprintRunning:false,fingerprintPossible:false,isFingerPrintEnabled:false
07-26 14:29:28.057: V/KeyguardIndication(1940): onScreenTurnedOn,isFingerprintSupport:false
07-26 14:29:28.057: V/StatusBarKeyguardViewManager(1940): setOccluded(occluded=true, animate=false
07-26 14:29:28.057: V/LockscreenWallpaper(1940): mCached:true, mCache:android.graphics.Bitmap@3867178
07-26 14:29:28.057: V/PhoneStatusBar(1940): updateMediaMetaData,lockWallpaper:android.graphics.Bitmap@3867178
07-26 14:29:28.058: V/PhoneStatusBar(1940): updateMediaMetaData,mBackdropGradualchangCover,set null ,FingerPrintMode:0
07-26 14:29:28.058: V/StatusBarWindowManager(1940): mbShowWallpaper:false
07-26 14:29:28.058: V/StatusBarWindowManager(1940): applyKeyguardFlags add FLAG_SHOW_WALLPAPER flag
07-26 14:29:28.067: V/LockscreenWallpaper(1940): mCached:true, mCache:android.graphics.Bitmap@3867178
07-26 14:29:28.076: V/StatusBarWindowManager(1940): isLauncherTop,packageName:com.journeyui.launcher,tasks size:1
07-26 14:29:28.076: V/StatusBarWindowManager(1940): sendLauncherTopStatus,islauncherTop:true,backdropShowing:false
07-26 14:29:28.079: D/Launcher.Model(2853): Intent { act=android.intent.action.MAIN cat=[android.intent.category.LAUNCHER] flg=0x10200000 cmp=com.netease.cloudmusic/.activity.LoadingActivity bnds=[360,674][536,868] (has extras) } cn:ComponentInfo{com.netease.cloudmusic/com.netease.cloudmusic.activity.LoadingActivity}
07-26 14:29:28.081: V/KeyguardWallpaperView(1940): KeyguardWallpaper,keyguardStatusChanged,mIsKeyguardOn:false,mDeskWallpaper:android.graphics.Bitmap@432d0b6,mIsSecurity:false,mIsLauncherTop:true
07-26 14:29:28.081: V/StatusBarWindowManager(1940): setKeyguardOccluded,mCurrentState.keyguardOccluded:false,occluded:true,notDrawWallpaper:true
07-26 14:29:28.081: V/StatusBarWindowManager(1940): mbShowWallpaper:false
07-26 14:29:28.081: V/StatusBarWindowManager(1940): applyKeyguardFlags add FLAG_SHOW_WALLPAPER flag
07-26 14:29:28.085: V/PhoneStatusBar(1940): hidekeyguard---->isInCameraLaunchGeasturefalse
07-26 14:29:28.091: V/StatusBarWindowManager(1940): mbShowWallpaper:false
07-26 14:29:28.091: V/StatusBarWindowManager(1940): applyKeyguardFlags add FLAG_SHOW_WALLPAPER flag
07-26 14:29:28.092: V/PanelView(1940): onHeightUpdated,expandedHeight:0.0
07-26 14:29:28.093: V/KeyguardBottomAreaView(1940): onVisibilityChanged:visibility:4
07-26 14:29:28.093: V/PhoneStatusBarView(1940): DEBUG_SLIDEUP,onPanelCollapsed()
07-26 14:29:28.093: V/StatusBarWindowManager(1940): mbShowWallpaper:false
07-26 14:29:28.093: V/StatusBarWindowManager(1940): applyKeyguardFlags add FLAG_SHOW_WALLPAPER flag
07-26 14:29:28.095: V/PhoneStatusBar(1940): updateMediaMetaData: isWallpaperBright=false
07-26 14:29:28.099: V/PanelView(1940): setKeyguardStatusViewVisibility,isWidgetShow:false
07-26 14:29:28.106: V/NotificationIconAreaController(1940): setIconTint(iconTint=0xffffffff
07-26 14:29:28.117: D/JunkService(2535): SNDSTRING
07-26 14:29:28.124: V/BarTransitions(1940): applyModeBackground(=oldMode4, newMode=4, animate=true
07-26 14:29:28.125: V/LockscreenWallpaper(1940): mCached:true, mCache:android.graphics.Bitmap@3867178
07-26 14:29:28.125: V/PhoneStatusBar(1940): updateMediaMetaData,lockWallpaper:android.graphics.Bitmap@3867178
07-26 14:29:28.129: D/Launcher(2853): launcher on pause
07-26 14:29:28.132: V/LockscreenWallpaper(1940): mCached:true, mCache:android.graphics.Bitmap@3867178
07-26 14:29:28.142: D/Launcher.Model(2853): Intent { act=android.intent.action.MAIN cat=[android.intent.category.LAUNCHER] flg=0x10200000 cmp=com.journeyui.gallery3d/com.android.gallery3d.app.GalleryActivity (has extras) } cn:ComponentInfo{com.journeyui.gallery3d/com.android.gallery3d.app.GalleryActivity}
07-26 14:29:28.144: D/JunkService(2535): SNDSTRING
07-26 14:29:28.147: V/PhoneStatusBar(1940): updateMediaMetaData: isWallpaperBright=false
07-26 14:29:28.158: D/KeyguardUpdateMonitor(1940): StrongAuthTracker-->isFingerprintAllowedForUser(0)=false
07-26 14:29:28.158: V/KeyguardBottomAreaView(1940): showWidgetOnBottom,show:false,mCameraEnabled:true
07-26 14:29:28.158: D/KeyguardUpdateMonitor(1940): onKeyguardVisibilityChanged(false)|(keyguardon:true)
07-26 14:29:28.160: V/CommonUtils(1940): isAppRunningInWhiteList,packageName:com.journeyui.launcher,tasks size:1
07-26 14:29:28.160: V/KeyguardBottomAreaView(1940): onKeyguardVisibilityChanged,showing:false,isSreenOn:true
07-26 14:29:28.160: V/KeyguardBottomAreaView(1940): stopLockIconAnimation()...
07-26 14:29:28.161: D/KeyguardUpdateMonitor(1940): StrongAuthTracker-->isFingerprintAllowedForUser(0)=false
07-26 14:29:28.162: I/KeyguardUpdateMonitor(1940): shouldListenForFingerprint  mDreamShowing:falsemDozingfalse
07-26 14:29:28.159: D/Tile.WifiTile(1940): state.label:WLAN  state.dualLabelContentDescription:WLAN  state.connected:false
07-26 14:29:28.173: D/JunkService(2535): SNDSTRING
07-26 14:29:28.173: D/PhoneInterfaceManager(2193): [PhoneIntfMgr] getDeviceId callingPackage = com.amap.android.location
07-26 14:29:28.189: V/KeyguardUpdateMonitor(1940): isFingerPrintEnabled: current user = 0, hasEnrolledFingerprints=false, isFingerPrintSwitchEnabled=true
07-26 14:29:28.189: V/KeyguardUpdateMonitor(1940): updateFingerprintListeningState() , shouldListenForFingerprint=true, mFingerprintRunningState=0
07-26 14:29:28.196: D/CellularTile(1940): cb.noSim ? :true state.subId:0 state.label:ÒÆ¶¯Êý¾Ý cb.enabledDesc:ÒÆ¶¯Êý¾Ý cb.airplaneModeEnabled: false state.value: false
07-26 14:29:28.199: D/Launcher.Model(2853): Intent { act=android.intent.action.MAIN cat=[android.intent.category.LAUNCHER] flg=0x10200000 cmp=com.yulong.android.coolmart/.ActivitySplash } cn:ComponentInfo{com.yulong.android.coolmart/com.yulong.android.coolmart.ActivitySplash}
07-26 14:29:28.203: W/ActivityManager(1444): startActivityLocked111 freeMem =12509
07-26 14:29:28.203: I/ActivityManager(1444): START u0 {act=com.tencent.qqpimsecure.permissisondlg flg=0x30000000 cmp=com.tencent.qqpimsecure/uilib.frame.BlankActivity (has extras)} from uid 10095 on display 0
07-26 14:29:28.212: E/ANDR-PERF-RESOURCEQS(365): Failed to apply optimization [4, 0]
07-26 14:29:28.213: D/KeyguardViewMediator(1940): adjustStatusBarLocked: mShowing=true mOccluded=true isSecure=false --> flags=0x3000000
07-26 14:29:28.217: V/SignalClusterView(1940): vpn: GONE
07-26 14:29:28.217: D/CarrierText(1940): updateCarrierText(): 0
07-26 14:29:28.226: I/chatty(1444): uid=1000(system) Binder:1444_12 expire 4 lines
07-26 14:29:28.227: D/KeyguardViewMediator(1940): setOccluded false
07-26 14:29:28.232: D/QC_RIL_OEM_HOOK(2193): Received Broadcast Intent ACTION_UNSOL_RESPONSE_OEM_HOOK_RAW
07-26 14:29:28.232: D/QC_RIL_OEM_HOOK(2193): Oem ID in QCRILHOOK UNSOL RESP is QOEMHOOK
07-26 14:29:28.234: D/QC_RIL_OEM_HOOK(2193): Received Broadcast Intent ACTION_UNSOL_RESPONSE_OEM_HOOK_RAW
07-26 14:29:28.234: D/QC_RIL_OEM_HOOK(2193): Oem ID in QCRILHOOK UNSOL RESP is QOEMHOOK
07-26 14:29:28.237: V/ImageWallpaper(1940): mBackground=android.graphics.Bitmap@11a98b5; mStatusbarHeight=48
07-26 14:29:28.248: V/ImageWallpaper(1940): checkStatusBarAreaLight() calculate result -> false
07-26 14:29:28.265: I/Adreno-EGL(2853): <qeglDrvAPI_eglInitialize:379>: EGL 1.4 QUALCOMM build:  (Iaf618d42e3)
07-26 14:29:28.265: I/Adreno-EGL(2853): OpenGL ES Shader Compiler Version: XE031.09.00.04
07-26 14:29:28.265: I/Adreno-EGL(2853): Build Date: 03/14/17 Tue
07-26 14:29:28.265: I/Adreno-EGL(2853): Local Branch: 
07-26 14:29:28.265: I/Adreno-EGL(2853): Remote Branch: 
07-26 14:29:28.265: I/Adreno-EGL(2853): Local Patches: 
07-26 14:29:28.265: I/Adreno-EGL(2853): Reconstruct Branch: 
07-26 14:29:28.271: I/OpenGLRenderer(2853): Initialized EGL, version 1.4
07-26 14:29:28.271: D/OpenGLRenderer(2853): Swap behavior 1
07-26 14:29:28.272: V/NotificationIconAreaController(1940): setIconTint(iconTint=0xffffffff
07-26 14:29:28.272: V/ImageWallpaper(1940): checkStatusBarAreaLight exhaust time:35ms
07-26 14:29:28.272: D/ImageWallpaper(1940): Wallpaper loaded: android.graphics.Bitmap@11a98b5
07-26 14:29:28.275: D/ImageWallpaper(1940): Redrawing wallpaper
07-26 14:29:28.289: D/Launcher.Model(2853): Intent { act=android.intent.action.MAIN cat=[android.intent.category.LAUNCHER] flg=0x10200000 cmp=com.yulong.android.gamecenter/.ActivitySplash (has extras) } cn:ComponentInfo{com.yulong.android.gamecenter/com.yulong.android.gamecenter.ActivitySplash}
07-26 14:29:28.290: V/QC_RIL_OEM_HOOK(2193): sendRilOemHookMsg: Outgoing Data is 514f454d484f4f4b5d00080000000000
07-26 14:29:28.292: D/QcrilMsgTunnelIfaceManager(2328): handleMessage what = 1
07-26 14:29:28.305: E/RecyclerView(2853): No adapter attached; skipping layout
07-26 14:29:28.306: D/QcrilMsgTunnelIfaceManager(2328): handleMessage what = 2
07-26 14:29:28.307: D/QC_RIL_OEM_HOOK(2193): sendOemRilRequestRaw returns value = 1
07-26 14:29:28.308: V/QC_RIL_OEM_HOOK(2193): sendRilOemHookMsg: Outgoing Data is 514f454d484f4f4b5a00080000000000
07-26 14:29:28.310: D/QcrilMsgTunnelIfaceManager(2328): handleMessage what = 1
07-26 14:29:28.319: D/QcrilMsgTunnelIfaceManager(2328): handleMessage what = 2
07-26 14:29:28.319: D/QC_RIL_OEM_HOOK(2193): sendOemRilRequestRaw returns value = 8
07-26 14:29:28.321: V/QC_RIL_OEM_HOOK(2193): sendRilOemHookMsg: Outgoing Data is 514f454d484f4f4b5c0008000400000000000000
07-26 14:29:28.321: D/QcrilMsgTunnelIfaceManager(2328): handleMessage what = 1
07-26 14:29:28.326: D/Launcher(2853): launcher on stop
07-26 14:29:28.340: D/QcrilMsgTunnelIfaceManager(2328): handleMessage what = 2
07-26 14:29:28.341: D/QC_RIL_OEM_HOOK(2193): sendOemRilRequestRaw returns value = 0
07-26 14:29:28.345: V/QC_RIL_OEM_HOOK(2193): sendRilOemHookMsg: Outgoing Data is 514f454d484f4f4b5a00080000000000
07-26 14:29:28.350: D/QcrilMsgTunnelIfaceManager(2328): handleMessage what = 1
07-26 14:29:28.355: D/QcrilMsgTunnelIfaceManager(2328): handleMessage what = 2
07-26 14:29:28.358: D/Launcher.Model(2853): Intent { act=android.intent.action.MAIN cat=[android.intent.category.LAUNCHER] flg=0x10200000 cmp=com.android.settings/.Settings bnds=[536,868][712,1062] (has extras) } cn:ComponentInfo{com.android.settings/com.android.settings.Settings}
07-26 14:29:28.361: D/QC_RIL_OEM_HOOK(2193): sendOemRilRequestRaw returns value = 8
07-26 14:29:28.363: V/QC_RIL_OEM_HOOK(2193): sendRilOemHookMsg: Outgoing Data is 514f454d484f4f4b5c0008000400000001000000
07-26 14:29:28.363: D/QcrilMsgTunnelIfaceManager(2328): handleMessage what = 1
07-26 14:29:28.369: D/QcrilMsgTunnelIfaceManager(2328): handleMessage what = 2
07-26 14:29:28.374: D/QC_RIL_OEM_HOOK(2193): sendOemRilRequestRaw returns value = 0
07-26 14:29:28.377: D/Launcher(2853): launcher on start
07-26 14:29:28.381: D/Launcher(2853): launcher on resume, mOnResumeState:NONE mRestoring:false mOnResumeNeedsLoad:false
07-26 14:29:28.389: D/Launcher(2853): launcher on pause
07-26 14:29:28.401: D/Launcher.Model(2853): Intent { act=android.intent.action.MAIN cat=[android.intent.category.LAUNCHER] flg=0x10200000 cmp=com.journeyui.calendar/.AllInOneActivity } cn:ComponentInfo{com.journeyui.calendar/com.journeyui.calendar.AllInOneActivity}
07-26 14:29:28.402: I/ActivityManager(1444): Activity reported stop, but no longer stopping: ActivityRecord{4ad8ae4 u0 com.journeyui.launcher/.Launcher t484}
07-26 14:29:28.410: D/StatusbarHeaderCarrierText.CarrierText(1940): updateCarrierText(): 0
07-26 14:29:28.428: V/SignalClusterView(1940): vpn: GONE
07-26 14:29:28.428: D/CarrierText(1940): updateCarrierText(): 0
07-26 14:29:28.445: D/ApplicationLoaders(2193): ignored Vulkan layer search path /system/vendor/app/ims/lib/arm64:/system/vendor/app/ims/ims.apk!/lib/arm64-v8a:/system/lib64:/vendor/lib64 for namespace 0x7f79674160
07-26 14:29:28.447: D/Launcher.Model(2853): Intent { act=android.intent.action.MAIN cat=[android.intent.category.LAUNCHER] flg=0x10200000 cmp=com.journeyui.calculator/.Calculator } cn:ComponentInfo{com.journeyui.calculator/com.journeyui.calculator.Calculator}
07-26 14:29:28.447: D/CarrierText(1940): updateCarrierText(): 0
07-26 14:29:28.456: I/QImsService(2193): ImsService : ImsService created!
07-26 14:29:28.464: I/QImsService(2193): ImsSenderRxr : Starting IFMsg_Rxr[SUB0]
07-26 14:29:28.468: V/Telecom(1444): Logging: START_SESSION: TSI.iIC@AAg
07-26 14:29:28.472: D/Launcher.Model(2853): Intent { act=android.intent.action.MAIN cat=[android.intent.category.LAUNCHER] flg=0x10200000 cmp=com.icoolme.zmweather/com.icoolme.android.weather.activity.SmartWeatherActivity } cn:ComponentInfo{com.icoolme.zmweather/com.icoolme.android.weather.activity.SmartWeatherActivity}
07-26 14:29:28.473: V/Telecom(1444): Logging: CREATE_SUBSESSION (Invisible subsession): TSI.iIC@AAg
07-26 14:29:28.473: V/Telecom(1444): Logging: CONTINUE_SUBSESSION (Invisible Subsession) with Method TSI.gDDP: TSI.iIC@AAg
07-26 14:29:28.475: I/QImsService(2193): IFMsg_Rxr : Connecting to socket android.net.LocalSocket@fcdbe86 impl:android.net.LocalSocketImpl@c4b2347 fd:java.io.FileDescriptor@a7d774
07-26 14:29:28.475: I/QImsService(2193): IFMsg_Rxr : Connected to 'android.net.LocalSocket@fcdbe86 impl:android.net.LocalSocketImpl@c4b2347 fd:java.io.FileDescriptor@a7d774' socket
07-26 14:29:28.475: V/Telecom(1444): Logging: CREATE_SUBSESSION (Invisible subsession): TSI.iIC@AAg
07-26 14:29:28.475: I/QImsService(2193): IFMsg_Rxr : For instance [0] connected to 'qmux_radio/rild_ims0' socket
07-26 14:29:28.475: V/Telecom(1444): Logging: CONTINUE_SUBSESSION (Invisible Subsession) with Method TSI.gSDP: TSI.iIC@AAg
07-26 14:29:28.475: V/Telecom(1444): Logging: END_SUBSESSION (Invisible Subsession) (dur: 0 mS): TSI.iIC@AAg
07-26 14:29:28.475: I/QImsService(2193): ImsSenderRxr : Response data: [12, 13, -1, -1, -1, -1, 16, 3, 24, -43, 1, 32, 0, 8, 10][SUB0]
07-26 14:29:28.475: V/Telecom(1444): Logging: END_SUBSESSION (Invisible Subsession) (dur: 2 mS): TSI.iIC@AAg
07-26 14:29:28.476: I/QImsService(2193): ImsSenderRxr :  Tag -1 3 213 0[SUB0]
07-26 14:29:28.477: V/Telecom(1444): Logging: CREATE_SUBSESSION (Invisible subsession): TSI.iIC@AAg
07-26 14:29:28.477: V/Telecom(1444): Logging: CONTINUE_SUBSESSION (Invisible Subsession) with Method TSI.gSDP: TSI.iIC@AAg
07-26 14:29:28.477: V/Telecom(1444): Logging: END_SUBSESSION (Invisible Subsession) (dur: 0 mS): TSI.iIC@AAg
07-26 14:29:28.478: V/Telecom(1444): Logging: END_SUBSESSION (dur: 9 mS): TSI.iIC@AAg
07-26 14:29:28.478: V/Telecom(1444): Logging: END_SESSION (dur: 10 ms): TSI.iIC@AAg
07-26 14:29:28.479: V/EmergencyButton(1940): version:GL000000,visible:true
07-26 14:29:28.479: I/QImsService(2193): ImsServiceStateReceiver : updateHDIcon isVideo : false isVoice : false phoneId: -1 show HD Icon: true
07-26 14:29:28.479: I/QImsService(2193): ImsServiceStateReceiver : isShowHDIconSupported config showHDIcon : false
07-26 14:29:28.480: V/Telecom(1444): Logging: START_SESSION: TSI.iIC@AAk
07-26 14:29:28.482: V/Telecom(1444): Logging: CREATE_SUBSESSION (Invisible subsession): TSI.iIC@AAk
07-26 14:29:28.483: V/Telecom(1444): Logging: CONTINUE_SUBSESSION (Invisible Subsession) with Method TSI.gDDP: TSI.iIC@AAk
07-26 14:29:28.485: V/Telecom(1444): Logging: CREATE_SUBSESSION (Invisible subsession): TSI.iIC@AAk
07-26 14:29:28.485: V/Telecom(1444): Logging: CONTINUE_SUBSESSION (Invisible Subsession) with Method TSI.gSDP: TSI.iIC@AAk
07-26 14:29:28.485: V/Telecom(1444): Logging: END_SUBSESSION (Invisible Subsession) (dur: 0 mS): TSI.iIC@AAk
07-26 14:29:28.485: V/Telecom(1444): Logging: END_SUBSESSION (Invisible Subsession) (dur: 3 mS): TSI.iIC@AAk
07-26 14:29:28.487: V/Telecom(1444): Logging: CREATE_SUBSESSION (Invisible subsession): TSI.iIC@AAk
07-26 14:29:28.487: V/Telecom(1444): Logging: CONTINUE_SUBSESSION (Invisible Subsession) with Method TSI.gSDP: TSI.iIC@AAk
07-26 14:29:28.487: V/Telecom(1444): Logging: END_SUBSESSION (Invisible Subsession) (dur: 0 mS): TSI.iIC@AAk
07-26 14:29:28.488: V/Telecom(1444): Logging: END_SUBSESSION (dur: 7 mS): TSI.iIC@AAk
07-26 14:29:28.488: V/Telecom(1444): Logging: END_SESSION (dur: 8 ms): TSI.iIC@AAk
07-26 14:29:28.491: I/QImsService(2193): ImsSenderRxr : [0000]> REQUEST_QUERY_SERVICE_STATUS[SUB0]
07-26 14:29:28.491: I/QImsService(2193): ImsSenderRxr : Message data: [0, 0, 0, 12, 11, 13, 0, 0, 0, 0, 16, 1, 24, 29, 32, 0][SUB0]
07-26 14:29:28.491: D/ImageWallpaper(1940): onOffsetsChanged: xOffset=0.0, yOffset=0.0, xOffsetStep=0.0, yOffsetStep=0.0, xPixels=0, yPixels=0
07-26 14:29:28.493: D/ImageWallpaper(1940): Suppressed drawFrame since redraw is not needed and offsets have not changed.
07-26 14:29:28.493: D/KeyguardUpdateMonitor(1940): handleSimStateChange(subId=2147483644, slotId=1, state=UNKNOWN)
07-26 14:29:28.498: I/QImsService(2193): ImsService : switchImsPhone: ImsPhoneId:-1 changed to 0
07-26 14:29:28.498: I/QImsService(2193): ImsSenderRxr : registerForPhoneId: mInstanceId: 0 UNchanged
07-26 14:29:28.500: I/QImsService(2193): ImsSenderRxr : Response data: [11, 13, 0, 0, 0, 0, 16, 2, 24, 29, 32, 0, 18, 12, 8, 1, 24, 10, 58, 6, 16, 0, 34, 2, 8, 2, 18, 12, 8, 1, 24, 0, 58, 6, 16, 0, 34, 2, 8, 2, 18, 12, 8, 1, 24, 3, 58, 6, 16, 0, 34, 2, 8, 2, 18, 12, 8, 1, 24, 1, 58, 6, 16, 0, 34, 2, 8, 2, 18, 12, 8, 1, 24, 2, 58, 6, 16, 0, 34, 2, 8, 2, 18, 12, 8, 1, 24, 11, 58, 6, 16, 0, 34, 2, 8, 2][SUB0]
07-26 14:29:28.500: I/QImsService(2193): ImsSenderRxr :  Tag 0 2 29 0[SUB0]
07-26 14:29:28.500: V/Telecom(1444): Logging: START_SESSION: TSI.getCallState@AAo
07-26 14:29:28.500: V/Telecom(1444): Logging: END_SUBSESSION (dur: 0 mS): TSI.getCallState@AAo
07-26 14:29:28.500: V/Telecom(1444): Logging: END_SESSION (dur: 0 ms): TSI.getCallState@AAo
07-26 14:29:28.501: I/QImsService(2193): ImsSenderRxr : isValid = true type = 10 status = 0 userdata = null[SUB0]
07-26 14:29:28.501: D/TelephonyIcons(1940): no sim icon name: drawable/stat_sys_no_sims
07-26 14:29:28.501: I/QImsService(2193): ImsSenderRxr :  networkMode = -1 status = 0 restrictCause = 0 registered = 2[SUB0]
07-26 14:29:28.501: I/QImsService(2193): ImsSenderRxr : isValid = true type = 0 status = 0 userdata = null[SUB0]
07-26 14:29:28.501: I/QImsService(2193): ImsSenderRxr :  networkMode = -1 status = 0 restrictCause = 0 registered = 2[SUB0]
07-26 14:29:28.502: I/QImsService(2193): ImsSenderRxr : isValid = true type = 3 status = 0 userdata = null[SUB0]
07-26 14:29:28.502: I/QImsService(2193): ImsSenderRxr :  networkMode = -1 status = 0 restrictCause = 0 registered = 2[SUB0]
07-26 14:29:28.502: I/QImsService(2193): ImsSenderRxr : isValid = true type = 1 status = 0 userdata = null[SUB0]
07-26 14:29:28.502: I/QImsService(2193): ImsSenderRxr :  networkMode = -1 status = 0 restrictCause = 0 registered = 2[SUB0]
07-26 14:29:28.502: I/QImsService(2193): ImsSenderRxr : isValid = true type = 2 status = 0 userdata = null[SUB0]
07-26 14:29:28.502: I/QImsService(2193): ImsSenderRxr :  networkMode = -1 status = 0 restrictCause = 0 registered = 2[SUB0]
07-26 14:29:28.502: I/QImsService(2193): ImsSenderRxr : isValid = true type = 11 status = 0 userdata = null[SUB0]
07-26 14:29:28.502: I/QImsService(2193): ImsSenderRxr :  networkMode = -1 status = 0 restrictCause = 0 registered = 2[SUB0]
07-26 14:29:28.502: I/QImsService(2193): ImsSenderRxr : [0000]< REQUEST_QUERY_SERVICE_STATUS [org.codeaurora.ims.ServiceStatus@38cace3, org.codeaurora.ims.ServiceStatus@a24f6e0, org.codeaurora.ims.ServiceStatus@6358d99, org.codeaurora.ims.ServiceStatus@348185e, org.codeaurora.ims.ServiceStatus@3d3343f, org.codeaurora.ims.ServiceStatus@292a10c][SUB0]
07-26 14:29:28.504: I/Telecom(1444): ViceNotificationImpl: mImsIntentReceiver: action com.android.ims.IMS_SERVICE_UP
07-26 14:29:28.513: D/Launcher.Model(2853): Intent { act=android.intent.action.MAIN cat=[android.intent.category.LAUNCHER] flg=0x10200000 cmp=com.journeyui.filebrowser/.activity.ZSFileSortActivity } cn:ComponentInfo{com.journeyui.filebrowser/com.journeyui.filebrowser.activity.ZSFileSortActivity}
07-26 14:29:28.516: D/(2193): jint JNI_OnLoad(JavaVM *, void *)
07-26 14:29:28.516: D/(2193): JvmPtr initialized to 547436872000
07-26 14:29:28.516: D/ims_media_jni(2193): int register_ims_media(JNIEnv *)
07-26 14:29:28.534: D/Launcher.Model(2853): folderInfo title:com.journeyui.launcher:string/display_tool_folder
07-26 14:29:28.534: D/Launcher.Model(2853): Intent { act=android.intent.action.MAIN cat=[android.intent.category.LAUNCHER] flg=0x10200000 cmp=com.journeyui.recorder/.MainActivity } cn:ComponentInfo{com.journeyui.recorder/com.journeyui.recorder.MainActivity}
07-26 14:29:28.540: D/ExpandableNotificationRow(1940): updateBackground shouldHideBackground false mDimmed false
07-26 14:29:28.540: D/ExpandableNotificationRow(1940): updateBackgroundForGroupState mIsSummaryWithChildren false isNotOneChildGroup false
07-26 14:29:28.541: D/ExpandableNotificationRow(1940): updateBackgroundForGroupState mShowNoBackground false
07-26 14:29:28.541: D/ExpandableNotificationRow(1940): updateBackground shouldHideBackground false mDimmed false
07-26 14:29:28.556: D/Launcher.Model(2853): Intent { act=android.intent.action.MAIN cat=[android.intent.category.LAUNCHER] flg=0x10200000 cmp=com.journeyui.backup/.activity.MainActivity } cn:ComponentInfo{com.journeyui.backup/com.journeyui.backup.activity.MainActivity}
