07-26 14:29:19.806: V/IOMX(702): onMessage writing message 1, size 40
07-26 14:29:19.806: V/IOMX(702): onMessage writing message 2, size 40
07-26 14:29:19.806: V/MediaExtractor(729): readAt(6144, 2048)
07-26 14:29:19.807: V/MediaExtractor(729): readAt(8192, 2048)
07-26 14:29:19.808: V/SimpleSoftOMXComponent(702): msgType = 2
07-26 14:29:19.808: V/MediaExtractor(729): readAt(10240, 2048)
07-26 14:29:19.809: V/MediaExtractor(729): readAt(12288, 2048)
07-26 14:29:19.809: V/MP3Extractor(713): found possible 1st frame at 12560 (header = 0xffff577e)
07-26 14:29:19.810: V/MP3Extractor(713): subsequent header is 00000000
07-26 14:29:19.810: V/MP3Extractor(713): no dice, no valid sequence of frames found.
07-26 14:29:19.810: V/BnMediaSource(713): readMultiple
07-26 14:29:19.810: V/BnMediaSource(713): readMultiple status 0, bufferCount 1, sinceStop 9
07-26 14:29:19.811: V/SimpleSoftOMXComponent(702): msgType = 1
07-26 14:29:19.811: V/OMX(702): OnEmptyBufferDone buffer=0xf3e23c30
07-26 14:29:19.811: V/OMX(702): OnFillBufferDone buffer=0xf3e23b40
07-26 14:29:19.812: V/IOMX(702): onMessage writing message 1, size 40
07-26 14:29:19.812: V/IOMX(702): onMessage writing message 2, size 40
07-26 14:29:19.812: V/MediaExtractor(729): readAt(14336, 2048)
07-26 14:29:19.812: V/SimpleSoftOMXComponent(702): msgType = 2
07-26 14:29:19.812: V/BnMediaSource(713): readMultiple
07-26 14:29:19.813: V/BnMediaSource(713): readMultiple status 0, bufferCount 1, sinceStop 10
07-26 14:29:19.814: V/MediaExtractor(729): readAt(16384, 2048)
07-26 14:29:19.814: V/MP3Extractor(713): found possible 1st frame at 16808 (header = 0xffff6186)
07-26 14:29:19.814: V/MP3Extractor(713): subsequent header is aa1205ab
07-26 14:29:19.814: V/MP3Extractor(713): no dice, no valid sequence of frames found.
07-26 14:29:19.817: V/MediaExtractor(729): readAt(18432, 2048)
07-26 14:29:19.818: V/SimpleSoftOMXComponent(702): msgType = 1
07-26 14:29:19.818: V/OMX(702): OnEmptyBufferDone buffer=0xf3e23c80
07-26 14:29:19.818: V/OMX(702): OnFillBufferDone buffer=0xf3e23e10
07-26 14:29:19.818: V/IOMX(702): onMessage writing message 1, size 40
07-26 14:29:19.819: V/IOMX(702): onMessage writing message 2, size 40
07-26 14:29:19.821: V/SimpleSoftOMXComponent(702): msgType = 2
07-26 14:29:19.822: V/MediaExtractor(729): readAt(20480, 2048)
07-26 14:29:19.824: V/MP3Extractor(713): found possible 1st frame at 20966 (header = 0xffff78ff)
07-26 14:29:19.824: V/MP3Extractor(713): subsequent header is 42581806
07-26 14:29:19.824: V/MP3Extractor(713): no dice, no valid sequence of frames found.
07-26 14:29:19.824: V/MP3Extractor(713): found possible 1st frame at 20970 (header = 0xffffd9ff)
07-26 14:29:19.824: V/MP3Extractor(713): subsequent header is 9c58ad36
07-26 14:29:19.824: V/MP3Extractor(713): no dice, no valid sequence of frames found.
07-26 14:29:19.824: V/MP3Extractor(713): found possible 1st frame at 20974 (header = 0xffff97ff)
07-26 14:29:19.824: V/MP3Extractor(713): subsequent header is 2c444021
07-26 14:29:19.824: V/MP3Extractor(713): no dice, no valid sequence of frames found.
07-26 14:29:19.824: V/BnMediaSource(713): readMultiple
07-26 14:29:19.825: V/BnMediaSource(713): readMultiple status 0, bufferCount 1, sinceStop 11
07-26 14:29:19.825: V/MediaExtractor(729): readAt(22528, 2048)
07-26 14:29:19.825: V/MediaExtractor(729): readAt(24576, 2048)
07-26 14:29:19.826: V/MP3Extractor(713): found possible 1st frame at 25459 (header = 0xffff60ff)
07-26 14:29:19.826: V/MP3Extractor(713): subsequent header is d721ba95
07-26 14:29:19.826: V/MP3Extractor(713): no dice, no valid sequence of frames found.
07-26 14:29:19.826: V/MP3Extractor(713): found possible 1st frame at 25463 (header = 0xffff63ff)
07-26 14:29:19.826: V/MP3Extractor(713): subsequent header is 73bacc6c
07-26 14:29:19.826: V/MP3Extractor(713): no dice, no valid sequence of frames found.
07-26 14:29:19.826: V/MP3Extractor(713): found possible 1st frame at 25467 (header = 0xffff70ff)
07-26 14:29:19.826: V/MP3Extractor(713): subsequent header is 34b0829a
07-26 14:29:19.826: V/MP3Extractor(713): no dice, no valid sequence of frames found.
07-26 14:29:19.826: V/MP3Extractor(713): found possible 1st frame at 25471 (header = 0xffff53fe)
07-26 14:29:19.826: V/MP3Extractor(713): subsequent header is 6cd7ed74
07-26 14:29:19.826: V/MP3Extractor(713): no dice, no valid sequence of frames found.
07-26 14:29:19.826: V/SimpleSoftOMXComponent(702): msgType = 1
07-26 14:29:19.827: V/OMX(702): OnEmptyBufferDone buffer=0xf3e23b90
07-26 14:29:19.827: V/OMX(702): OnFillBufferDone buffer=0xf3e23e60
07-26 14:29:19.827: V/MediaExtractor(729): readAt(26624, 2048)
07-26 14:29:19.827: V/IOMX(702): onMessage writing message 1, size 40
07-26 14:29:19.827: V/IOMX(702): onMessage writing message 2, size 40
07-26 14:29:19.828: V/MediaExtractor(729): readAt(28672, 2048)
07-26 14:29:19.830: V/MediaExtractor(729): readAt(28924, 1796)
07-26 14:29:19.831: V/SimpleSoftOMXComponent(702): msgType = 2
07-26 14:29:19.831: V/MediaExtractor(729): readAt(0, 2048)
07-26 14:29:19.832: V/BnMediaSource(713): readMultiple
07-26 14:29:19.832: V/BnMediaSource(713): readMultiple status 0, bufferCount 1, sinceStop 12
07-26 14:29:19.832: V/MidiExtractor(713): SniffMidi: no
07-26 14:29:19.833: I/OmaDrmEngine(667): OmaDrmEngine::onInitialize
07-26 14:29:19.833: I/OmaDrmEngine(667): OmaDrmEngine::onInitialize -- OmaDrmGlue_InitializeKeyEncryption succeeded
07-26 14:29:19.833: I/OmaDrmEngine(667): OmaDrmEngine::onSetOnInfoListener
07-26 14:29:19.833: V/OmaDrmEngine(667): Found infoListenerClient
07-26 14:29:19.833: I/OmaDrmEngine(667): OmaDrmEngine::onOpenDecryptSession! fd = 7
07-26 14:29:19.834: D/OmaDrmFile(667): Coming into OmaDrmDcfFile_ParserDcf, fd =  9
07-26 14:29:19.834: E/OmaDrmFile(667): Invalid drm version
07-26 14:29:19.834: V/OmaDrmFile(667): DCF releases
07-26 14:29:19.834: I/OmaDrmEngine(667): OmaDrmEngine::onOpenDecryptSession Exit. result = -2006
07-26 14:29:19.835: I/OmaDrmEngine(667): OmaDrmEngine::onTerminate
07-26 14:29:19.835: V/SimpleSoftOMXComponent(702): msgType = 1
07-26 14:29:19.835: V/OMX(702): OnEmptyBufferDone buffer=0xf3e23be0
07-26 14:29:19.835: V/OMX(702): OnFillBufferDone buffer=0xf3e23eb0
07-26 14:29:19.836: V/IOMX(702): onMessage writing message 1, size 40
07-26 14:29:19.836: V/IOMX(702): onMessage writing message 2, size 40
07-26 14:29:19.837: V/SimpleSoftOMXComponent(702): msgType = 2
07-26 14:29:19.839: V/BnMediaSource(713): readMultiple
07-26 14:29:19.839: V/BnMediaSource(713): readMultiple status 0, bufferCount 1, sinceStop 13
07-26 14:29:19.840: I/OmaDrmEngine(667): OmaDrmEngine::onInitialize
07-26 14:29:19.840: I/OmaDrmEngine(667): OmaDrmEngine::onInitialize -- OmaDrmGlue_InitializeKeyEncryption succeeded
07-26 14:29:19.840: I/OmaDrmEngine(667): OmaDrmEngine::onSetOnInfoListener
07-26 14:29:19.840: V/OmaDrmEngine(667): Found infoListenerClient
07-26 14:29:19.840: V/Telecom(1444): Logging: START_SESSION: TSI.getCallState@AAU
07-26 14:29:19.841: V/Telecom(1444): Logging: END_SUBSESSION (dur: 1 mS): TSI.getCallState@AAU
07-26 14:29:19.841: V/Telecom(1444): Logging: END_SESSION (dur: 1 ms): TSI.getCallState@AAU
07-26 14:29:19.841: I/OmaDrmEngine(667): OmaDrmEngine::onOpenDecryptSession! fd = 7
07-26 14:29:19.841: D/OmaDrmFile(667): Coming into OmaDrmDcfFile_ParserDcf, fd =  9
07-26 14:29:19.841: E/OmaDrmFile(667): Invalid drm version
07-26 14:29:19.841: V/OmaDrmFile(667): DCF releases
07-26 14:29:19.841: I/OmaDrmEngine(667): OmaDrmEngine::onOpenDecryptSession Exit. result = -2006
07-26 14:29:19.842: V/SimpleSoftOMXComponent(702): msgType = 1
07-26 14:29:19.842: V/OMX(702): OnEmptyBufferDone buffer=0xf3e23c30
07-26 14:29:19.842: V/OMX(702): OnFillBufferDone buffer=0xf3e23b40
07-26 14:29:19.842: V/IOMX(702): onMessage writing message 1, size 40
07-26 14:29:19.842: V/IOMX(702): onMessage writing message 2, size 40
07-26 14:29:19.844: V/SimpleSoftOMXComponent(702): msgType = 2
07-26 14:29:19.845: I/OmaDrmEngine(667): OmaDrmEngine::onTerminate
07-26 14:29:19.846: V/MediaExtractor(713): Autodetected media content as 'application/ogg' with confidence 0.80
07-26 14:29:19.846: I/ExtendedExtractor(713): QTIParser is prefered .. flags 2
07-26 14:29:19.847: V/MediaExtractor(729): readAt(0, 2048)
07-26 14:29:19.848: I/MediaExtractor(713): extractor created in uid: 1040 (mediaex)
07-26 14:29:19.848: V/BnMediaSource(713): readMultiple
07-26 14:29:19.848: V/BnMediaSource(713): readMultiple status 0, bufferCount 1, sinceStop 14
07-26 14:29:19.848: D/MMParserExtractor(713): setExtraFlags called with flags 2 for paser instance ec923be0
07-26 14:29:19.848: D/MMParserExtractor(713): using bigger parser buffers
07-26 14:29:19.848: I/ExtendedExtractor(713): ExtendedExtractor::create 0xec923be0
07-26 14:29:19.848: V/MediaExtractorService(713): extractor service created 0xec923be0 (<unspecified>)
07-26 14:29:19.851: V/BpMediaExtractor(729): getDrmFlag
07-26 14:29:19.852: V/BnMediaExtractor(713): getDrmFlag
07-26 14:29:19.852: V/BpMediaExtractor(729): getMetaData
07-26 14:29:19.853: V/BnMediaExtractor(713): getMetaData
07-26 14:29:19.854: V/SimpleSoftOMXComponent(702): msgType = 1
07-26 14:29:19.854: V/MediaExtractor(729): readAt(0, 28924)
07-26 14:29:19.854: V/OMX(702): OnEmptyBufferDone buffer=0xf3e23c80
07-26 14:29:19.854: V/OMX(702): OnFillBufferDone buffer=0xf3e23e10
07-26 14:29:19.854: V/IOMX(702): onMessage writing message 1, size 40
07-26 14:29:19.854: V/IOMX(702): onMessage writing message 2, size 40
07-26 14:29:19.856: V/SimpleSoftOMXComponent(702): msgType = 2
07-26 14:29:19.858: V/BnMediaSource(713): readMultiple
07-26 14:29:19.860: V/MediaExtractor(729): readAt(4093, 24831)
07-26 14:29:19.863: V/BpMediaExtractor(729): countTracks
07-26 14:29:19.866: V/BnMediaSource(713): readMultiple status 0, bufferCount 1, sinceStop 15
07-26 14:29:19.866: V/BnMediaExtractor(713): countTracks
07-26 14:29:19.866: V/BpMediaExtractor(729): getTrack(0)
07-26 14:29:19.867: V/BnMediaExtractor(713): getTrack()
07-26 14:29:19.868: V/SimpleSoftOMXComponent(702): msgType = 1
07-26 14:29:19.868: V/SoftVorbis(702): discarding 462 frames at end of page
07-26 14:29:19.868: V/OMX(702): OnEmptyBufferDone buffer=0xf3e23b90
07-26 14:29:19.868: V/OMX(702): OnFillBufferDone buffer=0xf3e23e60
07-26 14:29:19.868: V/IOMX(702): onMessage writing message 1, size 40
07-26 14:29:19.868: V/IOMX(702): onMessage writing message 2, size 40
07-26 14:29:19.868: V/BpMediaExtractor(729): getTrackMetaData(0, 0)
07-26 14:29:19.869: V/BnMediaExtractor(713): getTrackMetaData
07-26 14:29:19.870: V/BpMediaSource(729): getFormat
07-26 14:29:19.870: V/BnMediaSource(713): getFormat
07-26 14:29:19.870: V/BpMediaSource(729): start
07-26 14:29:19.870: V/BnMediaSource(713): start
07-26 14:29:19.871: D/NuPlayerDriver(729): notifyListener_l(0xe9e20a80), (1, 0, 0), loop setting(0, 0)
07-26 14:29:19.871: V/MediaPlayerService(729): [1] notify (0xe9e34180, 1, 0, 0)
07-26 14:29:19.872: V/AudioFlinger(660): acquiring 17 from 666, for -1
07-26 14:29:19.872: V/AudioFlinger(660):  added new entry for 17
07-26 14:29:19.875: V/MediaPlayerService(729): Client(2) constructor
07-26 14:29:19.875: V/MediaPlayerService(729): Create new client(2) from pid 666, uid 1047, 
07-26 14:29:19.875: V/SimpleSoftOMXComponent(702): msgType = 2
07-26 14:29:19.876: V/MediaPlayerService(729): setDataSource(/system/media/audio/ui/VideoRecord.ogg)
07-26 14:29:19.876: V/MediaPlayerService(729): player type = 4
07-26 14:29:19.876: V/MediaPlayerFactory(729):  create NuPlayer
07-26 14:29:19.876: V/NuPlayerDriver(729): NuPlayerDriver(0xe9e20ba0)
07-26 14:29:19.877: V/BnMediaSource(713): readMultiple
07-26 14:29:19.877: V/BnMediaSource(713): readMultiple status -1011, bufferCount 0, sinceStop 15
07-26 14:29:19.878: V/SimpleSoftOMXComponent(702): msgType = 1
07-26 14:29:19.878: V/SoftVorbis(702): discarding 576 frames at end of page
07-26 14:29:19.878: V/OMX(702): OnEmptyBufferDone buffer=0xf3e23be0
07-26 14:29:19.878: V/OMX(702): OnFillBufferDone buffer=0xf3e23eb0
07-26 14:29:19.878: V/IOMX(702): onMessage writing message 1, size 40
07-26 14:29:19.878: V/IOMX(702): onMessage writing message 2, size 40
07-26 14:29:19.878: V/AudioSink(729): AudioOutput(17)
07-26 14:29:19.879: V/NuPlayerDriver(729): setDataSource(0xe9e20ba0) url(<no-scheme URI suppressed>)
07-26 14:29:19.879: V/NuPlayer(729): kWhatSetAudioSink
07-26 14:29:19.879: V/NuPlayer(729): kWhatSetDataSource
07-26 14:29:19.879: V/MediaPlayerService(729):  setDataSource
07-26 14:29:19.880: V/MediaPlayerService(729): [2] setAudioStreamType(7)
07-26 14:29:19.881: V/SimpleSoftOMXComponent(702): msgType = 0
07-26 14:29:19.881: V/SimpleSoftOMXComponent(702): 0xf3e0d100 requesting change from 3 to 2
07-26 14:29:19.881: V/OMX(702): OnFillBufferDone buffer=0xf3e23b40
07-26 14:29:19.881: V/OMX(702): OnEvent(0, 0, 2)
07-26 14:29:19.881: V/IOMX(702): onMessage writing message 2, size 40
07-26 14:29:19.881: V/IOMX(702): onMessage writing message 0, size 40
07-26 14:29:19.882: V/MediaPlayerService(729): [2] prepareAsync
07-26 14:29:19.882: V/NuPlayerDriver(729): prepareAsync(0xe9e20ba0)
07-26 14:29:19.883: V/SimpleSoftOMXComponent(702): msgType = 0
07-26 14:29:19.883: V/SimpleSoftOMXComponent(702): 0xf3e0d100 requesting change from 2 to 1
07-26 14:29:19.883: V/SimpleSoftOMXComponent(702): state transition from 2 to 1 not yet complete
07-26 14:29:19.885: V/SimpleSoftOMXComponent(702): state transition from 2 to 1 not yet complete
07-26 14:29:19.885: V/FileSource(729): /system/media/audio/ui/VideoRecord.ogg
07-26 14:29:19.886: V/MediaExtractor(729): MediaExtractor::Create (null) flags 2
07-26 14:29:19.887: V/SimpleSoftOMXComponent(702): state transition from 2 to 1 not yet complete
07-26 14:29:19.888: V/SimpleSoftOMXComponent(702): state transition from 2 to 1 not yet complete
07-26 14:29:19.888: V/SimpleSoftOMXComponent(702): state transition from 2 to 1 not yet complete
07-26 14:29:19.889: V/SimpleSoftOMXComponent(702): state transition from 2 to 1 not yet complete
07-26 14:29:19.889: I/OmaDrmEngine(667): OmaDrmEngine::onInitialize
07-26 14:29:19.889: I/OmaDrmEngine(667): OmaDrmEngine::onInitialize -- OmaDrmGlue_InitializeKeyEncryption succeeded
07-26 14:29:19.889: I/OmaDrmEngine(667): OmaDrmEngine::onSetOnInfoListener
07-26 14:29:19.889: V/OmaDrmEngine(667): Found infoListenerClient
07-26 14:29:19.892: V/SimpleSoftOMXComponent(702): state transition from 2 to 1 not yet complete
07-26 14:29:19.893: D/SogouIME(1926): [[SogouIME::a]] ----loadTheme---1--targetPath =default_theme/720/phone/
07-26 14:29:19.894: D/SogouIME(1926): [[SogouIME::a]] ----loadTheme---2--targetPath =default_theme/720/phone/
07-26 14:29:19.894: V/SimpleSoftOMXComponent(702): state transition from 2 to 1 not yet complete
07-26 14:29:19.894: V/SimpleSoftOMXComponent(702): state transition from 2 to 1 complete
07-26 14:29:19.894: D/SogouIME(1926): [[SogouIME::a]] ----loadTheme---4--targetPath =default_theme/720/phone/
07-26 14:29:19.895: V/OMX(702): OnEvent(0, 0, 1)
07-26 14:29:19.895: I/OmaDrmEngine(667): OmaDrmEngine::onOpenDecryptSession! fd = 7
07-26 14:29:19.895: V/IOMX(702): onMessage writing message 0, size 40
07-26 14:29:19.896: D/OmaDrmFile(667): Coming into OmaDrmDcfFile_ParserDcf, fd =  9
07-26 14:29:19.896: E/OmaDrmFile(667): Invalid drm version
07-26 14:29:19.896: V/OmaDrmFile(667): DCF releases
07-26 14:29:19.896: I/OmaDrmEngine(667): OmaDrmEngine::onOpenDecryptSession Exit. result = -2006
07-26 14:29:19.897: V/OMXNodeInstance(702): [2be002f:google.vorbis.decoder] calling destroyComponentInstance
07-26 14:29:19.898: V/OMXNodeInstance(702): OMXNodeInstance going away.
07-26 14:29:19.902: I/OmaDrmEngine(667): OmaDrmEngine::onTerminate
07-26 14:29:19.903: V/MediaExtractor(729): get service manager
07-26 14:29:19.904: V/BnMediaSource(713): stop
07-26 14:29:19.905: V/MediaExtractorService(713): @@@ MediaExtractorService::makeExtractor for (null) extFlags 2
07-26 14:29:19.906: V/AudioPolicyIntefaceImpl(660): setForceUse()
07-26 14:29:19.906: D/AudioPolicyManagerCustom(660): setForceUse() usage 0, config 0, mPhoneState 0
07-26 14:29:19.906: V/AudioPolicyManagerCustom(660): getNewOutputDevice() selected device 0
07-26 14:29:19.906: V/APM_AudioPolicyManager(660): setOutputDevice() device 0000 delayMs 0
07-26 14:29:19.906: V/APM_AudioPolicyManager(660): setOutputDevice() prevDevice 0x10000
07-26 14:29:19.906: V/MediaExtractor(713): MediaExtractor::CreateFromService (null) flags 2
07-26 14:29:19.907: V/APM_AudioPolicyManager(660): setOutputDevice() setting same device 0x0000 or null device
07-26 14:29:19.907: V/AudioPolicyManagerCustom(660): getNewOutputDevice() selected device 0
07-26 14:29:19.907: V/APM_AudioPolicyManager(660): setOutputDevice() device 0000 delayMs 0
07-26 14:29:19.907: V/APM_AudioPolicyManager(660): setOutputDevice() prevDevice 0x0002
07-26 14:29:19.907: V/APM_AudioPolicyManager(660): setOutputDevice() setting same device 0x0000 or null device
07-26 14:29:19.907: V/AudioPolicyManagerCustom(660): getNewOutputDevice() selected device 0
07-26 14:29:19.907: V/APM_AudioPolicyManager(660): setOutputDevice() device 0000 delayMs 0
07-26 14:29:19.907: V/APM_AudioPolicyManager(660): setOutputDevice() prevDevice 0x0002
07-26 14:29:19.907: V/APM_AudioPolicyManager(660): setOutputDevice() setting same device 0x0000 or null device
07-26 14:29:19.907: V/AudioPolicyManagerCustom(660): getNewOutputDevice() selected device 0
07-26 14:29:19.907: V/APM_AudioPolicyManager(660): setOutputDevice() device 0000 delayMs 0
07-26 14:29:19.907: V/APM_AudioPolicyManager(660): setOutputDevice() prevDevice 0x0002
07-26 14:29:19.907: V/APM_AudioPolicyManager(660): setOutputDevice() setting same device 0x0000 or null device
07-26 14:29:19.907: V/MediaExtractor(729): readAt(0, 2048)
07-26 14:29:19.908: V/MPEG4Extractor(713): saw chunk type , size 1332176723 @ 0
07-26 14:29:19.908: V/MP3Extractor(713): found possible 1st frame at 100 (header = 0xffff9103)
07-26 14:29:19.908: V/MP3Extractor(713): subsequent header is 14528829
07-26 14:29:19.908: V/MP3Extractor(713): no dice, no valid sequence of frames found.
07-26 14:29:19.909: V/MediaExtractor(729): readAt(2048, 2048)
07-26 14:29:19.910: V/MediaExtractor(729): readAt(4096, 2048)
07-26 14:29:19.910: V/AudioPolicyIntefaceImpl(660): setForceUse()
07-26 14:29:19.910: D/AudioPolicyManagerCustom(660): setForceUse() usage 2, config 0, mPhoneState 0
07-26 14:29:19.911: V/AudioPolicyManagerCustom(660): getNewOutputDevice() selected device 0
07-26 14:29:19.911: V/APM_AudioPolicyManager(660): setOutputDevice() device 0000 delayMs 0
07-26 14:29:19.911: V/APM_AudioPolicyManager(660): setOutputDevice() prevDevice 0x10000
07-26 14:29:19.911: V/APM_AudioPolicyManager(660): setOutputDevice() setting same device 0x0000 or null device
07-26 14:29:19.911: V/AudioPolicyManagerCustom(660): getNewOutputDevice() selected device 0
07-26 14:29:19.911: V/APM_AudioPolicyManager(660): setOutputDevice() device 0000 delayMs 0
07-26 14:29:19.911: V/APM_AudioPolicyManager(660): setOutputDevice() prevDevice 0x0002
07-26 14:29:19.911: V/APM_AudioPolicyManager(660): setOutputDevice() setting same device 0x0000 or null device
07-26 14:29:19.911: V/AudioPolicyManagerCustom(660): getNewOutputDevice() selected device 0
07-26 14:29:19.911: V/APM_AudioPolicyManager(660): setOutputDevice() device 0000 delayMs 0
07-26 14:29:19.911: V/APM_AudioPolicyManager(660): setOutputDevice() prevDevice 0x0002
07-26 14:29:19.911: V/APM_AudioPolicyManager(660): setOutputDevice() setting same device 0x0000 or null device
07-26 14:29:19.911: V/AudioPolicyManagerCustom(660): getNewOutputDevice() selected device 0
07-26 14:29:19.912: V/APM_AudioPolicyManager(660): setOutputDevice() device 0000 delayMs 0
07-26 14:29:19.912: V/APM_AudioPolicyManager(660): setOutputDevice() prevDevice 0x0002
07-26 14:29:19.912: V/APM_AudioPolicyManager(660): setOutputDevice() setting same device 0x0000 or null device
07-26 14:29:19.912: V/AudioPolicyIntefaceImpl(660): setForceUse()
07-26 14:29:19.912: D/AudioPolicyManagerCustom(660): setForceUse() usage 3, config 8, mPhoneState 0
07-26 14:29:19.913: V/AudioPolicyManagerCustom(660): getNewOutputDevice() selected device 0
07-26 14:29:19.913: V/APM_AudioPolicyManager(660): setOutputDevice() device 0000 delayMs 0
07-26 14:29:19.913: V/APM_AudioPolicyManager(660): setOutputDevice() prevDevice 0x10000
07-26 14:29:19.913: V/APM_AudioPolicyManager(660): setOutputDevice() setting same device 0x0000 or null device
07-26 14:29:19.913: V/AudioPolicyManagerCustom(660): getNewOutputDevice() selected device 0
07-26 14:29:19.913: V/APM_AudioPolicyManager(660): setOutputDevice() device 0000 delayMs 0
07-26 14:29:19.913: V/APM_AudioPolicyManager(660): setOutputDevice() prevDevice 0x0002
07-26 14:29:19.913: V/APM_AudioPolicyManager(660): setOutputDevice() setting same device 0x0000 or null device
07-26 14:29:19.913: V/AudioPolicyManagerCustom(660): getNewOutputDevice() selected device 0
07-26 14:29:19.913: V/APM_AudioPolicyManager(660): setOutputDevice() device 0000 delayMs 0
07-26 14:29:19.913: V/APM_AudioPolicyManager(660): setOutputDevice() prevDevice 0x0002
07-26 14:29:19.913: V/APM_AudioPolicyManager(660): setOutputDevice() setting same device 0x0000 or null device
07-26 14:29:19.913: V/AudioPolicyManagerCustom(660): getNewOutputDevice() selected device 0
07-26 14:29:19.913: V/APM_AudioPolicyManager(660): setOutputDevice() device 0000 delayMs 0
07-26 14:29:19.913: V/APM_AudioPolicyManager(660): setOutputDevice() prevDevice 0x0002
07-26 14:29:19.913: V/APM_AudioPolicyManager(660): setOutputDevice() setting same device 0x0000 or null device
07-26 14:29:19.914: V/MP3Extractor(713): found possible 1st frame at 4516 (header = 0xfff75177)
07-26 14:29:19.914: V/MP3Extractor(713): subsequent header is e99a0f7c
07-26 14:29:19.914: V/MP3Extractor(713): no dice, no valid sequence of frames found.
07-26 14:29:19.914: V/AudioPolicyIntefaceImpl(660): setForceUse()
07-26 14:29:19.914: D/AudioPolicyManagerCustom(660): setForceUse() usage 6, config 0, mPhoneState 0
07-26 14:29:19.914: V/MediaExtractor(729): readAt(6144, 2048)
07-26 14:29:19.915: V/AudioPolicyManagerCustom(660): getNewOutputDevice() selected device 0
07-26 14:29:19.915: V/APM_AudioPolicyManager(660): setOutputDevice() device 0000 delayMs 0
07-26 14:29:19.915: V/MP3Extractor(713): found possible 1st frame at 7149 (header = 0xfffc993e)
07-26 14:29:19.915: V/APM_AudioPolicyManager(660): setOutputDevice() prevDevice 0x10000
07-26 14:29:19.915: V/MP3Extractor(713): subsequent header is 3662830d
07-26 14:29:19.915: V/MP3Extractor(713): no dice, no valid sequence of frames found.
07-26 14:29:19.915: V/APM_AudioPolicyManager(660): setOutputDevice() setting same device 0x0000 or null device
07-26 14:29:19.915: V/AudioPolicyManagerCustom(660): getNewOutputDevice() selected device 0
07-26 14:29:19.915: V/APM_AudioPolicyManager(660): setOutputDevice() device 0000 delayMs 0
07-26 14:29:19.915: V/APM_AudioPolicyManager(660): setOutputDevice() prevDevice 0x0002
07-26 14:29:19.915: V/MediaExtractor(729): readAt(8192, 2048)
07-26 14:29:19.915: V/APM_AudioPolicyManager(660): setOutputDevice() setting same device 0x0000 or null device
07-26 14:29:19.915: V/AudioPolicyManagerCustom(660): getNewOutputDevice() selected device 0
07-26 14:29:19.915: V/APM_AudioPolicyManager(660): setOutputDevice() device 0000 delayMs 0
07-26 14:29:19.915: V/APM_AudioPolicyManager(660): setOutputDevice() prevDevice 0x0002
07-26 14:29:19.915: V/APM_AudioPolicyManager(660): setOutputDevice() setting same device 0x0000 or null device
07-26 14:29:19.915: V/AudioPolicyManagerCustom(660): getNewOutputDevice() selected device 0
07-26 14:29:19.918: V/APM_AudioPolicyManager(660): setOutputDevice() device 0000 delayMs 0
07-26 14:29:19.918: V/APM_AudioPolicyManager(660): setOutputDevice() prevDevice 0x0002
07-26 14:29:19.918: V/APM_AudioPolicyManager(660): setOutputDevice() setting same device 0x0000 or null device
07-26 14:29:19.919: V/MediaExtractor(729): readAt(10240, 2048)
07-26 14:29:19.919: V/APM_AudioPolicyManager(660): setStreamVolumeIndex() stream 3, device 00000002, index 15
07-26 14:29:19.920: V/APM_AudioPolicyManager(660): setStreamVolumeIndex() stream 3, device 00000004, index 4
07-26 14:29:19.920: V/MediaExtractor(729): readAt(12288, 2048)
07-26 14:29:19.920: V/APM_AudioPolicyManager(660): setStreamVolumeIndex() stream 3, device 00000008, index 10
07-26 14:29:19.921: V/MediaExtractor(729): readAt(12391, 1945)
07-26 14:29:19.921: I/chatty(1940): uid=10040(com.android.systemui) QSTileHost expire 6 lines
07-26 14:29:19.921: V/MP3Extractor(713): found possible 1st frame at 12279 (header = 0xffff5456)
07-26 14:29:19.921: V/APM_AudioPolicyManager(660): setStreamVolumeIndex() stream 3, device 40000000, index 11
07-26 14:29:19.921: V/MediaExtractor(729): readAt(12439, 2048)
07-26 14:29:19.921: V/MP3Extractor(713): no dice, no valid sequence of frames found.
07-26 14:29:19.922: V/MediaExtractor(729): readAt(0, 2048)
07-26 14:29:19.923: V/APM_AudioPolicyManager(660): setStreamVolumeIndex() stream 9, device 00000002, index 15
07-26 14:29:19.923: V/MidiExtractor(713): SniffMidi: no
07-26 14:29:19.925: V/APM_AudioPolicyManager(660): setStreamVolumeIndex() stream 9, device 00000004, index 4
07-26 14:29:19.925: I/OmaDrmEngine(667): OmaDrmEngine::onInitialize
07-26 14:29:19.925: I/OmaDrmEngine(667): OmaDrmEngine::onInitialize -- OmaDrmGlue_InitializeKeyEncryption succeeded
07-26 14:29:19.925: I/OmaDrmEngine(667): OmaDrmEngine::onSetOnInfoListener
07-26 14:29:19.925: V/OmaDrmEngine(667): Found infoListenerClient
07-26 14:29:19.925: V/APM_AudioPolicyManager(660): setStreamVolumeIndex() stream 9, device 00000008, index 10
07-26 14:29:19.926: I/OmaDrmEngine(667): OmaDrmEngine::onOpenDecryptSession! fd = 7
07-26 14:29:19.926: D/OmaDrmFile(667): Coming into OmaDrmDcfFile_ParserDcf, fd =  9
07-26 14:29:19.926: E/OmaDrmFile(667): Invalid drm version
07-26 14:29:19.926: V/OmaDrmFile(667): DCF releases
07-26 14:29:19.926: I/OmaDrmEngine(667): OmaDrmEngine::onOpenDecryptSession Exit. result = -2006
07-26 14:29:19.928: V/APM_AudioPolicyManager(660): setStreamVolumeIndex() stream 9, device 40000000, index 11
07-26 14:29:19.928: I/OmaDrmEngine(667): OmaDrmEngine::onTerminate
07-26 14:29:19.929: V/AudioFlinger(660): setParameters(): io 0, keyvalue A2dpSuspended=false, calling pid 1444
07-26 14:29:19.929: D/audio_hw_primary(660): adev_set_parameters: enter: A2dpSuspended=false
07-26 14:29:19.929: D/audio_hw_extn(660): audio_extn_set_anc_parameters: anc_enabled:0
07-26 14:29:19.929: D/audio_hw_spkr_prot(660): audio_extn_fbsp_set_parameters: Speaker protection disabled
07-26 14:29:19.932: V/AudioPolicyIntefaceImpl(660): setForceUse()
07-26 14:29:19.932: I/OmaDrmEngine(667): OmaDrmEngine::onInitialize
07-26 14:29:19.932: D/AudioPolicyManagerCustom(660): setForceUse() usage 0, config 0, mPhoneState 0
07-26 14:29:19.932: I/OmaDrmEngine(667): OmaDrmEngine::onInitialize -- OmaDrmGlue_InitializeKeyEncryption succeeded
07-26 14:29:19.932: I/OmaDrmEngine(667): OmaDrmEngine::onSetOnInfoListener
07-26 14:29:19.932: V/OmaDrmEngine(667): Found infoListenerClient
07-26 14:29:19.932: V/AudioPolicyManagerCustom(660): getNewOutputDevice() selected device 0
07-26 14:29:19.932: V/APM_AudioPolicyManager(660): setOutputDevice() device 0000 delayMs 0
07-26 14:29:19.932: V/APM_AudioPolicyManager(660): setOutputDevice() prevDevice 0x10000
07-26 14:29:19.932: V/APM_AudioPolicyManager(660): setOutputDevice() setting same device 0x0000 or null device
07-26 14:29:19.932: V/AudioPolicyManagerCustom(660): getNewOutputDevice() selected device 0
07-26 14:29:19.932: V/APM_AudioPolicyManager(660): setOutputDevice() device 0000 delayMs 0
07-26 14:29:19.932: V/APM_AudioPolicyManager(660): setOutputDevice() prevDevice 0x0002
07-26 14:29:19.932: V/APM_AudioPolicyManager(660): setOutputDevice() setting same device 0x0000 or null device
07-26 14:29:19.932: V/AudioPolicyManagerCustom(660): getNewOutputDevice() selected device 0
07-26 14:29:19.932: V/APM_AudioPolicyManager(660): setOutputDevice() device 0000 delayMs 0
07-26 14:29:19.932: V/APM_AudioPolicyManager(660): setOutputDevice() prevDevice 0x0002
07-26 14:29:19.933: V/APM_AudioPolicyManager(660): setOutputDevice() setting same device 0x0000 or null device
07-26 14:29:19.933: V/AudioPolicyManagerCustom(660): getNewOutputDevice() selected device 0
07-26 14:29:19.933: V/APM_AudioPolicyManager(660): setOutputDevice() device 0000 delayMs 0
07-26 14:29:19.933: V/APM_AudioPolicyManager(660): setOutputDevice() prevDevice 0x0002
07-26 14:29:19.933: V/APM_AudioPolicyManager(660): setOutputDevice() setting same device 0x0000 or null device
07-26 14:29:19.934: I/OmaDrmEngine(667): OmaDrmEngine::onOpenDecryptSession! fd = 7
07-26 14:29:19.935: D/OmaDrmFile(667): Coming into OmaDrmDcfFile_ParserDcf, fd =  9
07-26 14:29:19.935: E/OmaDrmFile(667): Invalid drm version
07-26 14:29:19.935: V/OmaDrmFile(667): DCF releases
07-26 14:29:19.935: I/OmaDrmEngine(667): OmaDrmEngine::onOpenDecryptSession Exit. result = -2006
07-26 14:29:19.940: V/AudioPolicyIntefaceImpl(660): setForceUse()
07-26 14:29:19.940: D/AudioPolicyManagerCustom(660): setForceUse() usage 2, config 0, mPhoneState 0
07-26 14:29:19.940: V/AudioPolicyManagerCustom(660): getNewOutputDevice() selected device 0
07-26 14:29:19.940: V/APM_AudioPolicyManager(660): setOutputDevice() device 0000 delayMs 0
07-26 14:29:19.940: V/APM_AudioPolicyManager(660): setOutputDevice() prevDevice 0x10000
07-26 14:29:19.940: V/APM_AudioPolicyManager(660): setOutputDevice() setting same device 0x0000 or null device
07-26 14:29:19.940: V/AudioPolicyManagerCustom(660): getNewOutputDevice() selected device 0
07-26 14:29:19.940: V/APM_AudioPolicyManager(660): setOutputDevice() device 0000 delayMs 0
07-26 14:29:19.940: V/APM_AudioPolicyManager(660): setOutputDevice() prevDevice 0x0002
07-26 14:29:19.940: V/APM_AudioPolicyManager(660): setOutputDevice() setting same device 0x0000 or null device
07-26 14:29:19.940: V/AudioPolicyManagerCustom(660): getNewOutputDevice() selected device 0
07-26 14:29:19.940: V/APM_AudioPolicyManager(660): setOutputDevice() device 0000 delayMs 0
07-26 14:29:19.941: V/APM_AudioPolicyManager(660): setOutputDevice() prevDevice 0x0002
07-26 14:29:19.941: V/APM_AudioPolicyManager(660): setOutputDevice() setting same device 0x0000 or null device
07-26 14:29:19.941: V/AudioPolicyManagerCustom(660): getNewOutputDevice() selected device 0
07-26 14:29:19.941: V/APM_AudioPolicyManager(660): setOutputDevice() device 0000 delayMs 0
07-26 14:29:19.941: V/APM_AudioPolicyManager(660): setOutputDevice() prevDevice 0x0002
07-26 14:29:19.941: V/APM_AudioPolicyManager(660): setOutputDevice() setting same device 0x0000 or null device
07-26 14:29:19.941: I/OmaDrmEngine(667): OmaDrmEngine::onTerminate
07-26 14:29:19.942: V/MediaExtractor(713): Autodetected media content as 'application/ogg' with confidence 0.80
07-26 14:29:19.942: I/ExtendedExtractor(713): QTIParser is prefered .. flags 2
07-26 14:29:19.942: V/MediaExtractor(729): readAt(0, 2048)
07-26 14:29:19.943: I/MediaExtractor(713): extractor created in uid: 1040 (mediaex)
07-26 14:29:19.943: D/MMParserExtractor(713): setExtraFlags called with flags 2 for paser instance ec923dc0
07-26 14:29:19.943: D/MMParserExtractor(713): using bigger parser buffers
07-26 14:29:19.943: I/ExtendedExtractor(713): ExtendedExtractor::create 0xec923dc0
07-26 14:29:19.944: V/MediaExtractorService(713): extractor service created 0xec923dc0 (<unspecified>)
07-26 14:29:19.944: V/BpMediaExtractor(729): getDrmFlag
07-26 14:29:19.944: V/BnMediaExtractor(713): getDrmFlag
07-26 14:29:19.944: V/BpMediaExtractor(729): getMetaData
07-26 14:29:19.944: V/BnMediaExtractor(713): getMetaData
07-26 14:29:19.947: V/MediaExtractor(729): readAt(0, 12391)
07-26 14:29:19.949: V/MediaExtractor(729): readAt(4411, 7980)
07-26 14:29:19.953: V/BpMediaExtractor(729): countTracks
07-26 14:29:19.953: V/BnMediaExtractor(713): countTracks
07-26 14:29:19.954: V/BpMediaExtractor(729): getTrack(0)
07-26 14:29:19.954: V/BnMediaExtractor(713): getTrack()
07-26 14:29:19.955: V/BpMediaExtractor(729): getTrackMetaData(0, 0)
07-26 14:29:19.955: V/BnMediaExtractor(713): getTrackMetaData
07-26 14:29:19.956: D/SogouIME(1926): [[SogouIME::cx]] loadThemeOnCreate---switchThemeTo:
07-26 14:29:19.957: V/BpMediaSource(729): getFormat
07-26 14:29:19.957: D/ThemeManager(1926): switchThemeTo:
07-26 14:29:19.959: V/BnMediaSource(713): getFormat
07-26 14:29:19.959: V/BpMediaSource(729): start
07-26 14:29:19.959: V/BnMediaSource(713): start
07-26 14:29:19.960: D/NuPlayerDriver(729): notifyListener_l(0xe9e20ba0), (1, 0, 0), loop setting(0, 0)
07-26 14:29:19.960: V/MediaPlayerService(729): [2] notify (0xe9e346c0, 1, 0, 0)
07-26 14:29:19.962: V/AudioFlinger(660): acquiring 25 from 666, for -1
07-26 14:29:19.962: V/AudioFlinger(660):  added new entry for 25
07-26 14:29:19.969: I/System.out(1926): sxx++++INIFile+++++pstrPathAndName++++++checkFile(pstrPathAndName)++default_theme/720/phone/theme.ini,false
07-26 14:29:19.969: V/MediaPlayerService(729): Client(3) constructor
07-26 14:29:19.969: V/MediaPlayerService(729): Create new client(3) from pid 666, uid 1047, 
07-26 14:29:19.969: V/MediaPlayerService(729): setDataSource(/system/media/audio/ui/VideoStop.ogg)
07-26 14:29:19.969: V/MediaPlayerService(729): player type = 4
07-26 14:29:19.969: V/MediaPlayerFactory(729):  create NuPlayer
07-26 14:29:19.969: V/NuPlayerDriver(729): NuPlayerDriver(0xe9e20cc0)
07-26 14:29:19.971: V/AudioSink(729): AudioOutput(25)
07-26 14:29:19.971: V/NuPlayerDriver(729): setDataSource(0xe9e20cc0) url(<no-scheme URI suppressed>)
07-26 14:29:19.971: V/NuPlayer(729): kWhatSetAudioSink
07-26 14:29:19.971: V/NuPlayer(729): kWhatSetDataSource
07-26 14:29:19.972: V/MediaPlayerService(729):  setDataSource
07-26 14:29:19.972: V/MediaPlayerService(729): [3] setAudioStreamType(7)
07-26 14:29:19.973: V/MediaPlayerService(729): [3] prepareAsync
07-26 14:29:19.973: V/NuPlayerDriver(729): prepareAsync(0xe9e20cc0)
07-26 14:29:19.974: V/FileSource(729): /system/media/audio/ui/VideoStop.ogg
07-26 14:29:19.975: V/MediaExtractor(729): MediaExtractor::Create (null) flags 2
07-26 14:29:19.977: I/OmaDrmEngine(667): OmaDrmEngine::onInitialize
07-26 14:29:19.977: I/OmaDrmEngine(667): OmaDrmEngine::onInitialize -- OmaDrmGlue_InitializeKeyEncryption succeeded
07-26 14:29:19.977: I/OmaDrmEngine(667): OmaDrmEngine::onSetOnInfoListener
07-26 14:29:19.977: V/OmaDrmEngine(667): Found infoListenerClient
07-26 14:29:19.978: I/OmaDrmEngine(667): OmaDrmEngine::onOpenDecryptSession! fd = 7
07-26 14:29:19.980: D/OmaDrmFile(667): Coming into OmaDrmDcfFile_ParserDcf, fd =  9
07-26 14:29:19.980: E/OmaDrmFile(667): Invalid drm version
07-26 14:29:19.980: V/OmaDrmFile(667): DCF releases
07-26 14:29:19.980: I/OmaDrmEngine(667): OmaDrmEngine::onOpenDecryptSession Exit. result = -2006
07-26 14:29:19.984: I/OmaDrmEngine(667): OmaDrmEngine::onTerminate
07-26 14:29:19.984: I/System.out(1926): sxx$$$$$$$defaultPath.toString()$$$$$$$$$$default_theme/720/phone/layout
07-26 14:29:19.986: V/MediaExtractor(729): get service manager
07-26 14:29:19.989: V/MediaExtractorService(713): @@@ MediaExtractorService::makeExtractor for (null) extFlags 2
07-26 14:29:19.992: V/MediaExtractor(713): MediaExtractor::CreateFromService (null) flags 2
07-26 14:29:19.995: V/MediaExtractor(729): readAt(0, 2048)
07-26 14:29:19.995: V/MPEG4Extractor(713): saw chunk type , size 1332176723 @ 0
07-26 14:29:19.996: V/MP3Extractor(713): found possible 1st frame at 100 (header = 0xffff9103)
07-26 14:29:19.996: V/MP3Extractor(713): subsequent header is 14528829
07-26 14:29:19.996: V/MP3Extractor(713): no dice, no valid sequence of frames found.
07-26 14:29:19.997: V/MediaExtractor(729): readAt(2048, 2048)
07-26 14:29:19.997: I/System.out(1926): sxx$$$$$$$defaultThemeDir != null$$$$$$$defaultThemeDir.length$$$true,25
07-26 14:29:19.997: I/System.out(1926): sxx+++UserThemeManager.java++11111111111111++createFileMap+++++defaultThemeDir[i]+++
07-26 14:29:19.997: I/System.out(1926): sxx+++UserThemeManager.java++11111111111111++createFileMap+++++defaultPathName+++default_theme/720/phone/layout/
07-26 14:29:19.997: I/System.out(1926): sxx+++UserThemeManager.java++11111111111111++createFileMap+++++defaultThemeDir[i]+++bh.ini
07-26 14:29:19.997: I/System.out(1926): sxx+++UserThemeManager.java++11111111111111++createFileMap+++++defaultPathName+++default_theme/720/phone/layout/bh.ini
07-26 14:29:19.997: I/System.out(1926): sxx+++UserThemeManager.java++11111111111111++createFileMap+++++defaultThemeDir[i]+++cands.ini
07-26 14:29:19.998: I/System.out(1926): sxx+++UserThemeManager.java++11111111111111++createFileMap+++++defaultPathName+++default_theme/720/phone/layout/cands.ini
07-26 14:29:19.998: I/System.out(1926): sxx+++UserThemeManager.java++11111111111111++createFileMap+++++defaultThemeDir[i]+++config.ini
07-26 14:29:19.998: I/System.out(1926): sxx+++UserThemeManager.java++11111111111111++createFileMap+++++defaultPathName+++default_theme/720/phone/layout/config.ini
07-26 14:29:19.998: I/System.out(1926): sxx+++UserThemeManager.java++11111111111111++createFileMap+++++defaultThemeDir[i]+++digit_26.ini
07-26 14:29:19.998: I/System.out(1926): sxx+++UserThemeManager.java++11111111111111++createFileMap+++++defaultPathName+++default_theme/720/phone/layout/digit_26.ini
07-26 14:29:19.998: I/System.out(1926): sxx+++UserThemeManager.java++11111111111111++createFileMap+++++defaultThemeDir[i]+++digit_9.ini
07-26 14:29:19.998: I/System.out(1926): sxx+++UserThemeManager.java++11111111111111++createFileMap+++++defaultPathName+++default_theme/720/phone/layout/digit_9.ini
07-26 14:29:19.998: I/System.out(1926): sxx+++UserThemeManager.java++11111111111111++createFileMap+++++defaultThemeDir[i]+++edit.ini
07-26 14:29:19.998: I/System.out(1926): sxx+++UserThemeManager.java++11111111111111++createFileMap+++++defaultPathName+++default_theme/720/phone/layout/edit.ini
07-26 14:29:19.998: I/System.out(1926): sxx+++UserThemeManager.java++11111111111111++createFileMap+++++defaultThemeDir[i]+++en_26.ini
07-26 14:29:19.998: V/MediaExtractor(729): readAt(4096, 2048)
07-26 14:29:19.998: I/System.out(1926): sxx+++UserThemeManager.java++11111111111111++createFileMap+++++defaultPathName+++default_theme/720/phone/layout/en_26.ini
07-26 14:29:19.998: I/System.out(1926): sxx+++UserThemeManager.java++11111111111111++createFileMap+++++defaultThemeDir[i]+++en_26_pre.ini
07-26 14:29:19.998: I/System.out(1926): sxx+++UserThemeManager.java++11111111111111++createFileMap+++++defaultPathName+++default_theme/720/phone/layout/en_26_pre.ini
07-26 14:29:19.998: I/System.out(1926): sxx+++UserThemeManager.java++11111111111111++createFileMap+++++defaultThemeDir[i]+++en_9.ini
07-26 14:29:19.998: I/System.out(1926): sxx+++UserThemeManager.java++11111111111111++createFileMap+++++defaultPathName+++default_theme/720/phone/layout/en_9.ini
07-26 14:29:19.999: I/System.out(1926): sxx+++UserThemeManager.java++11111111111111++createFileMap+++++defaultThemeDir[i]+++en_9_multi.ini
07-26 14:29:19.999: I/System.out(1926): sxx+++UserThemeManager.java++11111111111111++createFileMap+++++defaultPathName+++default_theme/720/phone/layout/en_9_multi.ini
07-26 14:29:19.999: I/System.out(1926): sxx+++UserThemeManager.java++11111111111111++createFileMap+++++defaultThemeDir[i]+++expression.ini
07-26 14:29:19.999: I/System.out(1926): sxx+++UserThemeManager.java++11111111111111++createFileMap+++++defaultPathName+++default_theme/720/phone/layout/expression.ini
07-26 14:29:19.999: I/System.out(1926): sxx+++UserThemeManager.java++11111111111111++createFileMap+++++defaultThemeDir[i]+++handwriting.ini
07-26 14:29:19.999: I/System.out(1926): sxx+++UserThemeManager.java++11111111111111++createFileMap+++++defaultPathName+++default_theme/720/phone/layout/handwriting.ini
07-26 14:29:19.999: I/System.out(1926): sxx+++UserThemeManager.java++11111111111111++createFileMap+++++defaultThemeDir[i]+++handwriting_landscape.ini
07-26 14:29:19.999: I/System.out(1926): sxx+++UserThemeManager.java++11111111111111++createFileMap+++++defaultPathName+++default_theme/720/phone/layout/handwriting_landscape.ini
07-26 14:29:19.999: I/System.out(1926): sxx+++UserThemeManager.java++11111111111111++createFileMap+++++defaultThemeDir[i]+++handwriting_landscape_full.ini
07-26 14:29:19.999: I/System.out(1926): sxx+++UserThemeManager.java++11111111111111++createFileMap+++++defaultPathName+++default_theme/720/phone/layout/handwriting_landscape_full.ini
07-26 14:29:19.999: I/System.out(1926): sxx+++UserThemeManager.java++11111111111111++createFileMap+++++defaultThemeDir[i]+++handwriting_portait_full.ini
07-26 14:29:19.999: I/System.out(1926): sxx+++UserThemeManager.java++11111111111111++createFileMap+++++defaultPathName+++default_theme/720/phone/layout/handwriting_portait_full.ini
07-26 14:29:19.999: I/System.out(1926): sxx+++UserThemeManager.java++11111111111111++createFileMap+++++defaultThemeDir[i]+++images.ini
07-26 14:29:19.999: I/System.out(1926): sxx+++UserThemeManager.java++11111111111111++createFileMap+++++defaultPathName+++default_theme/720/phone/layout/images.ini
07-26 14:29:19.999: I/System.out(1926): sxx+++UserThemeManager.java++11111111111111++createFileMap+++++defaultThemeDir[i]+++platform.ini
07-26 14:29:20.000: I/System.out(1926): sxx+++UserThemeManager.java++11111111111111++createFileMap+++++defaultPathName+++default_theme/720/phone/layout/platform.ini
07-26 14:29:20.000: V/MediaExtractor(729): readAt(6144, 2048)
07-26 14:29:20.000: I/System.out(1926): sxx+++UserThemeManager.java++11111111111111++createFileMap+++++defaultThemeDir[i]+++py_26.ini
07-26 14:29:20.000: I/System.out(1926): sxx+++UserThemeManager.java++11111111111111++createFileMap+++++defaultPathName+++default_theme/720/phone/layout/py_26.ini
07-26 14:29:20.000: I/System.out(1926): sxx+++UserThemeManager.java++11111111111111++createFileMap+++++defaultThemeDir[i]+++py_9.ini
07-26 14:29:20.000: I/System.out(1926): sxx+++UserThemeManager.java++11111111111111++createFileMap+++++defaultPathName+++default_theme/720/phone/layout/py_9.ini
07-26 14:29:20.000: I/System.out(1926): sxx+++UserThemeManager.java++11111111111111++createFileMap+++++defaultThemeDir[i]+++template.ini
07-26 14:29:20.000: I/System.out(1926): sxx+++UserThemeManager.java++11111111111111++createFileMap+++++defaultPathName+++default_theme/720/phone/layout/template.ini
07-26 14:29:20.000: I/System.out(1926): sxx+++UserThemeManager.java++11111111111111++createFileMap+++++defaultThemeDir[i]+++templateblack.ini
07-26 14:29:20.000: I/System.out(1926): sxx+++UserThemeManager.java++11111111111111++createFileMap+++++defaultPathName+++default_theme/720/phone/layout/templateblack.ini
07-26 14:29:20.000: I/System.out(1926): sxx+++UserThemeManager.java++11111111111111++createFileMap+++++defaultThemeDir[i]+++templateblack.ini.bak
07-26 14:29:20.000: I/System.out(1926): sxx+++UserThemeManager.java++11111111111111++createFileMap+++++defaultPathName+++default_theme/720/phone/layout/templateblack.ini.bak
07-26 14:29:20.000: I/System.out(1926): sxx+++UserThemeManager.java++11111111111111++createFileMap+++++defaultThemeDir[i]+++voice.ini
07-26 14:29:20.000: I/System.out(1926): sxx+++UserThemeManager.java++11111111111111++createFileMap+++++defaultPathName+++default_theme/720/phone/layout/voice.ini
07-26 14:29:20.000: I/System.out(1926): sxx+++UserThemeManager.java++11111111111111++createFileMap+++++defaultThemeDir[i]+++wubi.ini
07-26 14:29:20.000: I/System.out(1926): sxx+++UserThemeManager.java++11111111111111++createFileMap+++++defaultPathName+++default_theme/720/phone/layout/wubi.ini
07-26 14:29:20.002: V/MediaExtractor(729): readAt(8192, 2048)
07-26 14:29:20.004: I/System.out(1926): sxx+++UserThemeManager.java+2222222222+++createFileMap+++++portThemeDir[i]+++
07-26 14:29:20.004: I/System.out(1926): sxx+++UserThemeManager.java++11111111111111++createFileMap+++++portPathName+++default_theme/720/phone/port/
07-26 14:29:20.004: I/System.out(1926): sxx+++UserThemeManager.java+2222222222+++createFileMap+++++portThemeDir[i]+++bh.ini
07-26 14:29:20.004: I/System.out(1926): sxx+++UserThemeManager.java++11111111111111++createFileMap+++++portPathName+++default_theme/720/phone/port/bh.ini
07-26 14:29:20.005: I/System.out(1926): sxx+++UserThemeManager.java+2222222222+++createFileMap+++++portThemeDir[i]+++digit_9.ini
07-26 14:29:20.005: I/System.out(1926): sxx+++UserThemeManager.java++11111111111111++createFileMap+++++portPathName+++default_theme/720/phone/port/digit_9.ini
07-26 14:29:20.005: I/System.out(1926): sxx+++UserThemeManager.java+2222222222+++createFileMap+++++portThemeDir[i]+++digit_en_26.ini
07-26 14:29:20.005: I/System.out(1926): sxx+++UserThemeManager.java++11111111111111++createFileMap+++++portPathName+++default_theme/720/phone/port/digit_en_26.ini
07-26 14:29:20.005: I/System.out(1926): sxx+++UserThemeManager.java+2222222222+++createFileMap+++++portThemeDir[i]+++digit_en_26_pre.ini
07-26 14:29:20.005: I/System.out(1926): sxx+++UserThemeManager.java++11111111111111++createFileMap+++++portPathName+++default_theme/720/phone/port/digit_en_26_pre.ini
07-26 14:29:20.005: I/System.out(1926): sxx+++UserThemeManager.java+2222222222+++createFileMap+++++portThemeDir[i]+++en_26.ini
07-26 14:29:20.005: I/System.out(1926): sxx+++UserThemeManager.java++11111111111111++createFileMap+++++portPathName+++default_theme/720/phone/port/en_26.ini
07-26 14:29:20.005: I/System.out(1926): sxx+++UserThemeManager.java+2222222222+++createFileMap+++++portThemeDir[i]+++en_26_pre.ini
07-26 14:29:20.005: I/System.out(1926): sxx+++UserThemeManager.java++11111111111111++createFileMap+++++portPathName+++default_theme/720/phone/port/en_26_pre.ini
07-26 14:29:20.005: I/System.out(1926): sxx+++UserThemeManager.java+2222222222+++createFileMap+++++portThemeDir[i]+++en_9.ini
07-26 14:29:20.005: I/System.out(1926): sxx+++UserThemeManager.java++11111111111111++createFileMap+++++portPathName+++default_theme/720/phone/port/en_9.ini
07-26 14:29:20.005: I/System.out(1926): sxx+++UserThemeManager.java+2222222222+++createFileMap+++++portThemeDir[i]+++en_9_multi.ini
07-26 14:29:20.005: I/System.out(1926): sxx+++UserThemeManager.java++11111111111111++createFileMap+++++portPathName+++default_theme/720/phone/port/en_9_multi.ini
07-26 14:29:20.005: I/System.out(1926): sxx+++UserThemeManager.java+2222222222+++createFileMap+++++portThemeDir[i]+++handwriting.ini
07-26 14:29:20.005: I/System.out(1926): sxx+++UserThemeManager.java++11111111111111++createFileMap+++++portPathName+++default_theme/720/phone/port/handwriting.ini
07-26 14:29:20.006: I/System.out(1926): sxx+++UserThemeManager.java+2222222222+++createFileMap+++++portThemeDir[i]+++handwriting_portait_full.ini
07-26 14:29:20.006: I/System.out(1926): sxx+++UserThemeManager.java++11111111111111++createFileMap+++++portPathName+++default_theme/720/phone/port/handwriting_portait_full.ini
07-26 14:29:20.006: I/System.out(1926): sxx+++UserThemeManager.java+2222222222+++createFileMap+++++portThemeDir[i]+++py_26.ini
07-26 14:29:20.006: I/System.out(1926): sxx+++UserThemeManager.java++11111111111111++createFileMap+++++portPathName+++default_theme/720/phone/port/py_26.ini
07-26 14:29:20.006: I/System.out(1926): sxx+++UserThemeManager.java+2222222222+++createFileMap+++++portThemeDir[i]+++py_9.ini
07-26 14:29:20.006: I/System.out(1926): sxx+++UserThemeManager.java++11111111111111++createFileMap+++++portPathName+++default_theme/720/phone/port/py_9.ini
07-26 14:29:20.006: I/System.out(1926): sxx+++UserThemeManager.java+2222222222+++createFileMap+++++portThemeDir[i]+++voice.ini
07-26 14:29:20.006: I/System.out(1926): sxx+++UserThemeManager.java++11111111111111++createFileMap+++++portPathName+++default_theme/720/phone/port/voice.ini
07-26 14:29:20.006: I/System.out(1926): sxx+++UserThemeManager.java+2222222222+++createFileMap+++++portThemeDir[i]+++wubi.ini
07-26 14:29:20.006: I/System.out(1926): sxx+++UserThemeManager.java++11111111111111++createFileMap+++++portPathName+++default_theme/720/phone/port/wubi.ini
07-26 14:29:20.006: V/MediaExtractor(729): readAt(10240, 2048)
07-26 14:29:20.006: I/chatty(1940): uid=10040(com.android.systemui) RenderThread expire 2 lines
07-26 14:29:20.007: V/MediaExtractor(729): readAt(12288, 2048)
07-26 14:29:20.007: V/MediaExtractor(729): readAt(12431, 1905)
07-26 14:29:20.007: V/MediaExtractor(729): readAt(0, 2048)
07-26 14:29:20.008: V/MidiExtractor(713): SniffMidi: no
07-26 14:29:20.009: I/OmaDrmEngine(667): OmaDrmEngine::onInitialize
07-26 14:29:20.009: I/OmaDrmEngine(667): OmaDrmEngine::onInitialize -- OmaDrmGlue_InitializeKeyEncryption succeeded
07-26 14:29:20.009: I/OmaDrmEngine(667): OmaDrmEngine::onSetOnInfoListener
07-26 14:29:20.009: V/OmaDrmEngine(667): Found infoListenerClient
07-26 14:29:20.010: W/ActivityManager(1444): Unable to start service Intent { act=com.journeyui.musicdock.MusicDockServices pkg=com.journeyui.musicdock } U=0: not found
07-26 14:29:20.010: I/OmaDrmEngine(667): OmaDrmEngine::onOpenDecryptSession! fd = 7
07-26 14:29:20.010: D/OmaDrmFile(667): Coming into OmaDrmDcfFile_ParserDcf, fd =  9
07-26 14:29:20.011: E/OmaDrmFile(667): Invalid drm version
07-26 14:29:20.011: V/OmaDrmFile(667): DCF releases
07-26 14:29:20.011: I/OmaDrmEngine(667): OmaDrmEngine::onOpenDecryptSession Exit. result = -2006
07-26 14:29:20.011: I/OmaDrmEngine(667): OmaDrmEngine::onTerminate
07-26 14:29:20.012: I/System.out(1926): sxx+++UserThemeManager.java+333333333333+++createFileMap+++++portThemeDir[i]+++
07-26 14:29:20.012: I/System.out(1926): sxx+++UserThemeManager.java++11111111111111++createFileMap+++++landPathName+++default_theme/720/phone/land/
07-26 14:29:20.012: I/System.out(1926): sxx+++UserThemeManager.java+333333333333+++createFileMap+++++portThemeDir[i]+++bh.ini
07-26 14:29:20.012: I/System.out(1926): sxx+++UserThemeManager.java++11111111111111++createFileMap+++++landPathName+++default_theme/720/phone/land/bh.ini
07-26 14:29:20.012: I/System.out(1926): sxx+++UserThemeManager.java+333333333333+++createFileMap+++++portThemeDir[i]+++digit_9.ini
