07-26 14:52:35.685: D/PhoneSwitcherNetworkRequstListener(2167): Registering NetworkFactory
07-26 14:52:35.686: V/BnMediaSource(698): readMultiple
07-26 14:52:35.686: V/BnMediaSource(698): readMultiple status -1011, bufferCount 0, sinceStop 15
07-26 14:52:35.687: V/SimpleSoftOMXComponent(683): msgType = 1
07-26 14:52:35.687: V/SoftVorbis(683): discarding 576 frames at end of page
07-26 14:52:35.687: V/OMX(683): OnEmptyBufferDone buffer=0xf55a3be0
07-26 14:52:35.687: V/OMX(683): OnFillBufferDone buffer=0xf55a3eb0
07-26 14:52:35.687: V/IOMX(683): onMessage writing message 1, size 40
07-26 14:52:35.687: V/IOMX(683): onMessage writing message 2, size 40
07-26 14:52:35.690: E/QtiRilInterface(2167): instance = com.qualcomm.qti.internal.telephony.QtiRilInterface@a9b4565
07-26 14:52:35.691: V/SimpleSoftOMXComponent(683): msgType = 0
07-26 14:52:35.691: V/SimpleSoftOMXComponent(683): 0xf558d100 requesting change from 3 to 2
07-26 14:52:35.691: V/OMX(683): OnFillBufferDone buffer=0xf55a3af0
07-26 14:52:35.691: V/OMX(683): OnEvent(0, 0, 2)
07-26 14:52:35.691: V/IOMX(683): onMessage writing message 2, size 40
07-26 14:52:35.691: V/IOMX(683): onMessage writing message 0, size 40
07-26 14:52:35.692: V/SimpleSoftOMXComponent(683): msgType = 0
07-26 14:52:35.692: V/SimpleSoftOMXComponent(683): 0xf558d100 requesting change from 2 to 1
07-26 14:52:35.692: V/SimpleSoftOMXComponent(683): state transition from 2 to 1 not yet complete
07-26 14:52:35.692: V/SimpleSoftOMXComponent(683): state transition from 2 to 1 not yet complete
07-26 14:52:35.692: V/SimpleSoftOMXComponent(683): state transition from 2 to 1 not yet complete
07-26 14:52:35.693: V/SimpleSoftOMXComponent(683): state transition from 2 to 1 not yet complete
07-26 14:52:35.693: V/SimpleSoftOMXComponent(683): state transition from 2 to 1 not yet complete
07-26 14:52:35.694: V/SimpleSoftOMXComponent(683): state transition from 2 to 1 not yet complete
07-26 14:52:35.696: V/SimpleSoftOMXComponent(683): state transition from 2 to 1 not yet complete
07-26 14:52:35.697: V/SimpleSoftOMXComponent(683): state transition from 2 to 1 not yet complete
07-26 14:52:35.700: V/SimpleSoftOMXComponent(683): state transition from 2 to 1 complete
07-26 14:52:35.700: V/OMX(683): OnEvent(0, 0, 1)
07-26 14:52:35.702: V/IOMX(683): onMessage writing message 0, size 40
07-26 14:52:35.703: V/OMXNodeInstance(683): [2ab002e:google.vorbis.decoder] calling destroyComponentInstance
07-26 14:52:35.704: V/OMXNodeInstance(683): OMXNodeInstance going away.
07-26 14:52:35.708: V/BnMediaSource(698): stop
07-26 14:52:35.711: I/OmaDrmEngine(664): OmaDrmEngine::onInitialize
07-26 14:52:35.711: I/OmaDrmEngine(664): OmaDrmEngine::onInitialize -- OmaDrmGlue_InitializeKeyEncryption succeeded
07-26 14:52:35.711: I/OmaDrmEngine(664): OmaDrmEngine::onSetOnInfoListener
07-26 14:52:35.711: V/OmaDrmEngine(664): Found infoListenerClient
07-26 14:52:35.712: I/OmaDrmEngine(664): OmaDrmEngine::onOpenDecryptSession! fd = 7
07-26 14:52:35.713: D/OmaDrmFile(664): Coming into OmaDrmDcfFile_ParserDcf, fd =  8
07-26 14:52:35.713: E/OmaDrmFile(664): Invalid drm version
07-26 14:52:35.713: V/OmaDrmFile(664): DCF releases
07-26 14:52:35.713: I/OmaDrmEngine(664): OmaDrmEngine::onOpenDecryptSession Exit. result = -2006
07-26 14:52:35.714: I/OmaDrmEngine(664): OmaDrmEngine::onTerminate
07-26 14:52:35.718: V/MediaExtractorService(698): @@@ MediaExtractorService::makeExtractor for (null) extFlags 0
07-26 14:52:35.718: V/MediaExtractor(698): MediaExtractor::CreateFromService (null) flags 0
07-26 14:52:35.719: V/MPEG4Extractor(698): saw chunk type , size 1332176723 @ 0
07-26 14:52:35.719: V/MP3Extractor(698): found possible 1st frame at 99 (header = 0xffffd503)
07-26 14:52:35.719: V/MP3Extractor(698): subsequent header is 755d5776
07-26 14:52:35.719: V/MP3Extractor(698): no dice, no valid sequence of frames found.
07-26 14:52:35.720: V/MP3Extractor(698): found possible 1st frame at 4310 (header = 0xffffb4ff)
07-26 14:52:35.720: V/MP3Extractor(698): subsequent header is b4d58edc
07-26 14:52:35.720: V/MP3Extractor(698): no dice, no valid sequence of frames found.
07-26 14:52:35.720: V/MP3Extractor(698): found possible 1st frame at 4313 (header = 0xffff39ff)
07-26 14:52:35.720: V/MP3Extractor(698): subsequent header is fe8a75e1
07-26 14:52:35.720: V/MP3Extractor(698): no dice, no valid sequence of frames found.
07-26 14:52:35.720: V/MP3Extractor(698): found possible 1st frame at 4316 (header = 0xffff4bff)
07-26 14:52:35.720: V/MP3Extractor(698): subsequent header is 8a846a7f
07-26 14:52:35.720: V/MP3Extractor(698): no dice, no valid sequence of frames found.
07-26 14:52:35.720: V/MP3Extractor(698): found possible 1st frame at 4319 (header = 0xffff39ff)
07-26 14:52:35.720: V/MP3Extractor(698): subsequent header is 5686bd8f
07-26 14:52:35.720: V/MP3Extractor(698): no dice, no valid sequence of frames found.
07-26 14:52:35.721: V/MP3Extractor(698): found possible 1st frame at 4325 (header = 0xffff118c)
07-26 14:52:35.721: V/MP3Extractor(698): subsequent header is accf9b9b
07-26 14:52:35.721: V/MP3Extractor(698): no dice, no valid sequence of frames found.
07-26 14:52:35.721: V/MP3Extractor(698): found possible 1st frame at 5035 (header = 0xffe3abea)
07-26 14:52:35.721: V/MP3Extractor(698): subsequent header is e17ec10b
07-26 14:52:35.721: V/MP3Extractor(698): no dice, no valid sequence of frames found.
07-26 14:52:35.721: E/QtiRilInterface(2167): instance = com.qualcomm.qti.internal.telephony.QtiRilInterface@a9b4565
07-26 14:52:35.722: V/MP3Extractor(698): found possible 1st frame at 8653 (header = 0xffff233e)
07-26 14:52:35.722: V/MP3Extractor(698): subsequent header is 83f1db0c
07-26 14:52:35.722: V/MP3Extractor(698): no dice, no valid sequence of frames found.
07-26 14:52:35.723: V/MidiExtractor(698): SniffMidi: no
07-26 14:52:35.723: I/OmaDrmEngine(664): OmaDrmEngine::onInitialize
07-26 14:52:35.723: I/OmaDrmEngine(664): OmaDrmEngine::onInitialize -- OmaDrmGlue_InitializeKeyEncryption succeeded
07-26 14:52:35.724: I/OmaDrmEngine(664): OmaDrmEngine::onSetOnInfoListener
07-26 14:52:35.724: V/OmaDrmEngine(664): Found infoListenerClient
07-26 14:52:35.724: I/OmaDrmEngine(664): OmaDrmEngine::onOpenDecryptSession! fd = 7
07-26 14:52:35.724: D/OmaDrmFile(664): Coming into OmaDrmDcfFile_ParserDcf, fd =  8
07-26 14:52:35.724: E/OmaDrmFile(664): Invalid drm version
07-26 14:52:35.724: E/QtiRilInterface(2167): instance = com.qualcomm.qti.internal.telephony.QtiRilInterface@a9b4565
07-26 14:52:35.724: V/OmaDrmFile(664): DCF releases
07-26 14:52:35.724: I/OmaDrmEngine(664): OmaDrmEngine::onOpenDecryptSession Exit. result = -2006
07-26 14:52:35.725: I/OmaDrmEngine(664): OmaDrmEngine::onTerminate
07-26 14:52:35.726: I/OmaDrmEngine(664): OmaDrmEngine::onInitialize
07-26 14:52:35.726: I/OmaDrmEngine(664): OmaDrmEngine::onInitialize -- OmaDrmGlue_InitializeKeyEncryption succeeded
07-26 14:52:35.726: I/OmaDrmEngine(664): OmaDrmEngine::onSetOnInfoListener
07-26 14:52:35.726: V/OmaDrmEngine(664): Found infoListenerClient
07-26 14:52:35.726: I/OmaDrmEngine(664): OmaDrmEngine::onOpenDecryptSession! fd = 7
07-26 14:52:35.726: D/OmaDrmFile(664): Coming into OmaDrmDcfFile_ParserDcf, fd =  8
07-26 14:52:35.726: E/OmaDrmFile(664): Invalid drm version
07-26 14:52:35.727: V/OmaDrmFile(664): DCF releases
07-26 14:52:35.727: I/OmaDrmEngine(664): OmaDrmEngine::onOpenDecryptSession Exit. result = -2006
07-26 14:52:35.730: I/OmaDrmEngine(664): OmaDrmEngine::onTerminate
07-26 14:52:35.733: V/MediaExtractor(698): Autodetected media content as 'application/ogg' with confidence 0.80
07-26 14:52:35.733: I/ExtendedExtractor(698): QTIParser is prefered .. flags 0
07-26 14:52:35.734: I/MediaExtractor(698): extractor created in uid: 1040 (mediaex)
07-26 14:52:35.734: D/MMParserExtractor(698): setExtraFlags called with flags 0 for paser instance e72a3aa0
07-26 14:52:35.734: I/ExtendedExtractor(698): ExtendedExtractor::create 0xe72a3aa0
07-26 14:52:35.734: V/MediaExtractorService(698): extractor service created 0xe72a3aa0 (<unspecified>)
07-26 14:52:35.735: V/BnMediaExtractor(698): countTracks
07-26 14:52:35.738: V/BnMediaExtractor(698): countTracks
07-26 14:52:35.738: V/BnMediaExtractor(698): getTrackMetaData
07-26 14:52:35.739: V/BnMediaExtractor(698): countTracks
07-26 14:52:35.739: V/BnMediaExtractor(698): countTracks
07-26 14:52:35.740: V/BnMediaExtractor(698): countTracks
07-26 14:52:35.740: V/BnMediaExtractor(698): getTrackMetaData
07-26 14:52:35.743: I/chatty(1453): uid=1000 system_server expire 107 lines
07-26 14:52:35.744: I/MediaPlayerService(701): MediaPlayerService::getOMX
07-26 14:52:35.747: V/OMXNodeInstance(683): debug level for OMX.google.vorbis.decoder is 0
07-26 14:52:35.747: I/OMXMaster(683): makeComponentInstance(OMX.google.vorbis.decoder) in mediacodec process
07-26 14:52:35.748: V/SoftOMXPlugin(683): makeComponentInstance 'OMX.google.vorbis.decoder'
07-26 14:52:35.753: V/OMX(683): setParameter(44761135 0x1000017 0xf603d000 136)
07-26 14:52:35.754: W/art(2167): Long monitor contention with owner main (2167) at boolean android.os.BinderProxy.transactNative(int, android.os.Parcel, android.os.Parcel, int)(Binder.java:-2) waiters=0 in com.android.internal.telephony.Phone com.android.internal.telephony.PhoneFactory.getPhone(int) for 467ms
07-26 14:52:35.755: I/chatty(1911): uid=10040(com.android.systemui) expire 33 lines
07-26 14:52:35.756: V/OMX(683): getParameter(44761135 0x2000001 0xf603d000 96)
07-26 14:52:35.757: V/OMX(683): setParameter(44761135 0x2000001 0xf603d000 96)
07-26 14:52:35.758: V/OMX(683): getParameter(44761135 0x2000001 0xf603d000 96)
07-26 14:52:35.758: V/OMX(683): getParameter(44761135 0x2000001 0xf603d000 96)
07-26 14:52:35.760: V/OMX(683): getParameter(44761135 0x2000001 0xf603d000 96)
07-26 14:52:35.760: V/OMX(683): getParameter(44761135 0x400001b 0xf603d000 48)
07-26 14:52:35.761: V/OMX(683): getParameter(44761135 0x2000001 0xf603d000 96)
07-26 14:52:35.763: V/OMX(683): getParameter(44761135 0x2000001 0xf603d000 96)
07-26 14:52:35.763: V/OMX(683): getParameter(44761135 0x4000002 0xf603d000 104)
07-26 14:52:35.767: V/SimpleSoftOMXComponent(683): msgType = 0
07-26 14:52:35.767: V/SimpleSoftOMXComponent(683): 0xf558d100 requesting change from 1 to 2
07-26 14:52:35.767: V/SimpleSoftOMXComponent(683): state transition from 1 to 2 not yet complete
07-26 14:52:35.768: V/OMX(683): getParameter(44761135 0x2000001 0xf603d000 96)
07-26 14:52:35.777: V/SimpleSoftOMXComponent(683): state transition from 1 to 2 not yet complete
07-26 14:52:35.777: V/OMX(683): getParameter(44761135 0x2000001 0xf603d000 96)
07-26 14:52:35.782: V/SimpleSoftOMXComponent(683): state transition from 1 to 2 complete
07-26 14:52:35.782: V/OMX(683): OnEvent(0, 0, 2)
07-26 14:52:35.782: V/IOMX(683): onMessage writing message 0, size 40
07-26 14:52:35.784: D/CarrierConfigLoader(2167): CarrierConfigLoader has started
07-26 14:52:35.784: V/SimpleSoftOMXComponent(683): msgType = 0
07-26 14:52:35.784: V/SimpleSoftOMXComponent(683): 0xf558d100 requesting change from 2 to 3
07-26 14:52:35.784: V/SimpleSoftOMXComponent(683): state transition from 2 to 3 complete
07-26 14:52:35.784: V/OMX(683): OnEvent(0, 0, 3)
07-26 14:52:35.784: V/IOMX(683): onMessage writing message 0, size 40
07-26 14:52:35.786: V/SimpleSoftOMXComponent(683): msgType = 2
07-26 14:52:35.786: V/BnMediaExtractor(698): countTracks
07-26 14:52:35.786: V/SimpleSoftOMXComponent(683): msgType = 2
07-26 14:52:35.787: V/SimpleSoftOMXComponent(683): msgType = 2
07-26 14:52:35.787: E/ActivityThread(2167): Failed to find provider info for com.android.contacts
07-26 14:52:35.788: V/SimpleSoftOMXComponent(683): msgType = 2
07-26 14:52:35.788: W/CallerInfoCache(2167): cursor is null
07-26 14:52:35.788: V/SimpleSoftOMXComponent(683): msgType = 1
07-26 14:52:35.788: V/OMX(683): OnEmptyBufferDone buffer=0xf55a3b90
07-26 14:52:35.789: V/IOMX(683): onMessage writing message 1, size 40
07-26 14:52:35.789: V/BnMediaExtractor(698): getTrack()
07-26 14:52:35.790: V/BnMediaSource(698): start
07-26 14:52:35.790: V/SimpleSoftOMXComponent(683): msgType = 1
07-26 14:52:35.793: V/OMX(683): OnEvent(3, 1, 0)
07-26 14:52:35.793: V/IOMX(683): onMessage writing message 0, size 40
07-26 14:52:35.793: V/OMX(683): OnEmptyBufferDone buffer=0xf55a3be0
07-26 14:52:35.796: V/BnMediaSource(698): getFormat
07-26 14:52:35.797: V/IOMX(683): onMessage writing message 1, size 40
07-26 14:52:35.800: V/OMX(683): getParameter(44761135 0x2000001 0xf603d000 96)
07-26 14:52:35.802: V/OMX(683): getParameter(44761135 0x2000001 0xf603d000 96)
07-26 14:52:35.803: V/OMX(683): getParameter(44761135 0x4000002 0xf603d000 104)
07-26 14:52:35.804: V/SimpleSoftOMXComponent(683): msgType = 0
07-26 14:52:35.804: V/OMX(683): OnFillBufferDone buffer=0xf55a3cd0
07-26 14:52:35.804: V/OMX(683): OnFillBufferDone buffer=0xf55a3e10
07-26 14:52:35.804: V/OMX(683): OnFillBufferDone buffer=0xf55a3e60
07-26 14:52:35.804: V/OMX(683): OnFillBufferDone buffer=0xf55a3eb0
07-26 14:52:35.804: V/IOMX(683): onMessage writing message 2, size 40
07-26 14:52:35.804: V/IOMX(683): onMessage writing message 2, size 40
07-26 14:52:35.804: V/IOMX(683): onMessage writing message 2, size 40
07-26 14:52:35.804: V/IOMX(683): onMessage writing message 2, size 40
07-26 14:52:35.810: V/SimpleSoftOMXComponent(683): Port 1 now disabled.
07-26 14:52:35.810: V/OMX(683): OnEvent(0, 2, 1)
07-26 14:52:35.810: V/IOMX(683): onMessage writing message 0, size 40
07-26 14:52:35.813: V/SimpleSoftOMXComponent(683): msgType = 0
07-26 14:52:35.814: V/OMX(683): getParameter(44761135 0x2000001 0xf603d000 96)
07-26 14:52:35.817: V/SimpleSoftOMXComponent(683): Port 1 now enabled.
07-26 14:52:35.817: V/OMX(683): OnEvent(0, 3, 1)
07-26 14:52:35.817: V/IOMX(683): onMessage writing message 0, size 40
07-26 14:52:35.820: V/SimpleSoftOMXComponent(683): msgType = 2
07-26 14:52:35.821: V/BnMediaSource(698): readMultiple
07-26 14:52:35.824: V/BnMediaSource(698): readMultiple status 0, bufferCount 1, sinceStop 1
07-26 14:52:35.824: V/SimpleSoftOMXComponent(683): msgType = 2
07-26 14:52:35.826: V/SimpleSoftOMXComponent(683): msgType = 2
07-26 14:52:35.826: V/SimpleSoftOMXComponent(683): msgType = 2
07-26 14:52:35.827: V/Telecom(1453): Logging: START_SESSION: TSI.gCTM@AAI
07-26 14:52:35.827: V/SimpleSoftOMXComponent(683): msgType = 1
07-26 14:52:35.827: V/OMX(683): OnEmptyBufferDone buffer=0xf55a3c30
07-26 14:52:35.827: V/OMX(683): OnFillBufferDone buffer=0xf55a3af0
07-26 14:52:35.828: V/IOMX(683): onMessage writing message 1, size 40
07-26 14:52:35.828: V/IOMX(683): onMessage writing message 2, size 40
07-26 14:52:35.829: V/SimpleSoftOMXComponent(683): msgType = 2
07-26 14:52:35.830: V/BnMediaSource(698): readMultiple
07-26 14:52:35.830: V/Telecom(1453): Logging: CREATE_SUBSESSION (Invisible subsession): TSI.gCTM@AAI
07-26 14:52:35.830: V/BnMediaSource(698): readMultiple status 0, bufferCount 1, sinceStop 2
07-26 14:52:35.830: V/Telecom(1453): Logging: CONTINUE_SUBSESSION (Invisible Subsession) with Method TSI.gDDP: TSI.gCTM@AAI
07-26 14:52:35.834: V/SimpleSoftOMXComponent(683): msgType = 1
07-26 14:52:35.834: V/OMX(683): OnEmptyBufferDone buffer=0xf55a3c80
07-26 14:52:35.834: V/OMX(683): OnFillBufferDone buffer=0xf55a3e10
07-26 14:52:35.834: V/IOMX(683): onMessage writing message 1, size 40
07-26 14:52:35.834: V/IOMX(683): onMessage writing message 2, size 40
07-26 14:52:35.835: V/BnMediaSource(698): readMultiple
07-26 14:52:35.835: V/BnMediaSource(698): readMultiple status 0, bufferCount 1, sinceStop 3
07-26 14:52:35.837: V/SimpleSoftOMXComponent(683): msgType = 1
07-26 14:52:35.837: V/OMX(683): OnEmptyBufferDone buffer=0xf55a3b90
07-26 14:52:35.837: V/OMX(683): OnFillBufferDone buffer=0xf55a3e60
07-26 14:52:35.837: V/IOMX(683): onMessage writing message 1, size 40
07-26 14:52:35.837: V/Telecom(1453): Logging: CREATE_SUBSESSION (Invisible subsession): TSI.gCTM@AAI
07-26 14:52:35.837: V/IOMX(683): onMessage writing message 2, size 40
07-26 14:52:35.838: V/Telecom(1453): Logging: CONTINUE_SUBSESSION (Invisible Subsession) with Method TSI.gSDP: TSI.gCTM@AAI
07-26 14:52:35.838: V/BnMediaSource(698): readMultiple
07-26 14:52:35.839: V/BnMediaSource(698): readMultiple status 0, bufferCount 1, sinceStop 4
07-26 14:52:35.839: V/Telecom(1453): Logging: END_SUBSESSION (Invisible Subsession) (dur: 0 mS): TSI.gCTM@AAI
07-26 14:52:35.839: V/Telecom(1453): Logging: END_SUBSESSION (Invisible Subsession) (dur: 9 mS): TSI.gCTM@AAI
07-26 14:52:35.840: V/SimpleSoftOMXComponent(683): msgType = 1
07-26 14:52:35.840: V/OMX(683): OnEmptyBufferDone buffer=0xf55a3be0
07-26 14:52:35.840: V/OMX(683): OnFillBufferDone buffer=0xf55a3eb0
07-26 14:52:35.840: V/IOMX(683): onMessage writing message 1, size 40
07-26 14:52:35.840: V/IOMX(683): onMessage writing message 2, size 40
07-26 14:52:35.841: V/SimpleSoftOMXComponent(683): msgType = 2
07-26 14:52:35.843: V/BnMediaSource(698): readMultiple
07-26 14:52:35.843: V/BnMediaSource(698): readMultiple status 0, bufferCount 1, sinceStop 5
07-26 14:52:35.844: V/Telecom(1453): Logging: CREATE_SUBSESSION (Invisible subsession): TSI.gCTM@AAI
07-26 14:52:35.844: V/Telecom(1453): Logging: CONTINUE_SUBSESSION (Invisible Subsession) with Method TSI.gSDP: TSI.gCTM@AAI
07-26 14:52:35.845: V/Telecom(1453): Logging: END_SUBSESSION (Invisible Subsession) (dur: 0 mS): TSI.gCTM@AAI
07-26 14:52:35.845: V/Telecom(1453): Logging: END_SUBSESSION (dur: 19 mS): TSI.gCTM@AAI
07-26 14:52:35.845: V/Telecom(1453): Logging: END_SESSION (dur: 19 ms): TSI.gCTM@AAI
07-26 14:52:35.850: V/SimpleSoftOMXComponent(683): msgType = 1
07-26 14:52:35.851: I/Telephony(2167): TtyManager: updateUiTtyMode -1 -> 0
07-26 14:52:35.851: V/OMX(683): OnEmptyBufferDone buffer=0xf55a3c30
07-26 14:52:35.851: V/OMX(683): OnFillBufferDone buffer=0xf55a3af0
07-26 14:52:35.851: V/IOMX(683): onMessage writing message 1, size 40
07-26 14:52:35.851: V/IOMX(683): onMessage writing message 2, size 40
07-26 14:52:35.855: V/SimpleSoftOMXComponent(683): msgType = 2
07-26 14:52:35.855: V/BnMediaSource(698): readMultiple
07-26 14:52:35.855: V/BnMediaSource(698): readMultiple status 0, bufferCount 1, sinceStop 6
07-26 14:52:35.857: V/SimpleSoftOMXComponent(683): msgType = 1
07-26 14:52:35.857: V/OMX(683): OnEmptyBufferDone buffer=0xf55a3c80
07-26 14:52:35.857: V/OMX(683): OnFillBufferDone buffer=0xf55a3e10
07-26 14:52:35.857: V/IOMX(683): onMessage writing message 1, size 40
07-26 14:52:35.858: V/Telecom(1453): Logging: START_SESSION: TSI.gCTM@AAM
07-26 14:52:35.858: V/IOMX(683): onMessage writing message 2, size 40
07-26 14:52:35.859: V/SimpleSoftOMXComponent(683): msgType = 2
07-26 14:52:35.860: V/Telecom(1453): Logging: CREATE_SUBSESSION (Invisible subsession): TSI.gCTM@AAM
07-26 14:52:35.860: V/Telecom(1453): Logging: CONTINUE_SUBSESSION (Invisible Subsession) with Method TSI.gDDP: TSI.gCTM@AAM
07-26 14:52:35.862: V/BnMediaSource(698): readMultiple
07-26 14:52:35.862: V/BnMediaSource(698): readMultiple status 0, bufferCount 1, sinceStop 7
07-26 14:52:35.863: V/Telecom(1453): Logging: CREATE_SUBSESSION (Invisible subsession): TSI.gCTM@AAM
07-26 14:52:35.863: V/Telecom(1453): Logging: CONTINUE_SUBSESSION (Invisible Subsession) with Method TSI.gSDP: TSI.gCTM@AAM
07-26 14:52:35.863: V/Telecom(1453): Logging: END_SUBSESSION (Invisible Subsession) (dur: 0 mS): TSI.gCTM@AAM
07-26 14:52:35.863: V/Telecom(1453): Logging: END_SUBSESSION (Invisible Subsession) (dur: 3 mS): TSI.gCTM@AAM
07-26 14:52:35.865: V/SimpleSoftOMXComponent(683): msgType = 1
07-26 14:52:35.865: V/OMX(683): OnEmptyBufferDone buffer=0xf55a3b90
07-26 14:52:35.865: V/OMX(683): OnFillBufferDone buffer=0xf55a3e60
07-26 14:52:35.865: V/IOMX(683): onMessage writing message 1, size 40
07-26 14:52:35.865: V/IOMX(683): onMessage writing message 2, size 40
07-26 14:52:35.867: V/Telecom(1453): Logging: CREATE_SUBSESSION (Invisible subsession): TSI.gCTM@AAM
07-26 14:52:35.867: V/Telecom(1453): Logging: CONTINUE_SUBSESSION (Invisible Subsession) with Method TSI.gSDP: TSI.gCTM@AAM
07-26 14:52:35.867: V/Telecom(1453): Logging: END_SUBSESSION (Invisible Subsession) (dur: 0 mS): TSI.gCTM@AAM
07-26 14:52:35.867: V/Telecom(1453): Logging: END_SUBSESSION (dur: 9 mS): TSI.gCTM@AAM
07-26 14:52:35.867: V/Telecom(1453): Logging: END_SESSION (dur: 9 ms): TSI.gCTM@AAM
07-26 14:52:35.868: V/SimpleSoftOMXComponent(683): msgType = 2
07-26 14:52:35.869: V/BnMediaSource(698): readMultiple
07-26 14:52:35.869: V/BnMediaSource(698): readMultiple status 0, bufferCount 1, sinceStop 8
07-26 14:52:35.869: I/Telephony(2167): TtyManager: updateUiTtyMode -1 -> 0
07-26 14:52:35.872: V/SimpleSoftOMXComponent(683): msgType = 1
07-26 14:52:35.873: V/OMX(683): OnEmptyBufferDone buffer=0xf55a3be0
07-26 14:52:35.873: V/OMX(683): OnFillBufferDone buffer=0xf55a3eb0
07-26 14:52:35.873: V/IOMX(683): onMessage writing message 1, size 40
07-26 14:52:35.873: V/IOMX(683): onMessage writing message 2, size 40
07-26 14:52:35.873: V/SimpleSoftOMXComponent(683): msgType = 2
07-26 14:52:35.876: V/BnMediaSource(698): readMultiple
07-26 14:52:35.877: V/BnMediaSource(698): readMultiple status 0, bufferCount 1, sinceStop 9
07-26 14:52:35.878: V/SimpleSoftOMXComponent(683): msgType = 1
07-26 14:52:35.878: V/OMX(683): OnEmptyBufferDone buffer=0xf55a3c30
07-26 14:52:35.878: V/OMX(683): OnFillBufferDone buffer=0xf55a3af0
07-26 14:52:35.878: V/IOMX(683): onMessage writing message 1, size 40
07-26 14:52:35.879: V/IOMX(683): onMessage writing message 2, size 40
07-26 14:52:35.881: V/SimpleSoftOMXComponent(683): msgType = 2
07-26 14:52:35.882: I/chatty(1911): uid=10040(com.android.systemui) expire 4 lines
07-26 14:52:35.885: V/BnMediaSource(698): readMultiple
07-26 14:52:35.885: V/BnMediaSource(698): readMultiple status 0, bufferCount 1, sinceStop 10
07-26 14:52:35.887: V/SimpleSoftOMXComponent(683): msgType = 1
07-26 14:52:35.887: V/OMX(683): OnEmptyBufferDone buffer=0xf55a3c80
07-26 14:52:35.888: V/OMX(683): OnFillBufferDone buffer=0xf55a3e10
07-26 14:52:35.888: V/IOMX(683): onMessage writing message 1, size 40
07-26 14:52:35.888: V/IOMX(683): onMessage writing message 2, size 40
07-26 14:52:35.888: V/CameraService(663): addListener: Add listener 0xeb945460
07-26 14:52:35.892: I/CameraService(663): getCameraCharacteristics: Switching to HAL1 shim implementation...
07-26 14:52:35.892: V/CameraService(663): getLegacyParametersLazy: for cameraId: 0
07-26 14:52:35.893: I/CameraService(663): CameraService::connect call (PID -1 "cameraserver", camera ID 0) for HAL version default and Camera API version 1
07-26 14:52:35.893: V/SimpleSoftOMXComponent(683): msgType = 2
07-26 14:52:35.895: V/BnMediaSource(698): readMultiple
07-26 14:52:35.895: V/BnMediaSource(698): readMultiple status 0, bufferCount 1, sinceStop 11
07-26 14:52:35.897: V/SimpleSoftOMXComponent(683): msgType = 1
07-26 14:52:35.897: V/OMX(683): OnEmptyBufferDone buffer=0xf55a3b90
07-26 14:52:35.897: V/OMX(683): OnFillBufferDone buffer=0xf55a3e60
07-26 14:52:35.897: V/IOMX(683): onMessage writing message 1, size 40
07-26 14:52:35.901: V/IOMX(683): onMessage writing message 2, size 40
07-26 14:52:35.903: E/CameraService(663): getCameraPriorityFromProcState: Received invalid process state -1 from ActivityManagerService!
07-26 14:52:35.904: V/SimpleSoftOMXComponent(683): msgType = 2
07-26 14:52:35.905: V/AudioFlinger(662): registerClient() client 0xf28e4888, pid 663
07-26 14:52:35.906: V/BnMediaSource(698): readMultiple
07-26 14:52:35.906: V/BnMediaSource(698): readMultiple status 0, bufferCount 1, sinceStop 12
07-26 14:52:35.907: V/AudioSystem(663): ioConfigChanged() event 0
07-26 14:52:35.907: V/AudioSystem(663): ioConfigChanged() new output opened 13 samplingRate 48000, format 0x5 channel mask 0x3 frameCount 960 deviceId 2
07-26 14:52:35.908: V/AudioSystem(663): ioConfigChanged() event 0
07-26 14:52:35.908: V/AudioSystem(663): ioConfigChanged() new output opened 21 samplingRate 48000, format 0x5 channel mask 0x3 frameCount 960 deviceId 2
07-26 14:52:35.912: V/AudioSystem(663): ioConfigChanged() event 0
07-26 14:52:35.912: V/AudioSystem(663): ioConfigChanged() new output opened 37 samplingRate 48000, format 0x5 channel mask 0x3 frameCount 1152 deviceId 6
07-26 14:52:35.913: V/AudioSystem(663): ioConfigChanged() event 0
07-26 14:52:35.913: V/AudioSystem(663): ioConfigChanged() new output opened 29 samplingRate 48000, format 0x1 channel mask 0x3 frameCount 1920 deviceId 2
07-26 14:52:35.914: V/SimpleSoftOMXComponent(683): msgType = 1
07-26 14:52:35.914: V/OMX(683): OnEmptyBufferDone buffer=0xf55a3be0
07-26 14:52:35.914: V/OMX(683): OnFillBufferDone buffer=0xf55a3eb0
07-26 14:52:35.914: V/IOMX(683): onMessage writing message 1, size 40
07-26 14:52:35.914: V/IOMX(683): onMessage writing message 2, size 40
07-26 14:52:35.915: V/AudioFlinger(662): acquiring 9 from 663, for -1
07-26 14:52:35.915: V/AudioFlinger(662):  added new entry for 9
07-26 14:52:35.915: V/SimpleSoftOMXComponent(683): msgType = 2
07-26 14:52:35.922: V/MediaPlayerService(701): Client(1) constructor
07-26 14:52:35.922: V/MediaPlayerService(701): Create new client(1) from pid 663, uid 1047, 
07-26 14:52:35.923: V/BnMediaSource(698): readMultiple
07-26 14:52:35.923: V/BnMediaSource(698): readMultiple status 0, bufferCount 1, sinceStop 13
07-26 14:52:35.924: V/SimpleSoftOMXComponent(683): msgType = 1
07-26 14:52:35.924: V/OMX(683): OnEmptyBufferDone buffer=0xf55a3c30
07-26 14:52:35.924: V/OMX(683): OnFillBufferDone buffer=0xf55a3af0
07-26 14:52:35.924: V/IOMX(683): onMessage writing message 1, size 40
07-26 14:52:35.924: V/IOMX(683): onMessage writing message 2, size 40
07-26 14:52:35.926: V/MediaPlayerService(701): setDataSource(/system/media/audio/ui/camera_click.ogg)
07-26 14:52:35.926: V/MediaPlayerService(701): player type = 4
07-26 14:52:35.926: V/MediaPlayerFactory(701):  create NuPlayer
07-26 14:52:35.926: V/NuPlayerDriver(701): NuPlayerDriver(0xf4c20a80)
07-26 14:52:35.928: V/BnMediaSource(698): readMultiple
07-26 14:52:35.928: V/BnMediaSource(698): readMultiple status 0, bufferCount 1, sinceStop 14
07-26 14:52:35.929: V/SimpleSoftOMXComponent(683): msgType = 2
07-26 14:52:35.932: V/Telecom(1453): Logging: START_SESSION: TSI.getCallState@AAQ
07-26 14:52:35.932: V/Telecom(1453): Logging: END_SUBSESSION (dur: 0 mS): TSI.getCallState@AAQ
07-26 14:52:35.932: V/Telecom(1453): Logging: END_SESSION (dur: 0 ms): TSI.getCallState@AAQ
07-26 14:52:35.933: V/SimpleSoftOMXComponent(683): msgType = 1
07-26 14:52:35.933: V/OMX(683): OnEmptyBufferDone buffer=0xf55a3c80
07-26 14:52:35.933: V/OMX(683): OnFillBufferDone buffer=0xf55a3e10
07-26 14:52:35.933: V/IOMX(683): onMessage writing message 1, size 40
07-26 14:52:35.934: V/AudioSink(701): AudioOutput(9)
07-26 14:52:35.934: V/NuPlayerDriver(701): setDataSource(0xf4c20a80) url(<no-scheme URI suppressed>)
07-26 14:52:35.935: V/NuPlayer(701): kWhatSetAudioSink
07-26 14:52:35.935: V/NuPlayer(701): kWhatSetDataSource
07-26 14:52:35.936: V/IOMX(683): onMessage writing message 2, size 40
07-26 14:52:35.936: V/MediaPlayerService(701):  setDataSource
07-26 14:52:35.939: V/SimpleSoftOMXComponent(683): msgType = 2
07-26 14:52:35.940: V/MediaPlayerService(701): [1] setAudioStreamType(7)
07-26 14:52:35.940: V/MediaPlayerService(701): [1] prepareAsync
07-26 14:52:35.940: V/NuPlayerDriver(701): prepareAsync(0xf4c20a80)
07-26 14:52:35.943: V/BnMediaSource(698): readMultiple
07-26 14:52:35.944: V/FileSource(701): /system/media/audio/ui/camera_click.ogg
07-26 14:52:35.945: V/BnMediaSource(698): readMultiple status 0, bufferCount 1, sinceStop 15
07-26 14:52:35.946: V/SimpleSoftOMXComponent(683): msgType = 1
07-26 14:52:35.946: V/MediaExtractor(701): MediaExtractor::Create (null) flags 2
07-26 14:52:35.947: V/SoftVorbis(683): discarding 462 frames at end of page
07-26 14:52:35.947: V/OMX(683): OnEmptyBufferDone buffer=0xf55a3b90
07-26 14:52:35.947: V/OMX(683): OnFillBufferDone buffer=0xf55a3e60
07-26 14:52:35.947: V/IOMX(683): onMessage writing message 1, size 40
07-26 14:52:35.947: V/IOMX(683): onMessage writing message 2, size 40
07-26 14:52:35.948: V/SimpleSoftOMXComponent(683): msgType = 2
07-26 14:52:35.949: E/WVMExtractor(701): Failed to open libwvm.so: dlopen failed: library "libwvm.so" not found
07-26 14:52:35.951: V/BnMediaSource(698): readMultiple
07-26 14:52:35.951: V/BnMediaSource(698): readMultiple status -1011, bufferCount 0, sinceStop 15
07-26 14:52:35.952: V/SimpleSoftOMXComponent(683): msgType = 1
07-26 14:52:35.952: V/SoftVorbis(683): discarding 576 frames at end of page
07-26 14:52:35.953: V/OMX(683): OnEmptyBufferDone buffer=0xf55a3be0
07-26 14:52:35.953: V/OMX(683): OnFillBufferDone buffer=0xf55a3eb0
07-26 14:52:35.953: V/IOMX(683): onMessage writing message 1, size 40
07-26 14:52:35.953: V/IOMX(683): onMessage writing message 2, size 40
07-26 14:52:35.954: I/OmaDrmEngine(664): OmaDrmEngine::onInitialize
07-26 14:52:35.955: I/OmaDrmEngine(664): OmaDrmEngine::onInitialize -- OmaDrmGlue_InitializeKeyEncryption succeeded
07-26 14:52:35.955: I/OmaDrmEngine(664): OmaDrmEngine::onSetOnInfoListener
07-26 14:52:35.955: V/OmaDrmEngine(664): Found infoListenerClient
07-26 14:52:35.956: V/SimpleSoftOMXComponent(683): msgType = 0
07-26 14:52:35.956: V/SimpleSoftOMXComponent(683): 0xf558d100 requesting change from 3 to 2
07-26 14:52:35.956: V/OMX(683): OnFillBufferDone buffer=0xf55a3af0
07-26 14:52:35.956: V/OMX(683): OnEvent(0, 0, 2)
07-26 14:52:35.958: V/IOMX(683): onMessage writing message 2, size 40
07-26 14:52:35.958: V/IOMX(683): onMessage writing message 0, size 40
07-26 14:52:35.962: I/OmaDrmEngine(664): OmaDrmEngine::onOpenDecryptSession! fd = 7
07-26 14:52:35.963: D/OmaDrmFile(664): Coming into OmaDrmDcfFile_ParserDcf, fd =  9
07-26 14:52:35.964: E/OmaDrmFile(664): Invalid drm version
07-26 14:52:35.964: V/SimpleSoftOMXComponent(683): msgType = 0
07-26 14:52:35.964: V/OmaDrmFile(664): DCF releases
07-26 14:52:35.964: V/SimpleSoftOMXComponent(683): 0xf558d100 requesting change from 2 to 1
07-26 14:52:35.964: I/OmaDrmEngine(664): OmaDrmEngine::onOpenDecryptSession Exit. result = -2006
07-26 14:52:35.964: V/SimpleSoftOMXComponent(683): state transition from 2 to 1 not yet complete
07-26 14:52:35.964: I/OmaDrmEngine(664): OmaDrmEngine::onTerminate
07-26 14:52:35.965: V/MediaExtractor(701): get service manager
07-26 14:52:35.967: V/SimpleSoftOMXComponent(683): state transition from 2 to 1 not yet complete
07-26 14:52:35.969: V/SimpleSoftOMXComponent(683): state transition from 2 to 1 not yet complete
07-26 14:52:35.971: D/QcrilMsgTunnelIfaceManager(2304): handleMessage what = 0
07-26 14:52:35.971: V/SimpleSoftOMXComponent(683): state transition from 2 to 1 not yet complete
07-26 14:52:35.972: V/MediaExtractorService(698): @@@ MediaExtractorService::makeExtractor for (null) extFlags 2
07-26 14:52:35.974: V/SimpleSoftOMXComponent(683): state transition from 2 to 1 not yet complete
07-26 14:52:35.974: V/MediaExtractor(698): MediaExtractor::CreateFromService (null) flags 2
07-26 14:52:35.985: D/QcrilMsgTunnelIfaceManager(2304): handleMessage what = 0
07-26 14:52:35.988: V/MediaExtractor(701): readAt(0, 2048)
07-26 14:52:35.989: V/MPEG4Extractor(698): saw chunk type , size 1332176723 @ 0
07-26 14:52:35.990: V/MP3Extractor(698): found possible 1st frame at 99 (header = 0xffff5303)
07-26 14:52:35.990: V/MP3Extractor(698): subsequent header is 278e72a0
07-26 14:52:35.990: V/MP3Extractor(698): no dice, no valid sequence of frames found.
07-26 14:52:35.990: V/MediaExtractor(701): readAt(2048, 2048)
07-26 14:52:35.991: V/MediaExtractor(701): readAt(4096, 2048)
07-26 14:52:35.991: V/MediaExtractor(701): readAt(6144, 2048)
07-26 14:52:35.991: V/SimpleSoftOMXComponent(683): state transition from 2 to 1 not yet complete
07-26 14:52:35.992: V/SimpleSoftOMXComponent(683): state transition from 2 to 1 not yet complete
07-26 14:52:35.993: V/SimpleSoftOMXComponent(683): state transition from 2 to 1 not yet complete
07-26 14:52:35.996: V/MediaExtractor(701): readAt(8192, 2048)
07-26 14:52:35.996: V/MediaExtractor(701): readAt(10240, 2048)
07-26 14:52:35.997: V/MediaExtractor(701): readAt(12288, 2048)
07-26 14:52:35.997: I/chatty(1911): uid=10040(com.android.systemui) expire 51 lines
07-26 14:52:35.997: V/MP3Extractor(698): found possible 1st frame at 12560 (header = 0xffff577e)
07-26 14:52:35.997: V/MP3Extractor(698): subsequent header is 00000000
07-26 14:52:35.997: V/MP3Extractor(698): no dice, no valid sequence of frames found.
07-26 14:52:35.997: V/MediaExtractor(701): readAt(14336, 2048)
07-26 14:52:35.998: V/MediaExtractor(701): readAt(16384, 2048)
07-26 14:52:35.998: V/MP3Extractor(698): found possible 1st frame at 16808 (header = 0xffff6186)
07-26 14:52:35.999: V/MP3Extractor(698): subsequent header is aa1205ab
07-26 14:52:35.999: V/MP3Extractor(698): no dice, no valid sequence of frames found.
07-26 14:52:35.999: V/MediaExtractor(701): readAt(18432, 2048)
07-26 14:52:35.999: V/MediaExtractor(701): readAt(20480, 2048)
07-26 14:52:36.000: V/MP3Extractor(698): found possible 1st frame at 20966 (header = 0xffff78ff)
07-26 14:52:36.000: V/MP3Extractor(698): subsequent header is 42581806
07-26 14:52:36.000: V/MP3Extractor(698): no dice, no valid sequence of frames found.
07-26 14:52:36.000: V/MP3Extractor(698): found possible 1st frame at 20970 (header = 0xffffd9ff)
07-26 14:52:36.000: V/MP3Extractor(698): subsequent header is 9c58ad36
07-26 14:52:36.000: V/MP3Extractor(698): no dice, no valid sequence of frames found.
07-26 14:52:36.000: V/MP3Extractor(698): found possible 1st frame at 20974 (header = 0xffff97ff)
07-26 14:52:36.000: V/MP3Extractor(698): subsequent header is 2c444021
07-26 14:52:36.000: V/MP3Extractor(698): no dice, no valid sequence of frames found.
07-26 14:52:36.000: V/MediaExtractor(701): readAt(22528, 2048)
07-26 14:52:36.001: V/MediaExtractor(701): readAt(24576, 2048)
07-26 14:52:36.001: V/MP3Extractor(698): found possible 1st frame at 25459 (header = 0xffff60ff)
07-26 14:52:36.001: V/MP3Extractor(698): subsequent header is d721ba95
07-26 14:52:36.001: V/MP3Extractor(698): no dice, no valid sequence of frames found.
07-26 14:52:36.001: V/MP3Extractor(698): found possible 1st frame at 25463 (header = 0xffff63ff)
07-26 14:52:36.001: V/MP3Extractor(698): subsequent header is 73bacc6c
07-26 14:52:36.001: V/MP3Extractor(698): no dice, no valid sequence of frames found.
07-26 14:52:36.001: V/MP3Extractor(698): found possible 1st frame at 25467 (header = 0xffff70ff)
07-26 14:52:36.001: V/MP3Extractor(698): subsequent header is 34b0829a
07-26 14:52:36.001: V/MP3Extractor(698): no dice, no valid sequence of frames found.
07-26 14:52:36.001: V/MP3Extractor(698): found possible 1st frame at 25471 (header = 0xffff53fe)
07-26 14:52:36.001: V/MP3Extractor(698): subsequent header is 6cd7ed74
07-26 14:52:36.001: V/MP3Extractor(698): no dice, no valid sequence of frames found.
07-26 14:52:36.002: V/MediaExtractor(701): readAt(26624, 2048)
07-26 14:52:36.002: V/MediaExtractor(701): readAt(28672, 2048)
07-26 14:52:36.002: V/MediaExtractor(701): readAt(28924, 1796)
07-26 14:52:36.002: V/MediaExtractor(701): readAt(0, 2048)
07-26 14:52:36.003: V/Telecom(1453): Logging: START_SESSION: TSI.getCallState@AAU
07-26 14:52:36.003: V/Telecom(1453): Logging: END_SUBSESSION (dur: 0 mS): TSI.getCallState@AAU
07-26 14:52:36.003: V/Telecom(1453): Logging: END_SESSION (dur: 0 ms): TSI.getCallState@AAU
07-26 14:52:36.004: V/SimpleSoftOMXComponent(683): state transition from 2 to 1 complete
07-26 14:52:36.004: V/OMX(683): OnEvent(0, 0, 1)
07-26 14:52:36.004: V/IOMX(683): onMessage writing message 0, size 40
07-26 14:52:36.005: V/MidiExtractor(698): SniffMidi: no
07-26 14:52:36.006: I/OmaDrmEngine(664): OmaDrmEngine::onInitialize
07-26 14:52:36.006: I/OmaDrmEngine(664): OmaDrmEngine::onInitialize -- OmaDrmGlue_InitializeKeyEncryption succeeded
07-26 14:52:36.006: I/OmaDrmEngine(664): OmaDrmEngine::onSetOnInfoListener
07-26 14:52:36.006: V/OmaDrmEngine(664): Found infoListenerClient
07-26 14:52:36.012: V/OMXNodeInstance(683): [2ab002f:google.vorbis.decoder] calling destroyComponentInstance
07-26 14:52:36.013: V/OMXNodeInstance(683): OMXNodeInstance going away.
07-26 14:52:36.013: I/OmaDrmEngine(664): OmaDrmEngine::onOpenDecryptSession! fd = 7
07-26 14:52:36.013: D/OmaDrmFile(664): Coming into OmaDrmDcfFile_ParserDcf, fd =  9
07-26 14:52:36.013: E/OmaDrmFile(664): Invalid drm version
07-26 14:52:36.013: V/OmaDrmFile(664): DCF releases
07-26 14:52:36.013: I/OmaDrmEngine(664): OmaDrmEngine::onOpenDecryptSession Exit. result = -2006
07-26 14:52:36.017: I/OmaDrmEngine(664): OmaDrmEngine::onTerminate
07-26 14:52:36.019: V/BnMediaSource(698): stop
07-26 14:52:36.021: I/OmaDrmEngine(664): OmaDrmEngine::onInitialize
07-26 14:52:36.021: I/OmaDrmEngine(664): OmaDrmEngine::onInitialize -- OmaDrmGlue_InitializeKeyEncryption succeeded
07-26 14:52:36.022: I/OmaDrmEngine(664): OmaDrmEngine::onSetOnInfoListener
07-26 14:52:36.022: V/OmaDrmEngine(664): Found infoListenerClient
07-26 14:52:36.022: V/AudioPolicyIntefaceImpl(662): setForceUse()
07-26 14:52:36.022: D/AudioPolicyManagerCustom(662): setForceUse() usage 0, config 0, mPhoneState 0
07-26 14:52:36.022: V/AudioPolicyManagerCustom(662): getNewOutputDevice() selected device 0
07-26 14:52:36.022: V/APM_AudioPolicyManager(662): setOutputDevice() device 0000 delayMs 0
07-26 14:52:36.022: V/APM_AudioPolicyManager(662): setOutputDevice() prevDevice 0x10000
07-26 14:52:36.022: V/APM_AudioPolicyManager(662): setOutputDevice() setting same device 0x0000 or null device
07-26 14:52:36.022: V/AudioPolicyManagerCustom(662): getNewOutputDevice() selected device 0
07-26 14:52:36.022: V/APM_AudioPolicyManager(662): setOutputDevice() device 0000 delayMs 0
07-26 14:52:36.023: V/APM_AudioPolicyManager(662): setOutputDevice() prevDevice 0x0002
07-26 14:52:36.023: V/APM_AudioPolicyManager(662): setOutputDevice() setting same device 0x0000 or null device
07-26 14:52:36.023: V/AudioPolicyManagerCustom(662): getNewOutputDevice() selected device 0
07-26 14:52:36.023: V/APM_AudioPolicyManager(662): setOutputDevice() device 0000 delayMs 0
07-26 14:52:36.023: V/APM_AudioPolicyManager(662): setOutputDevice() prevDevice 0x0002
07-26 14:52:36.023: V/APM_AudioPolicyManager(662): setOutputDevice() setting same device 0x0000 or null device
07-26 14:52:36.023: V/AudioPolicyManagerCustom(662): getNewOutputDevice() selected device 0
07-26 14:52:36.023: V/APM_AudioPolicyManager(662): setOutputDevice() device 0000 delayMs 0
07-26 14:52:36.023: V/APM_AudioPolicyManager(662): setOutputDevice() prevDevice 0x0002
07-26 14:52:36.023: V/APM_AudioPolicyManager(662): setOutputDevice() setting same device 0x0000 or null device
07-26 14:52:36.024: I/OmaDrmEngine(664): OmaDrmEngine::onOpenDecryptSession! fd = 7
07-26 14:52:36.024: D/OmaDrmFile(664): Coming into OmaDrmDcfFile_ParserDcf, fd =  9
07-26 14:52:36.024: E/OmaDrmFile(664): Invalid drm version
07-26 14:52:36.024: V/OmaDrmFile(664): DCF releases
07-26 14:52:36.024: I/OmaDrmEngine(664): OmaDrmEngine::onOpenDecryptSession Exit. result = -2006
07-26 14:52:36.025: V/AudioPolicyIntefaceImpl(662): setForceUse()
07-26 14:52:36.025: D/AudioPolicyManagerCustom(662): setForceUse() usage 2, config 0, mPhoneState 0
07-26 14:52:36.026: V/AudioPolicyManagerCustom(662): getNewOutputDevice() selected device 0
07-26 14:52:36.026: V/APM_AudioPolicyManager(662): setOutputDevice() device 0000 delayMs 0
07-26 14:52:36.026: V/APM_AudioPolicyManager(662): setOutputDevice() prevDevice 0x10000
07-26 14:52:36.026: V/APM_AudioPolicyManager(662): setOutputDevice() setting same device 0x0000 or null device
07-26 14:52:36.026: V/AudioPolicyManagerCustom(662): getNewOutputDevice() selected device 0
07-26 14:52:36.026: V/APM_AudioPolicyManager(662): setOutputDevice() device 0000 delayMs 0
07-26 14:52:36.026: V/APM_AudioPolicyManager(662): setOutputDevice() prevDevice 0x0002
07-26 14:52:36.026: V/APM_AudioPolicyManager(662): setOutputDevice() setting same device 0x0000 or null device
07-26 14:52:36.026: V/AudioPolicyManagerCustom(662): getNewOutputDevice() selected device 0
07-26 14:52:36.026: V/APM_AudioPolicyManager(662): setOutputDevice() device 0000 delayMs 0
07-26 14:52:36.026: V/APM_AudioPolicyManager(662): setOutputDevice() prevDevice 0x0002
07-26 14:52:36.026: V/APM_AudioPolicyManager(662): setOutputDevice() setting same device 0x0000 or null device
07-26 14:52:36.026: V/AudioPolicyManagerCustom(662): getNewOutputDevice() selected device 0
07-26 14:52:36.026: V/APM_AudioPolicyManager(662): setOutputDevice() device 0000 delayMs 0
07-26 14:52:36.026: V/APM_AudioPolicyManager(662): setOutputDevice() prevDevice 0x0002
07-26 14:52:36.026: V/APM_AudioPolicyManager(662): setOutputDevice() setting same device 0x0000 or null device
07-26 14:52:36.027: V/AudioPolicyIntefaceImpl(662): setForceUse()
07-26 14:52:36.027: D/AudioPolicyManagerCustom(662): setForceUse() usage 3, config 8, mPhoneState 0
07-26 14:52:36.027: V/AudioPolicyManagerCustom(662): getNewOutputDevice() selected device 0
07-26 14:52:36.027: V/APM_AudioPolicyManager(662): setOutputDevice() device 0000 delayMs 0
07-26 14:52:36.027: V/APM_AudioPolicyManager(662): setOutputDevice() prevDevice 0x10000
07-26 14:52:36.027: V/APM_AudioPolicyManager(662): setOutputDevice() setting same device 0x0000 or null device
07-26 14:52:36.027: V/AudioPolicyManagerCustom(662): getNewOutputDevice() selected device 0
07-26 14:52:36.027: V/APM_AudioPolicyManager(662): setOutputDevice() device 0000 delayMs 0
07-26 14:52:36.027: V/APM_AudioPolicyManager(662): setOutputDevice() prevDevice 0x0002
07-26 14:52:36.027: V/APM_AudioPolicyManager(662): setOutputDevice() setting same device 0x0000 or null device
07-26 14:52:36.028: V/AudioPolicyManagerCustom(662): getNewOutputDevice() selected device 0
07-26 14:52:36.028: V/APM_AudioPolicyManager(662): setOutputDevice() device 0000 delayMs 0
07-26 14:52:36.028: V/APM_AudioPolicyManager(662): setOutputDevice() prevDevice 0x0002
07-26 14:52:36.028: V/APM_AudioPolicyManager(662): setOutputDevice() setting same device 0x0000 or null device
07-26 14:52:36.028: V/AudioPolicyManagerCustom(662): getNewOutputDevice() selected device 0
07-26 14:52:36.028: V/APM_AudioPolicyManager(662): setOutputDevice() device 0000 delayMs 0
07-26 14:52:36.028: V/APM_AudioPolicyManager(662): setOutputDevice() prevDevice 0x0002
07-26 14:52:36.028: V/APM_AudioPolicyManager(662): setOutputDevice() setting same device 0x0000 or null device
07-26 14:52:36.029: V/AudioPolicyIntefaceImpl(662): setForceUse()
07-26 14:52:36.029: D/AudioPolicyManagerCustom(662): setForceUse() usage 6, config 0, mPhoneState 0
07-26 14:52:36.029: V/AudioPolicyManagerCustom(662): getNewOutputDevice() selected device 0
07-26 14:52:36.029: V/APM_AudioPolicyManager(662): setOutputDevice() device 0000 delayMs 0
07-26 14:52:36.029: V/APM_AudioPolicyManager(662): setOutputDevice() prevDevice 0x10000
07-26 14:52:36.029: V/APM_AudioPolicyManager(662): setOutputDevice() setting same device 0x0000 or null device
07-26 14:52:36.029: V/AudioPolicyManagerCustom(662): getNewOutputDevice() selected device 0
07-26 14:52:36.029: V/APM_AudioPolicyManager(662): setOutputDevice() device 0000 delayMs 0
07-26 14:52:36.029: V/APM_AudioPolicyManager(662): setOutputDevice() prevDevice 0x0002
07-26 14:52:36.029: V/APM_AudioPolicyManager(662): setOutputDevice() setting same device 0x0000 or null device
07-26 14:52:36.030: V/AudioPolicyManagerCustom(662): getNewOutputDevice() selected device 0
07-26 14:52:36.030: V/APM_AudioPolicyManager(662): setOutputDevice() device 0000 delayMs 0
07-26 14:52:36.030: V/APM_AudioPolicyManager(662): setOutputDevice() prevDevice 0x0002
07-26 14:52:36.030: V/APM_AudioPolicyManager(662): setOutputDevice() setting same device 0x0000 or null device
07-26 14:52:36.030: V/AudioPolicyManagerCustom(662): getNewOutputDevice() selected device 0
07-26 14:52:36.030: V/APM_AudioPolicyManager(662): setOutputDevice() device 0000 delayMs 0
07-26 14:52:36.030: V/APM_AudioPolicyManager(662): setOutputDevice() prevDevice 0x0002
07-26 14:52:36.030: V/APM_AudioPolicyManager(662): setOutputDevice() setting same device 0x0000 or null device
07-26 14:52:36.032: I/OmaDrmEngine(664): OmaDrmEngine::onTerminate
07-26 14:52:36.037: V/APM_AudioPolicyManager(662): setStreamVolumeIndex() stream 3, device 00000002, index 15
07-26 14:52:36.038: V/MediaExtractor(698): Autodetected media content as 'application/ogg' with confidence 0.80
07-26 14:52:36.038: I/ExtendedExtractor(698): QTIParser is prefered .. flags 2
07-26 14:52:36.038: V/MediaExtractor(701): readAt(0, 2048)
07-26 14:52:36.040: I/MediaExtractor(698): extractor created in uid: 1040 (mediaex)
07-26 14:52:36.040: D/MMParserExtractor(698): setExtraFlags called with flags 2 for paser instance e72a3be0
07-26 14:52:36.040: D/MMParserExtractor(698): using bigger parser buffers
07-26 14:52:36.040: I/ExtendedExtractor(698): ExtendedExtractor::create 0xe72a3be0
07-26 14:52:36.040: V/MediaExtractorService(698): extractor service created 0xe72a3be0 (<unspecified>)
07-26 14:52:36.041: V/BpMediaExtractor(701): getDrmFlag
07-26 14:52:36.041: V/BnMediaExtractor(698): getDrmFlag
07-26 14:52:36.041: V/BpMediaExtractor(701): getMetaData
07-26 14:52:36.041: V/BnMediaExtractor(698): getMetaData
07-26 14:52:36.041: V/APM_AudioPolicyManager(662): setStreamVolumeIndex() stream 3, device 00000004, index 4
07-26 14:52:36.042: V/APM_AudioPolicyManager(662): setStreamVolumeIndex() stream 3, device 00000008, index 10
07-26 14:52:36.044: V/APM_AudioPolicyManager(662): setStreamVolumeIndex() stream 3, device 40000000, index 11
07-26 14:52:36.045: V/APM_AudioPolicyManager(662): setStreamVolumeIndex() stream 9, device 00000002, index 15
07-26 14:52:36.047: V/APM_AudioPolicyManager(662): setStreamVolumeIndex() stream 9, device 00000004, index 4
07-26 14:52:36.047: V/MediaExtractor(701): readAt(0, 28924)
07-26 14:52:36.049: V/APM_AudioPolicyManager(662): setStreamVolumeIndex() stream 9, device 00000008, index 10
07-26 14:52:36.050: V/APM_AudioPolicyManager(662): setStreamVolumeIndex() stream 9, device 40000000, index 11
07-26 14:52:36.055: V/AudioFlinger(662): setParameters(): io 0, keyvalue A2dpSuspended=false, calling pid 1453
07-26 14:52:36.055: D/audio_hw_primary(662): adev_set_parameters: enter: A2dpSuspended=false
07-26 14:52:36.055: D/audio_hw_extn(662): audio_extn_set_anc_parameters: anc_enabled:0
07-26 14:52:36.055: D/audio_hw_spkr_prot(662): audio_extn_fbsp_set_parameters: Speaker protection disabled
07-26 14:52:36.055: V/MediaExtractor(701): readAt(4093, 24831)
07-26 14:52:36.058: V/BpMediaExtractor(701): countTracks
07-26 14:52:36.058: V/BnMediaExtractor(698): countTracks
07-26 14:52:36.059: V/AudioPolicyIntefaceImpl(662): setForceUse()
07-26 14:52:36.059: D/AudioPolicyManagerCustom(662): setForceUse() usage 0, config 0, mPhoneState 0
07-26 14:52:36.060: V/AudioPolicyManagerCustom(662): getNewOutputDevice() selected device 0
07-26 14:52:36.060: V/APM_AudioPolicyManager(662): setOutputDevice() device 0000 delayMs 0
07-26 14:52:36.060: V/APM_AudioPolicyManager(662): setOutputDevice() prevDevice 0x10000
07-26 14:52:36.060: V/APM_AudioPolicyManager(662): setOutputDevice() setting same device 0x0000 or null device
07-26 14:52:36.060: V/AudioPolicyManagerCustom(662): getNewOutputDevice() selected device 0
07-26 14:52:36.060: V/APM_AudioPolicyManager(662): setOutputDevice() device 0000 delayMs 0
07-26 14:52:36.060: V/APM_AudioPolicyManager(662): setOutputDevice() prevDevice 0x0002
07-26 14:52:36.060: V/APM_AudioPolicyManager(662): setOutputDevice() setting same device 0x0000 or null device
07-26 14:52:36.060: V/AudioPolicyManagerCustom(662): getNewOutputDevice() selected device 0
07-26 14:52:36.060: V/APM_AudioPolicyManager(662): setOutputDevice() device 0000 delayMs 0
07-26 14:52:36.060: V/APM_AudioPolicyManager(662): setOutputDevice() prevDevice 0x0002
07-26 14:52:36.060: V/APM_AudioPolicyManager(662): setOutputDevice() setting same device 0x0000 or null device
07-26 14:52:36.060: V/AudioPolicyManagerCustom(662): getNewOutputDevice() selected device 0
07-26 14:52:36.060: V/APM_AudioPolicyManager(662): setOutputDevice() device 0000 delayMs 0
07-26 14:52:36.060: V/APM_AudioPolicyManager(662): setOutputDevice() prevDevice 0x0002
07-26 14:52:36.060: V/APM_AudioPolicyManager(662): setOutputDevice() setting same device 0x0000 or null device
07-26 14:52:36.061: V/BpMediaExtractor(701): getTrack(0)
07-26 14:52:36.061: V/BnMediaExtractor(698): getTrack()
07-26 14:52:36.061: V/BpMediaExtractor(701): getTrackMetaData(0, 0)
07-26 14:52:36.061: V/BnMediaExtractor(698): getTrackMetaData
07-26 14:52:36.062: V/BpMediaSource(701): getFormat
07-26 14:52:36.064: V/BnMediaSource(698): getFormat
07-26 14:52:36.064: V/BpMediaSource(701): start
07-26 14:52:36.066: V/BnMediaSource(698): start
07-26 14:52:36.066: D/NuPlayerDriver(701): notifyListener_l(0xf4c20a80), (1, 0, 0), loop setting(0, 0)
07-26 14:52:36.066: V/MediaPlayerService(701): [1] notify (0xf4c34180, 1, 0, 0)
07-26 14:52:36.068: V/AudioFlinger(662): acquiring 17 from 663, for -1
07-26 14:52:36.068: V/AudioFlinger(662):  added new entry for 17
07-26 14:52:36.069: V/AudioPolicyIntefaceImpl(662): setForceUse()
07-26 14:52:36.069: D/AudioPolicyManagerCustom(662): setForceUse() usage 2, config 0, mPhoneState 0
07-26 14:52:36.069: V/AudioPolicyManagerCustom(662): getNewOutputDevice() selected device 0
07-26 14:52:36.069: V/MediaPlayerService(701): Client(2) constructor
07-26 14:52:36.069: V/APM_AudioPolicyManager(662): setOutputDevice() device 0000 delayMs 0
07-26 14:52:36.069: V/MediaPlayerService(701): Create new client(2) from pid 663, uid 1047, 
07-26 14:52:36.069: V/APM_AudioPolicyManager(662): setOutputDevice() prevDevice 0x10000
07-26 14:52:36.069: V/APM_AudioPolicyManager(662): setOutputDevice() setting same device 0x0000 or null device
07-26 14:52:36.069: V/AudioPolicyManagerCustom(662): getNewOutputDevice() selected device 0
07-26 14:52:36.069: V/APM_AudioPolicyManager(662): setOutputDevice() device 0000 delayMs 0
07-26 14:52:36.069: V/APM_AudioPolicyManager(662): setOutputDevice() prevDevice 0x0002
07-26 14:52:36.069: V/APM_AudioPolicyManager(662): setOutputDevice() setting same device 0x0000 or null device
