07-26 14:29:20.975: I/Thermal-Lib(666): Thermal-Lib-Client: Unregisteration is successfull for handle:2
07-26 14:29:20.978: I/ThermalEngine(647): Thermal-Server: removing client on fd 46
07-26 14:29:20.982: D/SogouIME(1926): [[SogouIME::b]] [ onCreateCandidatesView ]
07-26 14:29:21.003: V/BoostFramework(1926): BoostFramework() : mPerf = com.qualcomm.qti.Performance@76e3262
07-26 14:29:21.015: I/bootstat(2523): Service started: /system/bin/bootstat -l 
07-26 14:29:21.015: I/bootstat(2523): Logging histogram: bootstat_mtime_matches_content 1
07-26 14:29:21.016: I/bootstat(2523): Logging histogram: bootstat_mtime_matches_content 1
07-26 14:29:21.016: I/bootstat(2523): Logging histogram: bootstat_mtime_matches_content 1
07-26 14:29:21.016: I/bootstat(2523): Logging histogram: bootstat_mtime_matches_content 1
07-26 14:29:21.027: I/bootstat(2523): Logging histogram: bootstat_mtime_matches_content 1
07-26 14:29:21.029: I/bootstat(2523): Logging histogram: bootstat_mtime_matches_content 1
07-26 14:29:21.029: I/bootstat(2523): Logging histogram: bootstat_mtime_matches_content 1
07-26 14:29:21.030: I/bootstat(2523): Logging histogram: bootstat_mtime_matches_content 1
07-26 14:29:21.030: I/bootstat(2523): Logging histogram: bootstat_mtime_matches_content 1
07-26 14:29:21.030: I/bootstat(2523): Logging histogram: bootstat_mtime_matches_content 1
07-26 14:29:21.030: I/bootstat(2523): Logging histogram: bootstat_mtime_matches_content 1
07-26 14:29:21.030: I/bootstat(2523): Logging histogram: bootstat_mtime_matches_content 1
07-26 14:29:21.030: I/bootstat(2523): Logging histogram: bootstat_mtime_matches_content 1
07-26 14:29:21.031: I/bootstat(2523): Logging histogram: bootstat_mtime_matches_content 1
07-26 14:29:21.031: I/bootstat(2523): Logging histogram: post_decrypt_time_elapsed 38
07-26 14:29:21.031: I/bootstat(2523): Logging histogram: last_boot_time_utc 1532586560
07-26 14:29:21.031: I/bootstat(2523): Logging histogram: build_date 1532583408
07-26 14:29:21.031: I/bootstat(2523): Logging histogram: boot_decryption_complete 69
07-26 14:29:21.031: I/bootstat(2523): Logging histogram: ota_boot_complete_post_decrypt 176
07-26 14:29:21.031: I/bootstat(2523): Logging histogram: ota_boot_complete 213
07-26 14:29:21.031: I/bootstat(2523): Logging histogram: boot_reason 1
07-26 14:29:21.031: I/bootstat(2523): Logging histogram: factory_reset_current_time 1532586560
07-26 14:29:21.031: I/bootstat(2523): Logging histogram: factory_reset 10354685
07-26 14:29:21.031: I/bootstat(2523): Logging histogram: time_since_last_boot 217
07-26 14:29:21.031: I/bootstat(2523): Logging histogram: boot_complete_post_decrypt 31
07-26 14:29:21.032: I/bootstat(2523): Logging histogram: boot_complete 69
07-26 14:29:21.032: I/bootstat(2523): Logging histogram: factory_reset_record_value 10354685
07-26 14:29:21.032: I/bootstat(2523): Logging histogram: time_since_factory_reset 1522231875
07-26 14:29:21.037: V/BoostFramework(1926): BoostFramework() : mPerf = com.qualcomm.qti.Performance@7117ff3
07-26 14:29:21.201: I/sh(2528): type=1400 audit(0.0:69): avc: denied { write } for name="enable" dev="debugfs" ino=4725 scontext=u:r:qti_init_shell:s0 tcontext=u:object_r:debugfs:s0 tclass=file permissive=1
07-26 14:29:21.201: I/sh(2528): type=1400 audit(0.0:70): avc: denied { open } for path="/sys/kernel/debug/regulator/smbcharger_charger_otg/enable" dev="debugfs" ino=4725 scontext=u:r:qti_init_shell:s0 tcontext=u:object_r:debugfs:s0 tclass=file permissive=1
07-26 14:29:21.065: V/BoostFramework(1926): BoostFramework() : mPerf = com.qualcomm.qti.Performance@6ba284f
07-26 14:29:21.079: I/System.out(1926): sxx++++++request type===73
07-26 14:29:21.096: I/SDM(478): ResourceImpl::SetMaxBandwidthMode: new bandwidth mode=0
07-26 14:29:21.096: I/CAM_ZEUSIS_ALGO(666): <ALGO><INFO> virtual CZeusisAlgorithm::~CZeusisAlgorithm(): 90: camera_id:1
07-26 14:29:21.100: D/NetworkSecurityConfig(1926): No Network Security Config specified, using platform default
07-26 14:29:21.104: V/CameraService(666): Client::disconnect
07-26 14:29:21.109: V/CameraService(666): updateStatus: Status has changed for camera ID 1 from 0xfffffffe to 0x1
07-26 14:29:21.112: I/CameraService(666): disconnect: Disconnected client for camera 1 for PID 666
07-26 14:29:21.112: V/CameraService(666): ~Client
07-26 14:29:21.114: V/MediaPlayerService(729): disconnect(4) from pid 666
07-26 14:29:21.114: D/NuPlayerDriver(729): reset(0xe9e20a80) at state 4
07-26 14:29:21.114: D/NuPlayerDriver(729): notifyListener_l(0xe9e20a80), (8, 0, 0), loop setting(0, 0)
07-26 14:29:21.114: V/NuPlayer(729): kWhatReset
07-26 14:29:21.114: V/NuPlayer(729): performDecoderFlush audio=2, video=2
07-26 14:29:21.114: W/AMessage(729): failed to post message as target looper for handler 0 is gone.
07-26 14:29:21.114: V/NuPlayer(729): performReset
07-26 14:29:21.115: D/NuPlayerDriver(729): notifyResetComplete(0xe9e20a80)
07-26 14:29:21.115: V/NuPlayerDriver(729): ~NuPlayerDriver(0xe9e20a80)
07-26 14:29:21.116: V/AudioFlinger(660): releasing 33 from 666 for -1
07-26 14:29:21.116: V/AudioFlinger(660):  decremented refcount to 0
07-26 14:29:21.116: V/AudioFlinger(660): purging stale effects
07-26 14:29:21.116: V/MediaPlayerService(729): disconnect(5) from pid 666
07-26 14:29:21.116: D/NuPlayerDriver(729): reset(0xe9e20ba0) at state 4
07-26 14:29:21.116: D/NuPlayerDriver(729): notifyListener_l(0xe9e20ba0), (8, 0, 0), loop setting(0, 0)
07-26 14:29:21.116: V/NuPlayer(729): kWhatReset
07-26 14:29:21.117: V/NuPlayer(729): performDecoderFlush audio=2, video=2
07-26 14:29:21.117: W/AMessage(729): failed to post message as target looper for handler 0 is gone.
07-26 14:29:21.117: V/NuPlayer(729): performReset
07-26 14:29:21.117: D/NuPlayerDriver(729): notifyResetComplete(0xe9e20ba0)
07-26 14:29:21.117: V/NuPlayerDriver(729): ~NuPlayerDriver(0xe9e20ba0)
07-26 14:29:21.118: V/MediaPlayerService(729): Client(4) destructor pid = 666
07-26 14:29:21.118: V/AudioSink(729): close
07-26 14:29:21.119: V/MediaPlayerService(729): disconnect(4) from pid 666
07-26 14:29:21.120: V/MediaPlayerService(729): Client(5) destructor pid = 666
07-26 14:29:21.120: V/AudioSink(729): close
07-26 14:29:21.241: I/sh(2528): type=1400 audit(0.0:71): avc: denied { write } for name="interactive" dev="sysfs" ino=39379 scontext=u:r:qti_init_shell:s0 tcontext=u:object_r:sysfs:s0 tclass=dir permissive=1
07-26 14:29:21.120: V/MediaPlayerService(729): disconnect(5) from pid 666
07-26 14:29:21.122: V/AudioFlinger(660): releasing 41 from 666 for -1
07-26 14:29:21.122: V/AudioFlinger(660):  decremented refcount to 0
07-26 14:29:21.122: V/AudioFlinger(660): purging stale effects
07-26 14:29:21.124: V/MediaPlayerService(729): disconnect(6) from pid 666
07-26 14:29:21.124: D/NuPlayerDriver(729): reset(0xe9e20cc0) at state 4
07-26 14:29:21.124: D/NuPlayerDriver(729): notifyListener_l(0xe9e20cc0), (8, 0, 0), loop setting(0, 0)
07-26 14:29:21.124: V/NuPlayer(729): kWhatReset
07-26 14:29:21.124: V/NuPlayer(729): performDecoderFlush audio=2, video=2
07-26 14:29:21.124: W/AMessage(729): failed to post message as target looper for handler 0 is gone.
07-26 14:29:21.124: V/NuPlayer(729): performReset
07-26 14:29:21.124: D/NuPlayerDriver(729): notifyResetComplete(0xe9e20cc0)
07-26 14:29:21.125: V/NuPlayerDriver(729): ~NuPlayerDriver(0xe9e20cc0)
07-26 14:29:21.128: V/MediaPlayerService(729): Client(6) destructor pid = 666
07-26 14:29:21.128: V/AudioFlinger(660): releasing 49 from 666 for -1
07-26 14:29:21.128: V/AudioFlinger(660):  decremented refcount to 0
07-26 14:29:21.128: V/AudioSink(729): close
07-26 14:29:21.128: V/AudioFlinger(660): purging stale effects
07-26 14:29:21.128: V/MediaPlayerService(729): disconnect(6) from pid 666
07-26 14:29:21.128: V/CameraService(666): Client::disconnect
07-26 14:29:21.128: V/CameraService(666): ~BasicClient
07-26 14:29:21.128: I/chatty(1940): uid=10040(com.android.systemui) expire 1 line
07-26 14:29:21.129: I/chatty(1940): uid=10040(com.android.systemui) expire 1 line
07-26 14:29:21.129: V/CameraService(666): supportsCameraApi: for camera ID = 0
07-26 14:29:21.129: V/CameraService(666): supportsCameraApi: Camera id 0 uses HAL version 256 <3.2, doesn't support api2 without shim
07-26 14:29:21.129: I/DpmTcmClient(1926): RegisterTcmMonitor from: org.apache.http.impl.conn.TcmIdleTimerMonitor
07-26 14:29:21.129: V/CameraService(666): getLegacyParameters: for camera ID = 0
07-26 14:29:21.129: V/CameraService(666): getLegacyParametersLazy: for cameraId: 0
07-26 14:29:21.165: V/CameraService(666): supportsCameraApi: for camera ID = 0
07-26 14:29:21.165: V/CameraService(666): supportsCameraApi: Camera id 0 uses HAL version 256 <3.2, doesn't support api2 without shim
07-26 14:29:21.166: V/CameraService(666): getLegacyParameters: for camera ID = 0
07-26 14:29:21.166: V/CameraService(666): getLegacyParametersLazy: for cameraId: 0
07-26 14:29:21.283: E/JunkService(2535): phone Beta = 0
07-26 14:29:21.283: E/JunkService(2535): phoneVersion = YL50B71_01.00.01RDD_CN.00
07-26 14:29:21.284: W/art(1926): Suspending all threads took: 105.685ms
07-26 14:29:21.288: W/System.err(1926): java.net.UnknownHostException: Unable to resolve host "shouji.sogou.com": No address associated with hostname
07-26 14:29:21.288: W/art(1926): Verification of void cby.e() took 219.542ms
07-26 14:29:21.289: W/System.err(1926): 	at java.net.Inet6AddressImpl.lookupHostByName(Inet6AddressImpl.java:125)
07-26 14:29:21.289: W/System.err(1926): 	at java.net.Inet6AddressImpl.lookupAllHostAddr(Inet6AddressImpl.java:74)
07-26 14:29:21.289: W/System.err(1926): 	at java.net.InetAddress.getAllByName(InetAddress.java:752)
07-26 14:29:21.289: W/System.err(1926): 	at org.apache.http.impl.conn.DefaultClientConnectionOperator.openConnection(DefaultClientConnectionOperator.java:142)
07-26 14:29:21.289: W/System.err(1926): 	at org.apache.http.impl.conn.AbstractPoolEntry.open(AbstractPoolEntry.java:169)
07-26 14:29:21.290: W/System.err(1926): 	at org.apache.http.impl.conn.AbstractPooledConnAdapter.open(AbstractPooledConnAdapter.java:124)
07-26 14:29:21.290: W/System.err(1926): 	at org.apache.http.impl.client.DefaultRequestDirector.execute(DefaultRequestDirector.java:361)
07-26 14:29:21.292: V/BoostFramework(1926): BoostFramework() : mPerf = com.qualcomm.qti.Performance@20b69c8
07-26 14:29:21.293: V/BoostFramework(1926): BoostFramework() : mPerf = com.qualcomm.qti.Performance@1c72a61
07-26 14:29:21.291: W/System.err(1926): 	at org.apache.http.impl.client.AbstractHttpClient.execute(AbstractHttpClient.java:560)
07-26 14:29:21.293: W/System.err(1926): 	at org.apache.http.impl.client.AbstractHttpClient.execute(AbstractHttpClient.java:492)
07-26 14:29:21.293: W/System.err(1926): 	at org.apache.http.impl.client.AbstractHttpClient.execute(AbstractHttpClient.java:470)
07-26 14:29:21.293: W/System.err(1926): 	at aqn.a(SogouSource:158)
07-26 14:29:21.293: W/System.err(1926): 	at aqn.a(SogouSource:70)
07-26 14:29:21.293: W/System.err(1926): 	at aqn.onWork(SogouSource:47)
07-26 14:29:21.293: W/System.err(1926): 	at bdr.run(SogouSource:1921)
07-26 14:29:21.293: W/System.err(1926): Caused by: android.system.GaiException: android_getaddrinfo failed: EAI_NODATA (No address associated with hostname)
07-26 14:29:21.293: W/System.err(1926): 	at libcore.io.Posix.android_getaddrinfo(Native Method)
07-26 14:29:21.293: W/System.err(1926): 	at libcore.io.ForwardingOs.android_getaddrinfo(ForwardingOs.java:55)
07-26 14:29:21.293: W/System.err(1926): 	at java.net.Inet6AddressImpl.lookupHostByName(Inet6AddressImpl.java:106)
07-26 14:29:21.293: W/System.err(1926): 	... 13 more
07-26 14:29:21.300: W/art(1926): Suspending all threads took: 5.526ms
07-26 14:29:21.426: W/art(1926): Verification of void bcl.<init>(android.content.Context) took 129.191ms
07-26 14:29:21.427: V/BoostFramework(1926): BoostFramework() : mPerf = com.qualcomm.qti.Performance@16cd247
07-26 14:29:21.434: V/BoostFramework(1926): BoostFramework() : mPerf = com.qualcomm.qti.Performance@d515a74
07-26 14:29:21.448: V/BoostFramework(1926): BoostFramework() : mPerf = com.qualcomm.qti.Performance@eeb0b9d
07-26 14:29:21.449: V/BoostFramework(1926): BoostFramework() : mPerf = com.qualcomm.qti.Performance@bf812
07-26 14:29:21.450: V/BoostFramework(1926): BoostFramework() : mPerf = com.qualcomm.qti.Performance@a9a4be3
07-26 14:29:21.450: V/BoostFramework(1926): BoostFramework() : mPerf = com.qualcomm.qti.Performance@b63a9e0
07-26 14:29:21.459: D/CandidatesTheme(1926): SogouIME.mSogouIME.mSkinType=0
07-26 14:29:21.460: D/CandidatesTheme(1926): SogouIME.mSogouIME.mSkinType=0
07-26 14:29:21.465: W/System.err(1926): java.io.FileNotFoundException: default_theme/720/phone/res/cloud_bg.png
07-26 14:29:21.466: W/System.err(1926): 	at android.content.res.AssetManager.openAsset(Native Method)
07-26 14:29:21.466: W/System.err(1926): 	at android.content.res.AssetManager.open(AssetManager.java:347)
07-26 14:29:21.466: W/System.err(1926): 	at android.content.res.AssetManager.open(AssetManager.java:321)
07-26 14:29:21.466: W/System.err(1926): 	at ctj.a(SogouSource:733)
07-26 14:29:21.466: W/System.err(1926): 	at ctj.a(SogouSource:441)
07-26 14:29:21.466: W/System.err(1926): 	at ctj.a(SogouSource:374)
07-26 14:29:21.466: W/System.err(1926): 	at cqh.b(SogouSource:189)
07-26 14:29:21.466: W/System.err(1926): 	at cqh.b(SogouSource:103)
07-26 14:29:21.466: W/System.err(1926): 	at cdm.c(SogouSource:2175)
07-26 14:29:21.466: W/System.err(1926): 	at cdm.a(SogouSource:664)
07-26 14:29:21.466: W/System.err(1926): 	at cdm.update(SogouSource:2307)
07-26 14:29:21.466: W/System.err(1926): 	at com.sohu.inputmethod.sogou.coolpad.SogouIME.bP(SogouSource:8790)
07-26 14:29:21.466: W/System.err(1926): 	at com.sohu.inputmethod.sogou.coolpad.SogouIME.b(SogouSource:8541)
07-26 14:29:21.466: W/System.err(1926): 	at com.sohu.inputmethod.sogou.coolpad.SogouIME.onInitializeInterface(SogouSource:7623)
07-26 14:29:21.466: W/System.err(1926): 	at android.inputmethodservice.InputMethodService.initialize(InputMethodService.java:815)
07-26 14:29:21.466: W/System.err(1926): 	at android.inputmethodservice.InputMethodService$InputMethodImpl.bindInput(InputMethodService.java:393)
07-26 14:29:21.467: W/System.err(1926): 	at android.inputmethodservice.IInputMethodWrapper.executeMessage(IInputMethodWrapper.java:160)
07-26 14:29:21.467: W/System.err(1926): 	at com.android.internal.os.HandlerCaller$MyHandler.handleMessage(HandlerCaller.java:37)
07-26 14:29:21.467: W/System.err(1926): 	at android.os.Handler.dispatchMessage(Handler.java:102)
07-26 14:29:21.467: W/System.err(1926): 	at android.os.Looper.loop(Looper.java:154)
07-26 14:29:21.467: W/System.err(1926): 	at android.app.ActivityThread.main(ActivityThread.java:6119)
07-26 14:29:21.467: W/System.err(1926): 	at java.lang.reflect.Method.invoke(Native Method)
07-26 14:29:21.467: W/System.err(1926): 	at com.android.internal.os.ZygoteInit$MethodAndArgsCaller.run(ZygoteInit.java:892)
07-26 14:29:21.467: W/System.err(1926): 	at com.android.internal.os.ZygoteInit.main(ZygoteInit.java:782)
07-26 14:29:21.481: D/CandidatesTheme(1926): SogouIME.mSogouIME.mSkinType=0
07-26 14:29:21.482: D/CandidatesTheme(1926): SogouIME.mSogouIME.mSkinType=0
07-26 14:29:21.482: D/CandidatesTheme(1926): SogouIME.mSogouIME.mSkinType=0
07-26 14:29:21.483: D/CandidatesTheme(1926): SogouIME.mSogouIME.mSkinType=0
07-26 14:29:21.484: D/CandidatesTheme(1926): SogouIME.mSogouIME.mSkinType=0
07-26 14:29:21.491: W/System.err(1926): java.io.FileNotFoundException: default_theme/720/phone/res/composing_bg.png
07-26 14:29:21.492: W/System.err(1926): 	at android.content.res.AssetManager.openAsset(Native Method)
07-26 14:29:21.492: W/System.err(1926): 	at android.content.res.AssetManager.open(AssetManager.java:347)
07-26 14:29:21.492: W/System.err(1926): 	at android.content.res.AssetManager.open(AssetManager.java:321)
07-26 14:29:21.492: W/System.err(1926): 	at ctj.a(SogouSource:733)
07-26 14:29:21.492: W/System.err(1926): 	at ctj.a(SogouSource:441)
07-26 14:29:21.492: W/System.err(1926): 	at ctj.a(SogouSource:374)
07-26 14:29:21.492: W/System.err(1926): 	at cqh.e(SogouSource:336)
07-26 14:29:21.492: W/System.err(1926): 	at com.sohu.inputmethod.sogou.coolpad.SogouIME.bO(SogouSource:8760)
07-26 14:29:21.492: W/System.err(1926): 	at com.sohu.inputmethod.sogou.coolpad.SogouIME.b(SogouSource:8543)
07-26 14:29:21.492: W/System.err(1926): 	at com.sohu.inputmethod.sogou.coolpad.SogouIME.onInitializeInterface(SogouSource:7623)
07-26 14:29:21.493: W/System.err(1926): 	at android.inputmethodservice.InputMethodService.initialize(InputMethodService.java:815)
07-26 14:29:21.493: W/System.err(1926): 	at android.inputmethodservice.InputMethodService$InputMethodImpl.bindInput(InputMethodService.java:393)
07-26 14:29:21.493: W/System.err(1926): 	at android.inputmethodservice.IInputMethodWrapper.executeMessage(IInputMethodWrapper.java:160)
07-26 14:29:21.493: W/System.err(1926): 	at com.android.internal.os.HandlerCaller$MyHandler.handleMessage(HandlerCaller.java:37)
07-26 14:29:21.493: W/System.err(1926): 	at android.os.Handler.dispatchMessage(Handler.java:102)
07-26 14:29:21.493: W/System.err(1926): 	at android.os.Looper.loop(Looper.java:154)
07-26 14:29:21.493: W/System.err(1926): 	at android.app.ActivityThread.main(ActivityThread.java:6119)
07-26 14:29:21.493: W/System.err(1926): 	at java.lang.reflect.Method.invoke(Native Method)
07-26 14:29:21.493: W/System.err(1926): 	at com.android.internal.os.ZygoteInit$MethodAndArgsCaller.run(ZygoteInit.java:892)
07-26 14:29:21.493: W/System.err(1926): 	at com.android.internal.os.ZygoteInit.main(ZygoteInit.java:782)
07-26 14:29:21.504: W/libutils.threads(2535): Thread (this=0x7f7c2c0300): getTid() is undefined before run()
07-26 14:29:21.528: W/System.err(1926): java.io.FileNotFoundException: default_theme/720/phone/res/composing_bg.png
07-26 14:29:21.528: W/System.err(1926): 	at android.content.res.AssetManager.openAsset(Native Method)
07-26 14:29:21.528: W/System.err(1926): 	at android.content.res.AssetManager.open(AssetManager.java:347)
07-26 14:29:21.528: W/System.err(1926): 	at android.content.res.AssetManager.open(AssetManager.java:321)
07-26 14:29:21.528: W/System.err(1926): 	at ctj.a(SogouSource:733)
07-26 14:29:21.528: W/System.err(1926): 	at ctj.a(SogouSource:441)
07-26 14:29:21.529: W/System.err(1926): 	at ctj.a(SogouSource:374)
07-26 14:29:21.529: W/System.err(1926): 	at cqh.e(SogouSource:336)
07-26 14:29:21.529: W/System.err(1926): 	at cqh.b(SogouSource:107)
07-26 14:29:21.529: W/System.err(1926): 	at com.sohu.inputmethod.sogou.coolpad.ComposingView.setTheme(SogouSource:317)
07-26 14:29:21.529: W/System.err(1926): 	at com.sohu.inputmethod.sogou.coolpad.ComposingView.update(SogouSource:1066)
07-26 14:29:21.529: W/System.err(1926): 	at com.sohu.inputmethod.sogou.coolpad.SogouIME.bO(SogouSource:8774)
07-26 14:29:21.529: W/System.err(1926): 	at com.sohu.inputmethod.sogou.coolpad.SogouIME.b(SogouSource:8543)
07-26 14:29:21.529: W/System.err(1926): 	at com.sohu.inputmethod.sogou.coolpad.SogouIME.onInitializeInterface(SogouSource:7623)
07-26 14:29:21.529: W/System.err(1926): 	at android.inputmethodservice.InputMethodService.initialize(InputMethodService.java:815)
07-26 14:29:21.529: W/System.err(1926): 	at android.inputmethodservice.InputMethodService$InputMethodImpl.bindInput(InputMethodService.java:393)
07-26 14:29:21.529: W/System.err(1926): 	at android.inputmethodservice.IInputMethodWrapper.executeMessage(IInputMethodWrapper.java:160)
07-26 14:29:21.529: W/System.err(1926): 	at com.android.internal.os.HandlerCaller$MyHandler.handleMessage(HandlerCaller.java:37)
07-26 14:29:21.529: W/System.err(1926): 	at android.os.Handler.dispatchMessage(Handler.java:102)
07-26 14:29:21.529: W/System.err(1926): 	at android.os.Looper.loop(Looper.java:154)
07-26 14:29:21.529: W/System.err(1926): 	at android.app.ActivityThread.main(ActivityThread.java:6119)
07-26 14:29:21.529: W/System.err(1926): 	at java.lang.reflect.Method.invoke(Native Method)
07-26 14:29:21.529: W/System.err(1926): 	at com.android.internal.os.ZygoteInit$MethodAndArgsCaller.run(ZygoteInit.java:892)
07-26 14:29:21.529: W/System.err(1926): 	at com.android.internal.os.ZygoteInit.main(ZygoteInit.java:782)
07-26 14:29:21.563: D/JunkService(2535): SNDSTRING
07-26 14:29:21.601: I/pkill(2565): type=1400 audit(0.0:72): avc: denied { sys_ptrace } for capability=19 scontext=u:r:junkserverd:s0 tcontext=u:r:junkserverd:s0 tclass=capability permissive=1
07-26 14:29:21.601: I/pkill(2565): type=1400 audit(0.0:73): avc: denied { getattr } for path="/proc/sysrq-trigger" dev="proc" ino=4026532404 scontext=u:r:junkserverd:s0 tcontext=u:object_r:proc_sysrq:s0 tclass=file permissive=1
07-26 14:29:21.601: I/pkill(2565): type=1400 audit(0.0:74): avc: denied { getattr } for path="/proc/iomem" dev="proc" ino=4026532344 scontext=u:r:junkserverd:s0 tcontext=u:object_r:proc_iomem:s0 tclass=file permissive=1
07-26 14:29:21.661: I/pkill(2565): type=1400 audit(0.0:75): avc: denied { sys_ptrace } for capability=19 scontext=u:r:junkserverd:s0 tcontext=u:r:junkserverd:s0 tclass=capability permissive=1
07-26 14:29:21.686: D/JunkService(2535): SNDSTRING
07-26 14:29:21.717: D/JunkService(2535): SNDSTRING
07-26 14:29:21.735: D/JunkService(2535): SNDSTRING
07-26 14:29:21.753: D/JunkService(2535): SNDSTRING
07-26 14:29:21.769: D/JunkService(2535): SNDSTRING
07-26 14:29:21.810: W/Atfwd_Sendcmd(749): AtCmdFwd service not published, waiting... retryCnt : 3
07-26 14:29:21.998: E/ANDR-PERF-MPCTL(365): Boot complete, post boot executed
07-26 14:29:22.001: E/ANDR-PERF-TARGET-INIT(365): Inside InitializeTarget
07-26 14:29:22.001: E/ANDR-PERF-TARGET-INIT(365): Init msmGold
07-26 14:29:22.016: E/ANDR-PERF-OPTSDATA(365): Error: core_ctl_cpu is not initialized for this target
07-26 14:29:22.016: E/ANDR-PERF-OPTSDATA(365): Error: Core ctl not present
07-26 14:29:22.016: E/ANDR-PERF-OPTSDATA(365): Error: core_ctl not present or min/max cpu nodes initialization failed
07-26 14:29:22.018: E/ANDR-PERF-OPTSHANDLER(365): Error: Sched Frequency Aggregation support not present
07-26 14:29:22.019: E/ANDR-PERF-MPCTL(365):  before pthread_cond_wait 1782, chk_core_online_poll
07-26 14:29:22.020: E/ANDR-PERF-MPCTL(365): perflock: Workload detect thread created
07-26 14:29:22.021: E/ANDR-PERF-MPCTL(365): perflock: iobusy pfd initialized
07-26 14:29:22.021: E/ANDR-PERF-MPCTL(365): perflock: mode pfd initialized
07-26 14:29:22.021: E/ANDR-PERF-MPCTL(365): perflock: Read file 0: 0
07-26 14:29:22.021: E/ANDR-PERF-MPCTL(365): perflock: Read file 1: 0
07-26 14:29:22.021: E/ANDR-PERF-MPCTL(365): perflock: Mode change 0
07-26 14:29:22.021: I/perfd(2581): type=1400 audit(0.0:76): avc: denied { open } for path="/dev/cpuset/top-app/cpus" dev="tmpfs" ino=4893 scontext=u:r:perfd:s0 tcontext=u:object_r:device:s0 tclass=file permissive=1
07-26 14:29:22.464: V/PackageManager(1444): reconcileAppsData finished 203 packages
07-26 14:29:22.465: I/chatty(1444): uid=1000(system) android.display expire 1 line
07-26 14:29:22.465: I/chatty(1444): uid=1000(system) ZsPowerMonitor expire 1 line
07-26 14:29:22.469: I/chatty(1444): uid=1000(system) ActivityManager expire 9 lines
07-26 14:29:22.486: I/chatty(1444): uid=1000(system) Binder:1444_7 expire 3 lines
07-26 14:29:22.487: I/chatty(1444): uid=1000 system_server expire 26 lines
07-26 14:29:22.496: D/MountService(1444): onUnlockUser 0
07-26 14:29:22.496: D/VoldConnector(1444): SND -> {7 volume user_started 0}
07-26 14:29:22.501: D/vold(357): Linking /storage/emulated/0 to /mnt/user/0/primary
07-26 14:29:22.503: D/VoldConnector(1444): RCV <- {200 7 Command succeeded}
07-26 14:29:22.511: D/MountService(1444): Volume emulated broadcasting mounted to UserHandle{0}
07-26 14:29:22.518: W/System(2478): ClassLoader referenced unknown path: /system/priv-app/ExtServices/lib/arm64
07-26 14:29:22.527: I/QImsService(2449): ImsServiceAutoboot : Starting org.codeaurora.ims.ImsService : android.intent.action.SIM_STATE_CHANGED received. 
07-26 14:29:22.538: E/QImsService(2449): ImsServiceAutoboot : org.codeaurora.ims.ImsService service Started Successfully
07-26 14:29:22.558: V/BackupManagerService(1444): No ancestral data
07-26 14:29:22.586: I/BackupManagerService(1444): Package com.mucuk.startupservice not installed; dropping from full backup
07-26 14:29:22.587: I/BackupManagerService(1444): Package com.zte.touchpaneltest not installed; dropping from full backup
07-26 14:29:22.600: D/SogouIME(1926): [[SogouIME::onStartInput]] onStartInput - inputType = 0 - restarting = false
07-26 14:29:22.602: D/SogouIME(1926): [[SogouIME::a]] SogouIME==========configKeyboard==========ishardkeyboard===================
07-26 14:29:22.609: V/BackupManagerService(1444): Starting with transport android/com.android.internal.backup.LocalTransport
07-26 14:29:22.610: V/BackupManagerService(1444): Found transports: 1
07-26 14:29:22.616: I/BackupManagerService(1444): Backup enabled => false
07-26 14:29:22.635: I/chatty(1444): uid=1000(system) android.bg expire 7 lines
07-26 14:29:22.640: D/PhoneInterfaceManager(2193): [PhoneIntfMgr] getDeviceId callingPackage = com.sohu.inputmethod.sogou.coolpad
07-26 14:29:22.652: I/art(1926): Do partial code cache collection, code=29KB, data=44KB
07-26 14:29:22.653: I/art(1926): After code cache collection, code=23KB, data=39KB
07-26 14:29:22.653: I/art(1926): Increasing code cache capacity to 256KB
07-26 14:29:22.654: I/art(1926): Method exceeds compiler instruction limit: 16960 in void com.sohu.inputmethod.settings.internet.StatisticsData.<init>(android.content.Context)
07-26 14:29:22.654: I/chatty(1940): uid=10040(com.android.systemui) expire 3 lines
07-26 14:29:22.661: V/BackupManagerService(1444): Connected to transport ComponentInfo{android/com.android.internal.backup.LocalTransportService}
07-26 14:29:22.661: V/BackupManagerService(1444): Registering transport android/com.android.internal.backup.LocalTransportService::android/com.android.internal.backup.LocalTransport = android.app.backup.BackupTransport$TransportImpl@6a38e78
07-26 14:29:22.665: I/chatty(1940): uid=10040(com.android.systemui) QSTileHost expire 1 line
07-26 14:29:22.678: V/SignalClusterView(1940): vpn: GONE
07-26 14:29:22.678: V/SignalClusterView(1940): vpn: GONE
07-26 14:29:22.678: V/SignalClusterView(1940): vpn: GONE
07-26 14:29:22.678: D/SignalClusterView(1940): getWifiActivityId activityIn false activityOut false
07-26 14:29:22.679: V/SignalClusterView(1940): vpn: GONE
07-26 14:29:22.671: I/Thread-4(2602): type=1400 audit(0.0:77): avc: denied { read } for name="anr" dev="dm-0" ino=1046529 scontext=u:r:untrusted_app:s0:c512,c768 tcontext=u:object_r:anr_data_file:s0 tclass=dir permissive=1
07-26 14:29:22.682: V/KeyguardUpdateMonitor(1940): *** register callback for com.android.keyguard.CarrierText$1@7dcda85
07-26 14:29:22.682: V/KeyguardUpdateMonitor(1940): *** unregister callback for null
07-26 14:29:22.682: V/KeyguardBottomAreaView(1940): onVisibilityChanged:visibility:8
07-26 14:29:22.684: V/KeyguardUpdateMonitor(1940): *** register callback for com.android.keyguard.CarrierText$1@b7bc0da
07-26 14:29:22.684: V/KeyguardUpdateMonitor(1940): *** unregister callback for null
07-26 14:29:22.684: V/KeyguardUpdateMonitor(1940): *** register callback for com.android.keyguard.EmergencyButton$1@b0fb90b
07-26 14:29:22.684: V/KeyguardUpdateMonitor(1940): *** unregister callback for null
07-26 14:29:22.686: V/KeyValueBackupJob(1444): Scheduling k/v pass in 248 minutes
07-26 14:29:22.689: V/Telecom(1444): Logging: START_SESSION: TSI.iIC@AAY
07-26 14:29:22.681: I/Thread-4(2602): type=1400 audit(0.0:78): avc: denied { read } for name="traces.txt" dev="dm-0" ino=1046530 scontext=u:r:untrusted_app:s0:c512,c768 tcontext=u:object_r:anr_data_file:s0 tclass=file permissive=1
07-26 14:29:22.681: I/Thread-4(2602): type=1400 audit(0.0:79): avc: denied { getattr } for path="/data/anr/traces.txt" dev="dm-0" ino=1046530 scontext=u:r:untrusted_app:s0:c512,c768 tcontext=u:object_r:anr_data_file:s0 tclass=file permissive=1
07-26 14:29:22.698: V/Telecom(1444): Logging: CREATE_SUBSESSION (Invisible subsession): TSI.iIC@AAY
07-26 14:29:22.699: V/Telecom(1444): Logging: CONTINUE_SUBSESSION (Invisible Subsession) with Method TSI.gDDP: TSI.iIC@AAY
07-26 14:29:22.701: D/CellularTile(1940): cb.noSim ? :false state.subId:0 state.label:Ö»ÄÜ²¦´ò½ô¼±ºô¾Èµç»° cb.enabledDesc:null cb.airplaneModeEnabled: false state.value: false
07-26 14:29:22.703: V/Telecom(1444): Logging: CREATE_SUBSESSION (Invisible subsession): TSI.iIC@AAY
07-26 14:29:22.704: V/Telecom(1444): Logging: CONTINUE_SUBSESSION (Invisible Subsession) with Method TSI.gSDP: TSI.iIC@AAY
07-26 14:29:22.704: V/Telecom(1444): Logging: END_SUBSESSION (Invisible Subsession) (dur: 0 mS): TSI.iIC@AAY
07-26 14:29:22.704: V/Telecom(1444): Logging: END_SUBSESSION (Invisible Subsession) (dur: 6 mS): TSI.iIC@AAY
07-26 14:29:22.707: V/Telecom(1444): Logging: CREATE_SUBSESSION (Invisible subsession): TSI.iIC@AAY
07-26 14:29:22.707: V/Telecom(1444): Logging: CONTINUE_SUBSESSION (Invisible Subsession) with Method TSI.gSDP: TSI.iIC@AAY
07-26 14:29:22.707: V/Telecom(1444): Logging: END_SUBSESSION (Invisible Subsession) (dur: 0 mS): TSI.iIC@AAY
07-26 14:29:22.708: V/Telecom(1444): Logging: END_SUBSESSION (dur: 19 mS): TSI.iIC@AAY
07-26 14:29:22.708: V/Telecom(1444): Logging: END_SESSION (dur: 19 ms): TSI.iIC@AAY
07-26 14:29:22.709: V/EmergencyButton(1940): version:GL000000,visible:true
07-26 14:29:22.711: W/AppWidgetServiceImpl(1444): No android.appwidget.provider meta-data for AppWidget provider 'ProviderId{user:0, app:10048, cmp:ComponentInfo{com.qualcomm.qti.calendarwidget/com.qualcomm.qti.calendarwidget.CalendarWidget}}'
07-26 14:29:22.715: V/Telecom(1444): Logging: START_SESSION: TSI.iIC@AAc
07-26 14:29:22.718: V/Telecom(1444): Logging: CREATE_SUBSESSION (Invisible subsession): TSI.iIC@AAc
07-26 14:29:22.718: V/Telecom(1444): Logging: CONTINUE_SUBSESSION (Invisible Subsession) with Method TSI.gDDP: TSI.iIC@AAc
07-26 14:29:22.720: V/Telecom(1444): Logging: CREATE_SUBSESSION (Invisible subsession): TSI.iIC@AAc
07-26 14:29:22.720: V/Telecom(1444): Logging: CONTINUE_SUBSESSION (Invisible Subsession) with Method TSI.gSDP: TSI.iIC@AAc
07-26 14:29:22.720: V/Telecom(1444): Logging: END_SUBSESSION (Invisible Subsession) (dur: 0 mS): TSI.iIC@AAc
07-26 14:29:22.720: V/Telecom(1444): Logging: END_SUBSESSION (Invisible Subsession) (dur: 2 mS): TSI.iIC@AAc
07-26 14:29:22.721: D/Tile.WifiTile(1940): state.label:WLAN  state.dualLabelContentDescription:WLAN  state.connected:false
07-26 14:29:22.725: V/Telecom(1444): Logging: CREATE_SUBSESSION (Invisible subsession): TSI.iIC@AAc
07-26 14:29:22.726: V/Telecom(1444): Logging: CONTINUE_SUBSESSION (Invisible Subsession) with Method TSI.gSDP: TSI.iIC@AAc
07-26 14:29:22.726: V/Telecom(1444): Logging: END_SUBSESSION (Invisible Subsession) (dur: 1 mS): TSI.iIC@AAc
07-26 14:29:22.726: V/Telecom(1444): Logging: END_SUBSESSION (dur: 11 mS): TSI.iIC@AAc
07-26 14:29:22.726: V/Telecom(1444): Logging: END_SESSION (dur: 11 ms): TSI.iIC@AAc
07-26 14:29:22.737: V/KeyguardUpdateMonitor(1940): *** register callback for com.android.keyguard.KeyguardStatusView$1@99553e8
07-26 14:29:22.737: V/KeyguardUpdateMonitor(1940): *** unregister callback for null
07-26 14:29:22.746: D/CellularTile(1940): cb.noSim ? :false state.subId:0 state.label:Ö»ÄÜ²¦´ò½ô¼±ºô¾Èµç»° cb.enabledDesc:null cb.airplaneModeEnabled: false state.value: false
07-26 14:29:22.748: I/BackupManagerService(1444): Found stale backup journal, scheduling
07-26 14:29:22.749: W/AppWidgetServiceImpl(1444): No android.appwidget.provider meta-data for AppWidget provider 'ProviderId{user:12, app:10048, cmp:ComponentInfo{com.qualcomm.qti.calendarwidget/com.qualcomm.qti.calendarwidget.CalendarWidget}}'
07-26 14:29:22.765: W/VoiceInteractionManagerService(1444): no available voice recognition services found for user 0
07-26 14:29:22.767: I/ActivityManager(1444): Loading recents for user 0 into memory.
07-26 14:29:22.839: I/ActivityManager(1444): Start proc 2606:com.fpsensor.fpSensorExtension/1000 for added application com.fpsensor.fpSensorExtension
07-26 14:29:22.882: I/ActivityManager(1444): Start proc 2620:com.qualcomm.qti.notificationservice/1000 for added application com.qualcomm.qti.notificationservice
07-26 14:29:22.917: I/ActivityManager(1444): Start proc 2634:com.Coolpad.regservice/1000 for added application com.Coolpad.regservice
07-26 14:29:22.960: I/ActivityManager(1444): Start proc 2648:com.tencent.qqpimsecure/u0a95 for added application com.tencent.qqpimsecure
07-26 14:29:22.991: I/ActivityManager(1444): Start proc 2659:com.qualcomm.qti.rcsbootstraputil/1001 for added application com.qualcomm.qti.rcsbootstraputil
07-26 14:29:23.000: I/chatty(1444): uid=1000(system) WifiScanningSer expire 14 lines
07-26 14:29:23.000: I/chatty(1444): uid=1000 system_server expire 1 line
07-26 14:29:23.016: I/chatty(1444): uid=1000(system) WifiScanningSer expire 33 lines
07-26 14:29:23.017: E/XTCC-5.1.0.23-b(1042): [TdpCsClient] unknown postcard info. reason:REGISTER-EVENT, 
07-26 14:29:23.036: I/ActivityManager(1444): Start proc 2679:com.qualcomm.qti.loadcarrier/1001 for added application com.qualcomm.qti.loadcarrier
07-26 14:29:23.070: I/ActivityManager(1444): Start proc 2693:com.qualcomm.qti.carrierconfigure/1000 for added application com.qualcomm.qti.carrierconfigure
07-26 14:29:23.103: I/ActivityManager(1444): Start proc 2708:com.quicinc.wbcserviceapp/1000 for added application com.quicinc.wbcserviceapp
07-26 14:29:23.135: I/ActivityManager(1444): Start proc 2723:com.oma.drm.server/u0a66 for added application com.oma.drm.server
07-26 14:29:23.176: I/ActivityManager(1444): Start proc 2736:com.qualcomm.qti.services.secureui:sui_service/1000 for added application com.qualcomm.qti.services.secureui:sui_service
07-26 14:29:23.212: I/ActivityManager(1444): Start proc 2751:com.journeyui.mtsservice/1000 for added application com.journeyui.mtsservice
07-26 14:29:23.242: I/ActivityManager(1444): Start proc 2768:com.journeyui.push:push/u0a36 for added application com.journeyui.push:push
07-26 14:29:23.243: I/chatty(1444): uid=1000(system) Binder:1444_8 expire 4 lines
07-26 14:29:23.247: D/ActivityManager(1444): Sending BOOT_COMPLETE user #0
07-26 14:29:23.301: I/chatty(1444): uid=1000(system) Binder:1444_C expire 2 lines
07-26 14:29:23.302: W/System(2679): ClassLoader referenced unknown path: /system/app/CarrierLoadService/lib/arm64
07-26 14:29:23.314: I/art(2606): Starting a blocking GC AddRemoveAppImageSpace
07-26 14:29:23.315: W/System(2606): ClassLoader referenced unknown path: /system/app/fpExtensionService/lib/arm64
07-26 14:29:23.323: I/art(2620): Starting a blocking GC AddRemoveAppImageSpace
07-26 14:29:23.323: W/System(2620): ClassLoader referenced unknown path: /system/app/NotificationService/lib/arm64
07-26 14:29:23.358: W/System(2693): ClassLoader referenced unknown path: /system/app/CarrierConfigure/lib/arm64
07-26 14:29:23.378: D/fpCoreExtService(2606): onCreate
07-26 14:29:23.383: E/fpCoreExtSvc.so(2606): com_fpsensor_service_jni jint initNative(JNIEnv*, jclass)
07-26 14:29:23.383: D/fpCoreExtSvc.so(2606): com_fpsensor_impl_fpsensord int init_com_fingerprints_system_FpD(JNIEnv*)
07-26 14:29:23.389: W/System(2736): ClassLoader referenced unknown path: /system/app/com.qualcomm.qti.services.secureui/lib/arm64
07-26 14:29:23.397: D/fpCoreExtImpl(2606): construct ServiceImpl
07-26 14:29:23.417: W/System(2708): ClassLoader referenced unknown path: /system/app/com.quicinc.wbcserviceapp/lib/arm64
07-26 14:29:23.426: D/fpCoreExtService(2606): add service succeed 
07-26 14:29:23.428: D/TriggerApplication(2679): register receiver to start TriggerService
07-26 14:29:23.428: D/FallbackHome(1963): User unlocked and real home found; let's go!
07-26 14:29:23.473: D/WbcSvcApp(2708): Wipower not supported
07-26 14:29:23.482: W/System(2723): ClassLoader referenced unknown path: /system/app/OmaDrmEngineServer/lib/arm64
07-26 14:29:23.495: W/System(2659): ClassLoader referenced unknown path: /system/app/RCSBootstraputil/lib/arm64
07-26 14:29:23.518: W/System(2751): ClassLoader referenced unknown path: /system/priv-app/MtsService/lib/arm64
07-26 14:29:23.519: I/Adreno-EGL(1940): <qeglDrvAPI_eglInitialize:379>: EGL 1.4 QUALCOMM build:  (Iaf618d42e3)
07-26 14:29:23.519: I/Adreno-EGL(1940): OpenGL ES Shader Compiler Version: XE031.09.00.04
07-26 14:29:23.519: I/Adreno-EGL(1940): Build Date: 03/14/17 Tue
07-26 14:29:23.519: I/Adreno-EGL(1940): Local Branch: 
07-26 14:29:23.519: I/Adreno-EGL(1940): Remote Branch: 
07-26 14:29:23.519: I/Adreno-EGL(1940): Local Patches: 
07-26 14:29:23.519: I/Adreno-EGL(1940): Reconstruct Branch: 
07-26 14:29:23.521: W/ActivityManager(1444): Slow operation: 62ms so far, now at startProcess: returned from zygote!
07-26 14:29:23.522: W/ActivityManager(1444): Slow operation: 62ms so far, now at startProcess: done updating battery stats
07-26 14:29:23.522: W/ActivityManager(1444): Slow operation: 62ms so far, now at startProcess: building log message
07-26 14:29:23.522: I/ActivityManager(1444): Start proc 2800:com.android.keychain/1000 for service com.android.keychain/.KeyChainService
07-26 14:29:23.522: W/ActivityManager(1444): Slow operation: 62ms so far, now at startProcess: starting to update pids map
07-26 14:29:23.522: W/ActivityManager(1444): Slow operation: 62ms so far, now at startProcess: done updating pids map
07-26 14:29:23.522: W/ActivityManager(1444): Slow operation: 63ms so far, now at startProcess: done starting proc!
07-26 14:29:23.528: D/TriggerApplication(2679): register TriggerActionReceiver
07-26 14:29:23.535: I/OpenGLRenderer(1940): Initialized EGL, version 1.4
07-26 14:29:23.535: D/OpenGLRenderer(1940): Swap behavior 1
07-26 14:29:23.591: V/BatteryController(1940): onReceive(intent=Intent { act=android.intent.action.BATTERY_CHANGED flg=0x60000010 (has extras) }
07-26 14:29:23.594: V/BatteryController(1940): ACTION_BATTERY_CHANGED: mLevel=84, mPluggedIn=true, mCharging=true
07-26 14:29:23.602: V/Battery(1940): onBatteryLevelChanged:mLevel=84, mCharging=true, mPluggedIn=true
07-26 14:29:23.603: V/Battery(1940): onBatteryLevelChanged:mLevel=84, mCharging=true, mPluggedIn=true
07-26 14:29:23.603: D/KeyguardUpdateMonitor(1940): received broadcast android.intent.action.SIM_STATE_CHANGED
07-26 14:29:23.603: V/KeyguardUpdateMonitor(1940): action android.intent.action.SIM_STATE_CHANGED state: NOT_READY slotId: 1 subid: 2147483644
07-26 14:29:23.604: D/WifiService(1444): New client listening to asynchronous messages
07-26 14:29:23.630: I/chatty(1444): uid=1000(system) HeapTaskDaemon expire 2 lines
07-26 14:29:23.635: W/ActivityManager(1444): Slow operation: 105ms so far, now at startProcess: returned from zygote!
07-26 14:29:23.635: W/ActivityManager(1444): Slow operation: 106ms so far, now at startProcess: done updating battery stats
07-26 14:29:23.635: W/ActivityManager(1444): Slow operation: 106ms so far, now at startProcess: building log message
07-26 14:29:23.635: I/ActivityManager(1444): Start proc 2816:com.android.printspooler/u0a74 for service com.android.printspooler/.model.PrintSpoolerService
07-26 14:29:23.635: W/ActivityManager(1444): Slow operation: 106ms so far, now at startProcess: starting to update pids map
07-26 14:29:23.635: W/ActivityManager(1444): Slow operation: 106ms so far, now at startProcess: done updating pids map
07-26 14:29:23.635: W/ActivityManager(1444): Slow operation: 107ms so far, now at startProcess: done starting proc!
07-26 14:29:23.636: I/chatty(1444): uid=1000(system) Binder:1444_B expire 2 lines
07-26 14:29:23.638: I/ActivityManager(1444): Starting userid:12 fg:false
07-26 14:29:23.639: D/CryptdConnector(1444): SND -> {7 cryptfs prepare_user_storage ! 12 12 1}
07-26 14:29:23.640: D/vold(357): e4crypt_prepare_user_storage for volume null, user 12, serial 12, flags 1
07-26 14:29:23.640: D/vold(357): Preparing: /data/system/users/12
07-26 14:29:23.640: D/vold(357): Preparing: /data/misc/profiles/cur/12
07-26 14:29:23.646: D/vold(357): Preparing: /data/misc/profiles/cur/12/foreign-dex
07-26 14:29:23.647: D/vold(357): Preparing: /data/system_de/12
07-26 14:29:23.647: D/vold(357): Preparing: /data/misc_de/12
07-26 14:29:23.648: D/vold(357): Preparing: /data/user_de/12
07-26 14:29:23.648: D/CryptdConnector(1444): RCV <- {200 7 Command succeeded}
07-26 14:29:23.651: V/PackageManager(1444): reconcileAppsData for null u12 0x1
07-26 14:29:23.806: W/System(2768): ClassLoader referenced unknown path: /system/priv-app/ZsPush/lib/arm64
07-26 14:29:24.238: W/System(2648): ClassLoader referenced unknown path: /system/app/Tencentmobilemanager/lib/arm
07-26 14:29:24.617: V/PackageManager(1444): reconcileAppsData finished 177 packages
07-26 14:29:24.617: D/ActivityManager(1444): Finishing user boot 12
07-26 14:29:24.618: D/ActivityManager(1444): User 12 (parent 0): attempting unlock because parent is unlocked
07-26 14:29:24.619: D/CryptdConnector(1444): SND -> {8 cryptfs prepare_user_storage ! 12 12 2}
07-26 14:29:24.620: D/vold(357): e4crypt_prepare_user_storage for volume null, user 12, serial 12, flags 2
07-26 14:29:24.620: D/vold(357): Preparing: /data/system_ce/12
07-26 14:29:24.620: D/vold(357): Preparing: /data/misc_ce/12
07-26 14:29:24.620: D/vold(357): Preparing: /data/media/12
07-26 14:29:24.620: D/vold(357): Preparing: /data/user/12
07-26 14:29:24.621: D/CryptdConnector(1444): RCV <- {200 8 Command succeeded}
07-26 14:29:24.622: V/PackageManager(1444): reconcileAppsData for null u12 0x2
07-26 14:29:24.686: W/XTCC-5.1.0.23-b(1042): [CS-RIL-LISTENER] timerCallback fired for ril update registering, re-register
07-26 14:29:25.556: D/QcrilMsgTunnelIfaceManager(2328): handleMessage what = 0
07-26 14:29:26.160: V/PackageManager(1444): reconcileAppsData finished 177 packages
07-26 14:29:26.163: I/chatty(1444): uid=1000(system) Binder:1444_F expire 2 lines
07-26 14:29:26.163: I/chatty(1444): uid=1000(system) Binder:1444_A expire 1 line
07-26 14:29:26.165: W/ActivityManager(1444): Activity pause timeout for ActivityRecord{9d4e4f1 u0 com.android.settings/.FallbackHome t1 f}
07-26 14:29:26.171: W/ActivityManager(1444): startActivityLocked111 freeMem =12509
07-26 14:29:26.171: I/ActivityManager(1444): START u0 {act=android.intent.action.MAIN cat=[android.intent.category.HOME] flg=0x10000100 cmp=com.journeyui.launcher/.Launcher} from uid 0 on display 0
07-26 14:29:26.184: E/ANDR-PERF-RESOURCEQS(365): Failed to apply optimization [4, 0]
07-26 14:29:26.181: I/init(2852): type=1400 audit(0.0:80): avc: denied { transition } for path="/system/bin/logcat" dev="mmcblk0p24" ino=455 scontext=u:r:init:s0 tcontext=u:r:zs_logcatd:s0 tclass=process permissive=1
07-26 14:29:26.181: I/init(2852): type=1400 audit(0.0:81): avc: denied { entrypoint } for path="/system/bin/logcat" dev="mmcblk0p24" ino=455 scontext=u:r:zs_logcatd:s0 tcontext=u:object_r:logcat_exec:s0 tclass=file permissive=1
07-26 14:29:26.181: I/logcat(2852): type=1400 audit(0.0:82): avc: denied { rlimitinh } for scontext=u:r:init:s0 tcontext=u:r:zs_logcatd:s0 tclass=process permissive=1
07-26 14:29:26.181: I/logcat(2852): type=1400 audit(0.0:83): avc: denied { siginh } for scontext=u:r:init:s0 tcontext=u:r:zs_logcatd:s0 tclass=process permissive=1
07-26 14:29:26.191: I/logcat(2852): type=1400 audit(0.0:84): avc: denied { getattr } for path="/system/bin/logcat" dev="mmcblk0p24" ino=455 scontext=u:r:zs_logcatd:s0 tcontext=u:object_r:logcat_exec:s0 tclass=file permissive=1
07-26 14:29:26.201: I/logcat(2852): type=1400 audit(0.0:85): avc: denied { read } for path="/system/bin/logcat" dev="mmcblk0p24" ino=455 scontext=u:r:zs_logcatd:s0 tcontext=u:object_r:logcat_exec:s0 tclass=file permissive=1
07-26 14:29:26.221: I/ActivityManager(1444): Start proc 2853:com.journeyui.launcher/u0a38 for activity com.journeyui.launcher/.Launcher
07-26 14:29:26.224: I/chatty(1444): uid=1000(system) Binder:1444_D expire 2 lines
07-26 14:29:26.226: I/chatty(1444): uid=1000(system) Binder:1444_9 expire 1 line
07-26 14:29:26.226: I/chatty(1444): uid=1000(system) Binder:1444_E expire 1 line
07-26 14:29:26.239: I/chatty(1444): uid=1000(system) Binder:1444_10 expire 2 lines
07-26 14:29:26.245: I/Choreographer(1963): Skipped 156 frames!  The application may be doing too much work on its main thread.
07-26 14:29:26.251: W/VoiceInteractionManagerService(1444): no available voice recognition services found for user 12
07-26 14:29:26.261: D/PhoneStatusBarPolicy(1940): mBluetooth true
07-26 14:29:26.261: D/PhoneStatusBarPolicy(1940): connected false
07-26 14:29:26.262: D/PhoneStatusBarPolicy(1940): mIntentReceiver action = android.media.RINGER_MODE_CHANGED
07-26 14:29:26.268: D/PhoneStatusBarPolicy(1940): mIntentReceiver action = android.media.INTERNAL_RINGER_MODE_CHANGED_ACTION
07-26 14:29:26.269: D/PhoneStatusBarPolicy(1940): mIntentReceiver action = android.intent.action.SIM_STATE_CHANGED
07-26 14:29:26.270: D/KeyguardUpdateMonitor(1940): handleBatteryUpdate
07-26 14:29:26.270: D/KeyguardUpdateMonitor(1940): handleBatteryUpdate
07-26 14:29:26.273: I/ConfigurationApplication(2693): register StartActivityReceiver.
07-26 14:29:26.273: I/ConfigurationApplication(2693): Start SetTargetSlotService.
07-26 14:29:26.307: D/ImageWallpaper(1940): onVisibilityChanged: mVisible, visible=false, true
07-26 14:29:26.307: D/ImageWallpaper(1940): Visibility changed to visible=true
07-26 14:29:26.308: D/ImageWallpaper(1940): Skipping loadWallpaper, already in flight 
07-26 14:29:26.308: D/ImageWallpaper(1940): Reloading, redoing updateSurfaceSize later.
07-26 14:29:26.312: W/System(2800): ClassLoader referenced unknown path: /system/app/KeyChain/lib/arm64
07-26 14:29:26.354: D/MountService(1444): onUnlockUser 12
07-26 14:29:26.355: D/VoldConnector(1444): SND -> {8 volume user_started 12}
07-26 14:29:26.356: D/vold(357): Linking /storage/emulated/12 to /mnt/user/12/primary
07-26 14:29:26.357: D/VoldConnector(1444): RCV <- {200 8 Command succeeded}
07-26 14:29:26.360: D/MountService(1444): Volume emulated broadcasting mounted to UserHandle{12}
07-26 14:29:26.407: I/ActivityManager(1444): Start proc 2874:com.tencent.qqpimsecure:fore/u0a95 for content provider com.tencent.qqpimsecure/com.tencent.server.fore.ForePiContentProvider
07-26 14:29:26.409: I/art(2853): Starting a blocking GC AddRemoveAppImageSpace
07-26 14:29:26.409: I/TriggerApplication(2679): TriggerApplication onReceive. intent.getAction()=android.intent.action.SIM_STATE_CHANGED
07-26 14:29:26.412: W/System(2853): ClassLoader referenced unknown path: /system/priv-app/ZsLauncher/lib/arm64
07-26 14:29:26.422: W/VoiceInteractionManagerService(1444): no available voice recognition services found for user 12
07-26 14:29:26.422: D/RegionalizationEnvironment(2679): load packages for Carrier!
07-26 14:29:26.428: I/ActivityManager(1444): Loaded persisted task ids for user 12
07-26 14:29:26.428: I/ActivityManager(1444): Loading recents for user 12 into memory.
07-26 14:29:26.437: D/ActivityManager(1444): Sending BOOT_COMPLETE user #12
07-26 14:29:26.440: E/RegionalizationEnvironment(2679): Load package for carrier error, caused by: Read wrong packages for Carrier!
07-26 14:29:26.440: D/RegionalizationEnvironment(2679): loadExcludedApps!
07-26 14:29:26.442: V/NotificationIconAreaController(1940): setIconTint(iconTint=0xffffffff
07-26 14:29:26.496: I/ActivityManager(1444): Start proc 2900:com.qualcomm.qti.accesscache/u0a50 for service com.qualcomm.qti.accesscache/.CarrierAccessCacheService
07-26 14:29:26.527: V/Launcher_superscript(2853): BadgeProvider.onCreate()
07-26 14:29:26.540: D/ImageWallpaper(1940): onSurfaceRedrawNeeded
07-26 14:29:26.541: D/ImageWallpaper(1940): Skipping loadWallpaper, already in flight 
07-26 14:29:26.541: D/ImageWallpaper(1940): Reloading, redoing updateSurfaceSize later.
07-26 14:29:26.583: D/LauncherProvider(2853): Launcher process started
07-26 14:29:26.616: I/ActivityManager(1444): Start proc 2923:com.android.keychain/u12s1000 for service com.android.keychain/.KeyChainService
07-26 14:29:26.647: W/System(2900): ClassLoader referenced unknown path: /system/app/CarrierCacheService/lib/arm64
07-26 14:29:26.703: W/System(2923): ClassLoader referenced unknown path: /system/app/KeyChain/lib/arm64
07-26 14:29:26.712: D/PhoneSwitcherNetworkRequstListener(2193): got request NetworkRequest [ REQUEST id=1, [ Capabilities: INTERNET&NOT_RESTRICTED&TRUSTED&NOT_VPN] ] with score 0
07-26 14:29:26.725: D/TelephonyDebugService(2193): TelephonyDebugService()
07-26 14:29:26.750: D/ImageWallpaper(1940): onOffsetsChanged: xOffset=0.0, yOffset=0.0, xOffsetStep=0.0, yOffsetStep=0.0, xPixels=0, yPixels=0
07-26 14:29:26.751: D/ImageWallpaper(1940): Offsets changed to (0.0,0.0).
07-26 14:29:26.752: D/ImageWallpaper(1940): Skipping loadWallpaper, already in flight 
07-26 14:29:26.752: D/ImageWallpaper(1940): Reloading, redoing updateSurfaceSize later.
07-26 14:29:26.753: D/KeyguardUpdateMonitor(1940): handleRingerModeChange(2)
07-26 14:29:26.760: I/ActivityManager(1444): Start proc 2940:com.amap.android.location/u0a1 for service com.amap.android.location/.GeocodeService
07-26 14:29:26.764: I/Choreographer(1940): Skipped 370 frames!  The application may be doing too much work on its main thread.
07-26 14:29:26.778: V/Battery(1940): updateChargingAnimLevel: curLevel=84, mAnimOffset=0, mCharging=true
07-26 14:29:26.840: D/Launcher(2853): launcher on create
07-26 14:29:26.840: V/Launcher(2853): LauncherAppState inited
07-26 14:29:26.847: D/DeviceProfile(2853): load workspace :0 product:gra_m0
07-26 14:29:26.849: I/SetTargetSlotService(2693): Service Connected to .CarrierAccessCacheService
07-26 14:29:26.856: D/RegionalizationEnvironment(2693): load packages for Carrier!
07-26 14:29:26.867: E/RegionalizationEnvironment(2693): Load package for carrier error, caused by: Read wrong packages for Carrier!
07-26 14:29:26.867: D/RegionalizationEnvironment(2693): loadExcludedApps!
07-26 14:29:26.879: I/SetTargetSlotService(2693): targetSubMaskString is null.
07-26 14:29:26.933: W/ActivityManager(1444): Slow operation: 56ms so far, now at startProcess: returned from zygote!
