07-26 14:52:44.325: D/CommonUtils(1911): ro.yulong.project = 
07-26 14:52:44.326: D/CommonUtils(1911): ro.yulong.project = 
07-26 14:52:44.326: D/CommonUtils(1911): ro.yulong.project = 
07-26 14:52:44.331: D/ExpandableNotificationRow(1911): updateBackground shouldHideBackground false mDimmed false
07-26 14:52:44.331: D/ExpandableNotificationRow(1911): updateBackgroundForGroupState mIsSummaryWithChildren false isNotOneChildGroup false
07-26 14:52:44.331: D/ExpandableNotificationRow(1911): updateBackgroundForGroupState mShowNoBackground false
07-26 14:52:44.331: D/ExpandableNotificationRow(1911): updateBackground shouldHideBackground false mDimmed false
07-26 14:52:44.346: D/TelephonyProvider(2167): SmsProvider->query getCallingPackage com.android.phone
07-26 14:52:44.369: D/CommonUtils(1911): ro.yulong.project = 
07-26 14:52:44.369: D/CommonUtils(1911): ro.yulong.project = 
07-26 14:52:44.373: D/Launcher.Model(2775): Intent { act=android.intent.action.MAIN cat=[android.intent.category.LAUNCHER] flg=0x10200000 cmp=com.caf.fmradio/.FMRadio } cn:ComponentInfo{com.caf.fmradio/com.caf.fmradio.FMRadio}
07-26 14:52:44.373: D/BaseStatusBar(1911): No peeking: unimportant notification: -1|android|17040412|null|1000
07-26 14:52:44.374: D/NotificationGroupManager(1911): onEntryAdded
07-26 14:52:44.374: D/NotificationGroupManager(1911): group.expanded false group.children.size() 2 added.row.areChildrenExpanded() false
07-26 14:52:44.374: D/CommonUtils(1911): ro.yulong.project = 
07-26 14:52:44.374: D/CommonUtils(1911): ro.yulong.project = 
07-26 14:52:44.374: D/CommonUtils(1911): ro.yulong.project = 
07-26 14:52:44.374: D/CommonUtils(1911): ro.yulong.project = 
07-26 14:52:44.374: V/NotificationIconAreaController(1911): setIconTint(iconTint=0xffffffff
07-26 14:52:44.374: D/CommonUtils(1911): ro.yulong.project = 
07-26 14:52:44.374: D/CommonUtils(1911): ro.yulong.project = 
07-26 14:52:44.376: D/CommonUtils(1911): ro.yulong.project = 
07-26 14:52:44.377: D/CommonUtils(1911): ro.yulong.project = 
07-26 14:52:44.377: D/CommonUtils(1911): ro.yulong.project = 
07-26 14:52:44.377: D/CommonUtils(1911): ro.yulong.project = 
07-26 14:52:44.377: V/NotificationIconAreaController(1911): setIconTint(iconTint=0xffffffff
07-26 14:52:44.377: D/CommonUtils(1911): ro.yulong.project = 
07-26 14:52:44.377: D/CommonUtils(1911): ro.yulong.project = 
07-26 14:52:44.378: D/ExpandableNotificationRow(1911): updateBackgroundForGroupState mIsSummaryWithChildren false isNotOneChildGroup false
07-26 14:52:44.378: D/ExpandableNotificationRow(1911): updateBackgroundForGroupState mShowNoBackground false
07-26 14:52:44.378: D/ExpandableNotificationRow(1911): updateBackground shouldHideBackground false mDimmed false
07-26 14:52:44.379: D/CommonUtils(1911): ro.yulong.project = 
07-26 14:52:44.379: D/CommonUtils(1911): ro.yulong.project = 
07-26 14:52:44.379: D/CommonUtils(1911): ro.yulong.project = 
07-26 14:52:44.379: D/CommonUtils(1911): ro.yulong.project = 
07-26 14:52:44.379: D/CommonUtils(1911): ro.yulong.project = 
07-26 14:52:44.379: D/CommonUtils(1911): ro.yulong.project = 
07-26 14:52:44.379: D/CommonUtils(1911): ro.yulong.project = 
07-26 14:52:44.379: D/CommonUtils(1911): ro.yulong.project = 
07-26 14:52:44.379: V/NotificationIconAreaController(1911): setIconTint(iconTint=0xffffffff
07-26 14:52:44.379: D/CommonUtils(1911): ro.yulong.project = 
07-26 14:52:44.379: D/CommonUtils(1911): ro.yulong.project = 
07-26 14:52:44.380: D/TelephonyProvider(2167): SmsProvider->purgeDeletedMessagesInRawTable: num rows older than 1532584364378 purged: 0
07-26 14:52:44.392: D/SimSelectNotification(1930):  no of slots 2 provision = true
07-26 14:52:44.395: I/ActivityManager(1453): Start proc 3105:com.android.smspush/u0a80 for service com.android.smspush/.WapPushManager
07-26 14:52:44.402: D/CarrierSvcBindHelper(2167): Received android.intent.action.USER_UNLOCKED
07-26 14:52:44.409: D/CarrierSvcBindHelper(2167): No carrier app for: 0
07-26 14:52:44.411: D/CarrierSvcBindHelper(2167): No carrier app for: 1
07-26 14:52:44.411: D/Launcher.Model(2775): Intent { act=android.intent.action.MAIN cat=[android.intent.category.LAUNCHER] flg=0x10200000 cmp=com.yulong.moblie.voc/.MainActivity } cn:ComponentInfo{com.yulong.moblie.voc/com.yulong.moblie.voc.MainActivity}
07-26 14:52:44.421: D/TelephonyIcons(1911): getDataTypeIcon sub=0
07-26 14:52:44.444: I/QImsService(2418): ImsServiceAutoboot : org.codeaurora.ims.ImsService is already running. android.intent.action.SIM_STATE_CHANGED ignored. 
07-26 14:52:44.482: W/System.err(2862): java.lang.NoSuchMethodException: lock []
07-26 14:52:44.484: W/System.err(2862): 	at java.lang.Class.getMethod(Class.java:1981)
07-26 14:52:44.484: W/System.err(2862): 	at java.lang.Class.getDeclaredMethod(Class.java:1960)
07-26 14:52:44.484: W/System.err(2862): 	at com.tencent.server.base.r.<init>(SourceFile:53)
07-26 14:52:44.484: W/System.err(2862): 	at meri.pluginsdk.PiDBProvider$2.<init>(SourceFile:273)
07-26 14:52:44.484: W/System.err(2862): 	at meri.pluginsdk.PiDBProvider.getDatabase(SourceFile:273)
07-26 14:52:44.484: W/System.err(2862): 	at meri.pluginsdk.PiDBProvider.query(SourceFile:129)
07-26 14:52:44.484: W/System.err(2862): 	at com.tencent.qqpimsecure.storage.i.b(SourceFile:72)
07-26 14:52:44.484: W/System.err(2862): 	at com.tencent.qqpimsecure.storage.q.a(SourceFile:156)
07-26 14:52:44.484: W/System.err(2862): 	at com.tencent.qqpimsecure.storage.a.iN(SourceFile:47)
07-26 14:52:44.484: W/System.err(2862): 	at com.tencent.qqpimsecure.dao.r.<init>(SourceFile:73)
07-26 14:52:44.485: W/System.err(2862): 	at com.tencent.qqpimsecure.dao.r.afP(SourceFile:83)
07-26 14:52:44.485: W/System.err(2862): 	at com.tencent.qqpimsecure.model.w.rQ(SourceFile:172)
07-26 14:52:44.485: W/System.err(2862): 	at tcs.ago.DW(SourceFile:98)
07-26 14:52:44.485: W/System.err(2862): 	at tcs.ago.<init>(SourceFile:76)
07-26 14:52:44.485: W/System.err(2862): 	at tcs.agp.<init>(SourceFile:792)
07-26 14:52:44.485: W/System.err(2862): 	at tcs.agq.zO(SourceFile:1252)
07-26 14:52:44.485: W/System.err(2862): 	at tcs.aja$1.run(SourceFile:80)
07-26 14:52:44.485: W/System.err(2862): 	at tcs.np$a.run(SourceFile:961)
07-26 14:52:44.485: W/System.err(2862): 	at java.util.concurrent.ThreadPoolExecutor.runWorker(ThreadPoolExecutor.java:1133)
07-26 14:52:44.485: W/System.err(2862): 	at java.util.concurrent.ThreadPoolExecutor$Worker.run(ThreadPoolExecutor.java:607)
07-26 14:52:44.485: W/System.err(2862): 	at java.lang.Thread.run(Thread.java:761)
07-26 14:52:44.486: E/Sensors(515): sns_debug_main.c(160):Debug Timer Callback called
07-26 14:52:44.500: D/KeyguardUpdateMonitor(1911): received broadcast android.intent.action.SERVICE_STATE
07-26 14:52:44.500: V/KeyguardUpdateMonitor(1911): action android.intent.action.SERVICE_STATE serviceState=3 1 voice home data home null null null null null null  Unknown Unknown CSS not supported -1 -1 RoamInd=-1 DefRoamInd=-1 EmergOnly=false IsDataRoamingFromRegistration=false IsUsingCarrierAggregation=false mRilImsRadioTechnology=0 subId=2147483643 phoneId=0
07-26 14:52:44.501: D/Launcher.Model(2775): Intent { act=android.intent.action.MAIN cat=[android.intent.category.LAUNCHER] flg=0x10200000 cmp=com.tencent.mm/.ui.LauncherUI bnds=[360,674][536,868] (has extras) } cn:ComponentInfo{com.tencent.mm/com.tencent.mm.ui.LauncherUI}
07-26 14:52:44.510: D/KeyguardUpdateMonitor(1911): StrongAuthTracker-->isFingerprintAllowedForUser(0)=false
07-26 14:52:44.511: V/KeyguardStatusView_lockscreen(1911): shadowRadius:1.3,shadowDx:0.0,shadowDy:0.3,shadowColor:1073741824
07-26 14:52:44.511: D/KeyguardUpdateMonitor(1911): handleKeyguardReset
07-26 14:52:44.512: I/KeyguardUpdateMonitor(1911): shouldListenForFingerprint  mDreamShowing:falsemDozingfalse
07-26 14:52:44.517: V/KeyguardUpdateMonitor(1911): isFingerPrintEnabled: current user = 0, hasEnrolledFingerprints=false, isFingerPrintSwitchEnabled=true
07-26 14:52:44.517: V/KeyguardUpdateMonitor(1911): updateFingerprintListeningState() , shouldListenForFingerprint=true, mFingerprintRunningState=0
07-26 14:52:44.529: D/KeyguardUpdateMonitor(1911): handleKeyguardBouncerChanged(0)
07-26 14:52:44.536: D/ImageWallpaper(1911): onOffsetsChanged: xOffset=0.0, yOffset=0.0, xOffsetStep=0.0, yOffsetStep=0.0, xPixels=0, yPixels=0
07-26 14:52:44.543: D/ImageWallpaper(1911): Suppressed drawFrame since redraw is not needed and offsets have not changed.
07-26 14:52:44.561: D/ImageWallpaper(1911): onVisibilityChanged: mVisible, visible=true, false
07-26 14:52:44.561: D/ImageWallpaper(1911): Visibility changed to visible=false
07-26 14:52:44.561: D/Launcher.Model(2775): Intent { act=android.intent.action.MAIN cat=[android.intent.category.LAUNCHER] flg=0x10200000 cmp=com.journeyui.freezeroom/.MainActivity } cn:ComponentInfo{com.journeyui.freezeroom/com.journeyui.freezeroom.MainActivity}
07-26 14:52:44.561: D/ImageWallpaper(1911): onVisibilityChanged: mVisible, visible=false, true
07-26 14:52:44.562: D/ImageWallpaper(1911): Visibility changed to visible=true
07-26 14:52:44.563: D/ImageWallpaper(1911): Suppressed drawFrame since redraw is not needed and offsets have not changed.
07-26 14:52:44.566: V/NotificationIconAreaController(1911): setIconTint(iconTint=0xffffffff
07-26 14:52:44.571: D/ImageWallpaper(1911): onOffsetsChanged: xOffset=0.0, yOffset=0.0, xOffsetStep=0.0, yOffsetStep=0.0, xPixels=0, yPixels=0
07-26 14:52:44.575: D/ImageWallpaper(1911): Suppressed drawFrame since redraw is not needed and offsets have not changed.
07-26 14:52:44.575: D/KeyguardUpdateMonitor(1911): StrongAuthTracker-->isFingerprintAllowedForUser(0)=false
07-26 14:52:44.575: V/KeyguardStatusView_lockscreen(1911): shadowRadius:1.3,shadowDx:0.0,shadowDy:0.3,shadowColor:1073741824
07-26 14:52:44.581: D/KeyguardUpdateMonitor(1911): handleKeyguardReset
07-26 14:52:44.581: I/KeyguardUpdateMonitor(1911): shouldListenForFingerprint  mDreamShowing:falsemDozingfalse
07-26 14:52:44.582: V/KeyguardUpdateMonitor(1911): isFingerPrintEnabled: current user = 0, hasEnrolledFingerprints=false, isFingerPrintSwitchEnabled=true
07-26 14:52:44.582: V/KeyguardUpdateMonitor(1911): updateFingerprintListeningState() , shouldListenForFingerprint=true, mFingerprintRunningState=0
07-26 14:52:44.584: D/KeyguardUpdateMonitor(1911): StrongAuthTracker-->isFingerprintAllowedForUser(0)=false
07-26 14:52:44.584: V/KeyguardStatusView_lockscreen(1911): shadowRadius:1.3,shadowDx:0.0,shadowDy:0.3,shadowColor:1073741824
07-26 14:52:44.584: V/PhoneStatusBarView(1911): DEBUG_SLIDEUP,mHideExpandedRunnable,mPanelFraction=0.0
07-26 14:52:44.584: D/PhoneStatusBar(1911): DEBUG_SLIDEUP,makeExpandedInvisible: mExpandedVisible=true mStatusBarWindow=com.android.systemui.statusbar.phone.StatusBarWindowView{97eccac V.ED..... ......I. 0,0-720,1280},camera launched:false
07-26 14:52:44.584: I/art(3105): Starting a blocking GC AddRemoveAppImageSpace
07-26 14:52:44.585: V/PanelView(1911): onHeightUpdated,expandedHeight:0.0
07-26 14:52:44.585: V/StatusBarWindowManager(1911): mbShowWallpaper:false
07-26 14:52:44.585: V/StatusBarWindowManager(1911): applyKeyguardFlags add FLAG_SHOW_WALLPAPER flag
07-26 14:52:44.585: W/System(3105): ClassLoader referenced unknown path: /system/app/WAPPushManager/lib/arm64
07-26 14:52:44.587: I/ActivityManager(1453): Setting hasTopUi=false for pid=1911
07-26 14:52:44.589: V/StatusBarWindowManager(1911): mbShowWallpaper:false
07-26 14:52:44.589: V/StatusBarWindowManager(1911): applyKeyguardFlags add FLAG_SHOW_WALLPAPER flag
07-26 14:52:44.589: V/BarTransitions(1911): applyModeBackground(=oldMode4, newMode=4, animate=true
07-26 14:52:44.590: I/Choreographer(1911): Skipped 45 frames!  The application may be doing too much work on its main thread.
07-26 14:52:44.608: D/Launcher.Model(2775): Intent { act=android.intent.action.MAIN cat=[android.intent.category.LAUNCHER] flg=0x10200000 cmp=com.android.dialer/com.journeyui.contacts.ui.main.ContactMainActivity (has extras) } cn:ComponentInfo{com.android.dialer/com.journeyui.contacts.ui.main.ContactMainActivity}
07-26 14:52:44.651: D/QC_RIL_OEM_HOOK(2167): Received Broadcast Intent ACTION_UNSOL_RESPONSE_OEM_HOOK_RAW
07-26 14:52:44.651: D/QC_RIL_OEM_HOOK(2167): Oem ID in QCRILHOOK UNSOL RESP is QOEMHOOK
07-26 14:52:44.652: D/Launcher.Model(2775): Intent { act=android.intent.action.MAIN cat=[android.intent.category.LAUNCHER] flg=0x10200000 cmp=com.journeyui.email/.activity.Welcome (has extras) } cn:ComponentInfo{com.journeyui.email/com.journeyui.email.activity.Welcome}
07-26 14:52:44.709: E/QtiRilInterface(2167): instance = com.qualcomm.qti.internal.telephony.QtiRilInterface@a9b4565
07-26 14:52:44.711: D/Launcher.Model(2775): Intent { act=android.intent.action.MAIN cat=[android.intent.category.LAUNCHER] flg=0x10200000 cmp=com.quicinc.cne.settings/.CneSettings (has extras) } cn:ComponentInfo{com.quicinc.cne.settings/com.quicinc.cne.settings.CneSettings}
07-26 14:52:44.715: D/QC_RIL_OEM_HOOK(2167): dds phoneId: 0
07-26 14:52:44.715: V/QC_RIL_OEM_HOOK(2167): sendRilOemHookMsg: Outgoing Data is 514f454d484f4f4b270008000400000000000000
07-26 14:52:44.716: D/QcrilMsgTunnelIfaceManager(2304): handleMessage what = 1
07-26 14:52:44.719: D/QcrilMsgTunnelIfaceManager(2304): handleMessage what = 2
07-26 14:52:44.723: D/QC_RIL_OEM_HOOK(2167): sendOemRilRequestRaw returns value = 0
07-26 14:52:44.723: D/QC_RIL_OEM_HOOK(2167): dds phoneId: 0
07-26 14:52:44.723: V/QC_RIL_OEM_HOOK(2167): sendRilOemHookMsg: Outgoing Data is 514f454d484f4f4b270008000400000000000000
07-26 14:52:44.723: D/QcrilMsgTunnelIfaceManager(2304): handleMessage what = 0
07-26 14:52:44.726: D/QcrilMsgTunnelIfaceManager(2304): handleMessage what = 1
07-26 14:52:44.730: D/QcrilMsgTunnelIfaceManager(2304): handleMessage what = 2
07-26 14:52:44.731: D/Launcher.Model(2775): Intent { act=android.intent.action.MAIN cat=[android.intent.category.LAUNCHER] flg=0x10200000 cmp=com.baidu.netdisk/.ui.Navigate bnds=[360,674][536,868] (has extras) } cn:ComponentInfo{com.baidu.netdisk/com.baidu.netdisk.ui.Navigate}
07-26 14:52:44.735: D/JunkLog(1911): event = 1290012,msg = {"quicksettings_viewpage_number":"0"}, encrypt = false,tag = com.android.systemui
07-26 14:52:44.738: D/QC_RIL_OEM_HOOK(2167): sendOemRilRequestRaw returns value = 0
07-26 14:52:44.742: D/QcrilMsgTunnelIfaceManager(2304): handleMessage what = 0
07-26 14:52:44.755: D/CommonUtils(1911): ro.yulong.project = 
07-26 14:52:44.756: D/CommonUtils(1911): ro.yulong.project = 
07-26 14:52:44.756: D/ExpandableNotificationRow(1911): updateBackgroundForGroupState mIsSummaryWithChildren false isNotOneChildGroup false
07-26 14:52:44.756: D/ExpandableNotificationRow(1911): updateBackgroundForGroupState mShowNoBackground false
07-26 14:52:44.756: D/ExpandableNotificationRow(1911): updateBackground shouldHideBackground false mDimmed false
07-26 14:52:44.756: D/ExpandableNotificationRow(1911): updateBackgroundForGroupState mIsSummaryWithChildren false isNotOneChildGroup false
07-26 14:52:44.756: D/ExpandableNotificationRow(1911): updateBackgroundForGroupState mShowNoBackground false
07-26 14:52:44.756: D/ExpandableNotificationRow(1911): updateBackground shouldHideBackground false mDimmed false
07-26 14:52:44.760: D/WifiService(1453): resetting networks because SIM was removed
07-26 14:52:44.760: D/WifiService(1453): resetting country code because SIM is removed
07-26 14:52:44.761: D/WifiStateMachine(1453): resetting EAP-SIM/AKA/AKA' networks since SIM was changed
07-26 14:52:44.764: V/Battery(1911): updateChargingAnimLevel: curLevel=84, mAnimOffset=0, mCharging=true
07-26 14:52:44.765: D/Launcher.Model(2775): Intent { act=android.intent.action.MAIN cat=[android.intent.category.LAUNCHER] flg=0x10200000 cmp=com.example.user.mediaplayer/.MainActivity bnds=[184,286][360,480] (has extras) } cn:ComponentInfo{com.example.user.mediaplayer/com.example.user.mediaplayer.MainActivity}
07-26 14:52:44.767: D/JunkService(2803): SNDSTRING
07-26 14:52:44.786: D/WifiService(1453): resetting networks because SIM was removed
07-26 14:52:44.786: D/WifiService(1453): resetting country code because SIM is removed
07-26 14:52:44.787: D/WifiStateMachine(1453): resetting EAP-SIM/AKA/AKA' networks since SIM was changed
07-26 14:52:44.808: D/Launcher.Model(2775): Intent { act=android.intent.action.MAIN cat=[android.intent.category.LAUNCHER] flg=0x10200000 cmp=com.wuwang.mplayer/.PlayerActivity bnds=[184,868][360,1062] (has extras) } cn:ComponentInfo{com.wuwang.mplayer/com.wuwang.mplayer.PlayerActivity}
07-26 14:52:44.826: E/PhoneInterfaceManager(2167): [PhoneIntfMgr] getIccId: ICC ID is null or empty.
07-26 14:52:44.832: D/Launcher.Model(2775): Intent { act=android.intent.action.MAIN cat=[android.intent.category.LAUNCHER] flg=0x10200000 cmp=com.whatsapp/.Main (has extras) } cn:ComponentInfo{com.whatsapp/com.whatsapp.Main}
07-26 14:52:44.851: V/Telecom(1453): Logging: START_SESSION: TSI.rPA@AAs
07-26 14:52:44.852: D/Telecom(1453): PhoneAccountRegistrar: addOrReplacePhoneAccount(ComponentInfo{com.android.phone/com.android.services.telephony.TelephonyConnectionService}, [e0184adedf913b076626646d3f52c3b49c39ad6d], UserHandle{0} -> [[ ] PhoneAccount: ComponentInfo{com.android.phone/com.android.services.telephony.TelephonyConnectionService}, [e0184adedf913b076626646d3f52c3b49c39ad6d], UserHandle{0} Capabilities: CallProvider MultiUser PlaceEmerg SimSub  Schemes: tel voicemail  Extras: null GroupId: [da39a3ee5e6b4b0d3255bfef95601890afd80709]]): TSI.rPA@AAs
07-26 14:52:44.853: I/Telecom(1453): PhoneAccountRegistrar: [ComponentInfo{com.android.phone/com.android.services.telephony.TelephonyConnectionService}, [e0184adedf913b076626646d3f52c3b49c39ad6d], UserHandle{0}(icon: Icon(typ=BITMAP size=38x48) -> Icon(typ=BITMAP size=38x48))]: TSI.rPA@AAs
07-26 14:52:44.853: V/Telecom(1453): PhoneAccountRegistrar: maybeReplaceOldAccount: Not replacing PhoneAccount, no group Id or default.: TSI.rPA@AAs
07-26 14:52:44.856: I/Telecom(1453): : Sending phone-account registered intent as user: TSI.rPA@AAs
07-26 14:52:44.857: V/Telecom(1453): Logging: END_SUBSESSION (dur: 6 mS): TSI.rPA@AAs
07-26 14:52:44.857: V/Telecom(1453): Logging: END_SESSION (dur: 6 ms): TSI.rPA@AAs
07-26 14:52:44.869: I/Telephony(2167): AccountEntry: Registered phoneAccount: [[ ] PhoneAccount: ComponentInfo{com.android.phone/com.android.services.telephony.TelephonyConnectionService}, [e0184adedf913b076626646d3f52c3b49c39ad6d], UserHandle{0} Capabilities: CallProvider MultiUser PlaceEmerg SimSub  Schemes: tel voicemail  Extras: null GroupId: [da39a3ee5e6b4b0d3255bfef95601890afd80709]] with handle: ComponentInfo{com.android.phone/com.android.services.telephony.TelephonyConnectionService}, [e0184adedf913b076626646d3f52c3b49c39ad6d], UserHandle{0}
07-26 14:52:44.870: I/Telephony(2167): PstnIncomingCallNotifier: Registering: Handler (com.qualcomm.qti.internal.telephony.QtiGsmCdmaPhone) {9bcedea}
07-26 14:52:44.875: V/Telecom(1453): Logging: START_SESSION: TSI.gCCPA@AAw
07-26 14:52:44.880: V/Telecom(1453): Logging: CREATE_SUBSESSION (Invisible subsession): TSI.gCCPA@AAw
07-26 14:52:44.880: V/Telecom(1453): Logging: CONTINUE_SUBSESSION (Invisible Subsession) with Method TSI.gDDP: TSI.gCCPA@AAw
07-26 14:52:44.887: V/Telecom(1453): Logging: CREATE_SUBSESSION (Invisible subsession): TSI.gCCPA@AAw
07-26 14:52:44.888: D/Launcher.Model(2775): Intent { act=android.intent.action.MAIN cat=[android.intent.category.LAUNCHER] flg=0x10200000 cmp=org.getlantern.lantern/org.lantern.app.activity.LanternMainActivity_ (has extras) } cn:ComponentInfo{org.getlantern.lantern/org.lantern.app.activity.LanternMainActivity_}
07-26 14:52:44.888: V/Telecom(1453): Logging: CONTINUE_SUBSESSION (Invisible Subsession) with Method TSI.gSDP: TSI.gCCPA@AAw
07-26 14:52:44.888: V/Telecom(1453): Logging: END_SUBSESSION (Invisible Subsession) (dur: 0 mS): TSI.gCCPA@AAw
07-26 14:52:44.888: V/Telecom(1453): Logging: END_SUBSESSION (Invisible Subsession) (dur: 8 mS): TSI.gCCPA@AAw
07-26 14:52:44.894: V/Telecom(1453): Logging: CREATE_SUBSESSION (Invisible subsession): TSI.gCCPA@AAw
07-26 14:52:44.894: V/Telecom(1453): Logging: CONTINUE_SUBSESSION (Invisible Subsession) with Method TSI.gSDP: TSI.gCCPA@AAw
07-26 14:52:44.894: V/Telecom(1453): Logging: END_SUBSESSION (Invisible Subsession) (dur: 0 mS): TSI.gCCPA@AAw
07-26 14:52:44.895: V/Telecom(1453): Logging: END_SUBSESSION (dur: 20 mS): TSI.gCCPA@AAw
07-26 14:52:44.895: V/Telecom(1453): Logging: END_SESSION (dur: 20 ms): TSI.gCCPA@AAw
07-26 14:52:44.897: V/Telecom(1453): Logging: START_SESSION: TSI.gUSOPA@AA0
07-26 14:52:44.898: V/Telecom(1453): Logging: END_SUBSESSION (dur: 0 mS): TSI.gUSOPA@AA0
07-26 14:52:44.898: V/Telecom(1453): Logging: END_SESSION (dur: 1 ms): TSI.gUSOPA@AA0
07-26 14:52:44.905: I/Telephony(2167): PstnIncomingCallNotifier: Unregistering: Handler (com.qualcomm.qti.internal.telephony.QtiGsmCdmaPhone) {9bcedea}
07-26 14:52:44.915: E/PhoneInterfaceManager(2167): [PhoneIntfMgr] getIccId: ICC ID is null or empty.
07-26 14:52:44.919: D/Launcher.Model(2775): Intent { act=android.intent.action.MAIN cat=[android.intent.category.LAUNCHER] flg=0x10200000 cmp=org.anyrtc.Teameeting/.view.activity.SplashActivity bnds=[8,92][184,286] (has extras) } cn:ComponentInfo{org.anyrtc.Teameeting/org.anyrtc.Teameeting.view.activity.SplashActivity}
07-26 14:52:44.937: D/Launcher.Model(2775): Intent { act=android.intent.action.MAIN cat=[android.intent.category.LAUNCHER] flg=0x10200000 cmp=com.myrecorder.voicerecorderpro.pro/com.myrecorder.voicerecorderpro.ui.activity.voicerecorderproActivity (has extras) } cn:ComponentInfo{com.myrecorder.voicerecorderpro.pro/com.myrecorder.voicerecorderpro.ui.activity.voicerecorderproActivity}
07-26 14:52:44.943: V/Telecom(1453): Logging: START_SESSION: TSI.rPA@AA4
07-26 14:52:44.943: D/Telecom(1453): PhoneAccountRegistrar: addOrReplacePhoneAccount(ComponentInfo{com.android.phone/com.android.services.telephony.TelephonyConnectionService}, [e0184adedf913b076626646d3f52c3b49c39ad6d], UserHandle{0} -> [[ ] PhoneAccount: ComponentInfo{com.android.phone/com.android.services.telephony.TelephonyConnectionService}, [e0184adedf913b076626646d3f52c3b49c39ad6d], UserHandle{0} Capabilities: CallProvider MultiUser PlaceEmerg SimSub  Schemes: tel voicemail  Extras: null GroupId: [da39a3ee5e6b4b0d3255bfef95601890afd80709]]): TSI.rPA@AA4
07-26 14:52:44.943: I/Telecom(1453): PhoneAccountRegistrar: [ComponentInfo{com.android.phone/com.android.services.telephony.TelephonyConnectionService}, [e0184adedf913b076626646d3f52c3b49c39ad6d], UserHandle{0}(icon: Icon(typ=BITMAP size=38x48) -> Icon(typ=BITMAP size=38x48))]: TSI.rPA@AA4
07-26 14:52:44.944: V/Telecom(1453): PhoneAccountRegistrar: maybeReplaceOldAccount: Not replacing PhoneAccount, no group Id or default.: TSI.rPA@AA4
07-26 14:52:44.946: I/Telecom(1453): : Sending phone-account registered intent as user: TSI.rPA@AA4
07-26 14:52:44.952: V/Telecom(1453): Logging: END_SUBSESSION (dur: 10 mS): TSI.rPA@AA4
07-26 14:52:44.953: V/Telecom(1453): Logging: END_SESSION (dur: 11 ms): TSI.rPA@AA4
07-26 14:52:44.953: I/Telephony(2167): AccountEntry: Registered phoneAccount: [[ ] PhoneAccount: ComponentInfo{com.android.phone/com.android.services.telephony.TelephonyConnectionService}, [e0184adedf913b076626646d3f52c3b49c39ad6d], UserHandle{0} Capabilities: CallProvider MultiUser PlaceEmerg SimSub  Schemes: tel voicemail  Extras: null GroupId: [da39a3ee5e6b4b0d3255bfef95601890afd80709]] with handle: ComponentInfo{com.android.phone/com.android.services.telephony.TelephonyConnectionService}, [e0184adedf913b076626646d3f52c3b49c39ad6d], UserHandle{0}
07-26 14:52:44.953: I/Telephony(2167): PstnIncomingCallNotifier: Registering: Handler (com.qualcomm.qti.internal.telephony.QtiGsmCdmaPhone) {9bcedea}
07-26 14:52:44.955: V/Telecom(1453): Logging: START_SESSION: TSI.gCCPA@AA8
07-26 14:52:44.956: V/Telecom(1453): Logging: CREATE_SUBSESSION (Invisible subsession): TSI.gCCPA@AA8
07-26 14:52:44.957: V/Telecom(1453): Logging: CONTINUE_SUBSESSION (Invisible Subsession) with Method TSI.gDDP: TSI.gCCPA@AA8
07-26 14:52:44.958: V/Telecom(1453): Logging: CREATE_SUBSESSION (Invisible subsession): TSI.gCCPA@AA8
07-26 14:52:44.958: V/Telecom(1453): Logging: CONTINUE_SUBSESSION (Invisible Subsession) with Method TSI.gSDP: TSI.gCCPA@AA8
07-26 14:52:44.959: V/Telecom(1453): Logging: END_SUBSESSION (Invisible Subsession) (dur: 1 mS): TSI.gCCPA@AA8
07-26 14:52:44.959: V/Telecom(1453): Logging: END_SUBSESSION (Invisible Subsession) (dur: 2 mS): TSI.gCCPA@AA8
07-26 14:52:44.960: V/Telecom(1453): Logging: CREATE_SUBSESSION (Invisible subsession): TSI.gCCPA@AA8
07-26 14:52:44.960: V/Telecom(1453): Logging: CONTINUE_SUBSESSION (Invisible Subsession) with Method TSI.gSDP: TSI.gCCPA@AA8
07-26 14:52:44.961: V/Telecom(1453): Logging: END_SUBSESSION (Invisible Subsession) (dur: 0 mS): TSI.gCCPA@AA8
07-26 14:52:44.961: V/Telecom(1453): Logging: END_SUBSESSION (dur: 6 mS): TSI.gCCPA@AA8
07-26 14:52:44.961: V/Telecom(1453): Logging: END_SESSION (dur: 6 ms): TSI.gCCPA@AA8
07-26 14:52:44.963: V/Telecom(1453): Logging: START_SESSION: TSI.gUSOPA@ABA
07-26 14:52:44.963: V/Telecom(1453): Logging: END_SUBSESSION (dur: 1 mS): TSI.gUSOPA@ABA
07-26 14:52:44.963: V/Telecom(1453): Logging: END_SESSION (dur: 1 ms): TSI.gUSOPA@ABA
07-26 14:52:44.967: D/Launcher.Model(2775): Intent { act=android.intent.action.MAIN cat=[android.intent.category.LAUNCHER] flg=0x10200000 cmp=com.journeyui.note/.view.NoteListActivity (has extras) } cn:ComponentInfo{com.journeyui.note/com.journeyui.note.view.NoteListActivity}
07-26 14:52:44.976: E/ActivityManager(1453): Sending non-protected broadcast org.codeaurora.intent.action.ACTION_RADIO_CAPABILITY_UPDATED from system 2167:com.android.phone/1001 pkg com.android.phone
07-26 14:52:44.976: E/ActivityManager(1453): java.lang.Throwable
07-26 14:52:44.976: E/ActivityManager(1453): 	at com.android.server.am.ActivityManagerService.checkBroadcastFromSystem(ActivityManagerService.java:18346)
07-26 14:52:44.976: E/ActivityManager(1453): 	at com.android.server.am.ActivityManagerService.broadcastIntentLocked(ActivityManagerService.java:18925)
07-26 14:52:44.976: E/ActivityManager(1453): 	at com.android.server.am.ActivityManagerService.broadcastIntent(ActivityManagerService.java:19016)
07-26 14:52:44.976: E/ActivityManager(1453): 	at android.app.ActivityManagerNative.onTransact(ActivityManagerNative.java:502)
07-26 14:52:44.976: E/ActivityManager(1453): 	at com.android.server.am.ActivityManagerService.onTransact(ActivityManagerService.java:2867)
07-26 14:52:44.976: E/ActivityManager(1453): 	at android.os.Binder.execTransact(Binder.java:565)
07-26 14:52:44.978: V/StatusBarKeyguardViewManager(1911): setOccluded(occluded=false, animate=true
07-26 14:52:44.978: V/LockscreenWallpaper(1911): mCached:true, mCache:android.graphics.Bitmap@2db40a0
07-26 14:52:44.978: V/PhoneStatusBar(1911): updateMediaMetaData,lockWallpaper:android.graphics.Bitmap@2db40a0
07-26 14:52:44.979: V/StatusBarWindowManager(1911): mbShowWallpaper:false
07-26 14:52:44.979: V/StatusBarWindowManager(1911): applyKeyguardFlags remove FLAG_SHOW_WALLPAPER flag
07-26 14:52:44.982: V/StatusBarWindowManager(1911): isLauncherTop,packageName:com.journeyui.launcher,tasks size:1
07-26 14:52:44.982: V/StatusBarWindowManager(1911): sendLauncherTopStatus,islauncherTop:true,backdropShowing:true
07-26 14:52:44.984: V/KeyguardWallpaperView(1911): KeyguardWallpaper,keyguardStatusChanged,mIsKeyguardOn:true,mDeskWallpaper:android.graphics.Bitmap@9e9d81e,mIsSecurity:false,mIsLauncherTop:true
07-26 14:52:44.987: V/KeyguardWallpaperView(1911): updateWallPaper,mDeskWallpaper:android.graphics.Bitmap@2db40a0
07-26 14:52:44.984: V/LockscreenWallpaper(1911): mCached:true, mCache:android.graphics.Bitmap@2db40a0
07-26 14:52:44.990: D/Launcher.Model(2775): Intent { act=android.intent.action.MAIN cat=[android.intent.category.LAUNCHER] flg=0x10200000 cmp=com.tencent.qqpimsecure/com.tencent.server.fore.QuickLoadActivity (has extras) } cn:ComponentInfo{com.tencent.qqpimsecure/com.tencent.server.fore.QuickLoadActivity}
07-26 14:52:45.006: D/Launcher.Model(2775): Intent { act=android.intent.action.MAIN cat=[android.intent.category.LAUNCHER] flg=0x10200000 cmp=com.yulong.android.coolyou/.LoadingActivity (has extras) } cn:ComponentInfo{com.yulong.android.coolyou/com.yulong.android.coolyou.LoadingActivity}
07-26 14:52:45.009: I/GnssLocationProvider(1453): WakeLock acquired by sendMessage(12, 0, null)
07-26 14:52:45.011: V/PhoneStatusBar(1911): updateMediaMetaData: isWallpaperBright=false
07-26 14:52:45.013: V/KeyguardWallpaperView(1911): updateWallPaper,mDeskWallpaper:android.graphics.Bitmap@72f450e
07-26 14:52:45.014: V/StatusBarWindowManager(1911): setKeyguardOccluded,mCurrentState.keyguardOccluded:true,occluded:false,notDrawWallpaper:true
07-26 14:52:45.014: V/StatusBarWindowManager(1911): mbShowWallpaper:true
07-26 14:52:45.014: V/StatusBarWindowManager(1911): applyKeyguardFlags add FLAG_SHOW_WALLPAPER flag
07-26 14:52:45.020: I/ActivityManager(1453): Setting hasTopUi=true for pid=1911
07-26 14:52:45.023: I/seThreadHandler(3088): type=1400 audit(0.0:88): avc: denied { read } for name="anr" dev="dm-0" ino=1046529 scontext=u:r:untrusted_app:s0:c512,c768 tcontext=u:object_r:anr_data_file:s0 tclass=dir permissive=1
07-26 14:52:45.025: E/IzatSvc_OSObserver(1453): I/LocTech-Label :: OSOBSERVER :: Data Items In
07-26 14:52:45.025: E/IzatSvc_OSObserver(1453): I/LocTech-Value :: Data Item Value: MCCMNC: -
07-26 14:52:45.032: V/StatusBarWindowManager(1911): mbShowWallpaper:true
07-26 14:52:45.032: V/StatusBarWindowManager(1911): applyKeyguardFlags add FLAG_SHOW_WALLPAPER flag
07-26 14:52:45.038: I/GnssLocationProvider(1453): WakeLock acquired by sendMessage(12, 0, null)
07-26 14:52:45.041: V/KeyguardIndication(1911): DEBUG1,textDisplayed:ÕýÔÚ³äµç,isChangeAnimationPlay:false,mTransientIndication:null,mPowerPluggedIn:true
07-26 14:52:45.042: V/PanelView(1911): setKeyguardStatusViewVisibility,isWidgetShow:false
07-26 14:52:45.042: D/KeyguardUpdateMonitor(1911): StrongAuthTracker-->isFingerprintAllowedForUser(0)=false
07-26 14:52:45.043: D/JunkService(2803): SNDSTRING
07-26 14:52:45.045: D/Launcher.Model(2775): loaded workspace in 2239ms
07-26 14:52:45.045: D/Launcher.Model(2775): workspace layout: 
07-26 14:52:45.045: D/Launcher.Model(2775): [  |  |  ]
07-26 14:52:45.045: D/Launcher.Model(2775): [  |  |  ]
07-26 14:52:45.045: D/Launcher.Model(2775): [  |  |  ]
07-26 14:52:45.045: D/Launcher.Model(2775): [  |  |  ]
07-26 14:52:45.045: D/Launcher.Model(2775): [  |  |  ]
07-26 14:52:45.055: I/art(2775): Do partial code cache collection, code=1792B, data=9KB
07-26 14:52:45.055: I/art(2775): After code cache collection, code=1256B, data=9KB
07-26 14:52:45.055: I/art(2775): Increasing code cache capacity to 128KB
07-26 14:52:45.055: I/art(2775): JIT allocated 62KB for stack maps of void com.journeyui.launcher.LauncherModel$LoaderTask.loadWorkspace()
07-26 14:52:45.059: I/InputDispatcher(1453): Dropping event because there is no touchable window at (429, 1232).
07-26 14:52:45.061: D/KeyguardUpdateMonitor(1911): StrongAuthTracker-->isFingerprintAllowedForUser(0)=false
07-26 14:52:45.061: V/KeyguardBottomAreaView(1911): showWidgetOnBottom,show:false,mCameraEnabled:true
07-26 14:52:45.061: V/KeyguardBottomAreaView(1911): onVisibilityChanged:visibility:0
07-26 14:52:45.072: I/GnssLocationProvider(1453): WakeLock released by handleMessage(12, 0, null)
07-26 14:52:45.085: E/IzatSvc_OSObserver(1453): I/LocTech-Label :: OSOBSERVER :: Data Items In
07-26 14:52:45.085: E/IzatSvc_OSObserver(1453): I/LocTech-Value :: Data Item Value: MCCMNC: -
07-26 14:52:45.100: D/feature(2775): error : com.zeusis.android.feature.ZSFeature
07-26 14:52:45.100: D/AppUtil(2775): COOLPAD_FEATURE_PRESCREEN : false
07-26 14:52:45.103: D/Launcher(2775): onPageSwitch0
07-26 14:52:45.107: I/QImsService(2167): ImsServiceSubHandler : Message received: what = 5
07-26 14:52:45.107: I/QImsService(2167): ImsServiceSubHandler : Received event: EVENT_GET_STATUS_UPDATE
07-26 14:52:45.107: I/QImsService(2167): ImsServiceSub : type = 10 status = 0 isValid = true
07-26 14:52:45.107: I/QImsService(2167): ImsServiceSub : type = 0 status = 0 isValid = true
07-26 14:52:45.107: I/QImsService(2167): ImsServiceSub : Call Type 0has num updates = 1
07-26 14:52:45.107: I/QImsService(2167): ImsServiceSub : StatusForAccessTech networkMode = -1 registered = 2 status = 0 restrictCause = 0
07-26 14:52:45.107: I/QImsService(2167): ImsServiceSub : disabledFeature = 0
07-26 14:52:45.107: I/QImsService(2167): ImsServiceSub : type = 3 status = 0 isValid = true
07-26 14:52:45.107: I/QImsService(2167): ImsServiceSub : Call Type 3has num updates = 1
07-26 14:52:45.107: I/QImsService(2167): ImsServiceSub : StatusForAccessTech networkMode = -1 registered = 2 status = 0 restrictCause = 0
07-26 14:52:45.108: I/QImsService(2167): ImsServiceSub : disabledFeature = 1
07-26 14:52:45.108: I/QImsService(2167): ImsServiceSub : type = 1 status = 0 isValid = true
07-26 14:52:45.108: I/QImsService(2167): ImsServiceSub : Call Type 1has num updates = 1
07-26 14:52:45.108: I/QImsService(2167): ImsServiceSub : StatusForAccessTech networkMode = -1 registered = 2 status = 0 restrictCause = 0
07-26 14:52:45.108: I/QImsService(2167): ImsServiceSub : disabledFeature = 1
07-26 14:52:45.108: I/QImsService(2167): ImsServiceSub : type = 2 status = 0 isValid = true
07-26 14:52:45.108: I/QImsService(2167): ImsServiceSub : Call Type 2has num updates = 1
07-26 14:52:45.108: I/QImsService(2167): ImsServiceSub : StatusForAccessTech networkMode = -1 registered = 2 status = 0 restrictCause = 0
07-26 14:52:45.108: I/QImsService(2167): ImsServiceSub : disabledFeature = 1
07-26 14:52:45.108: I/QImsService(2167): ImsServiceSub : type = 11 status = 0 isValid = true
07-26 14:52:45.108: I/QImsService(2167): ImsServiceSub : Call Type 11has num updates = 1
07-26 14:52:45.108: I/QImsService(2167): ImsServiceSub : StatusForAccessTech networkMode = -1 registered = 2 status = 0 restrictCause = 0
07-26 14:52:45.108: I/QImsService(2167): ImsServiceSub : disabledFeature = 4
07-26 14:52:45.109: E/QImsService(2167): ImsServiceSub : handleSrvStatusUpdate tracker is null so not updating global VT capability
07-26 14:52:45.109: I/QImsService(2167): ImsServiceStateReceiver : updateHDIcon isVideo : false isVoice : false phoneId: -1 show HD Icon: false
07-26 14:52:45.110: I/QImsService(2167): ImsServiceStateReceiver : isShowHDIconSupported config showHDIcon : false
07-26 14:52:45.110: I/QImsService(2167): ImsServiceStateReceiver : sendWifiIconIntent with showWifiIcon : false
07-26 14:52:45.113: E/ActivityManager(1453): Sending non-protected broadcast org.codeaurora.wifibearer.WIFI_CONNECTION_STATE from system 2167:com.android.phone/1001 pkg com.android.phone
07-26 14:52:45.113: E/ActivityManager(1453): java.lang.Throwable
07-26 14:52:45.113: E/ActivityManager(1453): 	at com.android.server.am.ActivityManagerService.checkBroadcastFromSystem(ActivityManagerService.java:18346)
07-26 14:52:45.113: E/ActivityManager(1453): 	at com.android.server.am.ActivityManagerService.broadcastIntentLocked(ActivityManagerService.java:18925)
07-26 14:52:45.113: E/ActivityManager(1453): 	at com.android.server.am.ActivityManagerService.broadcastIntent(ActivityManagerService.java:19016)
07-26 14:52:45.113: E/ActivityManager(1453): 	at android.app.ActivityManagerNative.onTransact(ActivityManagerNative.java:502)
07-26 14:52:45.113: E/ActivityManager(1453): 	at com.android.server.am.ActivityManagerService.onTransact(ActivityManagerService.java:2867)
07-26 14:52:45.113: E/ActivityManager(1453): 	at android.os.Binder.execTransact(Binder.java:565)
07-26 14:52:45.114: D/ImsViceParser(2167): getCallPullInfo mDialogIds null
07-26 14:52:45.116: D/CommonUtils(1911): ro.yulong.project = 
07-26 14:52:45.116: D/CommonUtils(1911): ro.yulong.project = 
07-26 14:52:45.116: D/CommonUtils(1911): ro.yulong.project = 
07-26 14:52:45.116: D/CommonUtils(1911): ro.yulong.project = 
07-26 14:52:45.117: V/NotificationIconAreaController(1911): setIconTint(iconTint=0xffffffff
07-26 14:52:45.124: V/LockscreenWallpaper(1911): mCached:true, mCache:android.graphics.Bitmap@2db40a0
07-26 14:52:45.127: D/ImsExternalCallTracker(2167): Registering: Handler (com.android.internal.telephony.imsphone.ImsPhone) {91aba6f}
07-26 14:52:45.134: D/JunkService(2803): SNDSTRING
07-26 14:52:45.135: V/NotificationIconAreaController(1911): setIconTint(iconTint=0xffffffff
07-26 14:52:45.139: V/BarTransitions(1911): applyModeBackground(=oldMode4, newMode=4, animate=true
07-26 14:52:45.139: V/LockscreenWallpaper(1911): mCached:true, mCache:android.graphics.Bitmap@2db40a0
07-26 14:52:45.139: V/PhoneStatusBar(1911): updateMediaMetaData,lockWallpaper:android.graphics.Bitmap@2db40a0
07-26 14:52:45.140: I/LockscreenWallpaper(1911): isBitmapRecycled:false
07-26 14:52:45.153: V/StatusBarWindowManager(1911): mbShowWallpaper:true
07-26 14:52:45.153: V/StatusBarWindowManager(1911): applyKeyguardFlags add FLAG_SHOW_WALLPAPER flag
07-26 14:52:45.154: D/JunkService(2803): SNDSTRING
07-26 14:52:45.154: V/LockscreenWallpaper(1911): mCached:true, mCache:android.graphics.Bitmap@2db40a0
07-26 14:52:45.156: V/BarTransitions(1911): applyModeBackground(=oldMode4, newMode=4, animate=true
07-26 14:52:45.157: V/KeyguardBottomAreaView(1911): onVisibilityChanged:visibility:0
07-26 14:52:45.157: V/PhoneStatusBarView(1911): setListening: userId=0
07-26 14:52:45.160: D/KeyguardUpdateMonitor(1911): StrongAuthTracker-->isFingerprintAllowedForUser(0)=false
07-26 14:52:45.160: V/KeyguardBottomAreaView(1911): showWidgetOnBottom,show:false,mCameraEnabled:true
07-26 14:52:45.161: D/KeyguardViewBase(1911): show()
07-26 14:52:45.162: V/KeyguardSecurityView(1911): showPrimarySecurityScreen(turningOff=false)
07-26 14:52:45.162: D/KeyguardSecurityView(1911): showSecurityScreen(None)
07-26 14:52:45.163: D/KeyguardUpdateMonitor(1911): onKeyguardVisibilityChanged(true)|(keyguardon:true)
07-26 14:52:45.163: V/KeyguardBottomAreaView(1911): onKeyguardVisibilityChanged,showing:true,isSreenOn:true
07-26 14:52:45.164: D/KeyguardUpdateMonitor(1911): StrongAuthTracker-->isFingerprintAllowedForUser(0)=false
07-26 14:52:45.165: V/KeyguardStatusView_lockscreen(1911): refresh statusview showing:true
07-26 14:52:45.165: V/PhoneStatusBar(1911): updateMediaMetaData: isWallpaperBright=false
07-26 14:52:45.184: D/JunkService(2803): SNDSTRING
07-26 14:52:45.196: D/JunkService(2803): SNDSTRING
07-26 14:52:45.213: V/CustomLockScreenView(1911): onOwnerInfoStateChanged = false
07-26 14:52:45.214: I/KeyguardUpdateMonitor(1911): shouldListenForFingerprint  mDreamShowing:falsemDozingfalse
07-26 14:52:45.224: I/GnssLocationProvider(1453): WakeLock released by handleMessage(12, 0, null)
07-26 14:52:45.224: V/KeyguardUpdateMonitor(1911): isFingerPrintEnabled: current user = 0, hasEnrolledFingerprints=false, isFingerPrintSwitchEnabled=true
07-26 14:52:45.224: V/KeyguardUpdateMonitor(1911): updateFingerprintListeningState() , shouldListenForFingerprint=true, mFingerprintRunningState=0
07-26 14:52:45.225: D/ActivityTrigger(1453): ActivityTrigger activityPauseTrigger 
07-26 14:52:45.232: D/KeyguardViewMediator(1911): adjustStatusBarLocked: mShowing=true mOccluded=false isSecure=false --> flags=0x3200000
07-26 14:52:45.238: E/QtiImsExtUtils(2167): getConfigForPhoneId phoneId is invalid
07-26 14:52:45.238: E/QtiImsExtUtils(2167): isCarrierConfigEnabled bundle is null
07-26 14:52:45.240: D/wpa_supplicant(2070): wlan0: Control interface command 'SCAN TYPE=ONLY'
07-26 14:52:45.240: D/wpa_supplicant(2070): wlan0: Setting scan request: 0.000000 sec
07-26 14:52:45.240: D/wpa_supplicant(2070): CTRL-DEBUG: global_ctrl_sock-sendto: sock=8 sndbuf=212992 outq=0 send_len=3
07-26 14:52:45.241: D/wpa_supplicant(2070): wlan0: State: DISCONNECTED -> SCANNING
07-26 14:52:45.241: D/wpa_supplicant(2070): CTRL-DEBUG: ctrl_sock-sendmsg: sock=8 sndbuf=212992 outq=768 send_len=67
07-26 14:52:45.241: D/wpa_supplicant(2070): CTRL_IFACE monitor sent successfully to /data/misc/wifi/sockets/wpa_ctrl_1453-2\x00
07-26 14:52:45.241: D/wpa_supplicant(2070): wlan0: Determining shared radio frequencies (max len 2)
07-26 14:52:45.241: D/wpa_supplicant(2070): wlan0: Shared frequencies (len=0): completed iteration
07-26 14:52:45.241: D/wpa_supplicant(2070): P2P: Add operating class 81
07-26 14:52:45.241: D/wpa_supplicant(2070): P2P: Channels - hexdump(len=11): 01 02 03 04 05 06 07 08 09 0a 0b
07-26 14:52:45.241: D/wpa_supplicant(2070): P2P: Update channel list
07-26 14:52:45.241: D/wpa_supplicant(2070): P2P: channels: 81:1,2,3,4,5,6,7,8,9,10,11
07-26 14:52:45.241: D/wpa_supplicant(2070): P2P: cli_channels:
07-26 14:52:45.241: D/wpa_supplicant(2070): wlan0: Starting AP scan for wildcard SSID
07-26 14:52:45.241: D/wpa_supplicant(2070): wlan0: Add radio work 'scan'@0x7fa2618360
07-26 14:52:45.242: D/wpa_supplicant(2070): wlan0: First radio work item in the queue - schedule start immediately
07-26 14:52:45.242: D/wpa_supplicant(2070): wlan0: Starting radio work 'scan'@0x7fa2618360 after 0.000090 second wait
07-26 14:52:45.242: D/wpa_supplicant(2070): wlan0: nl80211: scan request
07-26 14:52:45.242: D/wpa_supplicant(2070): nl80211: Scan SSID - hexdump(len=0): [NULL]
07-26 14:52:45.242: D/wpa_supplicant(2070): nl80211: Scan extra IEs - hexdump(len=7): 7f 05 00 00 0a 02 01
07-26 14:52:45.244: D/wpa_supplicant(2070): Scan requested (ret=0) - scan timeout 10 seconds
07-26 14:52:45.244: D/wpa_supplicant(2070): nl80211: Event message available
07-26 14:52:45.244: D/wpa_supplicant(2070): nl80211: Drv Event 33 (NL80211_CMD_TRIGGER_SCAN) received for wlan0
07-26 14:52:45.244: D/wpa_supplicant(2070): wlan0: nl80211: Scan trigger
07-26 14:52:45.245: D/wpa_supplicant(2070): wlan0: Event SCAN_STARTED (47) received
07-26 14:52:45.245: D/wpa_supplicant(2070): wlan0: Own scan request started a scan in 0.000657 seconds
07-26 14:52:45.245: D/wpa_supplicant(2070): CTRL-DEBUG: ctrl_sock-sendmsg: sock=8 sndbuf=212992 outq=768 send_len=24
07-26 14:52:45.245: D/wpa_supplicant(2070): CTRL_IFACE monitor sent successfully to /data/misc/wifi/sockets/wpa_ctrl_1453-2\x00
07-26 14:52:45.264: E/IzatSvc_OSObserver(1453): I/LocTech-Label :: OSOBSERVER :: Data Items In
07-26 14:52:45.265: E/IzatSvc_OSObserver(1453): I/LocTech-Value :: Data Item Value: Attach state: 3, Mac address valid: false, AP MAC address: [00:00:00:00:00:00], Wifi-Ap SSID Valid: false, SSID: 
07-26 14:52:45.298: V/KeyguardIndication(1911): DEBUG1,textDisplayed:ÕýÔÚ³äµç,isChangeAnimationPlay:false,mTransientIndication:null,mPowerPluggedIn:true
07-26 14:52:45.300: I/GnssLocationProvider(1453): WakeLock acquired by sendMessage(12, 0, null)
07-26 14:52:45.320: D/Launcher(2775): launcher on pause
07-26 14:52:45.330: D/ActivityTrigger(1453): ActivityTrigger activityStopTrigger 
07-26 14:52:45.358: E/IzatSvc_OSObserver(1453): I/LocTech-Label :: OSOBSERVER :: Data Items In
07-26 14:52:45.358: E/IzatSvc_OSObserver(1453): I/LocTech-Value :: Data Item Value: MCCMNC: -
07-26 14:52:45.378: I/GnssLocationProvider(1453): WakeLock acquired by sendMessage(12, 0, null)
07-26 14:52:45.385: V/KeyguardIndication(1911): DEBUG1,textDisplayed:ÕýÔÚ³äµç,isChangeAnimationPlay:false,mTransientIndication:null,mPowerPluggedIn:true
07-26 14:52:45.396: I/AMap JobService(2899): Service created
07-26 14:52:45.411: D/Launcher(2775): launcher on stop
07-26 14:52:45.413: I/getprop(3150): type=1400 audit(0.0:89): avc: denied { open } for path="/dev/__properties__/u:object_r:boot_mode_prop:s0" dev="tmpfs" ino=11409 scontext=u:r:shell:s0 tcontext=u:object_r:boot_mode_prop:s0 tclass=file permissive=1
07-26 14:52:45.413: I/getprop(3150): type=1400 audit(0.0:90): avc: denied { getattr } for path="/dev/__properties__/u:object_r:boot_mode_prop:s0" dev="tmpfs" ino=11409 scontext=u:r:shell:s0 tcontext=u:object_r:boot_mode_prop:s0 tclass=file permissive=1
07-26 14:52:45.418: D/ImageWallpaper(1911): onOffsetsChanged: xOffset=0.0, yOffset=0.0, xOffsetStep=0.0, yOffsetStep=0.0, xPixels=0, yPixels=0
07-26 14:52:45.419: E/Launcher(2775): bindAppWidget
07-26 14:52:45.420: D/Launcher.Model(2775): bound workspace in 374ms
07-26 14:52:45.420: D/Launcher.Model(2775): done with previous binding step
07-26 14:52:45.423: I/getprop(3150): type=1400 audit(0.0:91): avc: denied { open } for path="/dev/__properties__/u:object_r:sys_usb_tethering_prop:s0" dev="tmpfs" ino=11426 scontext=u:r:shell:s0 tcontext=u:object_r:sys_usb_tethering_prop:s0 tclass=file permissive=1
07-26 14:52:45.420: D/Launcher.Model(2775): waited 366ms for previous step to finish binding
07-26 14:52:45.420: D/Launcher.Model(2775): step 2: loading all apps
07-26 14:52:45.420: D/Launcher.Model(2775): loadAndBindAllApps mAllAppsLoaded=false
07-26 14:52:45.420: I/GnssLocationProvider(1453): WakeLock released by handleMessage(12, 0, null)
07-26 14:52:45.421: D/ImageWallpaper(1911): Suppressed drawFrame since redraw is not needed and offsets have not changed.
07-26 14:52:45.421: V/KeyguardUpdateMonitor(1911): onSubscriptionInfoChanged()
07-26 14:52:45.423: I/getprop(3150): type=1400 audit(0.0:92): avc: denied { getattr } for path="/dev/__properties__/u:object_r:sys_usb_tethering_prop:s0" dev="tmpfs" ino=11426 scontext=u:r:shell:s0 tcontext=u:object_r:sys_usb_tethering_prop:s0 tclass=file permissive=1
07-26 14:52:45.425: E/IzatSvc_OSObserver(1453): I/LocTech-Label :: OSOBSERVER :: Data Items In
07-26 14:52:45.425: E/IzatSvc_OSObserver(1453): I/LocTech-Value :: Data Item Value: MCCMNC: -
07-26 14:52:45.430: V/KeyguardUpdateMonitor(1911): onSubscriptionInfoChanged: list is null
07-26 14:52:45.431: D/Launcher.Model(2775): getActivityList took 10ms for user UserHandle{12}
07-26 14:52:45.431: D/Launcher.Model(2775): getActivityList got 13 apps for user UserHandle{12}
07-26 14:52:45.435: I/ANLP(2899): p: 86400000, p2: 86400000
07-26 14:52:45.439: V/KeyguardUpdateMonitor(1911): onSubscriptionInfoChanged()
07-26 14:52:45.443: V/KeyguardUpdateMonitor(1911): onSubscriptionInfoChanged: list is null
07-26 14:52:45.423: I/getprop(3150): type=1400 audit(0.0:93): avc: denied { open } for path="/dev/__properties__/u:object_r:sys_usb_configfs_prop:s0" dev="tmpfs" ino=11427 scontext=u:r:shell:s0 tcontext=u:object_r:sys_usb_configfs_prop:s0 tclass=file permissive=1
07-26 14:52:45.423: I/getprop(3150): type=1400 audit(0.0:94): avc: denied { getattr } for path="/dev/__properties__/u:object_r:sys_usb_configfs_prop:s0" dev="tmpfs" ino=11427 scontext=u:r:shell:s0 tcontext=u:object_r:sys_usb_configfs_prop:s0 tclass=file permissive=1
07-26 14:52:45.423: I/getprop(3150): type=1400 audit(0.0:95): avc: denied { open } for path="/dev/__properties__/u:object_r:sys_usb_controller_prop:s0" dev="tmpfs" ino=11428 scontext=u:r:shell:s0 tcontext=u:object_r:sys_usb_controller_prop:s0 tclass=file permissive=1
07-26 14:52:45.423: I/getprop(3150): type=1400 audit(0.0:96): avc: denied { getattr } for path="/dev/__properties__/u:object_r:sys_usb_controller_prop:s0" dev="tmpfs" ino=11428 scontext=u:r:shell:s0 tcontext=u:object_r:sys_usb_controller_prop:s0 tclass=file permissive=1
07-26 14:52:45.423: I/getprop(3150): type=1400 audit(0.0:97): avc: denied { open } for path="/dev/__properties__/u:object_r:mpdecision_prop:s0" dev="tmpfs" ino=11432 scontext=u:r:shell:s0 tcontext=u:object_r:mpdecision_prop:s0 tclass=file permissive=1
07-26 14:52:45.423: I/getprop(3150): type=1400 audit(0.0:98): avc: denied { getattr } for path="/dev/__properties__/u:object_r:mpdecision_prop:s0" dev="tmpfs" ino=11432 scontext=u:r:shell:s0 tcontext=u:object_r:mpdecision_prop:s0 tclass=file permissive=1
07-26 14:52:45.423: I/getprop(3150): type=1400 audit(0.0:99): avc: denied { open } for path="/dev/__properties__/u:object_r:spcomlib_prop:s0" dev="tmpfs" ino=11436 scontext=u:r:shell:s0 tcontext=u:object_r:spcomlib_prop:s0 tclass=file permissive=1
07-26 14:52:45.423: I/getprop(3150): type=1400 audit(0.0:100): avc: denied { getattr } for path="/dev/__properties__/u:object_r:spcomlib_prop:s0" dev="tmpfs" ino=11436 scontext=u:r:shell:s0 tcontext=u:object_r:spcomlib_prop:s0 tclass=file permissive=1
07-26 14:52:45.433: I/getprop(3150): type=1400 audit(0.0:101): avc: denied { open } for path="/dev/__properties__/u:object_r:safemode_prop:s0" dev="tmpfs" ino=11451 scontext=u:r:shell:s0 tcontext=u:object_r:safemode_prop:s0 tclass=file permissive=1
07-26 14:52:45.433: I/getprop(3150): type=1400 audit(0.0:102): avc: denied { getattr } for path="/dev/__properties__/u:object_r:safemode_prop:s0" dev="tmpfs" ino=11451 scontext=u:r:shell:s0 tcontext=u:object_r:safemode_prop:s0 tclass=file permissive=1
07-26 14:52:45.433: I/getprop(3150): type=1400 audit(0.0:103): avc: denied { open } for path="/dev/__properties__/u:object_r:mmc_prop:s0" dev="tmpfs" ino=11452 scontext=u:r:shell:s0 tcontext=u:object_r:mmc_prop:s0 tclass=file permissive=1
07-26 14:52:45.433: I/getprop(3150): type=1400 audit(0.0:104): avc: denied { getattr } for path="/dev/__properties__/u:object_r:mmc_prop:s0" dev="tmpfs" ino=11452 scontext=u:r:shell:s0 tcontext=u:object_r:mmc_prop:s0 tclass=file permissive=1
07-26 14:52:45.433: I/getprop(3150): type=1400 audit(0.0:105): avc: denied { open } for path="/dev/__properties__/u:object_r:device_logging_prop:s0" dev="tmpfs" ino=11454 scontext=u:r:shell:s0 tcontext=u:object_r:device_logging_prop:s0 tclass=file permissive=1
07-26 14:52:45.433: I/getprop(3150): type=1400 audit(0.0:106): avc: denied { getattr } for path="/dev/__properties__/u:object_r:device_logging_prop:s0" dev="tmpfs" ino=11454 scontext=u:r:shell:s0 tcontext=u:object_r:device_logging_prop:s0 tclass=file permissive=1
07-26 14:52:45.454: D/KeyguardUpdateMonitor(1911): received broadcast android.intent.action.SIM_STATE_CHANGED
07-26 14:52:45.454: V/KeyguardUpdateMonitor(1911): action android.intent.action.SIM_STATE_CHANGED state: NOT_READY slotId: 1 subid: 2147483644
07-26 14:52:45.455: D/PhoneStatusBarPolicy(1911): mIntentReceiver action = android.intent.action.SIM_STATE_CHANGED
07-26 14:52:45.455: V/PhoneStatusBar(1911): appTransitionFinished
07-26 14:52:45.455: D/Launcher.Model(2775): getActivityList took 24ms for user UserHandle{0}
