04-02 02:41:49.733: V/IOMX(741): onMessage writing message 1, size 40
04-02 02:41:49.734: I/chatty(1397): uid=1000(system) Binder:1397_1 expire 21 lines
04-02 02:41:49.735: V/OMX(741): getParameter(48562224 0x2000001 0xf2780000 96)
04-02 02:41:49.736: V/OMX(741): getParameter(48562224 0x2000001 0xf2780000 96)
04-02 02:41:49.736: V/BnMediaSource(746): readMultiple
04-02 02:41:49.738: V/BnMediaSource(746): readMultiple status 0, bufferCount 1, sinceStop 1
04-02 02:41:49.739: V/OMX(741): getParameter(48562224 0x4000002 0xf2780000 104)
04-02 02:41:49.741: V/SimpleSoftOMXComponent(741): msgType = 0
04-02 02:41:49.742: V/OMX(741): OnFillBufferDone buffer=0xf1ca3d20
04-02 02:41:49.742: V/OMX(741): OnFillBufferDone buffer=0xf1ca3e60
04-02 02:41:49.742: V/OMX(741): OnFillBufferDone buffer=0xf1ca3f00
04-02 02:41:49.742: V/OMX(741): OnFillBufferDone buffer=0xf1ca3fa0
04-02 02:41:49.742: V/IOMX(741): onMessage writing message 2, size 40
04-02 02:41:49.742: V/IOMX(741): onMessage writing message 2, size 40
04-02 02:41:49.742: V/IOMX(741): onMessage writing message 2, size 40
04-02 02:41:49.742: V/IOMX(741): onMessage writing message 2, size 40
04-02 02:41:49.744: V/SimpleSoftOMXComponent(741): msgType = 1
04-02 02:41:49.749: V/SimpleSoftOMXComponent(741): Port 1 now disabled.
04-02 02:41:49.750: V/OMX(741): OnEvent(0, 2, 1)
04-02 02:41:49.750: V/IOMX(741): onMessage writing message 0, size 40
04-02 02:41:49.755: V/SimpleSoftOMXComponent(741): msgType = 0
04-02 02:41:49.755: V/OMX(741): getParameter(48562224 0x2000001 0xf2780000 96)
04-02 02:41:49.759: E/mm-camera(802): <STATS ><ERROR> 2822: stats_port_check_caps_reserve: Invalid Port capability type!
04-02 02:41:49.759: E/mm-camera(802): <STATS ><ERROR> 2822: stats_port_check_caps_reserve: Invalid Port capability type!
04-02 02:41:49.759: E/mm-camera(802): <STATS ><ERROR> 2822: stats_port_check_caps_reserve: Invalid Port capability type!
04-02 02:41:49.759: E/mm-camera(802): <STATS ><ERROR> 2822: stats_port_check_caps_reserve: Invalid Port capability type!
04-02 02:41:49.759: E/mm-camera(802): <STATS ><ERROR> 2822: stats_port_check_caps_reserve: Invalid Port capability type!
04-02 02:41:49.766: V/SimpleSoftOMXComponent(741): Port 1 now enabled.
04-02 02:41:49.766: V/OMX(741): OnEvent(0, 3, 1)
04-02 02:41:49.766: V/IOMX(741): onMessage writing message 0, size 40
04-02 02:41:49.766: I/chatty(1397): uid=1000(system) Binder:1397_4 expire 13 lines
04-02 02:41:49.768: V/SimpleSoftOMXComponent(741): msgType = 2
04-02 02:41:49.768: I/Thermal-Lib(730): Thermal-Lib-Client: Registraion successful for camera with handle:1
04-02 02:41:49.768: I/Thermal-Lib(730): Thermal-Lib-Client: Registraion successful for camcorder with handle:2
04-02 02:41:49.768: I/QCamera(730): <HAL><INFO> int qcamera::QCamera2HardwareInterface::openCamera(struct hw_device_t **): 1880: [KPI Perf]: X PROFILE_OPEN_CAMERA camera id 1, rc: 0
04-02 02:41:49.768: V/OMX(741): OnEmptyBufferDone buffer=0xf1ca3c80
04-02 02:41:49.769: V/OMX(741): OnFillBufferDone buffer=0xf1ca3d20
04-02 02:41:49.769: V/IOMX(741): onMessage writing message 1, size 40
04-02 02:41:49.769: V/IOMX(741): onMessage writing message 2, size 40
04-02 02:41:49.770: I/ThermalEngine(711): Thermal-Server: Adding thermal event listener on fd 46
04-02 02:41:49.771: I/Thermal-Lib(730): Thermal-Lib-Client: Client received msg camera 0
04-02 02:41:49.772: I/Thermal-Lib(730): Thermal-Lib-Client: Client received msg camcorder 0
04-02 02:41:49.772: V/SimpleSoftOMXComponent(741): msgType = 2
04-02 02:41:49.773: V/SimpleSoftOMXComponent(741): msgType = 2
04-02 02:41:49.774: E/mm-camera(802): <MCT   ><ERROR> 1080: mct_pipeline_decide_hw_wakeup: Couldn't find meta stream
04-02 02:41:49.776: E/mm-camera(802): <MCT   ><ERROR> 1080: mct_pipeline_decide_hw_wakeup: Couldn't find meta stream
04-02 02:41:49.777: V/SimpleSoftOMXComponent(741): msgType = 2
04-02 02:41:49.780: V/SimpleSoftOMXComponent(741): msgType = 2
04-02 02:41:49.781: E/mm-camera(802): <MCT   ><ERROR> 1080: mct_pipeline_decide_hw_wakeup: Couldn't find meta stream
04-02 02:41:49.782: V/BnMediaSource(746): readMultiple
04-02 02:41:49.782: V/BnMediaSource(746): readMultiple status 0, bufferCount 1, sinceStop 2
04-02 02:41:49.785: I/QCamera(730): <HAL><INFO> static void qcamera::QCamera2HardwareInterface::stop_preview(struct camera_device *): 412: [KPI Perf]: E PROFILE_STOP_PREVIEW camera id 1
04-02 02:41:49.785: V/SimpleSoftOMXComponent(741): msgType = 1
04-02 02:41:49.785: E/QCamera(730): <HAL><ERROR> int32_t qcamera::QCameraPerfLock::lock_acq(): 363: failed to acquire lock
04-02 02:41:49.785: V/OMX(741): OnEmptyBufferDone buffer=0xf1ca3cd0
04-02 02:41:49.785: I/QCamera(730): <HAL><INFO> static void qcamera::QCamera2HardwareInterface::stop_preview(struct camera_device *): 425: [KPI Perf]: X ret = 0
04-02 02:41:49.785: V/OMX(741): OnFillBufferDone buffer=0xf1ca3e60
04-02 02:41:49.786: V/IOMX(741): onMessage writing message 1, size 40
04-02 02:41:49.788: V/IOMX(741): onMessage writing message 2, size 40
04-02 02:41:49.789: V/BnMediaSource(746): readMultiple
04-02 02:41:49.789: V/BnMediaSource(746): readMultiple status 0, bufferCount 1, sinceStop 3
04-02 02:41:49.791: V/SimpleSoftOMXComponent(741): msgType = 1
04-02 02:41:49.791: I/QCamera(730): <HAL><INFO> static int qcamera::QCamera2HardwareInterface::cancel_picture(struct camera_device *): 1029: [KPI Perf]: E PROFILE_CANCEL_PICTURE camera id 1
04-02 02:41:49.791: V/OMX(741): OnEmptyBufferDone buffer=0xf1ca3be0
04-02 02:41:49.791: V/OMX(741): OnFillBufferDone buffer=0xf1ca3f00
04-02 02:41:49.791: I/QCamera(730): <HAL><INFO> static int qcamera::QCamera2HardwareInterface::cancel_picture(struct camera_device *): 1038: [KPI Perf]: X camera id 1 ret = 0
04-02 02:41:49.791: V/IOMX(741): onMessage writing message 1, size 40
04-02 02:41:49.792: E/mm-camera(802): <SENSOR><ERROR> darling_s5k3p3_front_get_calibration_items: 67: is_wbc:1,is_afc:0,is_lsc:1,is_dpc:1,is_insensor:0,  is_ois:0
04-02 02:41:49.792: V/IOMX(741): onMessage writing message 2, size 40
04-02 02:41:49.792: I/CameraFlashlight(730): Destroying camera 1
04-02 02:41:49.792: I/QCamera(730): <HAL><INFO> static int qcamera::QCamera2HardwareInterface::close_camera_device(hw_device_t *): 1497: [KPI Perf]: E camera id 1
04-02 02:41:49.797: V/BnMediaSource(746): readMultiple
04-02 02:41:49.798: V/BnMediaSource(746): readMultiple status 0, bufferCount 1, sinceStop 4
04-02 02:41:49.802: V/SimpleSoftOMXComponent(741): msgType = 1
04-02 02:41:49.802: V/OMX(741): OnEmptyBufferDone buffer=0xf1ca3c30
04-02 02:41:49.803: V/OMX(741): OnFillBufferDone buffer=0xf1ca3fa0
04-02 02:41:49.803: V/IOMX(741): onMessage writing message 1, size 40
04-02 02:41:49.803: V/IOMX(741): onMessage writing message 2, size 40
04-02 02:41:49.809: V/BnMediaSource(746): readMultiple
04-02 02:41:49.809: V/BnMediaSource(746): readMultiple status 0, bufferCount 1, sinceStop 5
04-02 02:41:49.812: V/SimpleSoftOMXComponent(741): msgType = 1
04-02 02:41:49.812: V/OMX(741): OnEmptyBufferDone buffer=0xf1ca3c80
04-02 02:41:49.812: V/OMX(741): OnFillBufferDone buffer=0xf1ca3d20
04-02 02:41:49.813: V/IOMX(741): onMessage writing message 1, size 40
04-02 02:41:49.813: V/IOMX(741): onMessage writing message 2, size 40
04-02 02:41:49.813: I/chatty(1397): uid=1000(system) Binder:1397_6 expire 12 lines
04-02 02:41:49.815: V/SimpleSoftOMXComponent(741): msgType = 2
04-02 02:41:49.817: V/BnMediaSource(746): readMultiple
04-02 02:41:49.817: V/BnMediaSource(746): readMultiple status 0, bufferCount 1, sinceStop 6
04-02 02:41:49.819: V/SimpleSoftOMXComponent(741): msgType = 1
04-02 02:41:49.820: V/OMX(741): OnEmptyBufferDone buffer=0xf1ca3cd0
04-02 02:41:49.820: V/OMX(741): OnFillBufferDone buffer=0xf1ca3e60
04-02 02:41:49.820: V/IOMX(741): onMessage writing message 1, size 40
04-02 02:41:49.820: V/IOMX(741): onMessage writing message 2, size 40
04-02 02:41:49.825: E/QCamera(730): <HAL><ERROR> int32_t qcamera::QCameraPerfLock::lock_acq(): 363: failed to acquire lock
04-02 02:41:49.825: V/BnMediaSource(746): readMultiple
04-02 02:41:49.825: V/BnMediaSource(746): readMultiple status 0, bufferCount 1, sinceStop 7
04-02 02:41:49.825: V/SimpleSoftOMXComponent(741): msgType = 2
04-02 02:41:49.826: I/QCamera(730): <HAL><INFO> int qcamera::QCamera2HardwareInterface::closeCamera(): 2266: E
04-02 02:41:49.826: I/QCamera(730): <HAL><INFO> int qcamera::QCamera2HardwareInterface::closeCamera(): 2271: [KPI Perf]: E PROFILE_CLOSE_CAMERA camera id 1
04-02 02:41:49.827: E/mm-camera(802): <IMGLIB><ERROR> 303: static int32_t QCameraPAAF::AllocateBuffers(img_base_ops_t *, bool): Invalid dimensions 0x0
04-02 02:41:49.827: E/mm-camera(802): <IMGLIB><ERROR> 203: int img_algo_preload(img_base_ops_t *): Preload: Failed to allocate buffer, rc -4
04-02 02:41:49.827: E/mm-camera(802): <IMGLIB><ERROR> 117: module_imgbase_client_preload_exec: IMG_CORE_PRELOAD failed -4
04-02 02:41:49.827: V/SimpleSoftOMXComponent(741): msgType = 1
04-02 02:41:49.828: V/OMX(741): OnEmptyBufferDone buffer=0xf1ca3be0
04-02 02:41:49.829: V/OMX(741): OnFillBufferDone buffer=0xf1ca3f00
04-02 02:41:49.829: V/IOMX(741): onMessage writing message 1, size 40
04-02 02:41:49.829: V/IOMX(741): onMessage writing message 2, size 40
04-02 02:41:49.830: V/SimpleSoftOMXComponent(741): msgType = 2
04-02 02:41:49.832: V/BnMediaSource(746): readMultiple
04-02 02:41:49.832: V/BnMediaSource(746): readMultiple status 0, bufferCount 1, sinceStop 8
04-02 02:41:49.835: V/SimpleSoftOMXComponent(741): msgType = 1
04-02 02:41:49.835: V/OMX(741): OnEmptyBufferDone buffer=0xf1ca3c30
04-02 02:41:49.835: V/OMX(741): OnFillBufferDone buffer=0xf1ca3fa0
04-02 02:41:49.835: V/IOMX(741): onMessage writing message 1, size 40
04-02 02:41:49.835: V/IOMX(741): onMessage writing message 2, size 40
04-02 02:41:49.837: E/mm-camera(802): <MCT   ><ERROR> 1080: mct_pipeline_decide_hw_wakeup: Couldn't find meta stream
04-02 02:41:49.841: I/Thermal-Lib(730): Thermal-Lib-Client: Unregisteration is successfull for handle:1
04-02 02:41:49.841: I/ThermalEngine(711): Thermal-Server: removing client on fd 46
04-02 02:41:49.841: I/Thermal-Lib(730): Thermal-Lib-Client: Unregisteration is successfull for handle:2
04-02 02:41:49.848: V/SimpleSoftOMXComponent(741): msgType = 2
04-02 02:41:49.850: V/BnMediaSource(746): readMultiple
04-02 02:41:49.850: V/BnMediaSource(746): readMultiple status 0, bufferCount 1, sinceStop 9
04-02 02:41:49.853: V/SimpleSoftOMXComponent(741): msgType = 1
04-02 02:41:49.854: V/OMX(741): OnEmptyBufferDone buffer=0xf1ca3c80
04-02 02:41:49.854: V/OMX(741): OnFillBufferDone buffer=0xf1ca3d20
04-02 02:41:49.854: V/IOMX(741): onMessage writing message 1, size 40
04-02 02:41:49.854: V/IOMX(741): onMessage writing message 2, size 40
04-02 02:41:49.859: V/SimpleSoftOMXComponent(741): msgType = 2
04-02 02:41:49.861: V/BnMediaSource(746): readMultiple
04-02 02:41:49.861: V/BnMediaSource(746): readMultiple status 0, bufferCount 1, sinceStop 10
04-02 02:41:49.865: V/SimpleSoftOMXComponent(741): msgType = 1
04-02 02:41:49.866: V/OMX(741): OnEmptyBufferDone buffer=0xf1ca3cd0
04-02 02:41:49.866: V/OMX(741): OnFillBufferDone buffer=0xf1ca3e60
04-02 02:41:49.866: V/IOMX(741): onMessage writing message 1, size 40
04-02 02:41:49.867: V/IOMX(741): onMessage writing message 2, size 40
04-02 02:41:49.872: V/SimpleSoftOMXComponent(741): msgType = 2
04-02 02:41:49.879: V/BnMediaSource(746): readMultiple
04-02 02:41:49.879: V/BnMediaSource(746): readMultiple status 0, bufferCount 1, sinceStop 11
04-02 02:41:49.880: V/SimpleSoftOMXComponent(741): msgType = 1
04-02 02:41:49.881: V/OMX(741): OnEmptyBufferDone buffer=0xf1ca3be0
04-02 02:41:49.881: V/OMX(741): OnFillBufferDone buffer=0xf1ca3f00
04-02 02:41:49.881: V/IOMX(741): onMessage writing message 1, size 40
04-02 02:41:49.882: V/IOMX(741): onMessage writing message 2, size 40
04-02 02:41:49.883: V/SimpleSoftOMXComponent(741): msgType = 2
04-02 02:41:49.885: V/BnMediaSource(746): readMultiple
04-02 02:41:49.885: V/BnMediaSource(746): readMultiple status 0, bufferCount 1, sinceStop 12
04-02 02:41:49.887: V/SimpleSoftOMXComponent(741): msgType = 1
04-02 02:41:49.887: V/OMX(741): OnEmptyBufferDone buffer=0xf1ca3c30
04-02 02:41:49.887: V/OMX(741): OnFillBufferDone buffer=0xf1ca3fa0
04-02 02:41:49.887: V/IOMX(741): onMessage writing message 1, size 40
04-02 02:41:49.888: V/IOMX(741): onMessage writing message 2, size 40
04-02 02:41:49.889: V/SimpleSoftOMXComponent(741): msgType = 2
04-02 02:41:49.891: V/BnMediaSource(746): readMultiple
04-02 02:41:49.891: V/BnMediaSource(746): readMultiple status 0, bufferCount 1, sinceStop 13
04-02 02:41:49.893: V/SimpleSoftOMXComponent(741): msgType = 1
04-02 02:41:49.893: V/OMX(741): OnEmptyBufferDone buffer=0xf1ca3c80
04-02 02:41:49.893: V/OMX(741): OnFillBufferDone buffer=0xf1ca3d20
04-02 02:41:49.893: V/IOMX(741): onMessage writing message 1, size 40
04-02 02:41:49.894: V/IOMX(741): onMessage writing message 2, size 40
04-02 02:41:49.897: V/SimpleSoftOMXComponent(741): msgType = 2
04-02 02:41:49.898: V/BnMediaSource(746): readMultiple
04-02 02:41:49.898: V/BnMediaSource(746): readMultiple status 0, bufferCount 1, sinceStop 14
04-02 02:41:49.900: V/SimpleSoftOMXComponent(741): msgType = 1
04-02 02:41:49.901: V/OMX(741): OnEmptyBufferDone buffer=0xf1ca3cd0
04-02 02:41:49.901: V/OMX(741): OnFillBufferDone buffer=0xf1ca3e60
04-02 02:41:49.901: V/IOMX(741): onMessage writing message 1, size 40
04-02 02:41:49.901: V/IOMX(741): onMessage writing message 2, size 40
04-02 02:41:49.903: V/SimpleSoftOMXComponent(741): msgType = 2
04-02 02:41:49.905: V/BnMediaSource(746): readMultiple
04-02 02:41:49.906: V/BnMediaSource(746): readMultiple status 0, bufferCount 1, sinceStop 15
04-02 02:41:49.909: V/SimpleSoftOMXComponent(741): msgType = 1
04-02 02:41:49.909: V/SoftVorbis(741): discarding 462 frames at end of page
04-02 02:41:49.909: V/OMX(741): OnEmptyBufferDone buffer=0xf1ca3be0
04-02 02:41:49.909: V/OMX(741): OnFillBufferDone buffer=0xf1ca3f00
04-02 02:41:49.910: V/IOMX(741): onMessage writing message 1, size 40
04-02 02:41:49.910: V/IOMX(741): onMessage writing message 2, size 40
04-02 02:41:49.912: I/CameraService(730): onTorchStatusChangedLocked: Torch status changed for cameraId=1, newStatus=1
04-02 02:41:49.912: I/QCamera(730): <HAL><INFO> int qcamera::QCamera2HardwareInterface::closeCamera(): 2342: [KPI Perf]: X PROFILE_CLOSE_CAMERA camera id 1, rc: 0
04-02 02:41:49.913: V/SimpleSoftOMXComponent(741): msgType = 2
04-02 02:41:49.915: V/BnMediaSource(746): readMultiple
04-02 02:41:49.915: V/BnMediaSource(746): readMultiple status -1011, bufferCount 0, sinceStop 15
04-02 02:41:49.918: V/SimpleSoftOMXComponent(741): msgType = 1
04-02 02:41:49.918: V/SoftVorbis(741): discarding 576 frames at end of page
04-02 02:41:49.918: V/OMX(741): OnEmptyBufferDone buffer=0xf1ca3c30
04-02 02:41:49.918: V/OMX(741): OnFillBufferDone buffer=0xf1ca3fa0
04-02 02:41:49.918: V/IOMX(741): onMessage writing message 1, size 40
04-02 02:41:49.920: V/IOMX(741): onMessage writing message 2, size 40
04-02 02:41:49.922: V/SimpleSoftOMXComponent(741): msgType = 2
04-02 02:41:49.926: V/SimpleSoftOMXComponent(741): msgType = 0
04-02 02:41:49.926: V/SimpleSoftOMXComponent(741): 0xf1c8d100 requesting change from 3 to 2
04-02 02:41:49.926: V/OMX(741): OnFillBufferDone buffer=0xf1ca3d20
04-02 02:41:49.926: V/OMX(741): OnEvent(0, 0, 2)
04-02 02:41:49.926: V/IOMX(741): onMessage writing message 2, size 40
04-02 02:41:49.929: I/QCamera(730): <HAL><INFO> static int qcamera::QCamera2HardwareInterface::close_camera_device(hw_device_t *): 1499: [KPI Perf]: X
04-02 02:41:49.930: V/IOMX(741): onMessage writing message 0, size 40
04-02 02:41:49.932: V/SimpleSoftOMXComponent(741): msgType = 0
04-02 02:41:49.932: V/SimpleSoftOMXComponent(741): 0xf1c8d100 requesting change from 2 to 1
04-02 02:41:49.932: V/SimpleSoftOMXComponent(741): state transition from 2 to 1 not yet complete
04-02 02:41:49.936: V/SimpleSoftOMXComponent(741): state transition from 2 to 1 not yet complete
04-02 02:41:49.940: V/SimpleSoftOMXComponent(741): state transition from 2 to 1 not yet complete
04-02 02:41:49.942: V/SimpleSoftOMXComponent(741): state transition from 2 to 1 not yet complete
04-02 02:41:49.942: I/CameraService(730): disconnect: Disconnected client for camera 1 for PID 730
04-02 02:41:49.943: V/MediaPlayerService(749): disconnect(6) from pid 730
04-02 02:41:49.943: D/NuPlayerDriver(749): reset(0xedda0ae0) at state 4
04-02 02:41:49.943: D/NuPlayerDriver(749): notifyListener_l(0xedda0ae0), (8, 0, 0), loop setting(0, 0)
04-02 02:41:49.944: V/NuPlayer(749): kWhatReset
04-02 02:41:49.944: V/NuPlayer(749): performDecoderFlush audio=2, video=2
04-02 02:41:49.944: W/AMessage(749): failed to post message as target looper for handler 0 is gone.
04-02 02:41:49.944: V/NuPlayer(749): performReset
04-02 02:41:49.944: V/SimpleSoftOMXComponent(741): state transition from 2 to 1 not yet complete
04-02 02:41:49.944: D/NuPlayerDriver(749): notifyResetComplete(0xedda0ae0)
04-02 02:41:49.946: V/SimpleSoftOMXComponent(741): state transition from 2 to 1 not yet complete
04-02 02:41:49.948: V/SimpleSoftOMXComponent(741): state transition from 2 to 1 not yet complete
04-02 02:41:49.951: V/AudioFlinger(727): releasing 49 from 730 for -1
04-02 02:41:49.951: V/AudioFlinger(727):  decremented refcount to 0
04-02 02:41:49.951: V/AudioFlinger(727): purging stale effects
04-02 02:41:49.954: V/MediaPlayerService(749): Client(6) destructor pid = 730
04-02 02:41:49.954: V/MediaPlayerService(749): disconnect(7) from pid 730
04-02 02:41:49.954: V/AudioSink(749): close
04-02 02:41:49.954: D/NuPlayerDriver(749): reset(0xedda0c00) at state 4
04-02 02:41:49.954: V/MediaPlayerService(749): disconnect(6) from pid 730
04-02 02:41:49.954: D/NuPlayerDriver(749): notifyListener_l(0xedda0c00), (8, 0, 0), loop setting(0, 0)
04-02 02:41:49.954: V/NuPlayer(749): kWhatReset
04-02 02:41:49.954: V/NuPlayer(749): performDecoderFlush audio=2, video=2
04-02 02:41:49.954: W/AMessage(749): failed to post message as target looper for handler 0 is gone.
04-02 02:41:49.954: V/NuPlayer(749): performReset
04-02 02:41:49.955: D/NuPlayerDriver(749): notifyResetComplete(0xedda0c00)
04-02 02:41:49.958: V/SimpleSoftOMXComponent(741): state transition from 2 to 1 not yet complete
04-02 02:41:49.960: V/MediaPlayerService(749): Client(7) destructor pid = 730
04-02 02:41:49.960: V/AudioFlinger(727): releasing 57 from 730 for -1
04-02 02:41:49.960: V/AudioSink(749): close
04-02 02:41:49.960: V/AudioFlinger(727):  decremented refcount to 0
04-02 02:41:49.960: V/AudioFlinger(727): purging stale effects
04-02 02:41:49.960: V/MediaPlayerService(749): disconnect(7) from pid 730
04-02 02:41:49.962: V/SimpleSoftOMXComponent(741): state transition from 2 to 1 complete
04-02 02:41:49.962: V/OMX(741): OnEvent(0, 0, 1)
04-02 02:41:49.962: V/IOMX(741): onMessage writing message 0, size 40
04-02 02:41:49.964: V/MediaPlayerService(749): disconnect(8) from pid 730
04-02 02:41:49.965: D/NuPlayerDriver(749): reset(0xedda0cc0) at state 4
04-02 02:41:49.965: D/NuPlayerDriver(749): notifyListener_l(0xedda0cc0), (8, 0, 0), loop setting(0, 0)
04-02 02:41:49.965: V/NuPlayer(749): kWhatReset
04-02 02:41:49.965: V/NuPlayer(749): performDecoderFlush audio=2, video=2
04-02 02:41:49.965: W/AMessage(749): failed to post message as target looper for handler 0 is gone.
04-02 02:41:49.965: V/NuPlayer(749): performReset
04-02 02:41:49.965: D/NuPlayerDriver(749): notifyResetComplete(0xedda0cc0)
04-02 02:41:49.969: V/OMXNodeInstance(741): [2e50030:google.vorbis.decoder] calling destroyComponentInstance
04-02 02:41:49.970: V/OMXNodeInstance(741): OMXNodeInstance going away.
04-02 02:41:49.973: V/MediaPlayerService(749): Client(8) destructor pid = 730
04-02 02:41:49.973: V/AudioSink(749): close
04-02 02:41:49.973: V/MediaPlayerService(749): disconnect(8) from pid 730
04-02 02:41:49.974: V/AudioFlinger(727): releasing 65 from 730 for -1
04-02 02:41:49.974: V/AudioFlinger(727):  decremented refcount to 0
04-02 02:41:49.974: V/AudioFlinger(727): purging stale effects
04-02 02:41:49.979: I/QCamera(730): <HAL><INFO> int qcamera::QCamera2Factory::getCameraInfo(int, struct camera_info *): 340: Camera id 0 API version 256
04-02 02:41:49.979: I/QCamera(730): <HAL><INFO> static int qcamera::QCamera3HardwareInterface::getCamInfo(uint32_t, struct camera_info *): 8783: camera 0 resource cost is 100
04-02 02:41:49.984: I/QCamera(730): <HAL><INFO> int qcamera::QCamera2Factory::getCameraInfo(int, struct camera_info *): 340: Camera id 0 API version 256
04-02 02:41:49.984: I/QCamera(730): <HAL><INFO> static int qcamera::QCamera3HardwareInterface::getCamInfo(uint32_t, struct camera_info *): 8783: camera 0 resource cost is 100
04-02 02:41:49.985: V/BnMediaSource(746): stop
04-02 02:41:49.987: V/AudioPolicyIntefaceImpl(727): setForceUse()
04-02 02:41:49.987: D/AudioPolicyManagerCustom(727): setForceUse() usage 0, config 0, mPhoneState 0
04-02 02:41:49.988: V/AudioPolicyManagerCustom(727): getNewOutputDevice() selected device 0
04-02 02:41:49.988: V/APM_AudioPolicyManager(727): setOutputDevice() device 0000 delayMs 0
04-02 02:41:49.988: V/APM_AudioPolicyManager(727): setOutputDevice() prevDevice 0x10000
04-02 02:41:49.988: V/APM_AudioPolicyManager(727): setOutputDevice() setting same device 0x0000 or null device
04-02 02:41:49.988: V/AudioPolicyManagerCustom(727): getNewOutputDevice() selected device 0
04-02 02:41:49.988: V/APM_AudioPolicyManager(727): setOutputDevice() device 0000 delayMs 0
04-02 02:41:49.988: V/APM_AudioPolicyManager(727): setOutputDevice() prevDevice 0x0002
04-02 02:41:49.988: V/APM_AudioPolicyManager(727): setOutputDevice() setting same device 0x0000 or null device
04-02 02:41:49.988: V/AudioPolicyManagerCustom(727): getNewOutputDevice() selected device 0
04-02 02:41:49.988: V/APM_AudioPolicyManager(727): setOutputDevice() device 0000 delayMs 0
04-02 02:41:49.988: V/APM_AudioPolicyManager(727): setOutputDevice() prevDevice 0x0002
04-02 02:41:49.988: V/APM_AudioPolicyManager(727): setOutputDevice() setting same device 0x0000 or null device
04-02 02:41:49.988: V/AudioPolicyManagerCustom(727): getNewOutputDevice() selected device 0
04-02 02:41:49.989: V/APM_AudioPolicyManager(727): setOutputDevice() device 0000 delayMs 0
04-02 02:41:49.989: V/APM_AudioPolicyManager(727): setOutputDevice() prevDevice 0x0002
04-02 02:41:49.989: V/APM_AudioPolicyManager(727): setOutputDevice() setting same device 0x0000 or null device
04-02 02:41:49.989: V/AudioPolicyIntefaceImpl(727): setForceUse()
04-02 02:41:49.990: D/AudioPolicyManagerCustom(727): setForceUse() usage 2, config 0, mPhoneState 0
04-02 02:41:49.990: V/AudioPolicyManagerCustom(727): getNewOutputDevice() selected device 0
04-02 02:41:49.990: V/APM_AudioPolicyManager(727): setOutputDevice() device 0000 delayMs 0
04-02 02:41:49.990: V/APM_AudioPolicyManager(727): setOutputDevice() prevDevice 0x10000
04-02 02:41:49.990: V/APM_AudioPolicyManager(727): setOutputDevice() setting same device 0x0000 or null device
04-02 02:41:49.990: V/AudioPolicyManagerCustom(727): getNewOutputDevice() selected device 0
04-02 02:41:49.990: V/APM_AudioPolicyManager(727): setOutputDevice() device 0000 delayMs 0
04-02 02:41:49.990: V/APM_AudioPolicyManager(727): setOutputDevice() prevDevice 0x0002
04-02 02:41:49.990: V/APM_AudioPolicyManager(727): setOutputDevice() setting same device 0x0000 or null device
04-02 02:41:49.990: V/AudioPolicyManagerCustom(727): getNewOutputDevice() selected device 0
04-02 02:41:49.990: V/APM_AudioPolicyManager(727): setOutputDevice() device 0000 delayMs 0
04-02 02:41:49.990: V/APM_AudioPolicyManager(727): setOutputDevice() prevDevice 0x0002
04-02 02:41:49.990: V/APM_AudioPolicyManager(727): setOutputDevice() setting same device 0x0000 or null device
04-02 02:41:49.990: V/AudioPolicyManagerCustom(727): getNewOutputDevice() selected device 0
04-02 02:41:49.991: V/APM_AudioPolicyManager(727): setOutputDevice() device 0000 delayMs 0
04-02 02:41:49.991: V/APM_AudioPolicyManager(727): setOutputDevice() prevDevice 0x0002
04-02 02:41:49.991: V/APM_AudioPolicyManager(727): setOutputDevice() setting same device 0x0000 or null device
04-02 02:41:49.991: V/AudioPolicyIntefaceImpl(727): setForceUse()
04-02 02:41:49.991: D/AudioPolicyManagerCustom(727): setForceUse() usage 3, config 8, mPhoneState 0
04-02 02:41:49.992: V/AudioPolicyManagerCustom(727): getNewOutputDevice() selected device 0
04-02 02:41:49.992: V/APM_AudioPolicyManager(727): setOutputDevice() device 0000 delayMs 0
04-02 02:41:49.992: V/APM_AudioPolicyManager(727): setOutputDevice() prevDevice 0x10000
04-02 02:41:49.992: V/APM_AudioPolicyManager(727): setOutputDevice() setting same device 0x0000 or null device
04-02 02:41:49.992: V/AudioPolicyManagerCustom(727): getNewOutputDevice() selected device 0
04-02 02:41:49.992: V/APM_AudioPolicyManager(727): setOutputDevice() device 0000 delayMs 0
04-02 02:41:49.992: V/APM_AudioPolicyManager(727): setOutputDevice() prevDevice 0x0002
04-02 02:41:49.992: V/APM_AudioPolicyManager(727): setOutputDevice() setting same device 0x0000 or null device
04-02 02:41:49.992: V/AudioPolicyManagerCustom(727): getNewOutputDevice() selected device 0
04-02 02:41:49.992: V/APM_AudioPolicyManager(727): setOutputDevice() device 0000 delayMs 0
04-02 02:41:49.992: V/APM_AudioPolicyManager(727): setOutputDevice() prevDevice 0x0002
04-02 02:41:49.992: V/APM_AudioPolicyManager(727): setOutputDevice() setting same device 0x0000 or null device
04-02 02:41:49.992: V/AudioPolicyManagerCustom(727): getNewOutputDevice() selected device 0
04-02 02:41:49.992: V/APM_AudioPolicyManager(727): setOutputDevice() device 0000 delayMs 0
04-02 02:41:49.993: V/APM_AudioPolicyManager(727): setOutputDevice() prevDevice 0x0002
04-02 02:41:49.993: V/APM_AudioPolicyManager(727): setOutputDevice() setting same device 0x0000 or null device
04-02 02:41:49.996: V/AudioPolicyIntefaceImpl(727): setForceUse()
04-02 02:41:49.996: D/AudioPolicyManagerCustom(727): setForceUse() usage 6, config 0, mPhoneState 0
04-02 02:41:49.997: V/AudioPolicyManagerCustom(727): getNewOutputDevice() selected device 0
04-02 02:41:49.997: V/APM_AudioPolicyManager(727): setOutputDevice() device 0000 delayMs 0
04-02 02:41:49.997: V/APM_AudioPolicyManager(727): setOutputDevice() prevDevice 0x10000
04-02 02:41:49.997: V/APM_AudioPolicyManager(727): setOutputDevice() setting same device 0x0000 or null device
04-02 02:41:49.997: V/AudioPolicyManagerCustom(727): getNewOutputDevice() selected device 0
04-02 02:41:49.997: V/APM_AudioPolicyManager(727): setOutputDevice() device 0000 delayMs 0
04-02 02:41:49.997: V/APM_AudioPolicyManager(727): setOutputDevice() prevDevice 0x0002
04-02 02:41:49.997: V/APM_AudioPolicyManager(727): setOutputDevice() setting same device 0x0000 or null device
04-02 02:41:49.997: V/AudioPolicyManagerCustom(727): getNewOutputDevice() selected device 0
04-02 02:41:49.997: V/APM_AudioPolicyManager(727): setOutputDevice() device 0000 delayMs 0
04-02 02:41:49.997: V/APM_AudioPolicyManager(727): setOutputDevice() prevDevice 0x0002
04-02 02:41:50.001: V/APM_AudioPolicyManager(727): setOutputDevice() setting same device 0x0000 or null device
04-02 02:41:50.002: V/AudioPolicyManagerCustom(727): getNewOutputDevice() selected device 0
04-02 02:41:50.002: V/APM_AudioPolicyManager(727): setOutputDevice() device 0000 delayMs 0
04-02 02:41:50.002: V/APM_AudioPolicyManager(727): setOutputDevice() prevDevice 0x0002
04-02 02:41:50.002: V/APM_AudioPolicyManager(727): setOutputDevice() setting same device 0x0000 or null device
04-02 02:41:50.003: V/APM_AudioPolicyManager(727): setStreamVolumeIndex() stream 3, device 00000004, index 10
04-02 02:41:50.003: V/APM_AudioPolicyManager(727): setStreamVolumeIndex() stream 3, device 00000008, index 10
04-02 02:41:50.005: V/APM_AudioPolicyManager(727): setStreamVolumeIndex() stream 3, device 40000000, index 11
04-02 02:41:50.008: V/APM_AudioPolicyManager(727): setStreamVolumeIndex() stream 9, device 00000004, index 10
04-02 02:41:50.008: V/APM_AudioPolicyManager(727): setStreamVolumeIndex() stream 9, device 00000008, index 10
04-02 02:41:50.009: V/APM_AudioPolicyManager(727): setStreamVolumeIndex() stream 9, device 40000000, index 11
04-02 02:41:50.010: V/AudioFlinger(727): setParameters(): io 0, keyvalue A2dpSuspended=false, calling pid 1397
04-02 02:41:50.010: D/audio_hw_primary(727): adev_set_parameters: enter: A2dpSuspended=false
04-02 02:41:50.010: D/audio_hw_extn(727): audio_extn_set_anc_parameters: anc_enabled:0
04-02 02:41:50.010: D/audio_hw_spkr_prot(727): audio_extn_fbsp_set_parameters: Speaker protection disabled
04-02 02:41:50.013: V/AudioPolicyIntefaceImpl(727): setForceUse()
04-02 02:41:50.013: I/StatusBar(1818): isKeyguardShowing() called before startKeyguard(), returning true
04-02 02:41:50.013: D/AudioPolicyManagerCustom(727): setForceUse() usage 0, config 0, mPhoneState 0
04-02 02:41:50.014: V/AudioPolicyManagerCustom(727): getNewOutputDevice() selected device 0
04-02 02:41:50.014: V/APM_AudioPolicyManager(727): setOutputDevice() device 0000 delayMs 0
04-02 02:41:50.014: V/APM_AudioPolicyManager(727): setOutputDevice() prevDevice 0x10000
04-02 02:41:50.014: V/APM_AudioPolicyManager(727): setOutputDevice() setting same device 0x0000 or null device
04-02 02:41:50.014: V/AudioPolicyManagerCustom(727): getNewOutputDevice() selected device 0
04-02 02:41:50.014: V/APM_AudioPolicyManager(727): setOutputDevice() device 0000 delayMs 0
04-02 02:41:50.014: V/APM_AudioPolicyManager(727): setOutputDevice() prevDevice 0x0002
04-02 02:41:50.014: V/APM_AudioPolicyManager(727): setOutputDevice() setting same device 0x0000 or null device
04-02 02:41:50.014: V/AudioPolicyManagerCustom(727): getNewOutputDevice() selected device 0
04-02 02:41:50.014: V/APM_AudioPolicyManager(727): setOutputDevice() device 0000 delayMs 0
04-02 02:41:50.014: V/APM_AudioPolicyManager(727): setOutputDevice() prevDevice 0x0002
04-02 02:41:50.014: W/StatusBar(1818): isKeyguardSecure() called before startKeyguard(), returning false
04-02 02:41:50.014: W/StatusBar(1818): java.lang.Throwable
04-02 02:41:50.014: W/StatusBar(1818): 	at com.android.systemui.statusbar.BaseStatusBar.isKeyguardSecure(BaseStatusBar.java:2675)
04-02 02:41:50.014: W/StatusBar(1818): 	at com.android.systemui.statusbar.BaseStatusBar.isCameraAllowedByAdmin(BaseStatusBar.java:2698)
04-02 02:41:50.014: W/StatusBar(1818): 	at com.android.systemui.statusbar.phone.KeyguardBottomAreaView.updateCameraVisibility(KeyguardBottomAreaView.java:315)
04-02 02:41:50.014: W/StatusBar(1818): 	at com.android.systemui.statusbar.phone.KeyguardBottomAreaView.setPhoneStatusBar(KeyguardBottomAreaView.java:278)
04-02 02:41:50.014: W/StatusBar(1818): 	at com.android.systemui.statusbar.phone.PhoneStatusBar.makeStatusBarView(PhoneStatusBar.java:966)
04-02 02:41:50.014: W/StatusBar(1818): 	at com.android.systemui.statusbar.phone.PhoneStatusBar.addStatusBarWindow(PhoneStatusBar.java:3568)
04-02 02:41:50.014: W/StatusBar(1818): 	at com.android.systemui.statusbar.phone.PhoneStatusBar.createAndAddWindows(PhoneStatusBar.java:3564)
04-02 02:41:50.014: W/StatusBar(1818): 	at com.android.systemui.statusbar.BaseStatusBar.start(BaseStatusBar.java:772)
04-02 02:41:50.014: W/StatusBar(1818): 	at com.android.systemui.statusbar.phone.PhoneStatusBar.start(PhoneStatusBar.java:710)
04-02 02:41:50.014: W/StatusBar(1818): 	at com.android.systemui.statusbar.SystemBars.createStatusBarFromConfig(SystemBars.java:106)
04-02 02:41:50.014: W/StatusBar(1818): 	at com.android.systemui.statusbar.SystemBars.onNoService(SystemBars.java:58)
04-02 02:41:50.014: W/StatusBar(1818): 	at com.android.systemui.statusbar.ServiceMonitor.startService(ServiceMonitor.java:230)
04-02 02:41:50.014: W/StatusBar(1818): 	at com.android.systemui.statusbar.ServiceMonitor.-wrap5(ServiceMonitor.java)
04-02 02:41:50.014: W/StatusBar(1818): 	at com.android.systemui.statusbar.ServiceMonitor$1.handleMessage(ServiceMonitor.java:73)
04-02 02:41:50.014: W/StatusBar(1818): 	at android.os.Handler.dispatchMessage(Handler.java:102)
04-02 02:41:50.014: W/StatusBar(1818): 	at android.os.Looper.loop(Looper.java:154)
04-02 02:41:50.014: W/StatusBar(1818): 	at android.app.ActivityThread.main(ActivityThread.java:6121)
04-02 02:41:50.014: W/StatusBar(1818): 	at java.lang.reflect.Method.invoke(Native Method)
04-02 02:41:50.014: W/StatusBar(1818): 	at com.android.internal.os.ZygoteInit$MethodAndArgsCaller.run(ZygoteInit.java:889)
04-02 02:41:50.014: W/StatusBar(1818): 	at com.android.internal.os.ZygoteInit.main(ZygoteInit.java:779)
04-02 02:41:50.014: V/APM_AudioPolicyManager(727): setOutputDevice() setting same device 0x0000 or null device
04-02 02:41:50.014: V/AudioPolicyManagerCustom(727): getNewOutputDevice() selected device 0
04-02 02:41:50.014: V/APM_AudioPolicyManager(727): setOutputDevice() device 0000 delayMs 0
04-02 02:41:50.014: V/APM_AudioPolicyManager(727): setOutputDevice() prevDevice 0x0002
04-02 02:41:50.015: V/APM_AudioPolicyManager(727): setOutputDevice() setting same device 0x0000 or null device
04-02 02:41:50.017: V/AudioPolicyIntefaceImpl(727): setForceUse()
04-02 02:41:50.017: D/AudioPolicyManagerCustom(727): setForceUse() usage 2, config 0, mPhoneState 0
04-02 02:41:50.017: V/AudioPolicyManagerCustom(727): getNewOutputDevice() selected device 0
04-02 02:41:50.017: V/APM_AudioPolicyManager(727): setOutputDevice() device 0000 delayMs 0
04-02 02:41:50.017: V/APM_AudioPolicyManager(727): setOutputDevice() prevDevice 0x10000
04-02 02:41:50.018: V/APM_AudioPolicyManager(727): setOutputDevice() setting same device 0x0000 or null device
04-02 02:41:50.018: V/AudioPolicyManagerCustom(727): getNewOutputDevice() selected device 0
04-02 02:41:50.018: V/APM_AudioPolicyManager(727): setOutputDevice() device 0000 delayMs 0
04-02 02:41:50.018: V/APM_AudioPolicyManager(727): setOutputDevice() prevDevice 0x0002
04-02 02:41:50.018: V/APM_AudioPolicyManager(727): setOutputDevice() setting same device 0x0000 or null device
04-02 02:41:50.018: V/AudioPolicyManagerCustom(727): getNewOutputDevice() selected device 0
04-02 02:41:50.018: V/APM_AudioPolicyManager(727): setOutputDevice() device 0000 delayMs 0
04-02 02:41:50.018: V/APM_AudioPolicyManager(727): setOutputDevice() prevDevice 0x0002
04-02 02:41:50.018: V/APM_AudioPolicyManager(727): setOutputDevice() setting same device 0x0000 or null device
04-02 02:41:50.018: V/AudioPolicyManagerCustom(727): getNewOutputDevice() selected device 0
04-02 02:41:50.018: V/APM_AudioPolicyManager(727): setOutputDevice() device 0000 delayMs 0
04-02 02:41:50.018: V/APM_AudioPolicyManager(727): setOutputDevice() prevDevice 0x0002
04-02 02:41:50.018: V/APM_AudioPolicyManager(727): setOutputDevice() setting same device 0x0000 or null device
04-02 02:41:50.020: I/StatusBar(1818): isKeyguardShowing() called before startKeyguard(), returning true
04-02 02:41:50.021: W/StatusBar(1818): isKeyguardSecure() called before startKeyguard(), returning false
04-02 02:41:50.021: W/StatusBar(1818): java.lang.Throwable
04-02 02:41:50.021: W/StatusBar(1818): 	at com.android.systemui.statusbar.BaseStatusBar.isKeyguardSecure(BaseStatusBar.java:2675)
04-02 02:41:50.021: W/StatusBar(1818): 	at com.android.systemui.statusbar.BaseStatusBar.isCameraAllowedByAdmin(BaseStatusBar.java:2698)
04-02 02:41:50.021: W/StatusBar(1818): 	at com.android.systemui.statusbar.phone.KeyguardBottomAreaView.updateCameraVisibility(KeyguardBottomAreaView.java:315)
04-02 02:41:50.021: W/StatusBar(1818): 	at com.android.systemui.statusbar.phone.KeyguardBottomAreaView.setUserSetupComplete(KeyguardBottomAreaView.java:287)
04-02 02:41:50.021: W/StatusBar(1818): 	at com.android.systemui.statusbar.phone.PhoneStatusBar.makeStatusBarView(PhoneStatusBar.java:967)
04-02 02:41:50.021: W/StatusBar(1818): 	at com.android.systemui.statusbar.phone.PhoneStatusBar.addStatusBarWindow(PhoneStatusBar.java:3568)
04-02 02:41:50.021: W/StatusBar(1818): 	at com.android.systemui.statusbar.phone.PhoneStatusBar.createAndAddWindows(PhoneStatusBar.java:3564)
04-02 02:41:50.021: W/StatusBar(1818): 	at com.android.systemui.statusbar.BaseStatusBar.start(BaseStatusBar.java:772)
04-02 02:41:50.021: W/StatusBar(1818): 	at com.android.systemui.statusbar.phone.PhoneStatusBar.start(PhoneStatusBar.java:710)
04-02 02:41:50.021: W/StatusBar(1818): 	at com.android.systemui.statusbar.SystemBars.createStatusBarFromConfig(SystemBars.java:106)
04-02 02:41:50.021: W/StatusBar(1818): 	at com.android.systemui.statusbar.SystemBars.onNoService(SystemBars.java:58)
04-02 02:41:50.021: W/StatusBar(1818): 	at com.android.systemui.statusbar.ServiceMonitor.startService(ServiceMonitor.java:230)
04-02 02:41:50.021: W/StatusBar(1818): 	at com.android.systemui.statusbar.ServiceMonitor.-wrap5(ServiceMonitor.java)
04-02 02:41:50.021: W/StatusBar(1818): 	at com.android.systemui.statusbar.ServiceMonitor$1.handleMessage(ServiceMonitor.java:73)
04-02 02:41:50.021: W/StatusBar(1818): 	at android.os.Handler.dispatchMessage(Handler.java:102)
04-02 02:41:50.021: W/StatusBar(1818): 	at android.os.Looper.loop(Looper.java:154)
04-02 02:41:50.021: W/StatusBar(1818): 	at android.app.ActivityThread.main(ActivityThread.java:6121)
04-02 02:41:50.021: W/StatusBar(1818): 	at java.lang.reflect.Method.invoke(Native Method)
04-02 02:41:50.021: W/StatusBar(1818): 	at com.android.internal.os.ZygoteInit$MethodAndArgsCaller.run(ZygoteInit.java:889)
04-02 02:41:50.021: W/StatusBar(1818): 	at com.android.internal.os.ZygoteInit.main(ZygoteInit.java:779)
04-02 02:41:50.047: V/KeyguardUpdateMonitor(1818): *** register callback for com.android.systemui.statusbar.policy.KeyguardMonitor@4d09249
04-02 02:41:50.047: V/KeyguardUpdateMonitor(1818): *** unregister callback for null
04-02 02:41:50.178: E/ActivityThread(1818): Failed to find provider info for com.android.contacts
04-02 02:41:50.179: I/StatusBar(1818): isKeyguardShowing() called before startKeyguard(), returning true
04-02 02:41:50.180: W/StatusBar(1818): isKeyguardSecure() called before startKeyguard(), returning false
04-02 02:41:50.180: W/StatusBar(1818): java.lang.Throwable
04-02 02:41:50.180: W/StatusBar(1818): 	at com.android.systemui.statusbar.BaseStatusBar.isKeyguardSecure(BaseStatusBar.java:2675)
04-02 02:41:50.180: W/StatusBar(1818): 	at com.android.systemui.statusbar.BaseStatusBar.isCameraAllowedByAdmin(BaseStatusBar.java:2698)
04-02 02:41:50.180: W/StatusBar(1818): 	at com.android.systemui.statusbar.phone.KeyguardBottomAreaView.updateCameraVisibility(KeyguardBottomAreaView.java:315)
04-02 02:41:50.180: W/StatusBar(1818): 	at com.android.systemui.statusbar.phone.KeyguardBottomAreaView.setUserSetupComplete(KeyguardBottomAreaView.java:287)
04-02 02:41:50.180: W/StatusBar(1818): 	at com.android.systemui.statusbar.phone.PhoneStatusBar$1.onChange(PhoneStatusBar.java:461)
04-02 02:41:50.180: W/StatusBar(1818): 	at com.android.systemui.statusbar.phone.PhoneStatusBar.resetUserSetupObserver(PhoneStatusBar.java:3815)
04-02 02:41:50.180: W/StatusBar(1818): 	at com.android.systemui.statusbar.phone.PhoneStatusBar.makeStatusBarView(PhoneStatusBar.java:1073)
04-02 02:41:50.180: W/StatusBar(1818): 	at com.android.systemui.statusbar.phone.PhoneStatusBar.addStatusBarWindow(PhoneStatusBar.java:3568)
04-02 02:41:50.180: W/StatusBar(1818): 	at com.android.systemui.statusbar.phone.PhoneStatusBar.createAndAddWindows(PhoneStatusBar.java:3564)
04-02 02:41:50.180: W/StatusBar(1818): 	at com.android.systemui.statusbar.BaseStatusBar.start(BaseStatusBar.java:772)
04-02 02:41:50.180: W/StatusBar(1818): 	at com.android.systemui.statusbar.phone.PhoneStatusBar.start(PhoneStatusBar.java:710)
04-02 02:41:50.180: W/StatusBar(1818): 	at com.android.systemui.statusbar.SystemBars.createStatusBarFromConfig(SystemBars.java:106)
04-02 02:41:50.180: W/StatusBar(1818): 	at com.android.systemui.statusbar.SystemBars.onNoService(SystemBars.java:58)
04-02 02:41:50.180: W/StatusBar(1818): 	at com.android.systemui.statusbar.ServiceMonitor.startService(ServiceMonitor.java:230)
04-02 02:41:50.180: W/StatusBar(1818): 	at com.android.systemui.statusbar.ServiceMonitor.-wrap5(ServiceMonitor.java)
04-02 02:41:50.180: W/StatusBar(1818): 	at com.android.systemui.statusbar.ServiceMonitor$1.handleMessage(ServiceMonitor.java:73)
04-02 02:41:50.180: W/StatusBar(1818): 	at android.os.Handler.dispatchMessage(Handler.java:102)
04-02 02:41:50.180: W/StatusBar(1818): 	at android.os.Looper.loop(Looper.java:154)
04-02 02:41:50.180: W/StatusBar(1818): 	at android.app.ActivityThread.main(ActivityThread.java:6121)
04-02 02:41:50.180: W/StatusBar(1818): 	at java.lang.reflect.Method.invoke(Native Method)
04-02 02:41:50.180: W/StatusBar(1818): 	at com.android.internal.os.ZygoteInit$MethodAndArgsCaller.run(ZygoteInit.java:889)
04-02 02:41:50.180: W/StatusBar(1818): 	at com.android.internal.os.ZygoteInit.main(ZygoteInit.java:779)
04-02 02:41:50.189: D/OpenGLRenderer(1818): profile bars disabled
04-02 02:41:50.190: D/OpenGLRenderer(1818): ambientRatio = 1.50
04-02 02:41:50.210: D/PhoneStatusBar(1818): disable: < EXPAND* icons alerts system_info BACK* HOME* RECENT* clock SEARCH* quick_settings >
04-02 02:41:50.226: D/SimSelectNotification(1841):  no of slots 2 provision = true
04-02 02:41:50.257: V/AudioFlinger(727): releaseWakeLock_l() AudioOut_1D
04-02 02:41:50.258: V/AudioFlinger(727): thread 0xe8583580 type 0 TID 1083 going to sleep
04-02 02:41:50.269: I/ActivityManager(1397): Start proc 2415:org.codeaurora.ims/1001 for broadcast org.codeaurora.ims/.ImsServiceAutoboot
04-02 02:41:50.288: I/chatty(1397): uid=1000 system_server expire 62 lines
04-02 02:41:50.358: I/chatty(1397): uid=1000(system) android.bg expire 10 lines
04-02 02:41:50.361: D/PhoneStatusBar(1818): heads up is enabled
04-02 02:41:50.366: V/KeyguardUpdateMonitor(1818): *** register callback for com.android.systemui.statusbar.phone.FingerprintUnlockController@4b526f8
04-02 02:41:50.366: V/KeyguardUpdateMonitor(1818): *** unregister callback for null
04-02 02:41:50.366: V/KeyguardUpdateMonitor(1818): *** register callback for com.android.systemui.statusbar.phone.KeyguardBouncer$1@ed157d1
04-02 02:41:50.366: V/KeyguardUpdateMonitor(1818): *** unregister callback for null
04-02 02:41:50.366: V/KeyguardUpdateMonitor(1818): *** register callback for com.android.systemui.statusbar.phone.PhoneStatusBar$10@48a4236
04-02 02:41:50.366: V/KeyguardUpdateMonitor(1818): *** unregister callback for null
04-02 02:41:50.396: D/KeyguardUpdateMonitor(1818): handleRingerModeChange(2)
04-02 02:41:50.399: D/KeyguardUpdateMonitor(1818): received broadcast android.intent.action.BATTERY_CHANGED
04-02 02:41:50.406: I/Choreographer(1818): Skipped 226 frames!  The application may be doing too much work on its main thread.
04-02 02:41:50.420: I/chatty(2415): uid=1001(radio) org.codeaurora.ims expire 3 lines
04-02 02:41:50.429: D/CellBroadcastReceiver(2245): onReceive Intent { act=android.intent.action.SIM_STATE_CHANGED flg=0x4000010 cmp=com.android.cellbroadcastreceiver/.CellBroadcastReceiver (has extras) }
04-02 02:41:50.433: D/ViewRootImpl[StatusBar](1818): changeCanvasOpacity: opaque=true
04-02 02:41:50.469: V/KeyguardUpdateMonitor(1818): *** register callback for com.android.keyguard.CarrierText$1@945a47a
04-02 02:41:50.469: V/KeyguardUpdateMonitor(1818): *** unregister callback for null
04-02 02:41:50.470: D/CarrierText(1818): updateCarrierText(): 0
04-02 02:41:50.476: V/KeyguardUpdateMonitor(1818): *** register callback for com.android.keyguard.KeyguardStatusView$1@b20642b
04-02 02:41:50.476: V/KeyguardUpdateMonitor(1818): *** unregister callback for null
04-02 02:41:50.644: V/KeyguardUpdateMonitor(1818): *** register callback for com.android.keyguard.CarrierText$1@b540b
04-02 02:41:50.644: V/KeyguardUpdateMonitor(1818): *** unregister callback for null
04-02 02:41:50.644: D/CarrierText(1818): updateCarrierText(): 0
04-02 02:41:50.662: V/KeyguardUpdateMonitor(1818): *** register callback for com.android.keyguard.CarrierText$1@a1da7a6
04-02 02:41:50.662: V/KeyguardUpdateMonitor(1818): *** unregister callback for null
04-02 02:41:50.663: D/CarrierText(1818): updateCarrierText(): 0
04-02 02:41:50.669: V/KeyguardUpdateMonitor(1818): *** register callback for com.android.keyguard.EmergencyButton$1@81925e7
04-02 02:41:50.669: V/KeyguardUpdateMonitor(1818): *** unregister callback for null
04-02 02:41:50.786: W/QCNEJ(2059): |CORE| CNE received unexpected action: android.intent.action.BATTERY_CHANGED
04-02 02:41:50.842: I/Telecom(1397): PhoneAccountRegistrar: [ComponentInfo{com.android.phone/com.android.services.telephony.TelephonyConnectionService}, [e0184adedf913b076626646d3f52c3b49c39ad6d], UserHandle{0}(icon: Icon(typ=BITMAP size=57x72) -> Icon(typ=BITMAP size=57x72))]: TSI.rPA@AAg
04-02 02:41:50.849: I/Telecom(1397): : Sending phone-account registered intent as user: TSI.rPA@AAg
04-02 02:41:50.852: I/Adreno(1818): QUALCOMM build                   : cce9f40, Ifcb662fdfd
04-02 02:41:50.852: I/Adreno(1818): Build Date                       : 07/11/17
04-02 02:41:50.852: I/Adreno(1818): OpenGL ES Shader Compiler Version: XE031.09.00.04
04-02 02:41:50.852: I/Adreno(1818): Local Branch                     : 
04-02 02:41:50.852: I/Adreno(1818): Remote Branch                    : 
04-02 02:41:50.852: I/Adreno(1818): Remote Branch                    : 
04-02 02:41:50.852: I/Adreno(1818): Reconstruct Branch               : 
04-02 02:41:50.864: W/XTCC-5.1.0.23-d(1151): [CS-RIL-LISTENER] timerCallback fired for ril update registering, re-register
04-02 02:41:50.865: I/OpenGLRenderer(1818): Initialized EGL, version 1.4
04-02 02:41:50.865: D/OpenGLRenderer(1818): Swap behavior 1
04-02 02:41:50.892: I/chatty(1397): uid=1000(system) android.display expire 7 lines
04-02 02:41:50.915: I/chatty(1397): uid=1000(system) android.ui expire 2 lines
04-02 02:41:50.916: D/KeyguardUpdateMonitor(1818): received broadcast android.intent.action.SIM_STATE_CHANGED
04-02 02:41:50.917: V/KeyguardUpdateMonitor(1818): action android.intent.action.SIM_STATE_CHANGED state: NOT_READY slotId: 0 subid: 2147483643
04-02 02:41:50.921: D/KeyguardUpdateMonitor(1818): received broadcast android.intent.action.BATTERY_CHANGED
04-02 02:41:50.927: D/KeyguardViewMediator(1818): onSystemReady
04-02 02:41:50.928: D/BatteryController(1818): [onReceive] isPlugged : 2
04-02 02:41:50.930: D/WifiService(1397): New client listening to asynchronous messages
04-02 02:41:50.932: D/CryptdConnector(1397): SND -> {3 cryptfs getpw}
04-02 02:41:50.933: D/VoldCryptCmdListener(422): cryptfs getpw
04-02 02:41:50.934: D/CryptdConnector(1397): RCV <- {200 3 -1}
04-02 02:41:50.935: D/CryptdConnector(1397): SND -> {4 cryptfs clearpw}
04-02 02:41:50.935: I/Telecom(1397): PhoneAccountRegistrar: [ComponentInfo{com.android.phone/com.android.services.telephony.TelephonyConnectionService}, [e0184adedf913b076626646d3f52c3b49c39ad6d], UserHandle{0}(icon: Icon(typ=BITMAP size=57x72) -> Icon(typ=BITMAP size=57x72))]: TSI.rPA@AAs
04-02 02:41:50.935: D/VoldCryptCmdListener(422): cryptfs clearpw
04-02 02:41:50.936: D/CryptdConnector(1397): RCV <- {200 4 0}
04-02 02:41:50.938: D/KeyguardViewMediator(1818): doKeyguard: showing the lock screen
04-02 02:41:50.939: D/KeyguardViewMediator(1818): showLocked
04-02 02:41:50.939: I/Telecom(1397): : Sending phone-account registered intent as user: TSI.rPA@AAs
04-02 02:41:50.941: V/KeyguardUpdateMonitor(1818): *** register callback for com.android.systemui.keyguard.KeyguardViewMediator$1@6f54656
04-02 02:41:50.941: V/KeyguardUpdateMonitor(1818): *** unregister callback for null
04-02 02:41:50.943: D/KeyguardViewMediator(1818): adjustStatusBarLocked: mShowing=true mOccluded=false isSecure=false --> flags=0x3200000
04-02 02:41:50.948: D/KeyguardViewMediator(1818): onStartedWakingUp, seq = 1
04-02 02:41:50.948: D/KeyguardViewMediator(1818): notifyStartedWakingUp
04-02 02:41:50.948: I/CNSS(705): cnss_open_log_file: create directory /sdcard/wlan_logs/ ret = -1 errno= 2
04-02 02:41:50.959: D/KeyguardViewMediator(1818): notifyScreenOn
04-02 02:41:50.960: D/KeyguardViewMediator(1818): notifyScreenTurnedOn
04-02 02:41:50.966: D/KeyguardViewMediator(1818): setOccluded true
04-02 02:41:50.992: D/KeyguardUpdateMonitor(1818): received broadcast android.media.RINGER_MODE_CHANGED
04-02 02:41:50.992: D/KeyguardUpdateMonitor(1818): received broadcast android.intent.action.SIM_STATE_CHANGED
04-02 02:41:50.992: V/KeyguardUpdateMonitor(1818): action android.intent.action.SIM_STATE_CHANGED state: NOT_READY slotId: 1 subid: 2147483644
04-02 02:41:51.002: I/chatty(2093): uid=1001(radio) IFMsg_Rxr expire 20 lines
04-02 02:41:51.033: I/Telecom(1397): ViceNotificationImpl: mImsIntentReceiver: action com.android.ims.IMS_SERVICE_UP
04-02 02:41:51.075: D/KeyguardUpdateMonitor(1818): received broadcast android.intent.action.SERVICE_STATE
04-02 02:41:51.075: V/KeyguardUpdateMonitor(1818): action android.intent.action.SERVICE_STATE serviceState=1 1 voice home data home null null null null null null  Unknown Unknown CSS not supported -1 -1 RoamInd=-1 DefRoamInd=-1 EmergOnly=false IsDataRoamingFromRegistration=false IsUsingCarrierAggregation=false mRilImsRadioTechnology=0 subId=2147483643 phoneId=0
04-02 02:41:51.075: D/KeyguardUpdateMonitor(1818): handleBatteryUpdate
04-02 02:41:51.075: I/Choreographer(1818): Skipped 39 frames!  The application may be doing too much work on its main thread.
04-02 02:41:51.130: I/SurfaceFlinger(536): Boot is finished (27705 ms)
04-02 02:41:51.160: D/SimSelectNotification(1841):  no of slots 2 provision = true
04-02 02:41:51.176: D/CellBroadcastReceiver(2245): onReceive Intent { act=android.intent.action.SERVICE_STATE flg=0x10 cmp=com.android.cellbroadcastreceiver/.CellBroadcastReceiver (has extras) }
04-02 02:41:51.176: D/CellBroadcastReceiver(2245): Intent: android.intent.action.SERVICE_STATE
04-02 02:41:51.177: D/CellBroadcastReceiver(2245): Service state changed! 1 Full: 1 1 voice home data home null null null null null null  Unknown Unknown CSS not supported -1 -1 RoamInd=-1 DefRoamInd=-1 EmergOnly=false IsDataRoamingFromRegistration=false IsUsingCarrierAggregation=false mRilImsRadioTechnology=0 Current state=-1
