04-02 02:41:59.023: I/OmaDrmEngine(731): OmaDrmEngine::onSetOnInfoListener
04-02 02:41:59.023: V/OmaDrmEngine(731): Found infoListenerClient
04-02 02:41:59.029: I/OmaDrmEngine(731): OmaDrmEngine::onOpenDecryptSession! fd = 7
04-02 02:41:59.030: D/OmaDrmFile(731): Coming into OmaDrmDcfFile_ParserDcf, fd =  9
04-02 02:41:59.031: E/OmaDrmFile(731): Unable to open Temp media file : No such file or directory 
04-02 02:41:59.031: E/OmaDrmFile(731): Invalid drm version
04-02 02:41:59.031: V/OmaDrmFile(731): DCF releases
04-02 02:41:59.031: I/OmaDrmEngine(731): OmaDrmEngine::onOpenDecryptSession Exit. result = -2006
04-02 02:41:59.034: I/OmaDrmEngine(731): OmaDrmEngine::onTerminate
04-02 02:41:59.035: V/MediaExtractor(749): get service manager
04-02 02:41:59.045: V/MediaExtractorService(746): @@@ MediaExtractorService::makeExtractor for (null) extFlags 0
04-02 02:41:59.047: V/MediaExtractor(746): MediaExtractor::CreateFromService (null) flags 0
04-02 02:41:59.050: V/MediaExtractor(749): readAt(0, 2048)
04-02 02:41:59.051: V/MPEG4Extractor(746): saw chunk type ftyp, size 24 @ 0
04-02 02:41:59.054: V/MPEG4Extractor(746): saw chunk type moov, size 4534 @ 24
04-02 02:41:59.054: V/MPEG4Extractor(746): found metadata size: 4558
04-02 02:41:59.056: V/MediaExtractor(749): readAt(2048, 2048)
04-02 02:41:59.057: V/MediaExtractor(749): readAt(4096, 2048)
04-02 02:41:59.058: V/MediaExtractor(749): readAt(6144, 2048)
04-02 02:41:59.059: V/MediaExtractor(749): readAt(8192, 2048)
04-02 02:41:59.060: V/MediaExtractor(749): readAt(10240, 2048)
04-02 02:41:59.061: V/MediaExtractor(749): readAt(12288, 2048)
04-02 02:41:59.062: V/MediaExtractor(749): readAt(14336, 2048)
04-02 02:41:59.063: V/MediaExtractor(749): readAt(16384, 2048)
04-02 02:41:59.064: V/MediaExtractor(749): readAt(18432, 2048)
04-02 02:41:59.065: V/MediaExtractor(749): readAt(20480, 2048)
04-02 02:41:59.066: V/MediaExtractor(749): readAt(22528, 2048)
04-02 02:41:59.067: V/MediaExtractor(749): readAt(24576, 2048)
04-02 02:41:59.068: V/MediaExtractor(749): readAt(26624, 2048)
04-02 02:41:59.069: V/MediaExtractor(749): readAt(28672, 2048)
04-02 02:41:59.070: V/MediaExtractor(749): readAt(30720, 2048)
04-02 02:41:59.071: V/MediaExtractor(749): readAt(32768, 2048)
04-02 02:41:59.072: V/MediaExtractor(749): readAt(34816, 2048)
04-02 02:41:59.072: V/MediaExtractor(749): readAt(36864, 2048)
04-02 02:41:59.073: V/MediaExtractor(749): readAt(38912, 2048)
04-02 02:41:59.074: V/MediaExtractor(749): readAt(40960, 2048)
04-02 02:41:59.075: V/MediaExtractor(749): readAt(43008, 2048)
04-02 02:41:59.076: V/MediaExtractor(749): readAt(45056, 2048)
04-02 02:41:59.077: V/MediaExtractor(749): readAt(47104, 2048)
04-02 02:41:59.078: V/MediaExtractor(749): readAt(49152, 2048)
04-02 02:41:59.079: V/MediaExtractor(749): readAt(51200, 2048)
04-02 02:41:59.080: V/MediaExtractor(749): readAt(53248, 2048)
04-02 02:41:59.081: V/MediaExtractor(749): readAt(55296, 2048)
04-02 02:41:59.081: V/MediaExtractor(749): readAt(57344, 2048)
04-02 02:41:59.082: V/MediaExtractor(749): readAt(59392, 2048)
04-02 02:41:59.083: V/MediaExtractor(749): readAt(61440, 2048)
04-02 02:41:59.083: V/MediaExtractor(749): readAt(63488, 2048)
04-02 02:41:59.084: V/MediaExtractor(749): readAt(65536, 2048)
04-02 02:41:59.085: V/MediaExtractor(749): readAt(67584, 2048)
04-02 02:41:59.086: V/MediaExtractor(749): readAt(69632, 2048)
04-02 02:41:59.087: V/MediaExtractor(749): readAt(71680, 2048)
04-02 02:41:59.088: V/MediaExtractor(749): readAt(73728, 2048)
04-02 02:41:59.089: V/MediaExtractor(749): readAt(75776, 2048)
04-02 02:41:59.090: V/MediaExtractor(749): readAt(77824, 2048)
04-02 02:41:59.092: V/MediaExtractor(749): readAt(79872, 2048)
04-02 02:41:59.092: V/MediaExtractor(749): readAt(81920, 2048)
04-02 02:41:59.093: V/MediaExtractor(749): readAt(83968, 2048)
04-02 02:41:59.094: V/MediaExtractor(749): readAt(86016, 2048)
04-02 02:41:59.095: V/MediaExtractor(749): readAt(88064, 2048)
04-02 02:41:59.095: V/MediaExtractor(749): readAt(90112, 2048)
04-02 02:41:59.096: V/MediaExtractor(749): readAt(92160, 2048)
04-02 02:41:59.097: V/MediaExtractor(749): readAt(94208, 2048)
04-02 02:41:59.098: V/MediaExtractor(749): readAt(96256, 2048)
04-02 02:41:59.105: V/MediaExtractor(749): readAt(98304, 2048)
04-02 02:41:59.106: V/MediaExtractor(749): readAt(100352, 2048)
04-02 02:41:59.107: V/MediaExtractor(749): readAt(102400, 2048)
04-02 02:41:59.108: V/MediaExtractor(749): readAt(104448, 2048)
04-02 02:41:59.108: V/MediaExtractor(749): readAt(106496, 2048)
04-02 02:41:59.109: V/MediaExtractor(749): readAt(108544, 2048)
04-02 02:41:59.110: V/MediaExtractor(749): readAt(110592, 2048)
04-02 02:41:59.111: V/MediaExtractor(749): readAt(112640, 2048)
04-02 02:41:59.111: V/MediaExtractor(749): readAt(114688, 2048)
04-02 02:41:59.112: V/MediaExtractor(749): readAt(116736, 2048)
04-02 02:41:59.113: V/MediaExtractor(749): readAt(118784, 2048)
04-02 02:41:59.114: V/MediaExtractor(749): readAt(120832, 2048)
04-02 02:41:59.115: V/MediaExtractor(749): readAt(122880, 2048)
04-02 02:41:59.116: V/MediaExtractor(749): readAt(124928, 2048)
04-02 02:41:59.116: V/MediaExtractor(749): readAt(126976, 2048)
04-02 02:41:59.117: V/MediaExtractor(749): readAt(129024, 2048)
04-02 02:41:59.119: V/MediaExtractor(749): readAt(131072, 2048)
04-02 02:41:59.119: V/MP3Extractor(746): giving up at offset 131072
04-02 02:41:59.119: V/MediaExtractor(749): readAt(0, 2048)
04-02 02:41:59.120: V/MidiExtractor(746): SniffMidi: no
04-02 02:41:59.122: I/OmaDrmEngine(731): OmaDrmEngine::onInitialize
04-02 02:41:59.122: I/OmaDrmEngine(731): OmaDrmEngine::onInitialize -- OmaDrmGlue_InitializeKeyEncryption succeeded
04-02 02:41:59.122: I/OmaDrmEngine(731): OmaDrmEngine::onSetOnInfoListener
04-02 02:41:59.122: V/OmaDrmEngine(731): Found infoListenerClient
04-02 02:41:59.123: I/OmaDrmEngine(731): OmaDrmEngine::onOpenDecryptSession! fd = 7
04-02 02:41:59.123: D/OmaDrmFile(731): Coming into OmaDrmDcfFile_ParserDcf, fd =  9
04-02 02:41:59.123: E/OmaDrmFile(731): Unable to open Temp media file : No such file or directory 
04-02 02:41:59.124: E/OmaDrmFile(731): Invalid drm version
04-02 02:41:59.124: V/OmaDrmFile(731): DCF releases
04-02 02:41:59.124: I/OmaDrmEngine(731): OmaDrmEngine::onOpenDecryptSession Exit. result = -2006
04-02 02:41:59.125: I/OmaDrmEngine(731): OmaDrmEngine::onTerminate
04-02 02:41:59.127: I/OmaDrmEngine(731): OmaDrmEngine::onInitialize
04-02 02:41:59.128: I/OmaDrmEngine(731): OmaDrmEngine::onInitialize -- OmaDrmGlue_InitializeKeyEncryption succeeded
04-02 02:41:59.128: I/OmaDrmEngine(731): OmaDrmEngine::onSetOnInfoListener
04-02 02:41:59.128: V/OmaDrmEngine(731): Found infoListenerClient
04-02 02:41:59.129: I/OmaDrmEngine(731): OmaDrmEngine::onOpenDecryptSession! fd = 7
04-02 02:41:59.129: D/OmaDrmFile(731): Coming into OmaDrmDcfFile_ParserDcf, fd =  9
04-02 02:41:59.129: E/OmaDrmFile(731): Unable to open Temp media file : No such file or directory 
04-02 02:41:59.129: E/OmaDrmFile(731): Invalid drm version
04-02 02:41:59.129: V/OmaDrmFile(731): DCF releases
04-02 02:41:59.129: I/OmaDrmEngine(731): OmaDrmEngine::onOpenDecryptSession Exit. result = -2006
04-02 02:41:59.130: I/OmaDrmEngine(731): OmaDrmEngine::onTerminate
04-02 02:41:59.131: V/MediaExtractor(746): Autodetected media content as 'video/mp4' with confidence 0.80
04-02 02:41:59.132: I/ExtendedExtractor(746): QTIParser is prefered .. flags 0
04-02 02:41:59.132: V/MediaExtractor(749): readAt(0, 2048)
04-02 02:41:59.132: I/MediaExtractor(746): extractor created in uid: 1040 (mediaex)
04-02 02:41:59.133: D/MMParserExtractor(746): setExtraFlags called with flags 0 for paser instance e9c23cd0
04-02 02:41:59.133: I/ExtendedExtractor(746): ExtendedExtractor::create 0xe9c23cd0
04-02 02:41:59.133: V/MediaExtractorService(746): extractor service created 0xe9c23cd0 (<unspecified>)
04-02 02:41:59.137: V/MetadataRetrieverClient(749): extractMetadata
04-02 02:41:59.137: V/BpMediaExtractor(749): getMetaData
04-02 02:41:59.139: V/BnMediaExtractor(746): getMetaData
04-02 02:41:59.144: V/MediaExtractor(749): readAt(140, 65536)
04-02 02:41:59.145: V/MediaExtractor(749): readAt(65676, 65536)
04-02 02:41:59.146: V/MediaExtractor(749): readAt(131212, 65536)
04-02 02:41:59.148: V/MediaExtractor(749): readAt(196748, 65536)
04-02 02:41:59.150: V/MediaExtractor(749): readAt(262284, 65536)
04-02 02:41:59.151: V/MediaExtractor(749): readAt(327820, 65536)
04-02 02:41:59.154: V/MediaExtractor(749): readAt(393356, 65536)
04-02 02:41:59.156: V/MediaExtractor(749): readAt(458892, 65536)
04-02 02:41:59.158: V/MediaExtractor(749): readAt(524428, 65536)
04-02 02:41:59.160: V/MediaExtractor(749): readAt(589964, 65536)
04-02 02:41:59.162: V/MediaExtractor(749): readAt(655500, 65536)
04-02 02:41:59.164: V/MediaExtractor(749): readAt(721036, 65536)
04-02 02:41:59.167: V/MediaExtractor(749): readAt(786572, 65536)
04-02 02:41:59.169: V/MediaExtractor(749): readAt(852108, 65536)
04-02 02:41:59.170: V/MediaExtractor(749): readAt(917644, 65536)
04-02 02:41:59.172: V/MediaExtractor(749): readAt(983180, 65536)
04-02 02:41:59.175: V/MediaExtractor(749): readAt(24, 4542)
04-02 02:41:59.177: V/MediaExtractor(749): readAt(4418, 2048)
04-02 02:41:59.185: V/MediaExtractor(749): readAt(0, 2048)
04-02 02:41:59.186: V/MediaExtractor(749): readAt(140, 65536)
04-02 02:41:59.188: V/MediaExtractor(749): readAt(65676, 65536)
04-02 02:41:59.189: V/MediaExtractor(749): readAt(131212, 65536)
04-02 02:41:59.198: V/MediaExtractor(749): readAt(196748, 65536)
04-02 02:41:59.200: V/MediaExtractor(749): readAt(262284, 65536)
04-02 02:41:59.202: V/MediaExtractor(749): readAt(327820, 65536)
04-02 02:41:59.203: V/MediaExtractor(749): readAt(393356, 65536)
04-02 02:41:59.205: V/MediaExtractor(749): readAt(458892, 65536)
04-02 02:41:59.209: V/MediaExtractor(749): readAt(24, 4542)
04-02 02:41:59.210: V/MediaExtractor(749): readAt(4418, 2048)
04-02 02:41:59.213: V/MediaExtractor(749): readAt(822830, 65536)
04-02 02:41:59.216: V/MediaExtractor(749): readAt(888366, 65536)
04-02 02:41:59.218: V/MediaExtractor(749): readAt(953902, 65536)
04-02 02:41:59.226: V/MediaExtractor(749): readAt(1019438, 65536)
04-02 02:41:59.228: V/MediaExtractor(749): readAt(1084974, 12875)
04-02 02:41:59.229: D/KeyguardUpdateMonitor(1818): received broadcast android.intent.action.BOOT_COMPLETED
04-02 02:41:59.233: V/MediaExtractor(749): readAt(4704446, 65192)
04-02 02:41:59.236: V/MediaExtractor(749): readAt(8527527, 65536)
04-02 02:41:59.244: V/MediaExtractor(749): readAt(8593063, 65536)
04-02 02:41:59.248: I/chatty(1397): uid=1000 system_server expire 1 line
04-02 02:41:59.252: V/MediaExtractor(749): readAt(8658599, 48102)
04-02 02:41:59.258: V/MediaExtractor(749): readAt(12488935, 65536)
04-02 02:41:59.261: V/MediaExtractor(749): readAt(12554471, 65536)
04-02 02:41:59.267: V/MediaExtractor(749): readAt(12620007, 3667)
04-02 02:41:59.269: V/MediaExtractor(749): readAt(16324475, 65536)
04-02 02:41:59.274: I/BootReceiver(1397): Copying audit failures to DropBox
04-02 02:41:59.274: I/BootReceiver(1397): Checking for fsck errors
04-02 02:41:59.275: V/MediaExtractor(749): readAt(16390011, 65536)
04-02 02:41:59.278: V/MediaExtractor(749): readAt(16455547, 12681)
04-02 02:41:59.283: V/BpMediaExtractor(749): countTracks
04-02 02:41:59.283: I/ActivityManager(1397): Start proc 3077:com.android.timerswitch/1000 for broadcast com.android.timerswitch/.TimerSwitchInitReceiver
04-02 02:41:59.283: V/BnMediaExtractor(746): countTracks
04-02 02:41:59.284: V/BpMediaExtractor(749): getTrackMetaData(0, 0)
04-02 02:41:59.284: V/BnMediaExtractor(746): getTrackMetaData
04-02 02:41:59.285: V/BpMediaExtractor(749): getTrackMetaData(1, 0)
04-02 02:41:59.285: V/BnMediaExtractor(746): getTrackMetaData
04-02 02:41:59.286: V/BpMediaExtractor(749): getDrmFlag
04-02 02:41:59.290: V/BnMediaExtractor(746): getDrmFlag
04-02 02:41:59.294: V/MetadataRetrieverClient(749): extractMetadata
04-02 02:41:59.296: V/MetadataRetrieverClient(749): extractMetadata
04-02 02:41:59.299: V/MetadataRetrieverClient(749): extractMetadata
04-02 02:41:59.301: V/MetadataRetrieverClient(749): extractMetadata
04-02 02:41:59.302: V/MetadataRetrieverClient(749): extractMetadata
04-02 02:41:59.308: V/MetadataRetrieverClient(749): extractMetadata
04-02 02:41:59.310: V/MetadataRetrieverClient(749): extractMetadata
04-02 02:41:59.312: V/MetadataRetrieverClient(749): extractMetadata
04-02 02:41:59.319: V/MetadataRetrieverClient(749): extractMetadata
04-02 02:41:59.320: V/MetadataRetrieverClient(749): extractMetadata
04-02 02:41:59.323: V/MetadataRetrieverClient(749): extractMetadata
04-02 02:41:59.331: V/MetadataRetrieverClient(749): extractMetadata
04-02 02:41:59.334: V/MetadataRetrieverClient(749): extractMetadata
04-02 02:41:59.335: V/MetadataRetrieverClient(749): extractMetadata
04-02 02:41:59.337: V/MetadataRetrieverClient(749): extractMetadata
04-02 02:41:59.339: V/MetadataRetrieverClient(749): extractMetadata
04-02 02:41:59.340: V/MetadataRetrieverClient(749): disconnect from pid 2991
04-02 02:41:59.344: V/MetadataRetrieverClient(749): MetadataRetrieverClient destructor
04-02 02:41:59.344: V/MetadataRetrieverClient(749): disconnect from pid 2991
04-02 02:41:59.362: I/art(3077): Starting a blocking GC AddRemoveAppImageSpace
04-02 02:41:59.363: W/System(3077): ClassLoader referenced unknown path: /system/priv-app/TimerSwitch/lib/arm64
04-02 02:41:59.401: V/TimerSwitch(3077): AlarmInitReceiver android.intent.action.BOOT_COMPLETED
04-02 02:41:59.402: D/TimerSwitch(3077): initReceiver:android.intent.action.BOOT_COMPLETED
04-02 02:41:59.402: D/TimerSwitch(3077): TimerSwitchReceive BootComplete
04-02 02:41:59.412: I/chatty(1397): uid=1000(system) AlarmManager expire 2 lines
04-02 02:41:59.456: V/TimerSwitch(3077): AlarmInitReceiver finished
04-02 02:41:59.485: V/MediaProvider(2991): pruneThumbnails 
04-02 02:41:59.498: V/MediaProvider(2991): /pruneDeadThumbnailFiles... 
04-02 02:41:59.538: I/ActivityManager(1397): Start proc 3094:com.qualcomm.display/1000 for broadcast com.qualcomm.cabl/.CABLReceiver
04-02 02:41:59.566: D/SecUISvc(2656): Service started flags 0 startId 1
04-02 02:41:59.571: D/SecUISvc(2656): Thread created.
04-02 02:41:59.585: D/SecUISvc.WfdReceiver(2656): WfdReceiver(), wfdActive=false
04-02 02:41:59.625: W/System(3094): ClassLoader referenced unknown path: /system/vendor/app/CABLService/lib/arm64
04-02 02:41:59.662: D/CABL(3094): PostProc daemon status: running
04-02 02:41:59.675: I/Dpps(611): AddNewDppsClient():839 New DPPS client accepted, client fd = 21, poll idx 2
04-02 02:41:59.677: D/CABL(3094): Connected to the daemon socket
04-02 02:41:59.724: D/CABL(3094): Bootup: CABL state is:true
04-02 02:41:59.724: D/CABL(3094): Starting CABL at bootup
04-02 02:41:59.727: I/Dpps(611): HandleDppsClientEvent():1336 Incoming message on client fd 21: 'cabl:on'
04-02 02:41:59.730: I/SDM(536): DisplayPrimary::ControlPartialUpdate: partial update is not applicable for display=0
04-02 02:41:59.731: I/Dpps(611): ProcessAbaCommands():224 command recieved kCablOnCmd
04-02 02:41:59.732: E/libnav(611): ABA activated CABL
04-02 02:41:59.735: D/CABL(3094): PostProc Daemon sent: Success
04-02 02:41:59.739: D/CABL(3094): Matching expected outcome Success with response from daemon Success
04-02 02:41:59.763: W/System(3094): ClassLoader referenced unknown path: /system/vendor/app/SVIService/lib/arm64
04-02 02:41:59.768: D/ApplicationLoaders(3094): ignored Vulkan layer search path /system/vendor/app/SVIService/lib/arm64:/system/vendor/app/SVIService/SVIService.apk!/lib/arm64-v8a:/system/lib64:/vendor/lib64 for namespace 0x7f986b20f0
04-02 02:41:59.785: E/libnav(611): CablComputeBacklightLevel(): UpdateType = DifferentSceneUpdate
04-02 02:41:59.836: W/ActivityManager(1397): Slow operation: 56ms so far, now at startProcess: returned from zygote!
04-02 02:41:59.837: W/ActivityManager(1397): Slow operation: 56ms so far, now at startProcess: done updating battery stats
04-02 02:41:59.837: W/ActivityManager(1397): Slow operation: 56ms so far, now at startProcess: building log message
04-02 02:41:59.837: I/ActivityManager(1397): Start proc 3119:com.android.dialer/u0a14 for broadcast com.android.dialer/.calllog.CallLogReceiver
04-02 02:41:59.837: W/ActivityManager(1397): Slow operation: 57ms so far, now at startProcess: starting to update pids map
04-02 02:41:59.838: W/ActivityManager(1397): Slow operation: 57ms so far, now at startProcess: done updating pids map
04-02 02:41:59.838: W/ActivityManager(1397): Slow operation: 58ms so far, now at startProcess: done starting proc!
04-02 02:41:59.881: E/art(3119): Failed sending reply to debugger: Broken pipe
04-02 02:41:59.881: I/art(3119): Debugger is no longer active
04-02 02:41:59.881: I/art(3119): Starting a blocking GC Instrumentation
04-02 02:42:00.006: D/KeyguardUpdateMonitor(1818): received broadcast android.intent.action.TIME_TICK
04-02 02:42:00.006: D/KeyguardUpdateMonitor(1818): handleTimeUpdate
04-02 02:42:00.141: D/ExtensionsFactory(3119): No custom extensions.
04-02 02:42:00.155: D/BlockedNumbersAuto(3119): Not attempting auto-migrate: already checked once.
04-02 02:42:00.161: D/RcsManager(3119): RcsManager instance
04-02 02:42:00.170: E/PhoneInterfaceManager(2093): [PhoneIntfMgr] getIccId: ICC ID is null or empty.
04-02 02:42:00.188: E/CooTekVoipSDK(3119): initialize 20170821202730
04-02 02:42:00.236: D/nick(3119): parseSystemConfigFile success
04-02 02:42:00.243: E/DefaltValue(3119): sDefaultValueMap has no such key: buildnumber
04-02 02:42:00.266: E/DefaltValue(3119): sDefaultValueMap has no such key: proxy_ips
04-02 02:42:00.286: E/DefaltValue(3119): sDefaultValueMap has no such key: NEED_COPY_ZIP_TO_ANY_DIR
04-02 02:42:00.302: E/DefaltValue(3119): sDefaultValueMap has no such key: FIRST_USE_TIMESTAMP
04-02 02:42:00.371: E/DefaltValue(3119): sDefaultValueMap has no such key: proxy_ips
04-02 02:42:00.435: E/PhoneInterfaceManager(2093): [PhoneIntfMgr] getIccId: ICC ID is null or empty.
04-02 02:42:00.448: I/b(3119): <phone||getLine1Number():java.lang.String>0:[state:failed]
04-02 02:42:00.448: D/DualSim-Signature(3119): getLine1Number((int) (0)) --> (0)
04-02 02:42:00.456: E/PhoneInterfaceManager(2093): [PhoneIntfMgr] getIccId: ICC ID is null or empty.
04-02 02:42:00.463: I/b(3119): <phone||getLine1Number(int):java.lang.String>0:[state:failed]
04-02 02:42:00.474: E/PhoneInterfaceManager(2093): [PhoneIntfMgr] getIccId: ICC ID is null or empty.
04-02 02:42:00.480: I/b(3119): <phone||getLine1Number():java.lang.String>1:[state:failed]
04-02 02:42:00.481: D/DualSim-Signature(3119): getLine1Number((int) (1)) --> (1)
04-02 02:42:00.486: E/PhoneInterfaceManager(2093): [PhoneIntfMgr] getIccId: ICC ID is null or empty.
04-02 02:42:00.500: I/b(3119): <phone||getLine1Number(int):java.lang.String>1:[state:failed]
04-02 02:42:00.517: E/DefaltValue(3119): sDefaultValueMap has no such key: VOIP_ONLINE_ENABLE
04-02 02:42:00.568: D/KeyguardSecurityView(1818): showNextSecurityScreenOrFinish(false)
04-02 02:42:00.574: D/KeyguardViewMediator(1818): keyguardDone(true)
04-02 02:42:00.580: D/PhoneStatusBar(1818): disable: < expand ICONS alerts SYSTEM_INFO back HOME RECENT clock SEARCH quick_settings >
04-02 02:42:00.582: D/KeyguardViewMediator(1818): handleKeyguardDone
04-02 02:42:00.582: D/KeyguardViewMediator(1818): handleHide
04-02 02:42:00.582: D/KeyguardViewMediator(1818): keyguardGoingAway
04-02 02:42:00.590: E/MonthlyRewardTask(3119): network disable
04-02 02:42:00.612: I/VrManagerService(1397): VR mode is allowed
04-02 02:42:00.614: D/KeyguardViewMediator(1818): handleStartKeyguardExitAnimation startTime=53179 fadeoutDuration=400
04-02 02:42:00.615: D/Launcher3(2745): Launcher, (Launcher)onStart: this = com.android.launcher3.Launcher@793016c
04-02 02:42:00.635: V/AudioPolicyIntefaceImpl(727): getOutput()
04-02 02:42:00.635: V/APM_AudioPolicyManager(727): getOutput() device 2, stream 1, samplingRate 0, format 0, channelMask 3, flags 0
04-02 02:42:00.635: I/AudioPolicyManagerCustom(727): FLAG None hence request for a primary output
04-02 02:42:00.635: V/APM_AudioPolicyManager(727): selectOutput() commonFlags for output 13, 0001
04-02 02:42:00.635: V/AudioPolicyManagerCustom(727): getOutputForDevice() returns output 13
04-02 02:42:00.638: V/AudioFlinger(727): registerClient() client 0xe9268040, pid 1818
04-02 02:42:00.638: V/AudioFlinger(727): sendConfigEvent_l() num events 1 event 0
04-02 02:42:00.639: V/AudioFlinger(727): thread 0xe8d08dc0 type 0 TID 1066 waking up
04-02 02:42:00.639: V/AudioFlinger(727): acquireWakeLock_l() AudioOut_D status 0
04-02 02:42:00.640: I/chatty(1397): uid=1000(system) Binder:1397_4 expire 2 lines
04-02 02:42:00.646: V/AudioFlinger(727): processConfigEvents_l() remaining events 1
04-02 02:42:00.646: V/AudioFlinger(727): PlaybackThread::ioConfigChanged, thread 0xe8d08dc0, event 0
04-02 02:42:00.646: V/AudioFlinger(727): processConfigEvents_l() DONE thread 0xe8d08dc0
04-02 02:42:00.647: V/AudioFlinger(727): updateWakeLockUids_l() AudioOut_D status 0
04-02 02:42:00.648: V/AudioSystem(1818): ioConfigChanged() event 0
04-02 02:42:00.648: V/AudioSystem(1818): ioConfigChanged() new output opened 13 samplingRate 48000, format 0x5 channel mask 0x3 frameCount 960 deviceId 2
04-02 02:42:00.651: V/AudioFlinger(727): sendConfigEvent_l() num events 1 event 0
04-02 02:42:00.651: V/AudioFlinger(727): thread 0xe88833c0 type 0 TID 1073 waking up
04-02 02:42:00.651: V/AudioFlinger(727): sendConfigEvent_l() num events 1 event 0
04-02 02:42:00.651: V/AudioFlinger(727): sendConfigEvent_l() num events 1 event 0
04-02 02:42:00.652: V/AudioFlinger(727): acquireWakeLock_l() AudioOut_15 status 0
04-02 02:42:00.652: V/AudioFlinger(727): processConfigEvents_l() remaining events 1
04-02 02:42:00.652: V/AudioFlinger(727): PlaybackThread::ioConfigChanged, thread 0xe88833c0, event 0
04-02 02:42:00.652: V/AudioFlinger(727): thread 0xe8583580 type 0 TID 1083 waking up
04-02 02:42:00.653: V/AudioFlinger(727): acquireWakeLock_l() AudioOut_1D status 0
04-02 02:42:00.653: V/AudioFlinger(727): processConfigEvents_l() remaining events 1
04-02 02:42:00.653: V/AudioFlinger(727): PlaybackThread::ioConfigChanged, thread 0xe8583580, event 0
04-02 02:42:00.653: V/AudioFlinger(727): thread 0xe8403700 type 0 TID 1087 waking up
04-02 02:42:00.653: V/AudioFlinger(727): acquireWakeLock_l() AudioOut_25 status 0
04-02 02:42:00.653: V/AudioFlinger(727): processConfigEvents_l() remaining events 1
04-02 02:42:00.653: V/AudioFlinger(727): PlaybackThread::ioConfigChanged, thread 0xe8403700, event 0
04-02 02:42:00.656: V/AudioFlinger(727): processConfigEvents_l() DONE thread 0xe88833c0
04-02 02:42:00.656: V/AudioFlinger(727): processConfigEvents_l() DONE thread 0xe8583580
04-02 02:42:00.657: V/AudioSystem(1818): ioConfigChanged() event 0
04-02 02:42:00.657: V/AudioFlinger(727): updateWakeLockUids_l() AudioOut_1D status 0
04-02 02:42:00.657: V/AudioSystem(1818): ioConfigChanged() new output opened 21 samplingRate 48000, format 0x5 channel mask 0x3 frameCount 960 deviceId 2
04-02 02:42:00.657: V/AudioSystem(1818): ioConfigChanged() event 0
04-02 02:42:00.657: V/AudioFlinger(727): processConfigEvents_l() DONE thread 0xe8403700
04-02 02:42:00.657: V/AudioSystem(1818): ioConfigChanged() new output opened 29 samplingRate 48000, format 0x1 channel mask 0x3 frameCount 1920 deviceId 2
04-02 02:42:00.657: V/AudioFlinger(727): updateWakeLockUids_l() AudioOut_25 status 0
04-02 02:42:00.657: V/AudioSystem(1818): ioConfigChanged() event 0
04-02 02:42:00.657: V/AudioSystem(1818): ioConfigChanged() new output opened 37 samplingRate 48000, format 0x5 channel mask 0x3 frameCount 1152 deviceId 6
04-02 02:42:00.658: D/Launcher(2745): Time start onResume: 1491072120658
04-02 02:42:00.666: V/AudioSystem(1818): getFrameCount() ioHandle 13, frameCount 960
04-02 02:42:00.666: V/AudioFlinger(727): updateWakeLockUids_l() AudioOut_15 status 0
04-02 02:42:00.666: V/AudioPolicyIntefaceImpl(727): getOutput()
04-02 02:42:00.666: V/APM_AudioPolicyManager(727): getOutput() device 2, stream 1, samplingRate 0, format 0, channelMask 3, flags 0
04-02 02:42:00.667: I/AudioPolicyManagerCustom(727): FLAG None hence request for a primary output
04-02 02:42:00.667: V/APM_AudioPolicyManager(727): selectOutput() commonFlags for output 13, 0001
04-02 02:42:00.667: V/AudioPolicyManagerCustom(727): getOutputForDevice() returns output 13
04-02 02:42:00.668: V/AudioSystem(1818): getSamplingRate() ioHandle 13, sampling rate 48000
04-02 02:42:00.668: V/AudioTrack(1818): set(): streamType 1, sampleRate 44100, format 0x1, channelMask 0x3, frameCount 0, flags #4, notificationFrames 0, sessionId 0, transferType 0, uid -1, pid -1
04-02 02:42:00.668: V/AudioTrack(1818): sharedBuffer: 0x7f76706000, size: 33316
04-02 02:42:00.668: V/AudioTrack(1818): set() streamType 1 frameCount 0 flags 0004
04-02 02:42:00.668: V/AudioTrack(1818): Building AudioTrack with attributes: usage=13 content=4 flags=0x0 tags=[]
04-02 02:42:00.670: V/AudioPolicyIntefaceImpl(727): getOutput()
04-02 02:42:00.670: I/AudioPolicyManagerCustom(727): Direct PCM is disabled for this request
04-02 02:42:00.670: V/APM_AudioPolicyManager(727): getOutputForAttr() usage=13, content=4, tag= flags=00000000 session 73 selectedDeviceId 0
04-02 02:42:00.670: V/APM_AudioPolicyManager(727): getOutputForAttr() device 0x2, samplingRate 44100, format 1, channelMask 3, flags 4
04-02 02:42:00.670: V/APM_AudioPolicyManager(727): selectOutput() commonFlags for output 13, 0001
04-02 02:42:00.670: V/APM_AudioPolicyManager(727): selectOutput() commonFlags for output 21, 0001
04-02 02:42:00.670: V/AudioPolicyManagerCustom(727): getOutputForDevice() returns output 13
04-02 02:42:00.671: D/compress_voip(727): voice_extn_compress_voip_out_get_parameters: enter
04-02 02:42:00.672: V/AudioSystem(1818): getLatency() output 13, latency 48
04-02 02:42:00.672: V/AudioTrack(1818): createTrack_l() output 13 afLatency 48
04-02 02:42:00.672: V/AudioSystem(1818): getFrameCount() ioHandle 13, frameCount 960
04-02 02:42:00.672: V/AudioSystem(1818): getFrameCountHAL() ioHandle 13, frameCount 192
04-02 02:42:00.672: V/AudioSystem(1818): getSamplingRate() ioHandle 13, sampling rate 48000
04-02 02:42:00.672: W/AudioTrack(1818): AUDIO_OUTPUT_FLAG_FAST denied by client; transfer 4, track 44100 Hz, output 48000 Hz
04-02 02:42:00.674: E/libnav(611): CablComputeBacklightLevel(): UpdateType = DifferentSceneUpdate
04-02 02:42:00.678: V/AudioFlinger(727): createTrack() lSessionId: 73
04-02 02:42:00.678: V/AudioFlinger(727): sharedBuffer: 0xe70fa000, size: 33316
04-02 02:42:00.678: V/AudioMixer(727): add track (1)
04-02 02:42:00.678: V/AudioMixer(727): AudioMixer::prepareForDownmix(0xe8d03114) with mask 0x3
04-02 02:42:00.678: V/AudioMixer(727): AudioMixer::unprepareForDownmix(0xe8d03114)
04-02 02:42:00.678: V/AudioMixer(727):  nothing to do, no downmixer to delete
04-02 02:42:00.678: V/AudioMixer(727): AudioMixer::prepareForReformat(0xe8d03114) with format 0x1
04-02 02:42:00.678: V/AudioMixer(727): AudioMixer::unprepareForReformat(0xe8d03114)
04-02 02:42:00.679: V/BufferProvider(727): CopyBufferProvider(0xe9c160c0)(4, 8, 256)
04-02 02:42:00.679: V/BufferProvider(727): ReformatBufferProvider(0xe9c160c0)(2, 0x1, 0x5)
04-02 02:42:00.683: V/AudioFlinger(727): acquiring 73 from 1818, for 1818
04-02 02:42:00.683: V/AudioFlinger(727):  added new entry for 73
04-02 02:42:00.684: V/AudioFlinger(727): start(4097), calling pid 1818 session 73
04-02 02:42:00.684: V/AudioFlinger(727): ? => ACTIVE (4097) on thread 0xe9c56580
04-02 02:42:00.684: V/AudioPolicyIntefaceImpl(727): startOutput()
04-02 02:42:00.684: V/AudioPolicyService(727): AudioCommandThread() adding start output 13
04-02 02:42:00.684: V/AudioPolicyService(727): inserting command: 5 at index 0, num commands 0
04-02 02:42:00.684: V/AudioPolicyService(727): AudioCommandThread() processing start output 13
04-02 02:42:00.684: V/AudioPolicyIntefaceImpl(727): doStartOutput()
04-02 02:42:00.684: V/APM_AudioPolicyManager(727): startOutput() output 13, stream 1, session 73
04-02 02:42:00.684: V/APM::AudioOutputDescriptor(727): changeRefCount() stream 1, count 1
04-02 02:42:00.684: V/AudioPolicyManagerCustom(727): getNewOutputDevice() selected device 2
04-02 02:42:00.685: V/APM_AudioPolicyManager(727): setOutputDevice() device 0002 delayMs 0
04-02 02:42:00.685: V/APM_AudioPolicyManager(727): setOutputDevice() prevDevice 0x0002
04-02 02:42:00.685: V/APM_AudioPolicyManager(727): setOutputDevice() setting same device 0x0002 or null device
04-02 02:42:00.685: V/AudioPolicyService(727): AudioCommandThread() going to sleep
04-02 02:42:00.685: V/AudioFlinger(727): signal playback thread
04-02 02:42:00.685: V/AudioMixer(727): enable(1)
04-02 02:42:00.685: V/AudioMixer(727): setParameter(VOLUME, VOLUME0: 023a)
04-02 02:42:00.685: V/AudioMixer(727): setParameter(VOLUME, VOLUME1: 023a)
04-02 02:42:00.685: V/AudioMixer(727): Creating resampler from track 44100 Hz to device 48000 Hz
04-02 02:42:00.685: V/AudioResampler(727): resampler load 6 -> 12 MHz due to delta +6 MHz from quality 6
04-02 02:42:00.685: V/AudioResampler(727): Create dynamic Resampler = 6
04-02 02:42:00.686: V/AudioMixer(727): setParameter(RESAMPLE, SAMPLE_RATE, 44100)
04-02 02:42:00.686: V/AudioMixer(727): setParameter(TRACK, MIXER_FORMAT, 0x5)
04-02 02:42:00.686: W/ActivityManager(1397): Slow operation: 64ms so far, now at startProcess: returned from zygote!
04-02 02:42:00.686: V/AudioMixer(727): setParameter(TRACK, MAIN_BUFFER, 0xe92fe000)
04-02 02:42:00.686: W/ActivityManager(1397): Slow operation: 64ms so far, now at startProcess: done updating battery stats
04-02 02:42:00.686: W/ActivityManager(1397): Slow operation: 64ms so far, now at startProcess: building log message
04-02 02:42:00.686: V/AudioFlinger(727): updateWakeLockUids_l() AudioOut_D status 0
04-02 02:42:00.686: I/ActivityManager(1397): Start proc 3144:com.cootek.smartdialer_oem/u0a78 for service com.cootek.smartdialer_oem/com.cootek.smartdialer.share_aidl.OemAIDLService
04-02 02:42:00.686: W/ActivityManager(1397): Slow operation: 65ms so far, now at startProcess: starting to update pids map
04-02 02:42:00.686: V/AudioMixer(727): mixer configuration change: 1 activeTracks (00000002) all16BitsStereoNoResample=0, resampling=1, volumeRamp=0
04-02 02:42:00.686: W/ActivityManager(1397): Slow operation: 65ms so far, now at startProcess: done updating pids map
04-02 02:42:00.686: W/ActivityManager(1397): Slow operation: 65ms so far, now at startProcess: done starting proc!
04-02 02:42:00.687: D/audio_hw_primary(727): start_output_stream: enter: stream(0xe93f4800)usecase(1: low-latency-playback) devices(0x2)
04-02 02:42:00.691: D/audio_hw_primary(727): select_devices for use case (low-latency-playback)
04-02 02:42:00.691: D/audio_hw_primary(727): select_devices: out_snd_device(2: speaker) in_snd_device(0: )
04-02 02:42:00.691: I/msm8916_platform(727): platform_check_and_set_codec_backend_cfg:becf: afe: bitwidth 16, samplerate 48000 channels 2, backend_idx 0 usecase = 1 device (speaker)
04-02 02:42:00.691: D/msm8916_platform(727): platform_can_split_snd_device: snd_device(2) num devices(1) new_snd_devices(2)
04-02 02:42:00.691: I/msm8916_platform(727): platform_check_and_set_codec_backend_cfg: becf: new_snd_devices[0] is speaker
04-02 02:42:00.691: I/msm8916_platform(727): platform_check_codec_backend_cfg:becf: afe: Codec selected backend: 0 current bit width: 16 sample rate: 48000 channels: 2
04-02 02:42:00.691: D/msm8916_platform(727): platform_check_codec_backend_cfg:becf: afe: playback on non-44.1-support device Configure afe to default Sample Rate(48k)
04-02 02:42:00.691: D/msm8916_platform(727): platform_check_codec_backend_cfg:becf: afe: only 48KHZ sample rate is supported Configure afe to default Sample Rate(48k)
04-02 02:42:00.691: I/msm8916_platform(727): platform_check_codec_backend_cfg:becf: afe: Codec selected backend: 0 updated bit width: 16 and sample rate: 48000
04-02 02:42:00.691: D/audio_hw_primary(727): check_usecases_codec_backend:becf: force routing 0
04-02 02:42:00.691: E/msm8916_platform(727): platform_check_backends_match: Invalid snd_device = 
04-02 02:42:00.691: D/audio_hw_primary(727): check_usecases_codec_backend:becf: (40) check_usecases curr device: speaker, usecase device: backends match 0
04-02 02:42:00.691: D/audio_hw_primary(727): check_usecases_codec_backend:becf: check_usecases num.of Usecases to switch 0
04-02 02:42:00.691: D/hardware_info(727): hw_info_append_hw_type : device_name = speaker
04-02 02:42:00.691: D/msm8916_platform(727): platform_can_split_snd_device: snd_device(2) num devices(0) new_snd_devices(0)
04-02 02:42:00.691: D/audio_hw_primary(727): enable_snd_device: snd_device(2: speaker)
04-02 02:42:00.691: I/soundtrigger(727): audio_extn_sound_trigger_update_device_status: device 0x2 of type 0 for Event 1, with Raise=0
04-02 02:42:00.691: D/aud_dev_arbi(727): acquireOneDevice: device owner for device 2 is 1
04-02 02:42:00.699: D/Launcher3(2745): Launcher, (Launcher)onResume: mRestoring = false, mOnResumeState = NONE, mOnResumeNeedsLoad = false, this = com.android.launcher3.Launcher@793016c
04-02 02:42:00.700: D/Launcher3(2745): Launcher, bindAllApplications: apps start
04-02 02:42:00.702: D/Launcher3(2745): Launcher, bindAppsUpdated: apps.size = 1
04-02 02:42:00.702: D/Launcher3(2745): Launcher, bindAppsUpdated()
04-02 02:42:00.704: D/Launcher(2745): Time spent processing callbacks in onResume: 4
04-02 02:42:00.706: D/Launcher3(2745): InstallShortcutReceiver, flushInstallQueue isShortcut=false
04-02 02:42:00.707: D/CustomConfigs(2745): isThemeChange themePackage=null,saveThemePackage=null
04-02 02:42:00.707: D/Launcher(2745): Time spent in onResume: 49ms
04-02 02:42:00.713: I/audio_hw_primary(727): select_devices Selected apptype: 69937
04-02 02:42:00.713: D/soundtrigger(727): audio_extn_sound_trigger_update_stream_status: uc_id 1 of type 0 for Event 3, with Raise=0
04-02 02:42:00.714: I/audio_hw_utils(727): audio_extn_utils_send_app_type_cfg PLAYBACK app_type = 69937, acdb_dev_id = 14, sample_rate = 48000
04-02 02:42:00.714: D/msm8916_platform(727): platform_can_split_snd_device: snd_device(2) num devices(1) new_snd_devices(-392166280)
04-02 02:42:00.714: D/ACDB-LOADER(727): ACDB -> send_audio_cal, acdb_id = 14, path = 0, app id = 0x11131, sample rate = 48000
04-02 02:42:00.714: D/ACDB-LOADER(727): ACDB -> send_asm_topology
04-02 02:42:00.714: D/ACDB-LOADER(727): ACDB -> ACDB_CMD_GET_AUDPROC_STREAM_TOPOLOGY_ID
04-02 02:42:00.714: D/ACDB-LOADER(727): ACDB -> send_adm_topology
04-02 02:42:00.714: D/ACDB-LOADER(727): ACDB -> ACDB_CMD_GET_AUDPROC_COMMON_TOPOLOGY_ID
04-02 02:42:00.714: D/ACDB-LOADER(727): ACDB -> send_audtable
04-02 02:42:00.714: D/ACDB-LOADER(727): ACDB -> ACDB_CMD_GET_AUDPROC_COMMON_TABLE_SIZE
04-02 02:42:00.714: D/ACDB-LOADER(727): ACDB -> ACDB_CMD_GET_AUDPROC_COMMON_TABLE
04-02 02:42:00.714: D/ACDB-LOADER(727): ACDB -> AUDIO_SET_AUDPROC_CAL
04-02 02:42:00.715: D/ACDB-LOADER(727): ACDB -> send_audvoltable
04-02 02:42:00.715: D/ACDB-LOADER(727): ACDB -> ACDB_CMD_GET_AUDPROC_GAIN_DEP_STEP_TABLE, vol index 0
04-02 02:42:00.715: D/ACDB-LOADER(727): ACDB -> AUDIO_SET_VOL_CAL cal type = 12
04-02 02:42:00.715: D/ACDB-LOADER(727): ACDB -> send_audstrmtable
04-02 02:42:00.715: D/ACDB-LOADER(727): ACDB -> ACDB_CMD_GET_AUDPROC_STREAM_TABLE_V2
04-02 02:42:00.715: D/ACDB-LOADER(727): ACDB -> audstrm_cal->cal_type.cal_data.cal_size = 16
04-02 02:42:00.715: D/ACDB-LOADER(727): ACDB -> send_afe_topology
04-02 02:42:00.715: D/ACDB-LOADER(727): ACDB -> ACDB_CMD_GET_AFE_TOPOLOGY_ID
04-02 02:42:00.715: D/ACDB-LOADER(727): ACDB -> GET_AFE_TOPOLOGY_ID for adcd_id 14, Topology Id 1025e
04-02 02:42:00.715: D/ACDB-LOADER(727): ACDB -> send_afe_cal
04-02 02:42:00.715: D/ACDB-LOADER(727): ACDB -> ACDB_CMD_GET_AFE_COMMON_TABLE
04-02 02:42:00.715: D/ACDB-LOADER(727): ACDB -> AUDIO_SET_AFE_CAL
04-02 02:42:00.715: D/ACDB-LOADER(727): ACDB -> send_hw_delay : acdb_id = 14 path = 0
04-02 02:42:00.715: D/ACDB-LOADER(727): ACDB -> ACDB_AVSYNC_INFO: ACDB_CMD_GET_DEVICE_PROPERTY
04-02 02:42:00.715: D/audio_hw_primary(727): enable_audio_route: apply mixer and update path: low-latency-playback
04-02 02:42:00.720: D/audio_hw_primary(727): select_devices: done
04-02 02:42:00.724: D/msm8916_platform(727): platform_set_channel_map mixer_ctl_name:Playback Channel Map12
04-02 02:42:00.724: D/msm8916_platform(727): platform_set_channel_map: set mapping(1 2 0 0 0 0 0 0) for channel:2
04-02 02:42:00.739: D/PhoneStatusBar(1818): disable: < expand icons* alerts system_info* back HOME RECENT clock SEARCH quick_settings >
04-02 02:42:00.774: V/KeyguardDisplayManager(1818): hide
04-02 02:42:00.778: D/KeyguardUpdateMonitor(1818): onKeyguardVisibilityChanged(false)
04-02 02:42:00.787: E/XLabUtil(3119): version: 2.1.0
04-02 02:42:00.790: D/KeyguardViewMediator(1818): adjustStatusBarLocked: mShowing=false mOccluded=false isSecure=false --> flags=0x0
04-02 02:42:00.798: D/PermissionUtil(3119): checkSelfPermission: android.permission.INSTALL_PACKAGES SDK_INT: 25
04-02 02:42:00.805: D/audio_hw_primary(727): start_output_stream: exit
04-02 02:42:00.809: D/PermissionUtil(3119): condition: -1
04-02 02:42:00.814: D/PermissionUtil(3119): result: false
04-02 02:42:00.814: D/PermissionUtil(3119): checkSelfPermission: android.permission.MANAGE_USERS SDK_INT: 25
04-02 02:42:00.819: D/PermissionUtil(3119): condition: 0
04-02 02:42:00.823: I/art(3144): Starting a blocking GC AddRemoveAppImageSpace
04-02 02:42:00.823: D/PermissionUtil(3119): result: true
04-02 02:42:00.823: D/PermissionUtil(3119): checkSelfPermission: android.permission.INTERACT_ACROSS_USERS SDK_INT: 25
04-02 02:42:00.825: D/PermissionUtil(3119): condition: 0
04-02 02:42:00.827: D/PermissionUtil(3119): result: true
04-02 02:42:00.828: E/DefaltValue(3119): sDefaultValueMap has no such key: HAS_RECORD_PERMISSION
04-02 02:42:00.858: W/IInputConnectionWrapper(1841): reportFullscreenMode on inexistent InputConnection
04-02 02:42:00.875: D/PhoneStatusBar(1818): disable: < expand icons alerts system_info back home* recent* clock search* quick_settings >
04-02 02:42:00.876: I/art(3119): Rejecting re-init on previously-failed class java.lang.Class<com.cootek.smartdialer_oem_module.sdk.CooTekPhoneService$1>: java.lang.NoClassDefFoundError: Failed resolution of: Lcom/cootek/touchlife/TouchLife$ITouchLifeAssist;
04-02 02:42:00.876: I/art(3119):   at void com.android.dialer.DialerApplication.onCreate() (DialerApplication.java:79)
04-02 02:42:00.876: I/art(3119):   at void android.app.Instrumentation.callApplicationOnCreate(android.app.Application) (Instrumentation.java:1025)
04-02 02:42:00.876: I/art(3119):   at void android.app.ActivityThread.handleBindApplication(android.app.ActivityThread$AppBindData) (ActivityThread.java:5405)
04-02 02:42:00.876: I/art(3119):   at void android.app.ActivityThread.-wrap2(android.app.ActivityThread, android.app.ActivityThread$AppBindData) (ActivityThread.java:-1)
04-02 02:42:00.876: I/art(3119):   at void android.app.ActivityThread$H.handleMessage(android.os.Message) (ActivityThread.java:1546)
04-02 02:42:00.876: I/art(3119):   at void android.os.Handler.dispatchMessage(android.os.Message) (Handler.java:102)
04-02 02:42:00.876: I/art(3119):   at void android.os.Looper.loop() (Looper.java:154)
04-02 02:42:00.876: I/art(3119):   at void android.app.ActivityThread.main(java.lang.String[]) (ActivityThread.java:6121)
04-02 02:42:00.876: I/art(3119):   at java.lang.Object java.lang.reflect.Method.invoke!(java.lang.Object, java.lang.Object[]) (Method.java:-2)
04-02 02:42:00.876: I/art(3119):   at void com.android.internal.os.ZygoteInit$MethodAndArgsCaller.run() (ZygoteInit.java:889)
04-02 02:42:00.876: I/art(3119):   at void com.android.internal.os.ZygoteInit.main(java.lang.String[]) (ZygoteInit.java:779)
04-02 02:42:00.876: I/art(3119): Caused by: java.lang.ClassNotFoundException: Didn't find class "com.cootek.touchlife.TouchLife$ITouchLifeAssist" on path: DexPathList[[zip file "/system/framework/smartsearch.jar", zip file "/system/framework/rcscommon.jar", zip file "/system/priv-app/Dialer/Dialer.apk"],nativeLibraryDirectories=[/system/priv-app/Dialer/lib/arm64, /system/fake-libs64, /system/priv-app/Dialer/Dialer.apk!/lib/arm64-v8a, /system/lib64, /vendor/lib64, /system/lib64, /vendor/lib64]]
04-02 02:42:00.876: I/art(3119):   at java.lang.Class dalvik.system.BaseDexClassLoader.findClass(java.lang.String) (BaseDexClassLoader.java:56)
04-02 02:42:00.876: I/art(3119):   at java.lang.Class java.lang.ClassLoader.loadClass(java.lang.String, boolean) (ClassLoader.java:380)
04-02 02:42:00.876: I/art(3119):   at java.lang.Class java.lang.ClassLoader.loadClass(java.lang.String) (ClassLoader.java:312)
04-02 02:42:00.876: I/art(3119):   at void com.android.dialer.DialerApplication.onCreate() (DialerApplication.java:79)
04-02 02:42:00.876: I/art(3119):   at void android.app.Instrumentation.callApplicationOnCreate(android.app.Application) (Instrumentation.java:1025)
04-02 02:42:00.876: I/art(3119):   at void android.app.ActivityThread.handleBindApplication(android.app.ActivityThread$AppBindData) (ActivityThread.java:5405)
04-02 02:42:00.876: I/art(3119):   at void android.app.ActivityThread.-wrap2(android.app.ActivityThread, android.app.ActivityThread$AppBindData) (ActivityThread.java:-1)
04-02 02:42:00.876: I/art(3119):   at void android.app.ActivityThread$H.handleMessage(android.os.Message) (ActivityThread.java:1546)
04-02 02:42:00.877: I/art(3119):   at void android.os.Handler.dispatchMessage(android.os.Message) (Handler.java:102)
04-02 02:42:00.877: I/art(3119):   at void android.os.Looper.loop() (Looper.java:154)
04-02 02:42:00.877: I/art(3119):   at void android.app.ActivityThread.main(java.lang.String[]) (ActivityThread.java:6121)
04-02 02:42:00.877: I/art(3119):   at java.lang.Object java.lang.reflect.Method.invoke!(java.lang.Object, java.lang.Object[]) (Method.java:-2)
04-02 02:42:00.877: I/art(3119):   at void com.android.internal.os.ZygoteInit$MethodAndArgsCaller.run() (ZygoteInit.java:889)
04-02 02:42:00.877: I/art(3119):   at void com.android.internal.os.ZygoteInit.main(java.lang.String[]) (ZygoteInit.java:779)
04-02 02:42:00.902: E/aidl(3144): remote onBind
04-02 02:42:00.946: E/CooTekPhoneService(3119): setDebugMode false
04-02 02:42:00.997: V/AudioFlinger(727): stop(4097), calling pid 1818
04-02 02:42:00.997: V/AudioFlinger(727): not stopping/stopped => stopping/stopped (4097) on thread 0xe8d08dc0
04-02 02:42:01.011: V/AudioFlinger(727): presentationComplete() mPresentationCompleteFrames 0 framesWritten 9600
04-02 02:42:01.011: V/AudioFlinger(727): presentationComplete() reset: mPresentationCompleteFrames 11904 audioHalFrames 2304
04-02 02:42:01.012: V/AudioMixer(727): disable(1)
04-02 02:42:01.022: V/AudioFlinger(727): presentationComplete() mPresentationCompleteFrames 11904 framesWritten 9600
04-02 02:42:01.031: V/AudioFlinger(727): presentationComplete() mPresentationCompleteFrames 11904 framesWritten 10560
04-02 02:42:01.032: W/System.err(3144): Facebook failed to parse Id, this will cause method getId() always returens 0
04-02 02:42:01.032: W/System.err(3144): Facebook failed to parse SortId, this won't cause any problem, don't worry
04-02 02:42:01.032: W/System.err(3144): Facebook failed to parse Enable, this will cause platform always be enable
04-02 02:42:01.034: V/OtaStartupReceiver(2093): onOtaspChanged: mOtaspMode=0
04-02 02:42:01.042: V/AudioFlinger(727): presentationComplete() mPresentationCompleteFrames 11904 framesWritten 10560
04-02 02:42:01.051: V/AudioFlinger(727): presentationComplete() mPresentationCompleteFrames 11904 framesWritten 11520
04-02 02:42:01.062: V/AudioFlinger(727): presentationComplete() mPresentationCompleteFrames 11904 framesWritten 11520
04-02 02:42:01.071: V/AudioFlinger(727): presentationComplete() mPresentationCompleteFrames 11904 framesWritten 12480
04-02 02:42:01.072: V/AudioFlinger(727): removeTracks_l removing track on session 73
04-02 02:42:01.073: V/AudioFlinger(727): updateWakeLockUids_l() AudioOut_D status 0
04-02 02:42:01.084: V/AudioPolicyIntefaceImpl(727): stopOutput()
04-02 02:42:01.084: V/AudioPolicyService(727): AudioCommandThread() adding stop output 13
04-02 02:42:01.084: V/AudioPolicyService(727): inserting command: 6 at index 0, num commands 0
04-02 02:42:01.084: V/AudioPolicyService(727): AudioCommandThread() processing stop output 13
04-02 02:42:01.084: V/AudioPolicyIntefaceImpl(727): doStopOutput from tid 915
04-02 02:42:01.084: V/APM_AudioPolicyManager(727): stopOutput() output 13, stream 1, session 73
04-02 02:42:01.084: V/APM::AudioOutputDescriptor(727): changeRefCount() stream 1, count 0
04-02 02:42:01.084: V/AudioPolicyManagerCustom(727): getNewOutputDevice() selected device 0
04-02 02:42:01.084: V/APM_AudioPolicyManager(727): setOutputDevice() device 0000 delayMs 96
04-02 02:42:01.085: V/APM_AudioPolicyManager(727): setOutputDevice() prevDevice 0x0002
04-02 02:42:01.085: V/APM_AudioPolicyManager(727): setOutputDevice() setting same device 0x0000 or null device
04-02 02:42:01.085: V/AudioPolicyService(727): AudioCommandThread() going to sleep
04-02 02:42:01.092: W/ActivityManager(1397): Slow operation: 60ms so far, now at startProcess: returned from zygote!
04-02 02:42:01.093: W/ActivityManager(1397): Slow operation: 60ms so far, now at startProcess: done updating battery stats
04-02 02:42:01.093: W/ActivityManager(1397): Slow operation: 60ms so far, now at startProcess: building log message
04-02 02:42:01.093: I/ActivityManager(1397): Start proc 3172:com.qti.diagrestoreservice/1000 for broadcast com.qti.diagrestoreservice/.Diag_Restore_OnBoot
04-02 02:42:01.093: W/ActivityManager(1397): Slow operation: 60ms so far, now at startProcess: starting to update pids map
04-02 02:42:01.093: W/ActivityManager(1397): Slow operation: 60ms so far, now at startProcess: done updating pids map
04-02 02:42:01.093: W/ActivityManager(1397): Slow operation: 61ms so far, now at startProcess: done starting proc!
04-02 02:42:01.101: W/System.err(3144): SinaWeibo failed to parse Enable, this will cause platform always be enable
04-02 02:42:01.136: W/System.err(3144): QZone failed to parse Id, this will cause method getId() always returens 0
04-02 02:42:01.137: W/System.err(3144): QZone failed to parse SortId, this won't cause any problem, don't worry
04-02 02:42:01.137: W/System.err(3144): QZone failed to parse Enable, this will cause platform always be enable
04-02 02:42:01.144: I/PresentationSystem(3119): clearDownloadListFids: 
04-02 02:42:01.158: W/System.err(3144): Twitter failed to parse Id, this will cause method getId() always returens 0
04-02 02:42:01.158: W/System.err(3144): Twitter failed to parse SortId, this won't cause any problem, don't worry
04-02 02:42:01.158: W/System.err(3144): Twitter failed to parse Enable, this will cause platform always be enable
04-02 02:42:01.161: I/PresentationSystem(3119): setUpdateAlarm
04-02 02:42:01.167: W/System.err(3144): Wechat failed to parse Enable, this will cause platform always be enable
04-02 02:42:01.174: W/System.err(3144): WechatMoments failed to parse Enable, this will cause platform always be enable
04-02 02:42:01.211: I/PresentationSystem(3119): setUpdateAlarm
04-02 02:42:01.223: I/PresentConfigUpdater(3119): update without delay
04-02 02:42:01.229: E/PresentConfigLoader(3119): ***************** parse success ****************
04-02 02:42:01.229: E/PresentConfigLoader(3119): pts static size: 0
04-02 02:42:01.229: E/PresentConfigLoader(3119): pts dynamic size: 0
04-02 02:42:01.231: I/ActivityManager(1397): Setting hasTopUi=false for pid=1818
04-02 02:42:01.233: I/art(3172): Starting a blocking GC AddRemoveAppImageSpace
04-02 02:42:01.234: W/System(3172): ClassLoader referenced unknown path: /system/app/QTIDiagRestoreServices/lib/arm64
04-02 02:42:01.275: W/CountryDetector(3119): No location permissions, not registering for location updates.
04-02 02:42:01.290: D/Ararat/DataChannel(3119): ----dddd-----14400
04-02 02:42:01.306: E/libnav(611): CablComputeBacklightLevel(): UpdateType = DifferentSceneUpdate
04-02 02:42:01.306: D/Diag_OnBoot(3172): Started Successfully
04-02 02:42:01.311: E/DiagJNIInterface(3172): Trying to load libDiagService
04-02 02:42:01.313: D/Ararat/DataChannel(3119): retry in 16 seconds
04-02 02:42:01.334: I/Diag_Lib(3172): Diag_LSM_Init call succeeded
04-02 02:42:01.362: W/ActivityManager(1397): Slow operation: 51ms so far, now at startProcess: returned from zygote!
04-02 02:42:01.362: W/ActivityManager(1397): Slow operation: 51ms so far, now at startProcess: done updating battery stats
04-02 02:42:01.362: W/ActivityManager(1397): Slow operation: 52ms so far, now at startProcess: building log message
04-02 02:42:01.362: I/ActivityManager(1397): Start proc 3200:com.qti.diagservices/1000 for broadcast com.qti.diagservices/.Diag_OnBoot
04-02 02:42:01.362: W/ActivityManager(1397): Slow operation: 52ms so far, now at startProcess: starting to update pids map
04-02 02:42:01.362: W/ActivityManager(1397): Slow operation: 52ms so far, now at startProcess: done updating pids map
04-02 02:42:01.362: W/ActivityManager(1397): Slow operation: 52ms so far, now at startProcess: done starting proc!
04-02 02:42:01.440: E/ShareSDK platform config result ==>>(3144): SNS configuration is empty
04-02 02:42:01.459: I/art(3200): Starting a blocking GC AddRemoveAppImageSpace
04-02 02:42:01.460: W/System(3200): ClassLoader referenced unknown path: /system/app/QTIDiagServices/lib/arm64
04-02 02:42:01.470: D/NetworkSecurityConfig(3144): No Network Security Config specified, using platform default
04-02 02:42:01.482: I/DpmTcmClient(3144): RegisterTcmMonitor from: org.apache.http.impl.conn.TcmIdleTimerMonitor
04-02 02:42:01.486: I/DpmTcmClient(3144): RegisterTcmMonitor from: org.apache.http.impl.conn.TcmIdleTimerMonitor
04-02 02:42:01.509: D/Diag_OnBoot(3200): Started Successfully
04-02 02:42:01.512: E/DiagJNIInterface(3200): Trying to load libDiagService
04-02 02:42:01.514: D/QRCSService BC-Receiver(2596): START RCS SERVICE ON BOOTUP
