04-02 02:41:44.563: E/LockSettingsStorage(1397): Cannot read file java.io.FileNotFoundException: /data/system/gatekeeper.gesture.key: open failed: ENOENT (No such file or directory)
04-02 02:41:44.564: E/LockSettingsStorage(1397): Cannot read file java.io.FileNotFoundException: /data/system/gesture.key: open failed: ENOENT (No such file or directory)
04-02 02:41:44.564: I/SystemServiceManager(1397): Starting phase 480
04-02 02:41:44.568: I/DevicePolicyManagerService(1397): Set ro.device_owner property to false
04-02 02:41:44.573: I/SystemServiceManager(1397): Starting phase 500
04-02 02:41:44.590: I/WifiService(1397): WifiService starting up with Wi-Fi disabled
04-02 02:41:44.611: D/ZenLog(1397): config: cleanUpZenRules,ZenModeConfig[user=0,allowCalls=true,allowRepeatCallers=false,allowMessages=false,allowCallsFrom=contacts,allowMessagesFrom=contacts,allowReminders=true,allowEvents=true,allowWhenScreenOff=true,allowWhenScreenOn=true,automaticRules={741a68bd9153404bbbb06d79bff1c21a=ZenRule[enabled=false,snoozing=false,name=ÖÜÄ©,zenMode=ZEN_MODE_ALARMS,conditionId=condition://android/schedule?days=6.7&start=23.30&end=10.0&exitAtAlarm=false,condition=Condition[id=condition://android/schedule?days=6.7&start=23.30&end=10.0&exitAtAlarm=false,summary=...,line1=...,line2=...,icon=0,state=STATE_TRUE,flags=2],component=ComponentInfo{android/com.android.server.notification.ScheduleConditionProvider},id=741a68bd9153404bbbb06d79bff1c21a,creationTime=1491014953572,enabler=null], 9f1917ce026c4d4780b46555bab9a42d=ZenRule[enabled=false,snoozing=false,name=ÖÜÒ»ÖÁÖÜÎåÒ¹¼ä,zenMode=ZEN_MODE_ALARMS,conditionId=condition://android/schedule?days=1.2.3.4.5&start=22.0&end=7.0&exitAtAlarm=false,condition=Condition[id=condition://android/schedule?days=1.2.3.4.5&start=22.0&end=7.0&exitAtAlarm=false,summary=...,line1=...,line2=...,icon=0,state=STATE_FALSE,flags=2],component=ComponentInfo{android/com.android.server.notification.ScheduleConditionProvider},id=9f1917ce026c4d4780b46555bab9a42d,creationTime=1491014953572,enabler=null], a3f99900ee384039a23a2f485fc70b62=ZenRule[enabled=false,snoozing=false,name=»î¶¯,zenMode=ZEN_MODE_ALARMS,conditionId=condition://android/event?userId=-10000&calendar=&reply=1,condition=Condition[id=condition://android/event?userId=-10000&calendar=&reply=1,summary=...,line1=...,line2=...,icon=0,state=STATE_FALSE,flags=2],component=ComponentInfo{android/com.android.server.notification.EventConditionProvider},id=a3f99900ee384039a23a2f485fc70b62,creationTime=1491014953572,enabler=null]},manualRule=null],Diff[]
04-02 02:41:44.611: D/ZenLog(1397): set_zen_mode: off,onSystemReady
04-02 02:41:44.658: W/KeyguardServiceDelegate(1397): onScreenTurningOn(): no keyguard service!
04-02 02:41:44.658: I/ActivityManager(1397): System now ready
04-02 02:41:44.671: I/SystemServer(1397): Making services ready
04-02 02:41:44.671: I/SystemServiceManager(1397): Starting phase 550
04-02 02:41:44.781: E/InputMethodManagerService(1397): Ignoring updateSystemUiLocked due to an invalid token. uid:1000 token:null
04-02 02:41:44.855: I/ActivityManager(1397): Start proc 1804:com.android.inputmethod.latin/u0a59 for service com.android.inputmethod.latin/.LatinIME
04-02 02:41:44.856: V/InputMethodManagerService(1397): Adding window token: android.os.Binder@2e8bd0f
04-02 02:41:44.856: D/MountService(1397): Thinking about init, mSystemReady=true, mDaemonConnected=true
04-02 02:41:44.856: D/MountService(1397): Setting up emulation state, initlocked=false
04-02 02:41:44.856: D/CryptdConnector(1397): SND -> {2 cryptfs unlock_user_key 0 0 ! !}
04-02 02:41:44.858: D/vold(422): e4crypt_unlock_user_key 0 serial=0 token_present=0
04-02 02:41:44.858: D/CryptdConnector(1397): RCV <- {200 2 Command succeeded}
04-02 02:41:44.859: D/MountService(1397): Thinking about reset, mSystemReady=true, mDaemonConnected=true
04-02 02:41:44.860: D/VoldConnector(1397): SND -> {3 volume reset}
04-02 02:41:44.860: I/ActivityManager(1397): Force stopping com.android.providers.media appid=10009 user=-1: vold reset
04-02 02:41:44.860: E/WallpaperManagerService(1397): Invalid wallpaper data
04-02 02:41:44.860: E/WallpaperManagerService(1397): Unable to apply new wallpaper
04-02 02:41:44.861: D/VoldConnector(1397): RCV <- {651 emulated 7}
04-02 02:41:44.862: D/VoldConnector(1397): RCV <- {659 emulated}
04-02 02:41:44.862: D/VoldConnector(1397): RCV <- {650 emulated 2 "" ""}
04-02 02:41:44.863: D/VoldConnector(1397): RCV <- {651 emulated 0}
04-02 02:41:44.863: D/VoldConnector(1397): RCV <- {200 3 Command succeeded}
04-02 02:41:44.864: D/VoldConnector(1397): SND -> {4 volume user_added 0 0}
04-02 02:41:44.864: V/MountService(1397): Found primary storage at VolumeInfo{emulated}:
04-02 02:41:44.864: V/MountService(1397):     type=EMULATED diskId=null partGuid=null mountFlags=0 mountUserId=-1 
04-02 02:41:44.864: V/MountService(1397):     state=UNMOUNTED 
04-02 02:41:44.864: V/MountService(1397):     fsType=null fsUuid=null fsLabel=null 
04-02 02:41:44.864: V/MountService(1397):     path=null internalPath=null 
04-02 02:41:44.865: D/VoldConnector(1397): RCV <- {200 4 Command succeeded}
04-02 02:41:44.899: I/ActivityManager(1397): Start proc 1818:com.android.systemui/u0a27 for service com.android.systemui/.ImageWallpaper
04-02 02:41:44.900: D/VoldConnector(1397): SND -> {5 volume mount emulated 3 -1}
04-02 02:41:44.908: D/VoldConnector(1397): RCV <- {651 emulated 1}
04-02 02:41:44.909: D/VoldConnector(1397): RCV <- {656 emulated /data/media}
04-02 02:41:44.910: V/vold(422): Waiting for FUSE to spin up...
04-02 02:41:44.910: D/VoldConnector(1397): RCV <- {655 emulated /storage/emulated}
04-02 02:41:44.920: I/SystemServer(1397): WebViewFactory preparation
04-02 02:41:44.962: D/VoldConnector(1397): RCV <- {651 emulated 2}
04-02 02:41:44.963: D/VoldConnector(1397): RCV <- {200 5 Command succeeded}
04-02 02:41:44.969: I/ActivityManager(1397): Start proc 1841:com.android.settings/1000 for broadcast com.android.settings/.UsbShareReceiver
04-02 02:41:45.077: W/ActivityManager(1397): Slow operation: 107ms so far, now at startProcess: returned from zygote!
04-02 02:41:45.077: W/ActivityManager(1397): Slow operation: 107ms so far, now at startProcess: done updating battery stats
04-02 02:41:45.077: W/ActivityManager(1397): Slow operation: 108ms so far, now at startProcess: building log message
04-02 02:41:45.077: I/ActivityManager(1397): Start proc 1860:WebViewLoader-armeabi-v7a/1037 [android.webkit.WebViewFactory$RelroFileCreator] for 
04-02 02:41:45.077: W/ActivityManager(1397): Slow operation: 108ms so far, now at startProcess: starting to update pids map
04-02 02:41:45.077: W/ActivityManager(1397): Slow operation: 108ms so far, now at startProcess: done updating pids map
04-02 02:41:45.077: W/ActivityManager(1397): Slow operation: 108ms so far, now at startProcess: done starting proc!
04-02 02:41:45.114: I/ActivityManager(1397): Start proc 1881:WebViewLoader-arm64-v8a/1037 [android.webkit.WebViewFactory$RelroFileCreator] for 
04-02 02:41:45.116: D/NetworkManagement(1397): enabling bandwidth control
04-02 02:41:45.420: E/ActivityThread(1804): Failed to find provider info for user_dictionary
04-02 02:41:45.653: D/NetworkPolicy(1397): setRestrictBackgroundUL(): false
04-02 02:41:45.659: W/WindowManager(1397): Keyguard drawn timeout. Setting mKeyguardDrawComplete
04-02 02:41:45.973: I/StatusBarManagerService(1397): registerStatusBar bar=com.android.internal.statusbar.IStatusBar$Stub$Proxy@898795f
04-02 02:41:46.045: I/SystemServiceManager(1397): Starting phase 600
04-02 02:41:46.066: D/GestureLauncherService(1397): Gesture launcher mEmergencyNumber = 112 hits = 3
04-02 02:41:46.067: D/SensorNotificationService(1397): Cannot obtain dynamic meta sensor, not supported.
04-02 02:41:46.111: W/LocationProviderProxy-network(1397): Odd, no component found for service com.android.location.service.v3.NetworkLocationProvider
04-02 02:41:46.112: W/LocationProviderProxy-fused(1397): Odd, no component found for service com.android.location.service.FusedLocationProvider
04-02 02:41:46.114: E/LocationManagerService(1397): no geocoder provider found
04-02 02:41:46.138: D/LocationManagerService(1397): Unable to bind FusedProxy.
04-02 02:41:46.142: D/LocationManagerService(1397): Unable to bind FLP Geofence proxy.
04-02 02:41:46.156: D/LocationManagerService(1397): Unable to bind ActivityRecognitionProxy.
04-02 02:41:46.176: I/MmsServiceBroker(1397): Delay connecting to MmsService until an API is called
04-02 02:41:46.213: I/ActivityManager(1397): Start proc 2043:com.sangfei.powersave/1000 for service com.sangfei.powersave/.PowerCentService
04-02 02:41:46.216: W/VoiceInteractionManagerService(1397): no available voice recognition services found for user 0
04-02 02:41:46.259: I/ActivityManager(1397): Start proc 2059:.dataservices/1000 for added application .dataservices
04-02 02:41:46.302: I/ActivityManager(1397): Start proc 2077:com.sangfei.powersave/1000 for added application com.sangfei.powersave
04-02 02:41:46.352: I/ActivityManager(1397): Start proc 2093:com.android.phone/1001 for added application com.android.phone
04-02 02:41:46.353: W/ActivityManager(1397): startActivityLocked111 freeMem =22923
04-02 02:41:46.354: I/ActivityManager(1397): START u0 {act=android.intent.action.MAIN cat=[android.intent.category.HOME] flg=0x10000100 cmp=com.android.settings/.FallbackHome} from uid 0 on display 0
04-02 02:41:46.382: I/ActivityManager(1397): Loaded persisted task ids for user 0
04-02 02:41:46.396: W/ActivityManager(1397): No pending application record for pid 2043 (IApplicationThread android.app.ApplicationThreadProxy@8397d0); dropping process
04-02 02:41:46.398: I/SystemServer(1397): Enabled StrictMode for system server main thread.
04-02 02:41:46.412: W/LocationProviderProxy-network(1397): Odd, no component found for service com.android.location.service.v3.NetworkLocationProvider
04-02 02:41:46.413: W/LocationProviderProxy-fused(1397): Odd, no component found for service com.android.location.service.FusedLocationProvider
04-02 02:41:46.431: D/ConditionProviders.SCP(1397): onConnected
04-02 02:41:46.431: D/ZenLog(1397): set_zen_mode: off,readXml
04-02 02:41:46.441: D/ConditionProviders(1397): Subscribing to condition://android/schedule?days=6.7&start=23.30&end=10.0&exitAtAlarm=false with ComponentInfo{android/com.android.server.notification.ScheduleConditionProvider}
04-02 02:41:46.442: D/ZenLog(1397): subscribe: condition://android/schedule?days=6.7&start=23.30&end=10.0&exitAtAlarm=false,ok
04-02 02:41:46.442: D/ConditionProviders(1397): Subscribing to condition://android/schedule?days=1.2.3.4.5&start=22.0&end=7.0&exitAtAlarm=false with ComponentInfo{android/com.android.server.notification.ScheduleConditionProvider}
04-02 02:41:46.442: D/ZenLog(1397): subscribe: condition://android/schedule?days=1.2.3.4.5&start=22.0&end=7.0&exitAtAlarm=false,ok
04-02 02:41:46.442: D/ConditionProviders(1397): Subscribing to condition://android/event?userId=-10000&calendar=&reply=1 with ComponentInfo{android/com.android.server.notification.EventConditionProvider}
04-02 02:41:46.442: D/ZenLog(1397): subscribe: condition://android/event?userId=-10000&calendar=&reply=1,ok
04-02 02:41:46.534: D/ZenLog(1397): set_zen_mode: off,cleanUpZenRules
04-02 02:41:46.800: W/KeyguardServiceDelegate(1397): onScreenTurningOn(): no keyguard service!
04-02 02:41:47.311: I/Telecom(1397): SystemStateProvider: Registering car mode receiver: android.content.IntentFilter@f56f9a0: TS.init@AAA
04-02 02:41:47.322: I/Telecom(1397): Telecom: Non-call EVENT: AUDIO_ROUTE, Entering state QuiescentEarpieceRoute
04-02 02:41:47.332: I/Telecom(1397): CallAudioModeStateMachine: Message received: null.: TS.init->CAMSM.pM_1@AAA_0
04-02 02:41:47.354: I/Telecom(1397): ViceNotificationImpl: ViceNotificationImpl: TS.init@AAA
04-02 02:41:47.366: I/Telecom(1397): BluetoothPhoneService: Ignoring IBluetoothDsdaService class not found exception : TS.init@AAA
04-02 02:41:47.371: E/ActivityThread(1397): Failed to find provider info for call_log
04-02 02:41:47.374: I/Telecom(1397): Class: TelecomSystem.INSTANCE being set
04-02 02:41:47.439: I/ActivityManager(1397): Start proc 2202:com.qualcomm.qcrilmsgtunnel/1001 for service com.qualcomm.qcrilmsgtunnel/.QcrilMsgTunnelService
04-02 02:41:47.474: V/WiredAccessoryManager(1397): notifyWiredAccessoryChanged: when=0 bits= mask=54
04-02 02:41:47.474: V/WiredAccessoryManager(1397): newName=h2w newState=0 headsetState=0 prev headsetState=0
04-02 02:41:47.474: V/WiredAccessoryManager(1397): init()
04-02 02:41:47.550: D/AccessibilityManagerService(1397): Ignoring non-encryption-aware service ComponentInfo{com.iflytek.inputmethod/com.iflytek.depend.accessibility.IflymeAccessibilityService}
04-02 02:41:47.550: D/AccessibilityManagerService(1397): Ignoring non-encryption-aware service ComponentInfo{com.tencent.qqpimsecure/com.meri.service.AccessibilityDispatcher}
04-02 02:41:47.800: W/WindowManager(1397): Keyguard drawn timeout. Setting mKeyguardDrawComplete
04-02 02:41:47.876: I/ActivityManager(1397): Start proc 2245:com.android.cellbroadcastreceiver/u0a7 for broadcast com.android.cellbroadcastreceiver/.CellBroadcastReceiver
04-02 02:41:47.885: D/ConditionProviders.SCP(1397): onSubscribe condition://android/schedule?days=6.7&start=23.30&end=10.0&exitAtAlarm=false
04-02 02:41:47.886: D/ConditionProviders.SCP(1397): setRegistered true
04-02 02:41:47.886: D/ConditionProviders.SCP(1397): notifyCondition condition://android/schedule?days=6.7&start=23.30&end=10.0&exitAtAlarm=false STATE_TRUE reason=meetsSchedule
04-02 02:41:47.889: D/ConditionProviders.SCP(1397): Not scheduling evaluate
04-02 02:41:47.889: D/ConditionProviders.SCP(1397): onSubscribe condition://android/schedule?days=1.2.3.4.5&start=22.0&end=7.0&exitAtAlarm=false
04-02 02:41:47.889: D/ConditionProviders.SCP(1397): notifyCondition condition://android/schedule?days=6.7&start=23.30&end=10.0&exitAtAlarm=false STATE_TRUE reason=meetsSchedule
04-02 02:41:47.890: D/ConditionProviders.SCP(1397): notifyCondition condition://android/schedule?days=1.2.3.4.5&start=22.0&end=7.0&exitAtAlarm=false STATE_FALSE reason=!meetsSchedule
04-02 02:41:47.890: D/ConditionProviders.SCP(1397): Scheduling evaluate for Sun Apr 02 07:00:00 GMT+08:00 2017 (1491087600000), in +4h18m12s111ms, now=Sun Apr 02 02:41:47 GMT+08:00 2017 (1491072107889)
04-02 02:41:47.898: E/ActivityThread(1397): Failed to find provider info for com.android.calendar
04-02 02:41:47.900: E/ActivityThread(1397): Failed to find provider info for com.android.calendar
04-02 02:41:47.940: I/Telecom(1397): WiredHeadsetManager: ACTION_HEADSET_PLUG event, plugged in: false, : WHC.oADA@AAE
04-02 02:41:47.951: I/ActivityManager(1397): user 0 is still locked. Cannot load recents
04-02 02:41:47.966: I/SyncManager(1397): Got SyncJobService instance.
04-02 02:41:48.205: W/SystemConfig(2093): Got exception parsing permissions.
04-02 02:41:48.205: W/SystemConfig(2093): org.xmlpull.v1.XmlPullParserException: unterminated entity ref (position:TEXT @1:30 in java.io.FileReader@b09a053) 
04-02 02:41:48.205: W/SystemConfig(2093): 	at org.kxml2.io.KXmlParser.readEntity(KXmlParser.java:1234)
04-02 02:41:48.205: W/SystemConfig(2093): 	at org.kxml2.io.KXmlParser.readValue(KXmlParser.java:1416)
04-02 02:41:48.205: W/SystemConfig(2093): 	at org.kxml2.io.KXmlParser.next(KXmlParser.java:401)
04-02 02:41:48.205: W/SystemConfig(2093): 	at org.kxml2.io.KXmlParser.next(KXmlParser.java:321)
04-02 02:41:48.205: W/SystemConfig(2093): 	at com.android.server.SystemConfig.readPermissionsFromXml(SystemConfig.java:279)
04-02 02:41:48.205: W/SystemConfig(2093): 	at com.android.server.SystemConfig.readPermissions(SystemConfig.java:254)
04-02 02:41:48.205: W/SystemConfig(2093): 	at com.android.server.SystemConfig.<init>(SystemConfig.java:203)
04-02 02:41:48.205: W/SystemConfig(2093): 	at com.android.server.SystemConfig.getInstance(SystemConfig.java:136)
04-02 02:41:48.205: W/SystemConfig(2093): 	at com.android.internal.telephony.CarrierAppUtils.disableCarrierAppsUntilPrivileged(CarrierAppUtils.java:78)
04-02 02:41:48.205: W/SystemConfig(2093): 	at com.android.internal.telephony.SubscriptionInfoUpdater.initializeCarrierApps(SubscriptionInfoUpdater.java:176)
04-02 02:41:48.205: W/SystemConfig(2093): 	at com.android.internal.telephony.SubscriptionInfoUpdater.<init>(SubscriptionInfoUpdater.java:134)
04-02 02:41:48.205: W/SystemConfig(2093): 	at com.qualcomm.qti.internal.telephony.QtiSubscriptionInfoUpdater.<init>(QtiSubscriptionInfoUpdater.java:95)
04-02 02:41:48.205: W/SystemConfig(2093): 	at com.qualcomm.qti.internal.telephony.QtiSubscriptionInfoUpdater.init(QtiSubscriptionInfoUpdater.java:78)
04-02 02:41:48.205: W/SystemConfig(2093): 	at com.qualcomm.qti.internal.telephony.QtiTelephonyComponentFactory.makeSubscriptionInfoUpdater(QtiTelephonyComponentFactory.java:158)
04-02 02:41:48.205: W/SystemConfig(2093): 	at com.android.internal.telephony.PhoneFactory.makeDefaultPhone(PhoneFactory.java:203)
04-02 02:41:48.205: W/SystemConfig(2093): 	at com.android.internal.telephony.PhoneFactory.makeDefaultPhones(PhoneFactory.java:90)
04-02 02:41:48.205: W/SystemConfig(2093): 	at com.android.phone.PhoneGlobals.onCreate(PhoneGlobals.java:286)
04-02 02:41:48.205: W/SystemConfig(2093): 	at com.android.phone.PhoneApp.onCreate(PhoneApp.java:41)
04-02 02:41:48.205: W/SystemConfig(2093): 	at android.app.Instrumentation.callApplicationOnCreate(Instrumentation.java:1025)
04-02 02:41:48.205: W/SystemConfig(2093): 	at android.app.ActivityThread.handleBindApplication(ActivityThread.java:5405)
04-02 02:41:48.205: W/SystemConfig(2093): 	at android.app.ActivityThread.-wrap2(ActivityThread.java)
04-02 02:41:48.205: W/SystemConfig(2093): 	at android.app.ActivityThread$H.handleMessage(ActivityThread.java:1546)
04-02 02:41:48.205: W/SystemConfig(2093): 	at android.os.Handler.dispatchMessage(Handler.java:102)
04-02 02:41:48.205: W/SystemConfig(2093): 	at android.os.Looper.loop(Looper.java:154)
04-02 02:41:48.205: W/SystemConfig(2093): 	at android.app.ActivityThread.main(ActivityThread.java:6121)
04-02 02:41:48.205: W/SystemConfig(2093): 	at java.lang.reflect.Method.invoke(Native Method)
04-02 02:41:48.205: W/SystemConfig(2093): 	at com.android.internal.os.ZygoteInit$MethodAndArgsCaller.run(ZygoteInit.java:889)
04-02 02:41:48.205: W/SystemConfig(2093): 	at com.android.internal.os.ZygoteInit.main(ZygoteInit.java:779)
04-02 02:41:48.391: E/ActivityThread(2093): Failed to find provider info for com.android.contacts
04-02 02:41:48.391: E/ActivityThread(2093): --------- beginning of main
04-02 02:41:48.549: V/ACodec(1818): [OMX.google.vorbis.decoder] calling emptyBuffer 2 w/ time 35000 us
04-02 02:41:48.550: V/MediaExtractor(746): MediaExtractor::CreateFromService (null) flags 0
04-02 02:41:48.553: V/SimpleSoftOMXComponent(741): msgType = 1
04-02 02:41:48.554: V/OMX(741): OnEmptyBufferDone buffer=0xf1ca41d0
04-02 02:41:48.554: V/MPEG4Extractor(746): saw chunk type , size 1332176723 @ 0
04-02 02:41:48.554: V/OMX(741): OnFillBufferDone buffer=0xf1ca3c80
04-02 02:41:48.554: V/IOMX(741): onMessage writing message 1, size 40
04-02 02:41:48.555: V/MP3Extractor(746): found possible 1st frame at 46 (header = 0xffffe022)
04-02 02:41:48.555: V/MP3Extractor(746): subsequent header is 00010004
04-02 02:41:48.555: V/MP3Extractor(746): no dice, no valid sequence of frames found.
04-02 02:41:48.555: V/MP3Extractor(746): found possible 1st frame at 54 (header = 0xffffb801)
04-02 02:41:48.555: V/MP3Extractor(746): subsequent header is 59966559
04-02 02:41:48.555: V/MP3Extractor(746): no dice, no valid sequence of frames found.
04-02 02:41:48.555: V/IOMX(1818): onTransact reading message 1, size 40
04-02 02:41:48.555: V/ACodec(1818): [OMX.google.vorbis.decoder] onOMXEmptyBufferDone 2
04-02 02:41:48.556: V/BpMediaSource(1818): readMultiple
04-02 02:41:48.557: V/BnMediaSource(746): readMultiple
04-02 02:41:48.557: V/BnMediaSource(746): readMultiple status 0, bufferCount 1, sinceStop 5
04-02 02:41:48.557: V/IOMX(741): onMessage writing message 2, size 40
04-02 02:41:48.558: V/BpMediaSource(1818): INLINE_BUFFER status 0 and len 243
04-02 02:41:48.558: V/BpMediaSource(1818): readMultiple status 0, bufferCount 1, sinceStop 5
04-02 02:41:48.559: V/BpMediaSource(1818): read status 0, bufferCount 1, sinceStop 5
04-02 02:41:48.560: V/ACodec(1818): [OMX.google.vorbis.decoder] calling emptyBuffer 3 w/ time 44000 us
04-02 02:41:48.560: V/IOMX(1818): onTransact reading message 2, size 40
04-02 02:41:48.563: V/SimpleSoftOMXComponent(741): msgType = 1
04-02 02:41:48.564: V/OMX(741): OnEmptyBufferDone buffer=0xf1ca4310
04-02 02:41:48.564: V/OMX(741): OnFillBufferDone buffer=0xf1ca3b90
04-02 02:41:48.564: V/IOMX(741): onMessage writing message 1, size 40
04-02 02:41:48.567: V/ACodec(1818): [OMX.google.vorbis.decoder] onOMXFillBufferDone 12 time 35000 us, flags = 0x00000000
04-02 02:41:48.567: V/IOMX(741): onMessage writing message 2, size 40
04-02 02:41:48.569: V/MP3Extractor(746): found possible 1st frame at 4750 (header = 0xfffa841a)
04-02 02:41:48.569: V/MP3Extractor(746): subsequent header is 44adaaea
04-02 02:41:48.569: V/MP3Extractor(746): no dice, no valid sequence of frames found.
04-02 02:41:48.569: V/BpMediaSource(1818): readMultiple
04-02 02:41:48.569: V/IOMX(1818): onTransact reading message 1, size 40
04-02 02:41:48.570: V/ACodec(1818): [OMX.google.vorbis.decoder] onOMXEmptyBufferDone 3
04-02 02:41:48.570: V/IOMX(1818): onTransact reading message 2, size 40
04-02 02:41:48.570: V/ACodec(1818): [OMX.google.vorbis.decoder] onOMXFillBufferDone 9 time 44000 us, flags = 0x00000000
04-02 02:41:48.571: V/BnMediaSource(746): readMultiple
04-02 02:41:48.571: V/BnMediaSource(746): readMultiple status 0, bufferCount 1, sinceStop 6
04-02 02:41:48.573: V/BpMediaSource(1818): INLINE_BUFFER status 0 and len 257
04-02 02:41:48.573: V/BpMediaSource(1818): readMultiple status 0, bufferCount 1, sinceStop 6
04-02 02:41:48.573: V/BpMediaSource(1818): read status 0, bufferCount 1, sinceStop 6
04-02 02:41:48.573: V/ACodec(1818): [OMX.google.vorbis.decoder] calling emptyBuffer 4 w/ time 62000 us
04-02 02:41:48.577: V/SimpleSoftOMXComponent(741): msgType = 1
04-02 02:41:48.582: V/MidiExtractor(746): SniffMidi: no
04-02 02:41:48.582: V/ACodec(1818): [OMX.google.vorbis.decoder] calling fillBuffer 10
04-02 02:41:48.583: V/SimpleSoftOMXComponent(741): msgType = 2
04-02 02:41:48.584: V/OMX(741): OnEmptyBufferDone buffer=0xf1ca4400
04-02 02:41:48.584: V/OMX(741): OnFillBufferDone buffer=0xf1ca3be0
04-02 02:41:48.584: V/IOMX(741): onMessage writing message 1, size 40
04-02 02:41:48.584: I/OmaDrmEngine(731): OmaDrmEngine::onInitialize
04-02 02:41:48.584: V/IOMX(741): onMessage writing message 2, size 40
04-02 02:41:48.584: I/OmaDrmEngine(731): OmaDrmEngine::onInitialize -- OmaDrmGlue_InitializeKeyEncryption succeeded
04-02 02:41:48.584: I/OmaDrmEngine(731): OmaDrmEngine::onSetOnInfoListener
04-02 02:41:48.584: V/OmaDrmEngine(731): Found infoListenerClient
04-02 02:41:48.584: V/IOMX(1818): onTransact reading message 1, size 40
04-02 02:41:48.584: V/IOMX(1818): onTransact reading message 2, size 40
04-02 02:41:48.586: I/OmaDrmEngine(731): OmaDrmEngine::onOpenDecryptSession! fd = 7
04-02 02:41:48.586: D/OmaDrmFile(731): Coming into OmaDrmDcfFile_ParserDcf, fd =  9
04-02 02:41:48.586: E/OmaDrmFile(731): Unable to open Temp media file : No such file or directory 
04-02 02:41:48.586: E/OmaDrmFile(731): Invalid drm version
04-02 02:41:48.586: V/OmaDrmFile(731): DCF releases
04-02 02:41:48.586: I/OmaDrmEngine(731): OmaDrmEngine::onOpenDecryptSession Exit. result = -2006
04-02 02:41:48.588: V/ACodec(1818): [OMX.google.vorbis.decoder] onOMXEmptyBufferDone 4
04-02 02:41:48.588: V/ACodec(1818): [OMX.google.vorbis.decoder] onOMXFillBufferDone 10 time 62000 us, flags = 0x00000000
04-02 02:41:48.589: V/BpMediaSource(1818): readMultiple
04-02 02:41:48.589: V/BnMediaSource(746): readMultiple
04-02 02:41:48.589: V/BnMediaSource(746): readMultiple status 0, bufferCount 1, sinceStop 7
04-02 02:41:48.590: V/BpMediaSource(1818): INLINE_BUFFER status 0 and len 318
04-02 02:41:48.590: V/BpMediaSource(1818): readMultiple status 0, bufferCount 1, sinceStop 7
04-02 02:41:48.590: V/BpMediaSource(1818): read status 0, bufferCount 1, sinceStop 7
04-02 02:41:48.591: V/ACodec(1818): [OMX.google.vorbis.decoder] calling emptyBuffer 1 w/ time 80000 us
04-02 02:41:48.591: I/OmaDrmEngine(731): OmaDrmEngine::onTerminate
04-02 02:41:48.592: V/SimpleSoftOMXComponent(741): msgType = 1
04-02 02:41:48.595: V/ACodec(1818): [OMX.google.vorbis.decoder] calling fillBuffer 11
04-02 02:41:48.598: V/SimpleSoftOMXComponent(741): msgType = 2
04-02 02:41:48.599: V/SoftVorbis(741): discarding 64 frames at end of page
04-02 02:41:48.599: V/OMX(741): OnEmptyBufferDone buffer=0xf1ca3af0
04-02 02:41:48.599: V/OMX(741): OnFillBufferDone buffer=0xf1ca3c30
04-02 02:41:48.599: V/IOMX(741): onMessage writing message 1, size 40
04-02 02:41:48.599: V/IOMX(741): onMessage writing message 2, size 40
04-02 02:41:48.601: V/IOMX(1818): onTransact reading message 1, size 40
04-02 02:41:48.601: V/IOMX(1818): onTransact reading message 2, size 40
04-02 02:41:48.602: V/ACodec(1818): [OMX.google.vorbis.decoder] onOMXEmptyBufferDone 1
04-02 02:41:48.602: V/ACodec(1818): [OMX.google.vorbis.decoder] onOMXFillBufferDone 11 time 80000 us, flags = 0x00000000
04-02 02:41:48.605: V/BpMediaSource(1818): readMultiple
04-02 02:41:48.605: V/BnMediaSource(746): readMultiple
04-02 02:41:48.606: V/BnMediaSource(746): readMultiple status -1011, bufferCount 0, sinceStop 7
04-02 02:41:48.613: I/OmaDrmEngine(731): OmaDrmEngine::onInitialize
04-02 02:41:48.613: I/OmaDrmEngine(731): OmaDrmEngine::onInitialize -- OmaDrmGlue_InitializeKeyEncryption succeeded
04-02 02:41:48.613: I/OmaDrmEngine(731): OmaDrmEngine::onSetOnInfoListener
04-02 02:41:48.613: V/OmaDrmEngine(731): Found infoListenerClient
04-02 02:41:48.617: V/BpMediaSource(1818): readMultiple status -1011, bufferCount 0, sinceStop 7
04-02 02:41:48.617: V/BpMediaSource(1818): read status -1011, bufferCount 0, sinceStop 7
04-02 02:41:48.618: V/ACodec(1818): [OMX.google.vorbis.decoder] calling emptyBuffer 2 w/ EOS
04-02 02:41:48.618: I/OmaDrmEngine(731): OmaDrmEngine::onOpenDecryptSession! fd = 7
04-02 02:41:48.618: D/OmaDrmFile(731): Coming into OmaDrmDcfFile_ParserDcf, fd =  9
04-02 02:41:48.618: E/OmaDrmFile(731): Unable to open Temp media file : No such file or directory 
04-02 02:41:48.618: E/OmaDrmFile(731): Invalid drm version
04-02 02:41:48.618: V/OmaDrmFile(731): DCF releases
04-02 02:41:48.618: I/OmaDrmEngine(731): OmaDrmEngine::onOpenDecryptSession Exit. result = -2006
04-02 02:41:48.619: I/OmaDrmEngine(731): OmaDrmEngine::onTerminate
04-02 02:41:48.621: V/SimpleSoftOMXComponent(741): msgType = 1
04-02 02:41:48.622: V/MediaExtractor(746): Autodetected media content as 'application/ogg' with confidence 0.80
04-02 02:41:48.622: I/ExtendedExtractor(746): QTIParser is prefered .. flags 0
04-02 02:41:48.623: V/ACodec(1818): [OMX.google.vorbis.decoder] Signalled EOS (-1011) on the input port
04-02 02:41:48.624: V/ACodec(1818): [OMX.google.vorbis.decoder] calling fillBuffer 12
04-02 02:41:48.626: I/MediaExtractor(746): extractor created in uid: 1040 (mediaex)
04-02 02:41:48.627: D/MMParserExtractor(746): setExtraFlags called with flags 0 for paser instance e9c23c30
04-02 02:41:48.627: I/ExtendedExtractor(746): ExtendedExtractor::create 0xe9c23c30
04-02 02:41:48.627: V/MediaExtractorService(746): extractor service created 0xe9c23c30 (<unspecified>)
04-02 02:41:48.628: V/SimpleSoftOMXComponent(741): msgType = 2
04-02 02:41:48.629: V/SoftVorbis(741): discarding 576 frames at end of page
04-02 02:41:48.629: V/OMX(741): OnEmptyBufferDone buffer=0xf1ca41d0
04-02 02:41:48.629: V/OMX(741): OnFillBufferDone buffer=0xf1ca3c80
04-02 02:41:48.629: V/IOMX(741): onMessage writing message 1, size 40
04-02 02:41:48.629: V/IOMX(741): onMessage writing message 2, size 40
04-02 02:41:48.629: V/IOMX(1818): onTransact reading message 1, size 40
04-02 02:41:48.629: V/IOMX(1818): onTransact reading message 2, size 40
04-02 02:41:48.630: V/ACodec(1818): [OMX.google.vorbis.decoder] onOMXEmptyBufferDone 2
04-02 02:41:48.630: V/ACodec(1818): [OMX.google.vorbis.decoder] onOMXFillBufferDone 12 time 100000 us, flags = 0x00000001
04-02 02:41:48.630: V/ACodec(1818): [OMX.google.vorbis.decoder] saw output EOS
04-02 02:41:48.631: V/BnMediaExtractor(746): countTracks
04-02 02:41:48.639: V/BnMediaExtractor(746): countTracks
04-02 02:41:48.640: V/BnMediaExtractor(746): getTrackMetaData
04-02 02:41:48.640: V/SimpleSoftOMXComponent(741): msgType = 0
04-02 02:41:48.640: V/SimpleSoftOMXComponent(741): 0xf1c8d380 requesting change from 3 to 2
04-02 02:41:48.641: V/OMX(741): OnEvent(0, 0, 2)
04-02 02:41:48.641: V/IOMX(741): onMessage writing message 0, size 40
04-02 02:41:48.641: V/ACodec(1818): [OMX.google.vorbis.decoder] Now Executing->Idle
04-02 02:41:48.641: V/BnMediaExtractor(746): countTracks
04-02 02:41:48.642: V/IOMX(1818): onTransact reading message 0, size 40
04-02 02:41:48.643: V/BnMediaExtractor(746): countTracks
04-02 02:41:48.643: V/SimpleSoftOMXComponent(741): msgType = 0
04-02 02:41:48.643: V/SimpleSoftOMXComponent(741): 0xf1c8d380 requesting change from 2 to 1
04-02 02:41:48.644: V/SimpleSoftOMXComponent(741): state transition from 2 to 1 not yet complete
04-02 02:41:48.645: V/BnMediaExtractor(746): countTracks
04-02 02:41:48.645: V/SimpleSoftOMXComponent(741): state transition from 2 to 1 not yet complete
04-02 02:41:48.646: V/SimpleSoftOMXComponent(741): state transition from 2 to 1 not yet complete
04-02 02:41:48.651: V/SimpleSoftOMXComponent(741): state transition from 2 to 1 not yet complete
04-02 02:41:48.651: V/BnMediaExtractor(746): getTrackMetaData
04-02 02:41:48.652: V/SimpleSoftOMXComponent(741): state transition from 2 to 1 not yet complete
04-02 02:41:48.657: V/SimpleSoftOMXComponent(741): state transition from 2 to 1 not yet complete
04-02 02:41:48.659: V/SimpleSoftOMXComponent(741): state transition from 2 to 1 not yet complete
04-02 02:41:48.662: I/chatty(1397): uid=1000 system_server expire 87 lines
04-02 02:41:48.663: I/MediaPlayerService(749): MediaPlayerService::getOMX
04-02 02:41:48.666: V/SimpleSoftOMXComponent(741): state transition from 2 to 1 not yet complete
04-02 02:41:48.672: V/SimpleSoftOMXComponent(741): state transition from 2 to 1 complete
04-02 02:41:48.672: V/OMX(741): OnEvent(0, 0, 1)
04-02 02:41:48.673: V/IOMX(741): onMessage writing message 0, size 40
04-02 02:41:48.675: V/ACodec(1818): [OMX.google.vorbis.decoder] Now Idle->Loaded
04-02 02:41:48.675: V/IOMX(1818): onTransact reading message 0, size 40
04-02 02:41:48.676: V/ACodec(1818): [OMX.google.vorbis.decoder] Now Loaded
04-02 02:41:48.681: V/OMXNodeInstance(741): [2e5002d:google.vorbis.decoder] calling destroyComponentInstance
04-02 02:41:48.683: V/OMXNodeInstance(741): OMXNodeInstance going away.
04-02 02:41:48.684: V/ACodec(1818): Now uninitialized
04-02 02:41:48.688: V/AudioTrackShared(727): mAvailToClient=7056 stepCount=882 minimum=7350
04-02 02:41:48.695: E/QCamera(730): <MCI><ERROR> void FN_FaceBeauty::fnEngineCreate(UINT32, UINT32, UINT32): 102: EngineCreate success
04-02 02:41:48.695: E/QCamera(730): <MCI><ERROR> void FN_FaceBeauty::fnEngineCreate(UINT32, UINT32, UINT32): 110: fnEngineCreate: -->, initSucceed 1
04-02 02:41:48.701: I/QCamera(730): <HAL><INFO> int qcamera::QCamera2HardwareInterface::openCamera(struct hw_device_t **): 1867: [KPI Perf]: E PROFILE_OPEN_CAMERA camera id 0
04-02 02:41:48.702: E/QCamera(730): <HAL><ERROR> int32_t qcamera::QCameraPerfLock::lock_acq_timed(int32_t): 314: failed to acquire lock
04-02 02:41:48.702: I/CameraService(730): onTorchStatusChangedLocked: Torch status changed for cameraId=0, newStatus=0
04-02 02:41:48.703: V/BpMediaSource(1818): stop
04-02 02:41:48.707: V/BnMediaSource(746): stop
04-02 02:41:48.708: V/AudioTrackShared(727): mAvailToClient=7938 stepCount=882 minimum=7350
04-02 02:41:48.709: V/OMXNodeInstance(741): debug level for OMX.google.vorbis.decoder is 0
04-02 02:41:48.709: I/OMXMaster(741): makeComponentInstance(OMX.google.vorbis.decoder) in mediacodec process
04-02 02:41:48.709: V/SoftOMXPlugin(741): makeComponentInstance 'OMX.google.vorbis.decoder'
04-02 02:41:48.714: V/OMX(741): setParameter(48562222 0x1000017 0xf2780000 136)
04-02 02:41:48.720: V/OMX(741): getParameter(48562222 0x2000001 0xf2780000 96)
04-02 02:41:48.721: V/OMX(741): setParameter(48562222 0x2000001 0xf2780000 96)
04-02 02:41:48.723: V/OMX(741): getParameter(48562222 0x2000001 0xf2780000 96)
04-02 02:41:48.728: V/AudioTrackShared(727): mAvailToClient=8820 stepCount=882 minimum=7350
04-02 02:41:48.734: V/OMX(741): getParameter(48562222 0x2000001 0xf2780000 96)
04-02 02:41:48.735: V/OMX(741): getParameter(48562222 0x2000001 0xf2780000 96)
04-02 02:41:48.736: V/OMX(741): getParameter(48562222 0x400001b 0xf2780000 48)
04-02 02:41:48.738: V/OMX(741): getParameter(48562222 0x2000001 0xf2780000 96)
04-02 02:41:48.742: V/OMX(741): getParameter(48562222 0x2000001 0xf2780000 96)
04-02 02:41:48.748: V/AudioTrackShared(727): mAvailToClient=9702 stepCount=882 minimum=7350
04-02 02:41:48.749: V/OMX(741): getParameter(48562222 0x4000002 0xf2780000 104)
04-02 02:41:48.756: V/SimpleSoftOMXComponent(741): msgType = 0
04-02 02:41:48.756: V/SimpleSoftOMXComponent(741): 0xf1c8d100 requesting change from 1 to 2
04-02 02:41:48.756: V/SimpleSoftOMXComponent(741): state transition from 1 to 2 not yet complete
04-02 02:41:48.762: V/OMX(741): getParameter(48562222 0x2000001 0xf2780000 96)
04-02 02:41:48.768: V/AudioTrackShared(727): mAvailToClient=10046 stepCount=882 minimum=7350
04-02 02:41:48.768: V/NuPlayerRenderer(749): onDrainAudioQueue: rendering audio at media time 0.90 secs
04-02 02:41:48.768: V/AudioSink(749): getPlayedOutDurationUs(555366) nowUs(41261282) frames(24299) framesAt(41256913)
04-02 02:41:48.768: V/NuPlayerDecoder(749): [OMX.google.vorbis.decoder] onMessage: AMessage(what = 'rndr', target = 6) = {
04-02 02:41:48.768: V/NuPlayerDecoder(749):   size_t buffer-ix = 3
04-02 02:41:48.768: V/NuPlayerDecoder(749):   int32_t generation = 1
04-02 02:41:48.768: V/NuPlayerDecoder(749): }
04-02 02:41:48.768: V/NuPlayerRenderer(749): onDrainAudioQueue: rendering audio at media time 0.92 secs
04-02 02:41:48.768: V/NuPlayerRenderer(749): onDrainAudioQueue: rendering audio at media time 0.94 secs
04-02 02:41:48.769: V/ACodec(749): [OMX.google.vorbis.decoder] calling fillBuffer 12
04-02 02:41:48.769: V/NuPlayerDecoder(749): [OMX.google.vorbis.decoder] onMessage: AMessage(what = 'rndr', target = 6) = {
04-02 02:41:48.769: V/NuPlayerDecoder(749):   size_t buffer-ix = 0
04-02 02:41:48.769: V/NuPlayerDecoder(749):   int32_t generation = 1
04-02 02:41:48.769: V/NuPlayerDecoder(749): }
04-02 02:41:48.769: V/SimpleSoftOMXComponent(741): msgType = 2
04-02 02:41:48.769: V/ACodec(749): [OMX.google.vorbis.decoder] calling fillBuffer 9
04-02 02:41:48.770: V/NuPlayerDecoder(749): [OMX.google.vorbis.decoder] onMessage: AMessage(what = 'rndr', target = 6) = {
04-02 02:41:48.770: V/NuPlayerDecoder(749):   size_t buffer-ix = 1
04-02 02:41:48.770: V/NuPlayerDecoder(749):   int32_t generation = 1
04-02 02:41:48.770: V/NuPlayerDecoder(749): }
04-02 02:41:48.770: V/OMX(741): OnEmptyBufferDone buffer=0xf1ca3f50
04-02 02:41:48.770: V/OMX(741): OnFillBufferDone buffer=0xf1ca47c0
04-02 02:41:48.770: V/IOMX(741): onMessage writing message 1, size 40
04-02 02:41:48.771: V/SimpleSoftOMXComponent(741): msgType = 2
04-02 02:41:48.772: V/OMX(741): OnEmptyBufferDone buffer=0xf1ca4040
04-02 02:41:48.772: V/OMX(741): OnFillBufferDone buffer=0xf1ca46d0
04-02 02:41:48.773: V/IOMX(749): onTransact reading message 1, size 40
04-02 02:41:48.777: V/IOMX(741): onMessage writing message 2, size 40
04-02 02:41:48.777: V/IOMX(741): onMessage writing message 1, size 40
04-02 02:41:48.777: V/IOMX(741): onMessage writing message 2, size 40
04-02 02:41:48.777: V/ACodec(749): [OMX.google.vorbis.decoder] onOMXEmptyBufferDone 2
04-02 02:41:48.778: V/NuPlayerDecoder(749): [OMX.google.vorbis.decoder] onMessage: AMessage(what = 'rndr', target = 6) = {
04-02 02:41:48.778: V/NuPlayerDecoder(749):   size_t buffer-ix = 2
04-02 02:41:48.778: V/NuPlayerDecoder(749):   int32_t generation = 1
04-02 02:41:48.778: V/NuPlayerDecoder(749): }
04-02 02:41:48.778: V/ACodec(749): [OMX.google.vorbis.decoder] calling fillBuffer 10
04-02 02:41:48.780: V/IOMX(749): onTransact reading message 2, size 40
04-02 02:41:48.781: V/IOMX(749): onTransact reading message 1, size 40
04-02 02:41:48.781: V/IOMX(749): onTransact reading message 2, size 40
04-02 02:41:48.781: V/SimpleSoftOMXComponent(741): msgType = 2
04-02 02:41:48.781: E/mm-camera(802): <STATS ><ERROR> 2822: stats_port_check_caps_reserve: Invalid Port capability type!
04-02 02:41:48.781: E/mm-camera(802): <STATS ><ERROR> 2822: stats_port_check_caps_reserve: Invalid Port capability type!
04-02 02:41:48.781: E/mm-camera(802): <STATS ><ERROR> 2822: stats_port_check_caps_reserve: Invalid Port capability type!
04-02 02:41:48.781: E/mm-camera(802): <STATS ><ERROR> 2822: stats_port_check_caps_reserve: Invalid Port capability type!
04-02 02:41:48.781: V/NuPlayerDecoder(749): [OMX.google.vorbis.decoder] onMessage: AMessage(what = 'cdcN', target = 6) = {
04-02 02:41:48.781: V/NuPlayerDecoder(749):   int32_t callbackID = 1
04-02 02:41:48.781: V/NuPlayerDecoder(749):   int32_t index = 1
04-02 02:41:48.781: V/NuPlayerDecoder(749): }
04-02 02:41:48.781: E/mm-camera(802): <STATS ><ERROR> 2822: stats_port_check_caps_reserve: Invalid Port capability type!
04-02 02:41:48.781: V/ACodec(749): [OMX.google.vorbis.decoder] onOMXFillBufferDone 12 time 965000 us, flags = 0x00000000
04-02 02:41:48.781: V/OMX(741): OnEmptyBufferDone buffer=0xf1ca4090
04-02 02:41:48.781: V/NuPlayerDecoder(749): [audio] kWhatCodecNotify: cbID = 1, paused = 0
04-02 02:41:48.782: V/OMX(741): OnFillBufferDone buffer=0xf1ca4720
04-02 02:41:48.782: V/ACodec(749): [OMX.google.vorbis.decoder] onOMXEmptyBufferDone 3
04-02 02:41:48.782: V/ACodec(749): [OMX.google.vorbis.decoder] onOMXFillBufferDone 9 time 988000 us, flags = 0x00000000
04-02 02:41:48.782: V/ACodec(749): [OMX.google.vorbis.decoder] calling fillBuffer 11
04-02 02:41:48.783: V/IOMX(741): onMessage writing message 1, size 40
04-02 02:41:48.783: V/IOMX(741): onMessage writing message 2, size 40
04-02 02:41:48.784: V/SimpleSoftOMXComponent(741): msgType = 2
04-02 02:41:48.785: V/OMX(741): OnEmptyBufferDone buffer=0xf1ca3eb0
04-02 02:41:48.785: V/OMX(741): OnFillBufferDone buffer=0xf1ca4770
04-02 02:41:48.785: V/IOMX(741): onMessage writing message 1, size 40
04-02 02:41:48.785: V/IOMX(741): onMessage writing message 2, size 40
04-02 02:41:48.785: V/IOMX(749): onTransact reading message 1, size 40
04-02 02:41:48.785: V/IOMX(749): onTransact reading message 2, size 40
04-02 02:41:48.785: V/IOMX(749): onTransact reading message 1, size 40
04-02 02:41:48.785: V/IOMX(749): onTransact reading message 2, size 40
04-02 02:41:48.787: V/ACodec(749): [OMX.google.vorbis.decoder] onOMXEmptyBufferDone 4
04-02 02:41:48.787: V/ACodec(749): [OMX.google.vorbis.decoder] onOMXFillBufferDone 10 time 1010999 us, flags = 0x00000000
04-02 02:41:48.787: V/ACodec(749): [OMX.google.vorbis.decoder] onOMXEmptyBufferDone 1
04-02 02:41:48.787: V/NuPlayerDecoder(749): [OMX.google.vorbis.decoder] onMessage: AMessage(what = 'cdcN', target = 6) = {
04-02 02:41:48.787: V/NuPlayerDecoder(749):   int32_t callbackID = 2
04-02 02:41:48.787: V/NuPlayerDecoder(749):   int32_t index = 3
04-02 02:41:48.787: V/NuPlayerDecoder(749):   size_t offset = 0
04-02 02:41:48.787: V/NuPlayerDecoder(749):   size_t size = 2048
04-02 02:41:48.787: V/NuPlayerDecoder(749):   int64_t timeUs = 965000
04-02 02:41:48.787: V/NuPlayerDecoder(749):   int32_t flags = 0
04-02 02:41:48.787: V/NuPlayerDecoder(749): }
04-02 02:41:48.787: V/ACodec(749): [OMX.google.vorbis.decoder] onOMXFillBufferDone 11 time 1034000 us, flags = 0x00000000
04-02 02:41:48.787: V/NuPlayerDecoder(749): [audio] kWhatCodecNotify: cbID = 2, paused = 0
04-02 02:41:48.787: V/ACodec(749): [OMX.google.vorbis.decoder] calling emptyBuffer 2 w/ time 1057000 us
04-02 02:41:48.787: V/NuPlayerDecoder(749): [OMX.google.vorbis.decoder] onMessage: AMessage(what = 'cdcN', target = 6) = {
04-02 02:41:48.787: V/NuPlayerDecoder(749):   int32_t callbackID = 1
04-02 02:41:48.787: V/NuPlayerDecoder(749):   int32_t index = 2
04-02 02:41:48.787: V/NuPlayerDecoder(749): }
04-02 02:41:48.788: V/NuPlayerDecoder(749): [audio] kWhatCodecNotify: cbID = 1, paused = 0
04-02 02:41:48.788: V/NuPlayerRenderer(749): onDrainAudioQueue: rendering audio at media time 0.96 secs
04-02 02:41:48.788: V/AudioTrackShared(727): mAvailToClient=6832 stepCount=882 minimum=7350
04-02 02:41:48.792: V/SimpleSoftOMXComponent(741): msgType = 1
04-02 02:41:48.793: V/ACodec(749): [OMX.google.vorbis.decoder] calling emptyBuffer 3 w/ time 1081000 us
04-02 02:41:48.794: V/NuPlayerDecoder(749): [OMX.google.vorbis.decoder] onMessage: AMessage(what = 'cdcN', target = 6) = {
04-02 02:41:48.794: V/NuPlayerDecoder(749):   int32_t callbackID = 2
04-02 02:41:48.794: V/NuPlayerDecoder(749):   int32_t index = 0
04-02 02:41:48.794: V/NuPlayerDecoder(749):   size_t offset = 0
04-02 02:41:48.794: V/NuPlayerDecoder(749):   size_t size = 2048
04-02 02:41:48.794: V/NuPlayerDecoder(749):   int64_t timeUs = 988000
04-02 02:41:48.794: V/NuPlayerDecoder(749):   int32_t flags = 0
04-02 02:41:48.794: V/NuPlayerDecoder(749): }
04-02 02:41:48.794: V/NuPlayerDecoder(749): [audio] kWhatCodecNotify: cbID = 2, paused = 0
04-02 02:41:48.794: V/NuPlayerDecoder(749): [OMX.google.vorbis.decoder] onMessage: AMessage(what = 'rndr', target = 6) = {
04-02 02:41:48.794: V/NuPlayerDecoder(749):   size_t buffer-ix = 3
04-02 02:41:48.794: V/NuPlayerDecoder(749):   int32_t generation = 1
04-02 02:41:48.794: V/NuPlayerDecoder(749): }
04-02 02:41:48.794: V/NuPlayerRenderer(749): onDrainAudioQueue: rendering audio at media time 0.99 secs
04-02 02:41:48.794: V/AudioSink(749): getPlayedOutDurationUs(581321) nowUs(41287026) frames(25181) framesAt(41276702)
04-02 02:41:48.794: V/SimpleSoftOMXComponent(741): state transition from 1 to 2 not yet complete
04-02 02:41:48.796: V/OMX(741): getParameter(48562222 0x2000001 0xf2780000 96)
04-02 02:41:48.796: V/SimpleSoftOMXComponent(741): msgType = 1
04-02 02:41:48.797: V/ACodec(749): [OMX.google.vorbis.decoder] calling fillBuffer 12
04-02 02:41:48.798: V/NuPlayerDecoder(749): [OMX.google.vorbis.decoder] onMessage: AMessage(what = 'cdcN', target = 6) = {
04-02 02:41:48.798: V/NuPlayerDecoder(749):   int32_t callbackID = 1
04-02 02:41:48.798: V/NuPlayerDecoder(749):   int32_t index = 3
04-02 02:41:48.798: V/NuPlayerDecoder(749): }
04-02 02:41:48.798: V/NuPlayerDecoder(749): [audio] kWhatCodecNotify: cbID = 1, paused = 0
04-02 02:41:48.798: V/SimpleSoftOMXComponent(741): msgType = 2
04-02 02:41:48.799: V/OMX(741): OnEmptyBufferDone buffer=0xf1ca3f50
04-02 02:41:48.799: V/ACodec(749): [OMX.google.vorbis.decoder] calling emptyBuffer 4 w/ time 1104000 us
04-02 02:41:48.799: V/OMX(741): OnFillBufferDone buffer=0xf1ca47c0
04-02 02:41:48.799: V/NuPlayerDecoder(749): [OMX.google.vorbis.decoder] onMessage: AMessage(what = 'cdcN', target = 6) = {
04-02 02:41:48.799: V/NuPlayerDecoder(749):   int32_t callbackID = 2
04-02 02:41:48.799: V/NuPlayerDecoder(749):   int32_t index = 1
04-02 02:41:48.799: V/NuPlayerDecoder(749):   size_t offset = 0
04-02 02:41:48.799: V/NuPlayerDecoder(749):   size_t size = 2048
04-02 02:41:48.799: V/NuPlayerDecoder(749):   int64_t timeUs = 1010999
04-02 02:41:48.799: V/NuPlayerDecoder(749):   int32_t flags = 0
04-02 02:41:48.799: V/NuPlayerDecoder(749): }
04-02 02:41:48.799: V/NuPlayerDecoder(749): [audio] kWhatCodecNotify: cbID = 2, paused = 0
04-02 02:41:48.799: V/NuPlayerDecoder(749): [OMX.google.vorbis.decoder] onMessage: AMessage(what = 'cdcN', target = 6) = {
04-02 02:41:48.799: V/NuPlayerDecoder(749):   int32_t callbackID = 1
04-02 02:41:48.799: V/NuPlayerDecoder(749):   int32_t index = 0
04-02 02:41:48.799: V/NuPlayerDecoder(749): }
04-02 02:41:48.799: V/NuPlayerRenderer(749): onDrainAudioQueue: rendering audio at media time 1.01 secs
04-02 02:41:48.799: V/NuPlayerDecoder(749): [audio] kWhatCodecNotify: cbID = 1, paused = 0
04-02 02:41:48.799: V/IOMX(741): onMessage writing message 1, size 40
04-02 02:41:48.799: V/IOMX(741): onMessage writing message 2, size 40
04-02 02:41:48.801: V/SimpleSoftOMXComponent(741): msgType = 1
04-02 02:41:48.803: V/IOMX(749): onTransact reading message 1, size 40
04-02 02:41:48.803: V/IOMX(749): onTransact reading message 2, size 40
04-02 02:41:48.804: V/ACodec(749): [OMX.google.vorbis.decoder] onOMXEmptyBufferDone 2
04-02 02:41:48.804: V/NuPlayerDecoder(749): [OMX.google.vorbis.decoder] onMessage: AMessage(what = 'cdcN', target = 6) = {
04-02 02:41:48.804: V/NuPlayerDecoder(749):   int32_t callbackID = 2
04-02 02:41:48.804: V/NuPlayerDecoder(749):   int32_t index = 2
04-02 02:41:48.804: V/NuPlayerDecoder(749):   size_t offset = 0
04-02 02:41:48.804: V/NuPlayerDecoder(749):   size_t size = 2048
04-02 02:41:48.804: V/NuPlayerDecoder(749):   int64_t timeUs = 1034000
04-02 02:41:48.804: V/NuPlayerDecoder(749):   int32_t flags = 0
04-02 02:41:48.804: V/NuPlayerDecoder(749): }
04-02 02:41:48.804: V/ACodec(749): [OMX.google.vorbis.decoder] onOMXFillBufferDone 12 time 1057000 us, flags = 0x00000000
04-02 02:41:48.804: V/NuPlayerDecoder(749): [audio] kWhatCodecNotify: cbID = 2, paused = 0
04-02 02:41:48.804: V/ACodec(749): [OMX.google.vorbis.decoder] calling emptyBuffer 1 w/ time 1127000 us
04-02 02:41:48.804: V/NuPlayerDecoder(749): [OMX.google.vorbis.decoder] onMessage: AMessage(what = 'rndr', target = 6) = {
04-02 02:41:48.804: V/NuPlayerDecoder(749):   size_t buffer-ix = 0
04-02 02:41:48.804: V/NuPlayerDecoder(749):   int32_t generation = 1
04-02 02:41:48.804: V/NuPlayerDecoder(749): }
04-02 02:41:48.804: V/NuPlayerRenderer(749): onDrainAudioQueue: rendering audio at media time 1.03 secs
04-02 02:41:48.805: V/SimpleSoftOMXComponent(741): msgType = 1
04-02 02:41:48.806: E/mm-camera(802): <SENSOR><ERROR> darling_s5k3p3_get_calibration_items: 67: is_wbc:1,is_afc:1,is_lsc:1,is_dpc:1,is_insensor:0,  is_ois:0
04-02 02:41:48.806: V/ACodec(749): [OMX.google.vorbis.decoder] calling fillBuffer 9
04-02 02:41:48.806: V/NuPlayerDecoder(749): [OMX.google.vorbis.decoder] onMessage: AMessage(what = 'rndr', target = 6) = {
04-02 02:41:48.806: V/NuPlayerDecoder(749):   size_t buffer-ix = 1
04-02 02:41:48.806: V/NuPlayerDecoder(749):   int32_t generation = 1
04-02 02:41:48.806: V/NuPlayerDecoder(749): }
04-02 02:41:48.809: V/SimpleSoftOMXComponent(741): msgType = 2
04-02 02:41:48.809: V/OMX(741): OnEmptyBufferDone buffer=0xf1ca4040
04-02 02:41:48.809: V/ACodec(749): [OMX.google.vorbis.decoder] calling fillBuffer 10
04-02 02:41:48.809: V/OMX(741): OnFillBufferDone buffer=0xf1ca46d0
04-02 02:41:48.809: V/IOMX(741): onMessage writing message 1, size 40
04-02 02:41:48.809: V/IOMX(741): onMessage writing message 2, size 40
04-02 02:41:48.809: V/NuPlayerDecoder(749): [OMX.google.vorbis.decoder] onMessage: AMessage(what = 'rndr', target = 6) = {
04-02 02:41:48.809: V/NuPlayerDecoder(749):   size_t buffer-ix = 2
04-02 02:41:48.809: V/NuPlayerDecoder(749):   int32_t generation = 1
04-02 02:41:48.809: V/NuPlayerDecoder(749): }
04-02 02:41:48.810: V/IOMX(749): onTransact reading message 1, size 40
04-02 02:41:48.810: V/IOMX(749): onTransact reading message 2, size 40
04-02 02:41:48.811: I/Thermal-Lib(730): Thermal-Lib-Client: Registraion successful for camera with handle:1
04-02 02:41:48.811: I/Thermal-Lib(730): Thermal-Lib-Client: Registraion successful for camcorder with handle:2
04-02 02:41:48.811: I/QCamera(730): <HAL><INFO> int qcamera::QCamera2HardwareInterface::openCamera(struct hw_device_t **): 1880: [KPI Perf]: X PROFILE_OPEN_CAMERA camera id 0, rc: 0
04-02 02:41:48.812: V/ACodec(749): [OMX.google.vorbis.decoder] onOMXEmptyBufferDone 3
04-02 02:41:48.812: V/SimpleSoftOMXComponent(741): msgType = 2
04-02 02:41:48.812: I/ThermalEngine(711): Thermal-Server: Adding thermal event listener on fd 46
04-02 02:41:48.813: V/ACodec(749): [OMX.google.vorbis.decoder] onOMXFillBufferDone 9 time 1081000 us, flags = 0x00000000
04-02 02:41:48.813: V/NuPlayerDecoder(749): [OMX.google.vorbis.decoder] onMessage: AMessage(what = 'cdcN', target = 6) = {
04-02 02:41:48.813: V/NuPlayerDecoder(749):   int32_t callbackID = 1
04-02 02:41:48.813: V/NuPlayerDecoder(749):   int32_t index = 1
04-02 02:41:48.813: V/NuPlayerDecoder(749): }
04-02 02:41:48.813: V/ACodec(749): [OMX.google.vorbis.decoder] calling fillBuffer 11
04-02 02:41:48.813: V/OMX(741): OnEmptyBufferDone buffer=0xf1ca4090
04-02 02:41:48.813: V/NuPlayerDecoder(749): [audio] kWhatCodecNotify: cbID = 1, paused = 0
04-02 02:41:48.813: V/OMX(741): OnFillBufferDone buffer=0xf1ca4720
04-02 02:41:48.814: I/Thermal-Lib(730): Thermal-Lib-Client: Client received msg camera 0
04-02 02:41:48.814: V/SimpleSoftOMXComponent(741): msgType = 2
04-02 02:41:48.814: I/Thermal-Lib(730): Thermal-Lib-Client: Client received msg camcorder 0
04-02 02:41:48.814: V/OMX(741): OnEmptyBufferDone buffer=0xf1ca3eb0
04-02 02:41:48.814: V/IOMX(741): onMessage writing message 1, size 40
04-02 02:41:48.814: V/OMX(741): OnFillBufferDone buffer=0xf1ca4770
04-02 02:41:48.814: V/IOMX(741): onMessage writing message 2, size 40
04-02 02:41:48.815: V/ACodec(749): [OMX.google.vorbis.decoder] calling emptyBuffer 2 w/ time 1150000 us
04-02 02:41:48.815: V/NuPlayerDecoder(749): [OMX.google.vorbis.decoder] onMessage: AMessage(what = 'cdcN', target = 6) = {
04-02 02:41:48.815: V/NuPlayerDecoder(749):   int32_t callbackID = 2
04-02 02:41:48.815: V/NuPlayerDecoder(749):   int32_t index = 3
04-02 02:41:48.815: V/NuPlayerDecoder(749):   size_t offset = 0
04-02 02:41:48.815: V/NuPlayerDecoder(749):   size_t size = 2048
04-02 02:41:48.815: V/NuPlayerDecoder(749):   int64_t timeUs = 1057000
04-02 02:41:48.815: V/NuPlayerDecoder(749):   int32_t flags = 0
04-02 02:41:48.815: V/NuPlayerDecoder(749): }
