04-02 02:41:51.181: D/KeyguardUpdateMonitor(1818): received broadcast android.intent.action.SIM_STATE_CHANGED
04-02 02:41:51.181: V/KeyguardUpdateMonitor(1818): action android.intent.action.SIM_STATE_CHANGED state: ABSENT slotId: 0 subid: 2147483643
04-02 02:41:51.181: D/KeyguardUpdateMonitor(1818): received broadcast android.intent.action.SIM_STATE_CHANGED
04-02 02:41:51.181: V/KeyguardUpdateMonitor(1818): action android.intent.action.SIM_STATE_CHANGED state: ABSENT slotId: 1 subid: 2147483644
04-02 02:41:51.181: D/KeyguardUpdateMonitor(1818): received broadcast android.intent.action.BATTERY_CHANGED
04-02 02:41:51.184: D/CellBroadcastReceiver(2245): onReceive Intent { act=android.intent.action.SIM_STATE_CHANGED flg=0x4000010 cmp=com.android.cellbroadcastreceiver/.CellBroadcastReceiver (has extras) }
04-02 02:41:51.190: D/BatteryController(1818): [onReceive] isPlugged : 2
04-02 02:41:51.192: D/KeyguardUpdateMonitor(1818): handleSimStateChange(subId=2147483643, slotId=0, state=UNKNOWN)
04-02 02:41:51.192: D/KeyguardUpdateMonitor(1818): handleBatteryUpdate
04-02 02:41:51.195: D/KeyguardViewMediator(1818): handleShow
04-02 02:41:51.197: I/ActivityManager(1397): Setting hasTopUi=true for pid=1818
04-02 02:41:51.205: V/KeyguardUpdateMonitor(1818): *** register callback for com.android.keyguard.KeyguardHostView$1@af9f91d
04-02 02:41:51.205: V/KeyguardUpdateMonitor(1818): *** unregister callback for null
04-02 02:41:51.219: V/KeyguardSecurityView(1818): showPrimarySecurityScreen(turningOff=false)
04-02 02:41:51.220: D/KeyguardSecurityView(1818): showSecurityScreen(None)
04-02 02:41:51.294: D/PhoneStatusBar(1818): disable: < EXPAND ICONS* alerts SYSTEM_INFO* BACK HOME RECENT clock SEARCH quick_settings >
04-02 02:41:51.310: E/PhoneInterfaceManager(2093): [PhoneIntfMgr] getIccId: ICC ID is null or empty.
04-02 02:41:51.325: D/KeyguardViewBase(1818): show()
04-02 02:41:51.327: V/KeyguardSecurityView(1818): showPrimarySecurityScreen(turningOff=false)
04-02 02:41:51.327: D/KeyguardSecurityView(1818): showSecurityScreen(None)
04-02 02:41:51.340: D/PhoneStatusBar(1818): disable: < EXPAND ICONS alerts SYSTEM_INFO BACK HOME RECENT clock SEARCH quick_settings >
04-02 02:41:51.342: D/KeyguardUpdateMonitor(1818): onKeyguardVisibilityChanged(true)
04-02 02:41:51.343: V/KeyguardStatusView(1818): refresh statusview showing:true
04-02 02:41:51.351: I/SystemServiceManager(1397): Starting phase 1000
04-02 02:41:51.363: V/KeyguardUpdateMonitor(1818): startListeningForFingerprint()
04-02 02:41:51.364: D/PowerCenter/PowerCentService(2077): PowerCentService onBind
04-02 02:41:51.370: D/testhzy(2077): PowerSaveManagerProvider query
04-02 02:41:51.370: D/hzy(2077): APPINFOS
04-02 02:41:51.372: I/Telecom(1397): PhoneAccountRegistrar: [ComponentInfo{com.android.phone/com.android.services.telephony.TelephonyConnectionService}, [e0184adedf913b076626646d3f52c3b49c39ad6d], UserHandle{0}(icon: Icon(typ=BITMAP size=57x72) -> Icon(typ=BITMAP size=57x72))]: TSI.rPA@AA4
04-02 02:41:51.375: I/Telecom(1397): : Sending phone-account registered intent as user: TSI.rPA@AA4
04-02 02:41:51.406: I/ActivityManager(1397): Start proc 2460:android.ext.services/u0a8 for on-hold
04-02 02:41:51.409: D/ActivityManager(1397): Finishing user boot 0
04-02 02:41:51.412: D/CryptdConnector(1397): SND -> {5 cryptfs prepare_user_storage ! 0 0 2}
04-02 02:41:51.413: D/vold(422): e4crypt_prepare_user_storage for volume null, user 0, serial 0, flags 2
04-02 02:41:51.413: D/vold(422): Preparing: /data/system_ce/0
04-02 02:41:51.414: D/vold(422): Preparing: /data/misc_ce/0
04-02 02:41:51.414: D/vold(422): Preparing: /data/media/0
04-02 02:41:51.414: D/vold(422): Preparing: /data/data
04-02 02:41:51.415: D/CryptdConnector(1397): RCV <- {200 5 Command succeeded}
04-02 02:41:51.417: V/PackageManager(1397): reconcileAppsData for null u0 0x2
04-02 02:41:51.464: W/bootstat(2482): type=1400 audit(0.0:21): avc: denied { getattr } for path="/vendor" dev="rootfs" ino=11586 scontext=u:r:bootstat:s0 tcontext=u:object_r:rootfs:s0 tclass=lnk_file permissive=0
04-02 02:41:51.487: I/bootstat(2482): Service started: /system/bin/bootstat --record_boot_complete 
04-02 02:41:51.506: I/bootstat(2482): Logging histogram: bootstat_mtime_matches_content 1
04-02 02:41:51.510: I/bootstat(2482): Logging histogram: bootstat_mtime_matches_content 1
04-02 02:41:51.510: I/bootstat(2482): Logging histogram: bootstat_mtime_matches_content 1
04-02 02:41:51.562: I/bootstat(2488): Service started: /system/bin/bootstat --record_boot_reason 
04-02 02:41:51.562: I/bootstat(2488): Unknown boot reason: 
04-02 02:41:51.534: W/bootstat(2488): type=1400 audit(0.0:22): avc: denied { getattr } for path="/vendor" dev="rootfs" ino=11586 scontext=u:r:bootstat:s0 tcontext=u:object_r:rootfs:s0 tclass=lnk_file permissive=0
04-02 02:41:51.554: W/sh(2468): type=1400 audit(0.0:23): avc: denied { write } for name="interactive" dev="sysfs" ino=42889 scontext=u:r:qti_init_shell:s0 tcontext=u:object_r:sysfs:s0 tclass=dir permissive=0
04-02 02:41:51.564: W/sh(2468): type=1400 audit(0.0:24): avc: denied { write } for name="interactive" dev="sysfs" ino=42908 scontext=u:r:qti_init_shell:s0 tcontext=u:object_r:sysfs:s0 tclass=dir permissive=0
04-02 02:41:51.618: I/ServiceManager(790): Waiting for service AtCmdFwd...
04-02 02:41:51.663: I/bootstat(2492): Service started: /system/bin/bootstat --record_time_since_factory_reset 
04-02 02:41:51.663: I/bootstat(2492): Logging histogram: factory_reset_current_time 1491072111
04-02 02:41:51.669: I/bootstat(2492): Logging histogram: bootstat_mtime_matches_content 1
04-02 02:41:51.669: I/bootstat(2492): Logging histogram: factory_reset_record_value 1491069027
04-02 02:41:51.634: W/bootstat(2492): type=1400 audit(0.0:25): avc: denied { getattr } for path="/vendor" dev="rootfs" ino=11586 scontext=u:r:bootstat:s0 tcontext=u:object_r:rootfs:s0 tclass=lnk_file permissive=0
04-02 02:41:51.704: W/bootstat(2495): type=1400 audit(0.0:26): avc: denied { getattr } for path="/vendor" dev="rootfs" ino=11586 scontext=u:r:bootstat:s0 tcontext=u:object_r:rootfs:s0 tclass=lnk_file permissive=0
04-02 02:41:51.743: I/bootstat(2495): Service started: /system/bin/bootstat -l 
04-02 02:41:51.744: I/bootstat(2495): Logging histogram: bootstat_mtime_matches_content 1
04-02 02:41:51.745: I/bootstat(2495): Logging histogram: bootstat_mtime_matches_content 1
04-02 02:41:51.745: I/bootstat(2495): Logging histogram: bootstat_mtime_matches_content 1
04-02 02:41:51.745: I/bootstat(2495): Logging histogram: bootstat_mtime_matches_content 1
04-02 02:41:51.748: I/bootstat(2495): Logging histogram: bootstat_mtime_matches_content 1
04-02 02:41:51.750: I/bootstat(2495): Logging histogram: bootstat_mtime_matches_content 1
04-02 02:41:51.751: I/bootstat(2495): Logging histogram: bootstat_mtime_matches_content 1
04-02 02:41:51.751: I/bootstat(2495): Logging histogram: bootstat_mtime_matches_content 1
04-02 02:41:51.751: I/bootstat(2495): Logging histogram: bootstat_mtime_matches_content 1
04-02 02:41:51.752: I/bootstat(2495): Logging histogram: bootstat_mtime_matches_content 1
04-02 02:41:51.752: I/bootstat(2495): Logging histogram: bootstat_mtime_matches_content 1
04-02 02:41:51.752: I/bootstat(2495): Logging histogram: bootstat_mtime_matches_content 1
04-02 02:41:51.752: I/bootstat(2495): Logging histogram: bootstat_mtime_matches_content 1
04-02 02:41:51.753: I/bootstat(2495): Logging histogram: bootstat_mtime_matches_content 1
04-02 02:41:51.753: I/bootstat(2495): Logging histogram: post_decrypt_time_elapsed 19
04-02 02:41:51.753: I/bootstat(2495): Logging histogram: last_boot_time_utc 1491072111
04-02 02:41:51.753: I/bootstat(2495): Logging histogram: build_date 1532602550
04-02 02:41:51.753: I/bootstat(2495): Logging histogram: boot_decryption_complete 43
04-02 02:41:51.753: I/bootstat(2495): Logging histogram: ota_boot_complete_post_decrypt 118
04-02 02:41:51.753: I/bootstat(2495): Logging histogram: ota_boot_complete 137
04-02 02:41:51.753: I/bootstat(2495): Logging histogram: boot_reason 1
04-02 02:41:51.753: I/bootstat(2495): Logging histogram: factory_reset_current_time 1491072111
04-02 02:41:51.754: I/bootstat(2495): Logging histogram: factory_reset 1491069027
04-02 02:41:51.754: I/bootstat(2495): Logging histogram: time_since_last_boot 3084
04-02 02:41:51.754: I/bootstat(2495): Logging histogram: boot_complete_post_decrypt 24
04-02 02:41:51.754: I/bootstat(2495): Logging histogram: boot_complete 43
04-02 02:41:51.754: I/bootstat(2495): Logging histogram: factory_reset_record_value 1491069027
04-02 02:41:51.754: I/bootstat(2495): Logging histogram: time_since_factory_reset 3084
04-02 02:41:52.384: E/ANDR-PERF-MPCTL(431): Boot complete, post boot executed
04-02 02:41:52.409: E/ANDR-PERF-TARGET-INIT(431): Inside InitializeTarget
04-02 02:41:52.410: E/ANDR-PERF-TARGET-INIT(431): Init msm8937
04-02 02:41:52.428: E/ANDR-PERF-OPTSHANDLER(431): Error: Sched Frequency Aggregation support not present
04-02 02:41:52.431: E/ANDR-PERF-MPCTL(431):  before pthread_cond_wait 1782, chk_core_online_poll
04-02 02:41:52.432: E/ANDR-PERF-MPCTL(431): perflock: Workload detect thread created
04-02 02:41:52.432: E/ANDR-PERF-MPCTL(431): perflockERR: Unable to open iowait fd. Returned:-1
04-02 02:41:52.433: E/ANDR-PERF-MPCTL(431): perflockERR: Unable to open mode fd. Returned:-1
04-02 02:41:52.433: E/ANDR-PERF-MPCTL(431): perflock: No workload detection fd found
04-02 02:41:52.438: V/AudioFlinger(727): Audio hardware entering standby, mixer 0xe8d08dc0, suspend count 0
04-02 02:41:52.438: D/audio_hw_primary(727): out_standby: enter: stream (0xe93f4800) usecase(1: low-latency-playback)
04-02 02:41:52.434: W/perfd(2513): type=1400 audit(0.0:27): avc: denied { open } for path="/dev/cpuset/top-app/cpus" dev="tmpfs" ino=14971 scontext=u:r:perfd:s0 tcontext=u:object_r:device:s0 tclass=file permissive=0
04-02 02:41:52.434: W/perfd(2513): type=1400 audit(0.0:28): avc: denied { open } for path="/dev/cpuset/foreground/cpus" dev="tmpfs" ino=14959 scontext=u:r:perfd:s0 tcontext=u:object_r:device:s0 tclass=file permissive=0
04-02 02:41:52.434: W/perfd(2513): type=1400 audit(0.0:29): avc: denied { open } for path="/dev/cpuset/system-background/cpus" dev="tmpfs" ino=14968 scontext=u:r:perfd:s0 tcontext=u:object_r:device:s0 tclass=file permissive=0
04-02 02:41:52.434: W/perfd(2513): type=1400 audit(0.0:30): avc: denied { open } for path="/dev/cpuset/background/cpus" dev="tmpfs" ino=14965 scontext=u:r:perfd:s0 tcontext=u:object_r:device:s0 tclass=file permissive=0
04-02 02:41:52.551: D/audio_hw_primary(727): disable_audio_route: reset and update mixer path: low-latency-playback
04-02 02:41:52.555: D/soundtrigger(727): audio_extn_sound_trigger_update_stream_status: uc_id 1 of type 0 for Event 2, with Raise=0
04-02 02:41:52.555: D/hardware_info(727): hw_info_append_hw_type : device_name = speaker
04-02 02:41:52.555: D/audio_hw_primary(727): disable_snd_device: snd_device(2: speaker)
04-02 02:41:52.555: D/msm8916_platform(727): platform_can_split_snd_device: snd_device(2) num devices(0) new_snd_devices(0)
04-02 02:41:52.582: D/aud_dev_arbi(727): releaseOneDevice: not sending command, device argument (2) does not match any registered device
04-02 02:41:52.582: D/aud_dev_arbi(727): releaseOneDevice: device 2 owner is 0
04-02 02:41:52.582: I/soundtrigger(727): audio_extn_sound_trigger_update_device_status: device 0x2 of type 0 for Event 0, with Raise=0
04-02 02:41:52.582: D/audio_hw_primary(727): out_standby: exit
04-02 02:41:52.582: V/AudioFlinger(727): releaseWakeLock_l() AudioOut_D
04-02 02:41:52.589: V/AudioFlinger(727): thread 0xe8d08dc0 type 0 TID 1066 going to sleep
04-02 02:41:52.620: I/ServiceManager(790): Waiting for service AtCmdFwd...
04-02 02:41:53.048: I/MSM-irqbalance(844): Discovered a new IRQ: 165
04-02 02:41:53.056: I/MSM-irqbalance(844): Decided to move IRQ3 from CPU2 [P:0] to CPU5 [P:1] (banned)
04-02 02:41:53.058: I/MSM-irqbalance(844): Decided to move IRQ276 from CPU2 [P:0] to CPU4 [P:1] (banned)
04-02 02:41:53.059: I/MSM-irqbalance(844): Decided to move IRQ5 from CPU2 [P:0] to CPU7 [P:1] (banned)
04-02 02:41:53.060: I/MSM-irqbalance(844): Decided to move IRQ275 from CPU2 [P:0] to CPU6 [P:1] (banned)
04-02 02:41:53.060: I/MSM-irqbalance(844): Decided to move IRQ3 from CPU0 [P:0] to CPU5 [P:1] (banned)
04-02 02:41:53.061: I/MSM-irqbalance(844): Decided to move IRQ5 from CPU0 [P:0] to CPU4 [P:1] (banned)
04-02 02:41:53.062: I/MSM-irqbalance(844): Decided to move IRQ165 from CPU0 [P:0] to CPU7 [P:1] (banned)
04-02 02:41:53.289: V/PackageManager(1397): reconcileAppsData finished 176 packages
04-02 02:41:53.293: I/chatty(1397): uid=1000(system) AsyncTask #3 expire 13 lines
04-02 02:41:53.297: I/chatty(1397): uid=1000(system) ActivityManager expire 1 line
04-02 02:41:53.300: D/PowerCenter(1397): new PowerCenterServiceWrapper
04-02 02:41:53.300: D/PowerCenter(1397): initPowerSave
04-02 02:41:53.302: D/PowerCenter/PowerCentService(2077): initPowerSave +++
04-02 02:41:53.325: D/MountService(1397): onUnlockUser 0
04-02 02:41:53.325: D/VoldConnector(1397): SND -> {6 volume user_started 0}
04-02 02:41:53.332: D/ImsExternalCallTracker(2093): Registering: Handler (com.android.internal.telephony.imsphone.ImsPhone) {769b68b}
04-02 02:41:53.333: D/KeyguardUpdateMonitor(1818): sendKeyguardBouncerChanged(false)
04-02 02:41:53.335: D/vold(422): Linking /storage/emulated/0 to /mnt/user/0/primary
04-02 02:41:53.337: D/VoldConnector(1397): RCV <- {200 6 Command succeeded}
04-02 02:41:53.348: D/MountService(1397): Volume emulated broadcasting mounted to UserHandle{0}
04-02 02:41:53.377: W/System(2460): ClassLoader referenced unknown path: /system/priv-app/ExtServices/lib/arm64
04-02 02:41:53.459: I/chatty(1397): uid=1000(system) MountService expire 1 line
04-02 02:41:53.460: D/KeyguardViewMediator(1818): adjustStatusBarLocked: mShowing=true mOccluded=false isSecure=false --> flags=0x3200000
04-02 02:41:53.475: D/PowerCenter/Utils(2077): setXPowerStatus +++ true
04-02 02:41:53.476: D/PowerCenter/Utils(2077): setPowerSaveStatus +++ false
04-02 02:41:53.476: V/KeyguardDisplayManager(1818): show
04-02 02:41:53.483: D/KeyguardViewMediator(1818): handleNotifyWakingUp
04-02 02:41:53.484: V/KeyguardUpdateMonitor(1818): startListeningForFingerprint()
04-02 02:41:53.495: D/PowerCenter(2077): new PowerCenterManager pcm is  com.sf.powercenter.IPowerCenterManager$Stub$Proxy@3a1c528
04-02 02:41:53.495: D/PowerCenter(2077): PowerCenterManager setXPowerCenterEnable
04-02 02:41:53.496: V/BackupManagerService(1397): No ancestral data
04-02 02:41:53.500: V/KeyguardStatusView(1818): Enable transport text marquee
04-02 02:41:53.502: I/QImsService(2093): ImsServiceSubHandler : Message received: what = 5
04-02 02:41:53.502: I/QImsService(2093): ImsServiceSubHandler : Received event: EVENT_GET_STATUS_UPDATE
04-02 02:41:53.502: I/QImsService(2093): ImsServiceSub : type = 10 status = 0 isValid = true
04-02 02:41:53.502: I/QImsService(2093): ImsServiceSub : type = 0 status = 0 isValid = true
04-02 02:41:53.502: I/QImsService(2093): ImsServiceSub : Call Type 0has num updates = 1
04-02 02:41:53.502: I/QImsService(2093): ImsServiceSub : StatusForAccessTech networkMode = -1 registered = 2 status = 0 restrictCause = 0
04-02 02:41:53.502: I/QImsService(2093): ImsServiceSub : disabledFeature = 0
04-02 02:41:53.502: I/QImsService(2093): ImsServiceSub : type = 3 status = 0 isValid = true
04-02 02:41:53.502: I/QImsService(2093): ImsServiceSub : Call Type 3has num updates = 1
04-02 02:41:53.503: I/QImsService(2093): ImsServiceSub : StatusForAccessTech networkMode = -1 registered = 2 status = 0 restrictCause = 0
04-02 02:41:53.503: I/QImsService(2093): ImsServiceSub : disabledFeature = 1
04-02 02:41:53.503: I/QImsService(2093): ImsServiceSub : type = 1 status = 0 isValid = true
04-02 02:41:53.503: I/QImsService(2093): ImsServiceSub : Call Type 1has num updates = 1
04-02 02:41:53.503: I/QImsService(2093): ImsServiceSub : StatusForAccessTech networkMode = -1 registered = 2 status = 0 restrictCause = 0
04-02 02:41:53.503: I/QImsService(2093): ImsServiceSub : disabledFeature = 1
04-02 02:41:53.503: I/QImsService(2093): ImsServiceSub : type = 2 status = 0 isValid = true
04-02 02:41:53.503: I/QImsService(2093): ImsServiceSub : Call Type 2has num updates = 1
04-02 02:41:53.503: I/QImsService(2093): ImsServiceSub : StatusForAccessTech networkMode = -1 registered = 2 status = 0 restrictCause = 0
04-02 02:41:53.503: I/QImsService(2093): ImsServiceSub : disabledFeature = 1
04-02 02:41:53.503: I/QImsService(2093): ImsServiceSub : type = 11 status = 0 isValid = true
04-02 02:41:53.503: I/QImsService(2093): ImsServiceSub : Call Type 11has num updates = 1
04-02 02:41:53.503: I/QImsService(2093): ImsServiceSub : StatusForAccessTech networkMode = -1 registered = 2 status = 0 restrictCause = 0
04-02 02:41:53.503: I/QImsService(2093): ImsServiceSub : disabledFeature = 4
04-02 02:41:53.504: E/QImsService(2093): ImsServiceSub : handleSrvStatusUpdate tracker is null so not updating global VT capability
04-02 02:41:53.504: I/QImsService(2093): ImsServiceStateReceiver : updateHDIcon isVideo : false isVoice : false phoneId: -1 show HD Icon: false
04-02 02:41:53.504: I/QImsService(2093): ImsServiceStateReceiver : isShowHDIconSupported config showHDIcon : false
04-02 02:41:53.505: I/QImsService(2093): ImsServiceStateReceiver : sendWifiIconIntent with showWifiIcon : false
04-02 02:41:53.509: D/KeyguardViewMediator(1818): handleNotifyScreenTurningOn
04-02 02:41:53.518: D/ImsViceParser(2093): getCallPullInfo mDialogIds null
04-02 02:41:53.535: E/QtiImsExtUtils(2093): getConfigForPhoneId phoneId is invalid
04-02 02:41:53.536: E/QtiImsExtUtils(2093): isCarrierConfigEnabled bundle is null
04-02 02:41:53.538: I/VvmSimChangeReceiver(2093): Sim removed, removing inactive accounts
04-02 02:41:53.548: D/PowerCenter(2077): PowerCenterManager setPowerCenterEnable
04-02 02:41:53.559: D/PowerCenter/Utils(2077): setPowerSaveStatus ---
04-02 02:41:53.562: D/PowerCenter/XPowerOpt(2077): openXPower +++
04-02 02:41:53.565: V/BackupManagerService(1397): Starting with transport android/com.android.internal.backup.LocalTransport
04-02 02:41:53.566: V/BackupManagerService(1397): Found transports: 1
04-02 02:41:53.567: D/SimSelectNotification(1841):  no of slots 2 provision = true
04-02 02:41:53.572: I/Telephony(2093): PstnIncomingCallNotifier: Unregistering: Handler (com.qualcomm.qti.internal.telephony.QtiGsmCdmaPhone) {17e15f2}
04-02 02:41:53.579: D/KeyguardViewMediator(1818): handleNotifyScreenTurnedOn
04-02 02:41:53.583: E/PhoneInterfaceManager(2093): [PhoneIntfMgr] getIccId: ICC ID is null or empty.
04-02 02:41:53.584: I/BackupManagerService(1397): Backup enabled => false
04-02 02:41:53.622: I/ServiceManager(790): Waiting for service AtCmdFwd...
04-02 02:41:53.627: I/Telecom(1397): PhoneAccountRegistrar: [ComponentInfo{com.android.phone/com.android.services.telephony.TelephonyConnectionService}, [e0184adedf913b076626646d3f52c3b49c39ad6d], UserHandle{0}(icon: Icon(typ=BITMAP size=57x72) -> Icon(typ=BITMAP size=57x72))]: TSI.rPA@AA8
04-02 02:41:53.632: I/Telecom(1397): : Sending phone-account registered intent as user: TSI.rPA@AA8
04-02 02:41:53.635: W/ActivityManager(1397): Slow operation: 55ms so far, now at startProcess: returned from zygote!
04-02 02:41:53.635: W/ActivityManager(1397): Slow operation: 55ms so far, now at startProcess: done updating battery stats
04-02 02:41:53.635: W/ActivityManager(1397): Slow operation: 56ms so far, now at startProcess: building log message
04-02 02:41:53.635: I/ActivityManager(1397): Start proc 2530:com.iflytek.inputmethod/u0a82 for service com.iflytek.inputmethod/.FlyIME
04-02 02:41:53.635: W/ActivityManager(1397): Slow operation: 56ms so far, now at startProcess: starting to update pids map
04-02 02:41:53.635: W/ActivityManager(1397): Slow operation: 56ms so far, now at startProcess: done updating pids map
04-02 02:41:53.635: W/ActivityManager(1397): Slow operation: 57ms so far, now at startProcess: done starting proc!
04-02 02:41:53.636: V/InputMethodManagerService(1397): Adding window token: android.os.Binder@373ff61
04-02 02:41:53.653: I/Telephony(2093): AccountEntry: Registered phoneAccount: [[ ] PhoneAccount: ComponentInfo{com.android.phone/com.android.services.telephony.TelephonyConnectionService}, [e0184adedf913b076626646d3f52c3b49c39ad6d], UserHandle{0} Capabilities: CallProvider MultiUser PlaceEmerg SimSub  Audio Routes: BESW Schemes: tel voicemail  Extras: null GroupId: [da39a3ee5e6b4b0d3255bfef95601890afd80709]] with handle: ComponentInfo{com.android.phone/com.android.services.telephony.TelephonyConnectionService}, [e0184adedf913b076626646d3f52c3b49c39ad6d], UserHandle{0}
04-02 02:41:53.653: I/Telephony(2093): PstnIncomingCallNotifier: Registering: Handler (com.qualcomm.qti.internal.telephony.QtiGsmCdmaPhone) {17e15f2}
04-02 02:41:53.656: I/QImsService(2415): ImsServiceAutoboot : org.codeaurora.ims.ImsService is already running. android.intent.action.SIM_STATE_CHANGED ignored. 
04-02 02:41:53.669: V/KeyValueBackupJob(1397): Scheduling k/v pass in 241 minutes
04-02 02:41:53.690: D/CellBroadcastReceiver(2245): onReceive Intent { act=android.intent.action.SIM_STATE_CHANGED flg=0x4000010 cmp=com.android.cellbroadcastreceiver/.CellBroadcastReceiver (has extras) }
04-02 02:41:53.702: D/KeyguardUpdateMonitor(1818): onKeyguardVisibilityChanged(false)
04-02 02:41:53.708: D/PowerCenter/XPowerOpt(2077): openXPower ---
04-02 02:41:53.723: W/AppWidgetServiceImpl(1397): No android.appwidget.provider meta-data for AppWidget provider 'ProviderId{user:0, app:10036, cmp:ComponentInfo{com.qualcomm.qti.calendarwidget/com.qualcomm.qti.calendarwidget.CalendarWidget}}'
04-02 02:41:53.727: I/art(2530): Debugger is no longer active
04-02 02:41:53.729: I/art(2530): Starting a blocking GC Instrumentation
04-02 02:41:53.735: V/KeyValueBackupJob(1397): Scheduling k/v pass in 247 minutes
04-02 02:41:53.745: V/BackupManagerService(1397): Connected to transport ComponentInfo{android/com.android.internal.backup.LocalTransportService}
04-02 02:41:53.746: V/BackupManagerService(1397): Registering transport android/com.android.internal.backup.LocalTransportService::android/com.android.internal.backup.LocalTransport = android.app.backup.BackupTransport$TransportImpl@e8a215b
04-02 02:41:53.752: D/KeyguardViewMediator(1818): adjustStatusBarLocked: mShowing=true mOccluded=true isSecure=false --> flags=0x3000000
04-02 02:41:53.758: W/VoiceInteractionManagerService(1397): no available voice recognition services found for user 0
04-02 02:41:53.785: D/PowerCenter(2077): PowerCenterManager setXPowerCenterEnable
04-02 02:41:53.792: I/ActivityManager(1397): Loading recents for user 0 into memory.
04-02 02:41:53.795: D/KeyguardUpdateMonitor(1818): handleRingerModeChange(2)
04-02 02:41:53.795: D/KeyguardUpdateMonitor(1818): handleSimStateChange(subId=2147483644, slotId=1, state=UNKNOWN)
04-02 02:41:53.814: D/PowerCenter/Utils(2077): setXPowerStatus ---
04-02 02:41:53.814: I/Telephony(2093): PstnIncomingCallNotifier: Unregistering: Handler (com.qualcomm.qti.internal.telephony.QtiGsmCdmaPhone) {17e15f2}
04-02 02:41:53.834: E/PhoneInterfaceManager(2093): [PhoneIntfMgr] getIccId: ICC ID is null or empty.
04-02 02:41:53.862: W/ActivityManager(1397): Slow operation: 65ms so far, now at startProcess: returned from zygote!
04-02 02:41:53.863: W/ActivityManager(1397): Slow operation: 65ms so far, now at startProcess: done updating battery stats
04-02 02:41:53.863: W/ActivityManager(1397): Slow operation: 65ms so far, now at startProcess: building log message
04-02 02:41:53.863: I/ActivityManager(1397): Start proc 2551:com.fpsensor.fpSensorExtension/1000 for added application com.fpsensor.fpSensorExtension
04-02 02:41:53.863: W/ActivityManager(1397): Slow operation: 65ms so far, now at startProcess: starting to update pids map
04-02 02:41:53.863: W/ActivityManager(1397): Slow operation: 65ms so far, now at startProcess: done updating pids map
04-02 02:41:53.865: I/art(2530): Starting a blocking GC AddRemoveAppImageSpace
04-02 02:41:53.882: I/Telecom(1397): PhoneAccountRegistrar: [ComponentInfo{com.android.phone/com.android.services.telephony.TelephonyConnectionService}, [e0184adedf913b076626646d3f52c3b49c39ad6d], UserHandle{0}(icon: Icon(typ=BITMAP size=57x72) -> Icon(typ=BITMAP size=57x72))]: TSI.rPA@ABI
04-02 02:41:53.887: I/Telecom(1397): : Sending phone-account registered intent as user: TSI.rPA@ABI
04-02 02:41:53.906: I/BackupManagerService(1397): Found stale backup journal, scheduling
04-02 02:41:53.937: W/ActivityManager(1397): Slow operation: 74ms so far, now at startProcess: returned from zygote!
04-02 02:41:53.938: W/ActivityManager(1397): Slow operation: 74ms so far, now at startProcess: done updating battery stats
04-02 02:41:53.938: W/ActivityManager(1397): Slow operation: 74ms so far, now at startProcess: building log message
04-02 02:41:53.938: I/ActivityManager(1397): Start proc 2565:com.qualcomm.qti.notificationservice/1000 for added application com.qualcomm.qti.notificationservice
04-02 02:41:53.938: W/ActivityManager(1397): Slow operation: 74ms so far, now at startProcess: starting to update pids map
04-02 02:41:53.938: W/ActivityManager(1397): Slow operation: 74ms so far, now at startProcess: done updating pids map
04-02 02:41:53.952: I/CNSS(705): cnss_open_log_file: directory /sdcard/wlan_logs/ created
04-02 02:41:53.964: I/CNSS(705): cnss_open_log_file: directory /sdcard/wlan_logs/ created
04-02 02:41:53.999: W/ActivityManager(1397): Slow operation: 57ms so far, now at startProcess: returned from zygote!
04-02 02:41:53.999: W/ActivityManager(1397): Slow operation: 58ms so far, now at startProcess: done updating battery stats
04-02 02:41:53.999: W/ActivityManager(1397): Slow operation: 58ms so far, now at startProcess: building log message
04-02 02:41:53.999: I/ActivityManager(1397): Start proc 2581:com.qti.launcherunreadservice/1000 for added application com.qti.launcherunreadservice
04-02 02:41:53.999: W/ActivityManager(1397): Slow operation: 58ms so far, now at startProcess: starting to update pids map
04-02 02:41:54.000: W/ActivityManager(1397): Slow operation: 58ms so far, now at startProcess: done updating pids map
04-02 02:41:54.051: W/ActivityManager(1397): Slow operation: 51ms so far, now at startProcess: returned from zygote!
04-02 02:41:54.052: W/ActivityManager(1397): Slow operation: 51ms so far, now at startProcess: done updating battery stats
04-02 02:41:54.052: W/ActivityManager(1397): Slow operation: 51ms so far, now at startProcess: building log message
04-02 02:41:54.052: I/ActivityManager(1397): Start proc 2596:com.qualcomm.qti.rcsbootstraputil/1001 for added application com.qualcomm.qti.rcsbootstraputil
04-02 02:41:54.052: W/ActivityManager(1397): Slow operation: 51ms so far, now at startProcess: starting to update pids map
04-02 02:41:54.052: W/ActivityManager(1397): Slow operation: 52ms so far, now at startProcess: done updating pids map
04-02 02:41:54.102: I/ActivityManager(1397): Start proc 2613:com.qualcomm.qti.loadcarrier/1001 for added application com.qualcomm.qti.loadcarrier
04-02 02:41:54.163: W/ActivityManager(1397): Slow operation: 59ms so far, now at startProcess: returned from zygote!
04-02 02:41:54.163: W/ActivityManager(1397): Slow operation: 59ms so far, now at startProcess: done updating battery stats
04-02 02:41:54.163: W/ActivityManager(1397): Slow operation: 59ms so far, now at startProcess: building log message
04-02 02:41:54.163: I/ActivityManager(1397): Start proc 2627:com.qualcomm.qti.carrierconfigure/1000 for added application com.qualcomm.qti.carrierconfigure
04-02 02:41:54.163: W/ActivityManager(1397): Slow operation: 60ms so far, now at startProcess: starting to update pids map
04-02 02:41:54.163: W/ActivityManager(1397): Slow operation: 60ms so far, now at startProcess: done updating pids map
04-02 02:41:54.213: I/ActivityManager(1397): Start proc 2643:com.quicinc.wbcserviceapp/1000 for added application com.quicinc.wbcserviceapp
04-02 02:41:54.271: W/ActivityManager(1397): Slow operation: 57ms so far, now at startProcess: returned from zygote!
04-02 02:41:54.271: W/ActivityManager(1397): Slow operation: 57ms so far, now at startProcess: done updating battery stats
04-02 02:41:54.271: W/ActivityManager(1397): Slow operation: 57ms so far, now at startProcess: building log message
04-02 02:41:54.272: I/ActivityManager(1397): Start proc 2656:com.qualcomm.qti.services.secureui:sui_service/1000 for added application com.qualcomm.qti.services.secureui:sui_service
04-02 02:41:54.272: W/ActivityManager(1397): Slow operation: 57ms so far, now at startProcess: starting to update pids map
04-02 02:41:54.272: W/ActivityManager(1397): Slow operation: 57ms so far, now at startProcess: done updating pids map
04-02 02:41:54.320: I/ActivityManager(1397): Start proc 2673:com.sangfei.crm/1000 for added application com.sangfei.crm
04-02 02:41:54.325: D/ActivityManager(1397): Sending BOOT_COMPLETE user #0
04-02 02:41:54.380: I/ActivityManager(1397): Start proc 2696:com.android.printspooler/u0a58 for service com.android.printspooler/.model.PrintSpoolerService
04-02 02:41:54.383: I/chatty(1397): uid=1000(system) Binder:1397_8 expire 2 lines
04-02 02:41:54.384: I/chatty(1397): uid=1000(system) Binder:1397_9 expire 3 lines
04-02 02:41:54.384: I/Telephony(2093): AccountEntry: Registered phoneAccount: [[ ] PhoneAccount: ComponentInfo{com.android.phone/com.android.services.telephony.TelephonyConnectionService}, [e0184adedf913b076626646d3f52c3b49c39ad6d], UserHandle{0} Capabilities: CallProvider MultiUser PlaceEmerg SimSub  Audio Routes: BESW Schemes: tel voicemail  Extras: null GroupId: [da39a3ee5e6b4b0d3255bfef95601890afd80709]] with handle: ComponentInfo{com.android.phone/com.android.services.telephony.TelephonyConnectionService}, [e0184adedf913b076626646d3f52c3b49c39ad6d], UserHandle{0}
04-02 02:41:54.384: I/Telephony(2093): PstnIncomingCallNotifier: Registering: Handler (com.qualcomm.qti.internal.telephony.QtiGsmCdmaPhone) {17e15f2}
04-02 02:41:54.385: I/chatty(1397): uid=1000(system) Binder:1397_A expire 1 line
04-02 02:41:54.385: I/chatty(1397): uid=1000(system) Binder:1397_B expire 2 lines
04-02 02:41:54.414: I/chatty(1397): uid=1000(system) Binder:1397_D expire 1 line
04-02 02:41:54.433: I/Choreographer(1841): Skipped 39 frames!  The application may be doing too much work on its main thread.
04-02 02:41:54.446: I/art(2581): Starting a blocking GC AddRemoveAppImageSpace
04-02 02:41:54.447: W/System(2581): ClassLoader referenced unknown path: /system/app/LauncherUnreadService/lib/arm64
04-02 02:41:54.505: D/PowerCenter/ServiceForBroadcast(2077): onStartCommand:Intent { cmp=com.sangfei.powersave/.ServiceForBroadcast }
04-02 02:41:54.510: I/VrManagerService(1397): VR mode is disallowed
04-02 02:41:54.514: I/VrManagerService(1397): VR mode is allowed
04-02 02:41:54.518: D/CarrierConfigLoader(2093): update config for phoneId: 0 simState: ABSENT
04-02 02:41:54.518: D/CarrierSvcBindHelper(2093): update binding for phoneId: 0 simState: ABSENT
04-02 02:41:54.543: V/KeyguardUpdateMonitor(1818): onSubscriptionInfoChanged()
04-02 02:41:54.558: W/ResourceType(2530): No package identifier when getting value for resource number 0x00000000
04-02 02:41:54.569: V/KeyguardUpdateMonitor(1818): onSubscriptionInfoChanged: list is null
04-02 02:41:54.574: D/FallbackHome(1841): User unlocked and real home found; let's go!
04-02 02:41:54.585: I/art(2643): Starting a blocking GC AddRemoveAppImageSpace
04-02 02:41:54.588: W/System(2643): ClassLoader referenced unknown path: /system/app/com.quicinc.wbcserviceapp/lib/arm64
04-02 02:41:54.594: D/PowerCenter/PowerCentService(2077): initPowerSave ---
04-02 02:41:54.600: D/NetworkControlService(2077): onCreate
04-02 02:41:54.604: I/art(2656): Starting a blocking GC AddRemoveAppImageSpace
04-02 02:41:54.605: W/System(2656): ClassLoader referenced unknown path: /system/app/com.qualcomm.qti.services.secureui/lib/arm64
04-02 02:41:54.628: D/CarrierText(1818): updateCarrierText(): 0
04-02 02:41:54.635: I/ServiceManager(790): Waiting for service AtCmdFwd...
04-02 02:41:54.644: I/art(2627): Starting a blocking GC AddRemoveAppImageSpace
04-02 02:41:54.646: W/System(2627): ClassLoader referenced unknown path: /system/app/CarrierConfigure/lib/arm64
04-02 02:41:54.674: W/ActivityManager(1397): Slow operation: 62ms so far, now at startProcess: returned from zygote!
04-02 02:41:54.674: W/ActivityManager(1397): Slow operation: 62ms so far, now at startProcess: done updating battery stats
04-02 02:41:54.674: W/ActivityManager(1397): Slow operation: 63ms so far, now at startProcess: building log message
04-02 02:41:54.674: I/ActivityManager(1397): Start proc 2715:com.android.keychain/1000 for service com.android.keychain/.KeyChainService
04-02 02:41:54.674: W/ActivityManager(1397): Slow operation: 63ms so far, now at startProcess: starting to update pids map
04-02 02:41:54.674: W/ActivityManager(1397): Slow operation: 63ms so far, now at startProcess: done updating pids map
04-02 02:41:54.674: W/ActivityManager(1397): Slow operation: 63ms so far, now at startProcess: done starting proc!
04-02 02:41:54.688: I/art(2551): Starting a blocking GC AddRemoveAppImageSpace
04-02 02:41:54.690: W/System(2551): ClassLoader referenced unknown path: /system/app/fpExtensionService/lib/arm64
04-02 02:41:54.694: D/CarrierText(1818): Getting plmn/spn sticky brdcst Ã»ÓÐ·þÎñ/
04-02 02:41:54.697: D/CarrierText(1818): updateCarrierText(): 0
04-02 02:41:54.698: W/System(2596): ClassLoader referenced unknown path: /system/app/RCSBootstraputil/lib/arm64
04-02 02:41:54.701: I/art(2613): Starting a blocking GC AddRemoveAppImageSpace
04-02 02:41:54.704: W/System(2613): ClassLoader referenced unknown path: /system/app/CarrierLoadService/lib/arm64
04-02 02:41:54.709: W/ActivityManager(1397): startActivityLocked111 freeMem =22923
04-02 02:41:54.709: I/ActivityManager(1397): START u0 {act=android.intent.action.MAIN cat=[android.intent.category.HOME] flg=0x10000100 cmp=com.tpv.launcher3/com.android.launcher3.Launcher} from uid 0 on display 0
04-02 02:41:54.709: D/WbcSvcApp(2643): Wipower not supported
04-02 02:41:54.715: I/art(2565): Starting a blocking GC AddRemoveAppImageSpace
04-02 02:41:54.716: W/System(2565): ClassLoader referenced unknown path: /system/app/NotificationService/lib/arm64
04-02 02:41:54.763: I/art(2673): Starting a blocking GC AddRemoveAppImageSpace
04-02 02:41:54.763: W/System(2673): ClassLoader referenced unknown path: /system/app/dianzibaoka/lib/arm64
04-02 02:41:54.781: I/art(2696): Starting a blocking GC AddRemoveAppImageSpace
04-02 02:41:54.804: D/fpCoreExtService(2551): onCreate
04-02 02:41:54.807: E/fpCoreExtSvc.so(2551): com_fpsensor_service_jni jint initNative(JNIEnv*, jclass)
04-02 02:41:54.807: D/fpCoreExtSvc.so(2551): com_fpsensor_impl_fpsensord int init_com_fingerprints_system_FpD(JNIEnv*)
04-02 02:41:54.815: D/fpCoreExtImpl(2551): construct ServiceImpl
04-02 02:41:54.818: D/fpCoreExtService(2551): add service succeed 
04-02 02:41:54.826: W/ActivityManager(1397): Slow operation: 70ms so far, now at startProcess: returned from zygote!
04-02 02:41:54.826: W/ActivityManager(1397): Slow operation: 70ms so far, now at startProcess: done updating battery stats
04-02 02:41:54.827: W/ActivityManager(1397): Slow operation: 70ms so far, now at startProcess: building log message
04-02 02:41:54.827: I/ActivityManager(1397): Start proc 2745:com.tpv.launcher3/1000 for activity com.tpv.launcher3/com.android.launcher3.Launcher
04-02 02:41:54.832: W/ActivityManager(1397): Slow operation: 75ms so far, now at startProcess: starting to update pids map
04-02 02:41:54.832: W/ActivityManager(1397): Slow operation: 76ms so far, now at startProcess: done updating pids map
04-02 02:41:54.832: W/ActivityManager(1397): Slow operation: 76ms so far, now at startProcess: done starting proc!
04-02 02:41:54.833: I/chatty(1397): uid=1000(system) Binder:1397_F expire 4 lines
04-02 02:41:54.861: D/TriggerApplication(2613): register receiver to start TriggerService
04-02 02:41:54.873: D/CarrierText(1818): Getting plmn/spn sticky brdcst Ã»ÓÐ·þÎñ/
04-02 02:41:54.873: D/CarrierText(1818): updateCarrierText(): 0
04-02 02:41:54.884: D/NetworkControlService(2077): onStartCommand
04-02 02:41:54.895: D/CarrierText(1818): Getting plmn/spn sticky brdcst Ã»ÓÐ·þÎñ/
04-02 02:41:54.895: V/KeyguardUpdateMonitor(1818): onSubscriptionInfoChanged()
04-02 02:41:54.901: V/KeyguardUpdateMonitor(1818): onSubscriptionInfoChanged: list is null
04-02 02:41:54.919: D/TriggerApplication(2613): register TriggerActionReceiver
04-02 02:41:54.923: I/ConfigurationApplication(2627): register StartActivityReceiver.
04-02 02:41:54.923: I/ConfigurationApplication(2627): Start SetTargetSlotService.
04-02 02:41:54.941: D/CarrierText(1818): updateCarrierText(): 0
04-02 02:41:54.950: I/TriggerApplication(2613): TriggerApplication onReceive. intent.getAction()=android.intent.action.SIM_STATE_CHANGED
04-02 02:41:54.970: D/hzy(2077): app count is:176
04-02 02:41:54.971: D/hzy(2077): map.get app is:null
04-02 02:41:54.996: I/art(2715): Starting a blocking GC AddRemoveAppImageSpace
04-02 02:41:54.998: W/System(2715): ClassLoader referenced unknown path: /system/app/KeyChain/lib/arm64
04-02 02:41:55.021: D/testhzy(2077): PowerSaveManagerProvider query
04-02 02:41:55.021: D/hzy(2077): APPINFOS
04-02 02:41:55.040: I/ActivityManager(1397): Start proc 2781:com.qualcomm.qti.accesscache/u0a35 for service com.qualcomm.qti.accesscache/.CarrierAccessCacheService
04-02 02:41:55.045: D/CarrierText(1818): Getting plmn/spn sticky brdcst Ã»ÓÐ·þÎñ/
04-02 02:41:55.045: D/CarrierText(1818): updateCarrierText(): 0
04-02 02:41:55.055: I/chatty(2745): uid=1000(system) com.tpv.launcher3 expire 56 lines
04-02 02:41:55.063: D/hzy(2077): map.get app is:null
04-02 02:41:55.073: D/testhzy(2077): PowerSaveManagerProvider query
04-02 02:41:55.074: D/hzy(2077): APPINFOS
04-02 02:41:55.095: I/ActivityManager(1397): Start proc 2795:com.iflytek.inputmethod.assist/u0a82 for content provider com.iflytek.inputmethod/.oem.gxb.provider.PreferenceProvider
04-02 02:41:55.095: W/QCNEJ(2059): |CORE| Phone id invalid or Service State available
04-02 02:41:55.102: D/CarrierText(1818): Getting plmn/spn sticky brdcst Ã»ÓÐ·þÎñ/
04-02 02:41:55.102: D/CarrierText(1818): updateCarrierText(): 0
04-02 02:41:55.129: D/hzy(2077): map.get app is:null
04-02 02:41:55.162: D/testhzy(2077): PowerSaveManagerProvider query
04-02 02:41:55.163: D/hzy(2077): APPINFOS
04-02 02:41:55.163: D/CarrierText(1818): Getting plmn/spn sticky brdcst Ã»ÓÐ·þÎñ/
04-02 02:41:55.164: D/KeyguardUpdateMonitor(1818): handleServiceStateChange(subId=2147483643, phoneId=0, serviceState=1 1 voice home data home null null null null null null  Unknown Unknown CSS not supported -1 -1 RoamInd=-1 DefRoamInd=-1 EmergOnly=false IsDataRoamingFromRegistration=false IsUsingCarrierAggregation=false mRilImsRadioTechnology=0
04-02 02:41:55.164: D/CarrierText(1818): updateCarrierText(): 0
04-02 02:41:55.169: I/art(2781): Debugger is no longer active
04-02 02:41:55.170: I/art(2781): Starting a blocking GC Instrumentation
04-02 02:41:55.173: D/MccTable(2093): updateMccMncConfiguration mccmnc='' fromServiceState=false
04-02 02:41:55.183: D/hzy(2077): map.get app is:null
04-02 02:41:55.194: D/testhzy(2077): PowerSaveManagerProvider query
04-02 02:41:55.194: D/hzy(2077): APPINFOS
04-02 02:41:55.208: D/CarrierText(1818): Getting plmn/spn sticky brdcst Ã»ÓÐ·þÎñ/
04-02 02:41:55.209: D/CarrierText(1818): updateCarrierText(): 0
04-02 02:41:55.224: D/hzy(2077): map.get app is:null
04-02 02:41:55.225: D/CarrierConfigLoader(2093): update config for phoneId: 1 simState: ABSENT
04-02 02:41:55.225: D/CarrierSvcBindHelper(2093): update binding for phoneId: 1 simState: ABSENT
04-02 02:41:55.243: D/testhzy(2077): PowerSaveManagerProvider query
04-02 02:41:55.243: D/hzy(2077): APPINFOS
04-02 02:41:55.251: D/hzy(2077): map.get app is:null
04-02 02:41:55.255: I/chatty(1397): uid=1000(system) Binder:1397_E expire 2 lines
04-02 02:41:55.259: I/art(2781): Starting a blocking GC AddRemoveAppImageSpace
04-02 02:41:55.260: D/CarrierText(1818): Getting plmn/spn sticky brdcst Ã»ÓÐ·þÎñ/
04-02 02:41:55.260: W/System(2781): ClassLoader referenced unknown path: /system/app/CarrierCacheService/lib/arm64
04-02 02:41:55.260: D/CarrierText(1818): updateCarrierText(): 0
04-02 02:41:55.263: I/chatty(1397): uid=1000(system) Binder:1397_11 expire 3 lines
04-02 02:41:55.264: I/art(2795): Starting a blocking GC AddRemoveAppImageSpace
04-02 02:41:55.279: D/testhzy(2077): PowerSaveManagerProvider query
04-02 02:41:55.279: D/hzy(2077): APPINFOS
04-02 02:41:55.297: D/CarrierText(1818): Getting plmn/spn sticky brdcst Ã»ÓÐ·þÎñ/
04-02 02:41:55.315: D/hzy(2077): map.get app is:null
04-02 02:41:55.324: I/ImsExternalCallTracker(2093): handleVideoCapabilitiesChanged : isVideoCapable = false
04-02 02:41:55.324: D/ImsExternalCallTracker(2093): refreshCallPullState
04-02 02:41:55.325: I/chatty(1397): uid=1000(system) EmergencyAfford expire 2 lines
04-02 02:41:55.349: D/testhzy(2077): PowerSaveManagerProvider query
04-02 02:41:55.350: D/hzy(2077): APPINFOS
04-02 02:41:55.373: D/hzy(2077): map.get app is:null
04-02 02:41:55.391: D/testhzy(2077): PowerSaveManagerProvider query
04-02 02:41:55.391: D/hzy(2077): APPINFOS
04-02 02:41:55.415: W/ActivityManager(1397): Slow operation: 54ms so far, now at startProcess: returned from zygote!
04-02 02:41:55.415: W/ActivityManager(1397): Slow operation: 54ms so far, now at startProcess: done updating battery stats
04-02 02:41:55.415: W/ActivityManager(1397): Slow operation: 55ms so far, now at startProcess: building log message
04-02 02:41:55.415: I/ActivityManager(1397): Start proc 2829:com.qualcomm.location.XT/1000 for service com.qualcomm.location.XT/.XTSrv
04-02 02:41:55.415: W/ActivityManager(1397): Slow operation: 55ms so far, now at startProcess: starting to update pids map
04-02 02:41:55.415: W/ActivityManager(1397): Slow operation: 55ms so far, now at startProcess: done updating pids map
04-02 02:41:55.415: W/ActivityManager(1397): Slow operation: 55ms so far, now at startProcess: done starting proc!
04-02 02:41:55.430: D/hzy(2077): map.get app is:null
04-02 02:41:55.444: I/SetTargetSlotService(2627): Service Connected to .CarrierAccessCacheService
04-02 02:41:55.448: I/Choreographer(1818): Skipped 262 frames!  The application may be doing too much work on its main thread.
04-02 02:41:55.451: I/CarrierAccessCacheService(2781): CACHE_SUBMASK_FILE does not exist.
04-02 02:41:55.459: D/testhzy(2077): PowerSaveManagerProvider query
04-02 02:41:55.460: D/hzy(2077): APPINFOS
04-02 02:41:55.467: D/hzy(2077): map.get app is:null
04-02 02:41:55.469: I/SetTargetSlotService(2627): targetSubMaskString is null.
04-02 02:41:55.473: I/QImsService(2093): ImsConfigImpl : SetServiceStatus = 0 13 2
04-02 02:41:55.473: I/QImsService(2093): ImsSenderRxr : [0001]> REQUEST_SET_SERVICE_STATUS[SUB0]
04-02 02:41:55.473: I/QImsService(2093): ImsSenderRxr : Message data: [0, 0, 0, 27, 11, 13, 1, 0, 0, 0, 16, 1, 24, 30, 32, 0, 8, 1, 24, 0, 58, 9, 8, 14, 16, 2, 29, 0, 0, 0, 0][SUB0]
04-02 02:41:55.495: I/chatty(1397): uid=1000(system) IzatServiceBase expire 79 lines
04-02 02:41:55.495: W/ResourceType(2795): No package identifier when getting value for resource number 0x00000000
04-02 02:41:55.502: D/testhzy(2077): PowerSaveManagerProvider query
04-02 02:41:55.502: D/hzy(2077): APPINFOS
04-02 02:41:55.511: I/QImsService(2093): ImsSenderRxr : Response data: [11, 13, 1, 0, 0, 0, 16, 2, 24, 30, 32, 2][SUB0]
04-02 02:41:55.511: I/QImsService(2093): ImsSenderRxr :  Tag 1 2 30 2[SUB0]
04-02 02:41:55.511: I/QImsService(2093): IFRequest : [0001]< REQUEST_SET_SERVICE_STATUS error: 2
04-02 02:41:55.513: I/QImsService(2093): ImsConfigImplHandler : Message received: what = 2
04-02 02:41:55.514: E/QImsService(2093): ImsConfigImpl : getImsConfigListener returns null
04-02 02:41:55.550: D/hzy(2077): map.get app is:null
04-02 02:41:55.565: E/XTCC-5.1.0.23-d(1151): [TdpCsClient] unknown postcard info. reason:REGISTER-EVENT, 
04-02 02:41:55.566: I/chatty(1397): uid=1000(system) FLP Service Cal expire 23 lines
04-02 02:41:55.567: E/XTCC-5.1.0.23-d(1151): [TdpCsClient] unknown postcard info. reason:REGISTER-EVENT, 
04-02 02:41:55.571: E/XTCC-5.1.0.23-d(1151): [TdpCsClient] unknown postcard info. reason:REGISTER-EVENT, 
04-02 02:41:55.572: I/chatty(1397): uid=1000(system) FLP Service Cal expire 17 lines
04-02 02:41:55.584: E/XTCC-5.1.0.23-d(1151): [TdpCsClient] unknown postcard info. reason:REGISTER-EVENT, 
04-02 02:41:55.589: I/chatty(1397): uid=1000(system) IzatServiceBase expire 7 lines
04-02 02:41:55.596: E/XTCC-5.1.0.23-d(1151): [TdpCsClient] unknown postcard info. reason:REGISTER-EVENT, 
04-02 02:41:55.600: D/testhzy(2077): PowerSaveManagerProvider query
04-02 02:41:55.600: D/hzy(2077): APPINFOS
04-02 02:41:55.606: D/hzy(2077): map.get app is:null
04-02 02:41:55.627: D/testhzy(2077): PowerSaveManagerProvider query
04-02 02:41:55.628: D/hzy(2077): APPINFOS
04-02 02:41:55.644: W/Atfwd_Sendcmd(790): AtCmdFwd service not published, waiting... retryCnt : 3
04-02 02:41:55.647: D/totaltime(2077): time is=753end_time is:1491072115647
04-02 02:41:55.669: I/QImsService(2093): ImsConfigImpl : SetServiceStatus = 0 18 0
04-02 02:41:55.669: I/QImsService(2093): ImsSenderRxr : [0002]> REQUEST_SET_SERVICE_STATUS[SUB0]
04-02 02:41:55.669: I/QImsService(2093): ImsSenderRxr : Message data: [0, 0, 0, 27, 11, 13, 2, 0, 0, 0, 16, 1, 24, 30, 32, 0, 8, 1, 24, 0, 58, 9, 8, 19, 16, 0, 29, 0, 0, 0, 0][SUB0]
04-02 02:41:55.688: I/chatty(1397): uid=1000(system) ulp_msg expire 23 lines
04-02 02:41:55.692: E/XTCC-5.1.0.23-d(1151): [PredUnit] handleConnectivtyStatusChange failed
04-02 02:41:55.704: E/LocSvc_api_v02(1151): I/locClientOpen:1907]: Service instance id is -1
04-02 02:41:55.704: E/TdpIzatAdapter(1151): I/===> void xtrat_tdp::TdpIzatAdapter::sendGtpEnhancedCellConfig(e_premium_mode) line 64 
04-02 02:41:55.704: E/LocSvc_api_v02(1151): I/---> locClientOpenInstance line 1787 loc client open
04-02 02:41:55.705: E/LocSvc_api_v02(1151): I/---> locClientSendReq line 2064 QMI_LOC_REG_EVENTS_REQ_V02
04-02 02:41:55.706: I/QImsService(2093): ImsSenderRxr : Response data: [11, 13, 2, 0, 0, 0, 16, 2, 24, 30, 32, 2][SUB0]
04-02 02:41:55.706: I/QImsService(2093): ImsSenderRxr :  Tag 2 2 30 2[SUB0]
04-02 02:41:55.706: I/QImsService(2093): IFRequest : [0002]< REQUEST_SET_SERVICE_STATUS error: 2
04-02 02:41:55.706: I/QImsService(2093): ImsConfigImplHandler : Message received: what = 2
04-02 02:41:55.706: E/QImsService(2093): ImsConfigImpl : getImsConfigListener returns null
04-02 02:41:55.712: I/art(2829): Starting a blocking GC AddRemoveAppImageSpace
04-02 02:41:55.713: W/System(2829): ClassLoader referenced unknown path: /system/priv-app/xtra_t_app/lib/arm64
04-02 02:41:55.714: E/LocSvc_api_v02(1151): I/---> locClientSendReq line 2064 QMI_LOC_QUERY_AON_CONFIG_REQ_V02
04-02 02:41:55.715: E/LocSvc_ApiV02(1151): I/<--- void globalRespCb(locClientHandleType, uint32_t, const locClientRespIndUnionType, uint32_t, void *) line 140 QMI_LOC_QUERY_AON_CONFIG_REQ_V02
04-02 02:41:55.716: E/LocSvc_api_v02(1151): I/---> locClientSendReq line 2064 QMI_LOC_GET_SUPPORTED_FEATURE_REQ_V02
04-02 02:41:55.719: E/LocSvc_ApiV02(1151): E/virtual enum loc_api_adapter_err LocApiV02::open(LOC_API_ADAPTER_EVENT_MASK_T):396:2]: Failed to get features supported from QMI_LOC_GET_SUPPORTED_FEATURE_REQ_V02. 
04-02 02:41:55.719: E/QMI_FW(1151): QCCI qmi_cci_xport_recv: txn not found. svc_id: 16
04-02 02:41:55.719: E/LocSvc_api_v02(1151): I/---> locClientSendReq line 2064 QMI_LOC_SET_PREMIUM_SERVICES_CONFIG_REQ_V02
04-02 02:41:55.722: E/LocSvc_ApiV02(1151): I/<--- void globalRespCb(locClientHandleType, uint32_t, const locClientRespIndUnionType, uint32_t, void *) line 140 QMI_LOC_SET_PREMIUM_SERVICES_CONFIG_REQ_V02
04-02 02:41:55.728: I/QImsService(2093): ImsSenderRxr : [0003]> REQUEST_SET_IMS_CONFIG[SUB0]
04-02 02:41:55.729: I/QImsService(2093): ImsSenderRxr : Message data: [0, 0, 0, 23, 11, 13, 3, 0, 0, 0, 16, 1, 24, 44, 32, 0, 8, 29, 16, 0, 29, 1, 0, 0, 0, 40, 0][SUB0]
04-02 02:41:55.768: I/QImsService(2093): ImsSenderRxr : Response data: [11, 13, 3, 0, 0, 0, 16, 2, 24, 44, 32, 2, 8, 29, 40, 4][SUB0]
04-02 02:41:55.768: I/QImsService(2093): ImsSenderRxr :  Tag 3 2 44 2[SUB0]
04-02 02:41:55.768: I/QImsService(2093): IFRequest : [0003]< REQUEST_SET_IMS_CONFIG error: 2
04-02 02:41:55.769: I/QImsService(2093): ImsConfigImplHandler : Message received: what = 1
04-02 02:41:55.773: I/QImsService(2093): ImsConfigImpl : Notifyall
04-02 02:41:55.773: W/QImsService(2093): ImsConfigImpl : VoWiFi Roaming: value can't be changed
04-02 02:41:55.834: D/LocSvc_LBSProxy(2829): static bool lbs_core::LBSProxy::checkIfLocationExtendedClientExists()] File Exists
04-02 02:41:55.834: D/LocSvc_LBSProxy(2829): static bool lbs_core::LBSProxy::checkIfNativeXtraClientExists()] XTRA Client 2.0 Exist
04-02 02:41:55.843: I/QImsService(2093): ImsConfigImpl : SetServiceStatus = 3 13 2
04-02 02:41:55.843: I/QImsService(2093): ImsSenderRxr : [0004]> REQUEST_SET_SERVICE_STATUS[SUB0]
04-02 02:41:55.843: I/QImsService(2093): ImsSenderRxr : Message data: [0, 0, 0, 27, 11, 13, 4, 0, 0, 0, 16, 1, 24, 30, 32, 0, 8, 1, 24, 3, 58, 9, 8, 14, 16, 2, 29, 0, 0, 0, 0][SUB0]
04-02 02:41:55.849: I/QImsService(2093): ImsSenderRxr : [0005]> REQUEST_IMS_REG_STATE_CHANGE[SUB0]
04-02 02:41:55.849: I/QImsService(2093): ImsSenderRxr : Message data: [0, 0, 0, 14, 11, 13, 5, 0, 0, 0, 16, 1, 24, 26, 32, 0, 8, 1][SUB0]
04-02 02:41:55.849: I/chatty(1397): uid=1000(system) Binder:1397_C expire 2 lines
04-02 02:41:55.856: I/QImsService(2093): ImsSenderRxr : Response data: [11, 13, 4, 0, 0, 0, 16, 2, 24, 30, 32, 2][SUB0]
04-02 02:41:55.856: I/QImsService(2093): ImsSenderRxr :  Tag 4 2 30 2[SUB0]
04-02 02:41:55.856: I/QImsService(2093): IFRequest : [0004]< REQUEST_SET_SERVICE_STATUS error: 2
04-02 02:41:55.857: I/QImsService(2093): ImsConfigImplHandler : Message received: what = 2
